BWWBWBWBWBWBWBBBBWWW
BWWBWBWBWBWBWBBBBWWW
BWWBWBWBWBWBWBBBBWWW
BWWBWBWBWBWBWBBBBWWW
BWWBWBWBWBWBWBBBBWWW
WBBWBWBWBWBWBWWWWBBB
WBBWBWBWBWBWBWWWWBBB
BWWBWBWBWBWBWBBBBWWW
BWWBWBWBWBWBWBBBBWWW
BWWBWBWBWBWBWBBBBWWW
BWWBWBWBWBWBWBBBBWWW
BWWBWBWBWBWBWBBBBWWW
BWWBWBWBWBWBWBBBBWWW
BWWBWBWBWBWBWBBBBWWW
BWWBWBWBWBWBWBBBBWWW
BWWBWBWBWBWBWBBBBWWW
WBBWBWBWBWBWBWWWWBBB
WBBWBWBWBWBWBWWWWBBB
WBBWBWBWBWBWBWWWWBBB
WBBWBWBWBWBWBWWWWBBB
