BWBWWBWBBWBWBBWBWBWBWBWBBWBWWBWBWBWBWBWBBWBWBWBWBW
BWBWWBWBBWBWBBWBWBWBWBWBBWBWWBWBWBWBWBWBBWBWBWBWBW
WBWBBWBWWBWBWWBWBWBWBWBWWBWBBWBWBWBWBWBWWBWBWBWBWB
BWBWWBWBBWBWBBWBWBWBWBWBBWBWWBWBWBWBWBWBBWBWBWBWBW
WBWBBWBWWBWBWWBWBWBWBWBWWBWBBWBWBWBWBWBWWBWBWBWBWB
BWBWWBWBBWBWBBWBWBWBWBWBBWBWWBWBWBWBWBWBBWBWBWBWBW
BWBWWBWBBWBWBBWBWBWBWBWBBWBWWBWBWBWBWBWBBWBWBWBWBW
WBWBBWBWWBWBWWBWBWBWBWBWWBWBBWBWBWBWBWBWWBWBWBWBWB
BWBWWBWBBWBWBBWBWBWBWBWBBWBWWBWBWBWBWBWBBWBWBWBWBW
BWBWWBWBBWBWBBWBWBWBWBWBBWBWWBWBWBWBWBWBBWBWBWBWBW
BWBWWBWBBWBWBBWBWBWBWBWBBWBWWBWBWBWBWBWBBWBWBWBWBW
WBWBBWBWWBWBWWBWBWBWBWBWWBWBBWBWBWBWBWBWWBWBWBWBWB
BWBWWBWBBWBWBBWBWBWBWBWBBWBWWBWBWBWBWBWBBWBWBWBWBW
WBWBBWBWWBWBWWBWBWBWBWBWWBWBBWBWBWBWBWBWWBWBWBWBWB
WBWBBWBWWBWBWWBWBWBWBWBWWBWBBWBWBWBWBWBWWBWBWBWBWB
BWBWWBWBBWBWBBWBWBWBWBWBBWBWWBWBWBWBWBWBBWBWBWBWBW
BWBWWBWBBWBWBBWBWBWBWBWBBWBWWBWBWBWBWBWBBWBWBWBWBW
BWBWWBWBBWBWBBWBWBWBWBWBBWBWWBWBWBWBWBWBBWBWBWBWBW
WBWBBWBWWBWBWWBWBWBWBWBWWBWBBWBWBWBWBWBWWBWBWBWBWB
WBWBBWBWWBWBWWBWBWBWBWBWWBWBBWBWBWBWBWBWWBWBWBWBWB
WBWBBWBWWBWBWWBWBWBWBWBWWBWBBWBWBWBWBWBWWBWBWBWBWB
BWBWWBWBBWBWBBWBWBWBWBWBBWBWWBWBWBWBWBWBBWBWBWBWBW
WBWBBWBWWBWBWWBWBWBWBWBWWBWBBWBWBWBWBWBWWBWBWBWBWB
BWBWWBWBBWBWBBWBWBWBWBWBBWBWWBWBWBWBWBWBBWBWBWBWBW
BWBWWBWBBWBWBBWBWBWBWBWBBWBWWBWBWBWBWBWBBWBWBWBWBW
WBWBBWBWWBWBWWBWBWBWBWBWWBWBBWBWBWBWBWBWWBWBWBWBWB
BWBWWBWBBWBWBBWBWBWBWBWBBWBWWBWBWBWBWBWBBWBWBWBWBW
WBWBBWBWWBWBWWBWBWBWBWBWWBWBBWBWBWBWBWBWWBWBWBWBWB
WBWBBWBWWBWBWWBWBWBWBWBWWBWBBWBWBWBWBWBWWBWBWBWBWB
WBWBBWBWWBWBWWBWBWBWBWBWWBWBBWBWBWBWBWBWWBWBWBWBWB
BWBWWBWBBWBWBBWBWBWBWBWBBWBWWBWBWBWBWBWBBWBWBWBWBW
BWBWWBWBBWBWBBWBWBWBWBWBBWBWWBWBWBWBWBWBBWBWBWBWBW
WBWBBWBWWBWBWWBWBWBWBWBWWBWBBWBWBWBWBWBWWBWBWBWBWB
WBWBBWBWWBWBWWBWBWBWBWBWWBWBBWBWBWBWBWBWWBWBWBWBWB
WBWBBWBWWBWBWWBWBWBWBWBWWBWBBWBWBWBWBWBWWBWBWBWBWB
BWBWWBWBBWBWBBWBWBWBWBWBBWBWWBWBWBWBWBWBBWBWBWBWBW
BWBWWBWBBWBWBBWBWBWBWBWBBWBWWBWBWBWBWBWBBWBWBWBWBW
BWBWWBWBBWBWBBWBWBWBWBWBBWBWWBWBWBWBWBWBBWBWBWBWBW
WBWBBWBWWBWBWWBWBWBWBWBWWBWBBWBWBWBWBWBWWBWBWBWBWB
BWBWWBWBBWBWBBWBWBWBWBWBBWBWWBWBWBWBWBWBBWBWBWBWBW
WBWBBWBWWBWBWWBWBWBWBWBWWBWBBWBWBWBWBWBWWBWBWBWBWB
WBWBBWBWWBWBWWBWBWBWBWBWWBWBBWBWBWBWBWBWWBWBWBWBWB
BWBWWBWBBWBWBBWBWBWBWBWBBWBWWBWBWBWBWBWBBWBWBWBWBW
WBWBBWBWWBWBWWBWBWBWBWBWWBWBBWBWBWBWBWBWWBWBWBWBWB
WBWBBWBWWBWBWWBWBWBWBWBWWBWBBWBWBWBWBWBWWBWBWBWBWB
WBWBBWBWWBWBWWBWBWBWBWBWWBWBBWBWBWBWBWBWWBWBWBWBWB
BWBWWBWBBWBWBBWBWBWBWBWBBWBWWBWBWBWBWBWBBWBWBWBWBW
WBWBBWBWWBWBWWBWBWBWBWBWWBWBBWBWBWBWBWBWWBWBWBWBWB
BWBWWBWBBWBWBBWBWBWBWBWBBWBWWBWBWBWBWBWBBWBWBWBWBW
BWBWWBWBBWBWBBWBWBWBWBWBBWBWWBWBWBWBWBWBBWBWBWBWBW
