VALID
VALID
INVALID
INVALID
INVALID
INVALID
INVALID
INVALID
INVALID
INVALID
INVALID
INVALID
INVALID
INVALID
INVALID
INVALID
INVALID
INVALID
INVALID
INVALID
INVALID
INVALID
INVALID
INVALID
INVALID
VALID
INVALID
VALID
VALID
INVALID
INVALID
INVALID
INVALID
INVALID
INVALID
INVALID
INVALID
VALID
INVALID
INVALID
INVALID
INVALID
INVALID
VALID
INVALID
INVALID
INVALID
INVALID
INVALID
INVALID
INVALID
INVALID
INVALID
INVALID
INVALID
INVALID
VALID
INVALID
INVALID
INVALID
INVALID
INVALID
INVALID
INVALID
INVALID
INVALID
INVALID
VALID
INVALID
INVALID
INVALID
INVALID
INVALID
VALID
INVALID
INVALID
INVALID
VALID
INVALID
INVALID
INVALID
INVALID
INVALID
INVALID
INVALID
INVALID
INVALID
INVALID
INVALID
INVALID
VALID
INVALID
INVALID
INVALID
INVALID
INVALID
INVALID
INVALID
INVALID
VALID
