INVALID
VALID
VALID
VALID
VALID
VALID
VALID
VALID
VALID
VALID
VALID
INVALID
VALID
VALID
VALID
VALID
VALID
VALID
VALID
VALID
VALID
VALID
INVALID
VALID
VALID
VALID
VALID
VALID
VALID
VALID
VALID
VALID
VALID
INVALID
VALID
VALID
VALID
VALID
VALID
VALID
VALID
VALID
VALID
VALID
VALID
INVALID
VALID
VALID
VALID
VALID
VALID
VALID
VALID
VALID
VALID
VALID
INVALID
VALID
INVALID
VALID
VALID
VALID
VALID
VALID
VALID
VALID
VALID
INVALID
VALID
VALID
VALID
VALID
VALID
VALID
VALID
VALID
INVALID
VALID
INVALID
VALID
