anpetbpstbmntenrararbketsnrnstxpvrrsxtmbaennkv
apetbpstbmntenrararbketsnrnstxpvrrsxtmbaennkv
bnpetbpstbmntenrararbketsnrnstxpvrrsxtmbaennkv
bpetbpstbmntenrararbketsnrnstxpvrrsxtmbaennkv
enpetbpstbmntenrararbketsnrnstxpvrrsxtmbaennkv
epetbpstbmntenrararbketsnrnstxpvrrsxtmbaennkv
knpetbpstbmntenrararbketsnrnstxpvrrsxtmbaennkv
kpetbpstbmntenrararbketsnrnstxpvrrsxtmbaennkv
mnpetbpstbmntenrararbketsnrnstxpvrrsxtmbaennkv
mpetbpstbmntenrararbketsnrnstxpvrrsxtmbaennkv
naetbpstbmntenrararbketsnrnstxpvrrsxtmbaennkv
napetbpstbmntenrararbketsnrnstxpvrrsxtmbaennkv
nbetbpstbmntenrararbketsnrnstxpvrrsxtmbaennkv
nbpetbpstbmntenrararbketsnrnstxpvrrsxtmbaennkv
neetbpstbmntenrararbketsnrnstxpvrrsxtmbaennkv
nepetbpstbmntenrararbketsnrnstxpvrrsxtmbaennkv
netbpstbmntenrararbketsnrnstxpvrrsxtmbaennkv
nketbpstbmntenrararbketsnrnstxpvrrsxtmbaennkv
nkpetbpstbmntenrararbketsnrnstxpvrrsxtmbaennkv
nmetbpstbmntenrararbketsnrnstxpvrrsxtmbaennkv
nmpetbpstbmntenrararbketsnrnstxpvrrsxtmbaennkv
nnetbpstbmntenrararbketsnrnstxpvrrsxtmbaennkv
nnpetbpstbmntenrararbketsnrnstxpvrrsxtmbaennkv
npaetbpstbmntenrararbketsnrnstxpvrrsxtmbaennkv
npatbpstbmntenrararbketsnrnstxpvrrsxtmbaennkv
npbetbpstbmntenrararbketsnrnstxpvrrsxtmbaennkv
npbtbpstbmntenrararbketsnrnstxpvrrsxtmbaennkv
npeabpstbmntenrararbketsnrnstxpvrrsxtmbaennkv
npeatbpstbmntenrararbketsnrnstxpvrrsxtmbaennkv
npebbpstbmntenrararbketsnrnstxpvrrsxtmbaennkv
npebpstbmntenrararbketsnrnstxpvrrsxtmbaennkv
npebtbpstbmntenrararbketsnrnstxpvrrsxtmbaennkv
npeebpstbmntenrararbketsnrnstxpvrrsxtmbaennkv
npeetbpstbmntenrararbketsnrnstxpvrrsxtmbaennkv
npekbpstbmntenrararbketsnrnstxpvrrsxtmbaennkv
npektbpstbmntenrararbketsnrnstxpvrrsxtmbaennkv
npembpstbmntenrararbketsnrnstxpvrrsxtmbaennkv
npemtbpstbmntenrararbketsnrnstxpvrrsxtmbaennkv
npenbpstbmntenrararbketsnrnstxpvrrsxtmbaennkv
npentbpstbmntenrararbketsnrnstxpvrrsxtmbaennkv
npepbpstbmntenrararbketsnrnstxpvrrsxtmbaennkv
npeptbpstbmntenrararbketsnrnstxpvrrsxtmbaennkv
nperbpstbmntenrararbketsnrnstxpvrrsxtmbaennkv
npertbpstbmntenrararbketsnrnstxpvrrsxtmbaennkv
npesbpstbmntenrararbketsnrnstxpvrrsxtmbaennkv
npestbpstbmntenrararbketsnrnstxpvrrsxtmbaennkv
npetabpstbmntenrararbketsnrnstxpvrrsxtmbaennkv
npetapstbmntenrararbketsnrnstxpvrrsxtmbaennkv
npetbapstbmntenrararbketsnrnstxpvrrsxtmbaennkv
npetbastbmntenrararbketsnrnstxpvrrsxtmbaennkv
npetbbpstbmntenrararbketsnrnstxpvrrsxtmbaennkv
npetbbstbmntenrararbketsnrnstxpvrrsxtmbaennkv
npetbepstbmntenrararbketsnrnstxpvrrsxtmbaennkv
npetbestbmntenrararbketsnrnstxpvrrsxtmbaennkv
npetbkpstbmntenrararbketsnrnstxpvrrsxtmbaennkv
npetbkstbmntenrararbketsnrnstxpvrrsxtmbaennkv
npetbmpstbmntenrararbketsnrnstxpvrrsxtmbaennkv
npetbmstbmntenrararbketsnrnstxpvrrsxtmbaennkv
npetbnpstbmntenrararbketsnrnstxpvrrsxtmbaennkv
npetbnstbmntenrararbketsnrnstxpvrrsxtmbaennkv
npetbpastbmntenrararbketsnrnstxpvrrsxtmbaennkv
npetbpatbmntenrararbketsnrnstxpvrrsxtmbaennkv
npetbpbstbmntenrararbketsnrnstxpvrrsxtmbaennkv
npetbpbtbmntenrararbketsnrnstxpvrrsxtmbaennkv
npetbpestbmntenrararbketsnrnstxpvrrsxtmbaennkv
npetbpetbmntenrararbketsnrnstxpvrrsxtmbaennkv
npetbpkstbmntenrararbketsnrnstxpvrrsxtmbaennkv
npetbpktbmntenrararbketsnrnstxpvrrsxtmbaennkv
npetbpmstbmntenrararbketsnrnstxpvrrsxtmbaennkv
npetbpmtbmntenrararbketsnrnstxpvrrsxtmbaennkv
npetbpnstbmntenrararbketsnrnstxpvrrsxtmbaennkv
npetbpntbmntenrararbketsnrnstxpvrrsxtmbaennkv
npetbppstbmntenrararbketsnrnstxpvrrsxtmbaennkv
npetbpptbmntenrararbketsnrnstxpvrrsxtmbaennkv
npetbprstbmntenrararbketsnrnstxpvrrsxtmbaennkv
npetbprtbmntenrararbketsnrnstxpvrrsxtmbaennkv
npetbpsabmntenrararbketsnrnstxpvrrsxtmbaennkv
npetbpsatbmntenrararbketsnrnstxpvrrsxtmbaennkv
npetbpsbbmntenrararbketsnrnstxpvrrsxtmbaennkv
npetbpsbmntenrararbketsnrnstxpvrrsxtmbaennkv
npetbpsbtbmntenrararbketsnrnstxpvrrsxtmbaennkv
npetbpsebmntenrararbketsnrnstxpvrrsxtmbaennkv
npetbpsetbmntenrararbketsnrnstxpvrrsxtmbaennkv
npetbpskbmntenrararbketsnrnstxpvrrsxtmbaennkv
npetbpsktbmntenrararbketsnrnstxpvrrsxtmbaennkv
npetbpsmbmntenrararbketsnrnstxpvrrsxtmbaennkv
npetbpsmtbmntenrararbketsnrnstxpvrrsxtmbaennkv
npetbpsnbmntenrararbketsnrnstxpvrrsxtmbaennkv
npetbpsntbmntenrararbketsnrnstxpvrrsxtmbaennkv
npetbpspbmntenrararbketsnrnstxpvrrsxtmbaennkv
npetbpsptbmntenrararbketsnrnstxpvrrsxtmbaennkv
npetbpsrbmntenrararbketsnrnstxpvrrsxtmbaennkv
npetbpsrtbmntenrararbketsnrnstxpvrrsxtmbaennkv
npetbpssbmntenrararbketsnrnstxpvrrsxtmbaennkv
npetbpsstbmntenrararbketsnrnstxpvrrsxtmbaennkv
npetbpstabmntenrararbketsnrnstxpvrrsxtmbaennkv
npetbpstamntenrararbketsnrnstxpvrrsxtmbaennkv
npetbpstbamntenrararbketsnrnstxpvrrsxtmbaennkv
npetbpstbantenrararbketsnrnstxpvrrsxtmbaennkv
npetbpstbbmntenrararbketsnrnstxpvrrsxtmbaennkv
npetbpstbbntenrararbketsnrnstxpvrrsxtmbaennkv
npetbpstbemntenrararbketsnrnstxpvrrsxtmbaennkv
npetbpstbentenrararbketsnrnstxpvrrsxtmbaennkv
npetbpstbkmntenrararbketsnrnstxpvrrsxtmbaennkv
npetbpstbkntenrararbketsnrnstxpvrrsxtmbaennkv
npetbpstbmantenrararbketsnrnstxpvrrsxtmbaennkv
npetbpstbmatenrararbketsnrnstxpvrrsxtmbaennkv
npetbpstbmbntenrararbketsnrnstxpvrrsxtmbaennkv
npetbpstbmbtenrararbketsnrnstxpvrrsxtmbaennkv
npetbpstbmentenrararbketsnrnstxpvrrsxtmbaennkv
npetbpstbmetenrararbketsnrnstxpvrrsxtmbaennkv
npetbpstbmkntenrararbketsnrnstxpvrrsxtmbaennkv
npetbpstbmktenrararbketsnrnstxpvrrsxtmbaennkv
npetbpstbmmntenrararbketsnrnstxpvrrsxtmbaennkv
npetbpstbmmtenrararbketsnrnstxpvrrsxtmbaennkv
npetbpstbmnaenrararbketsnrnstxpvrrsxtmbaennkv
npetbpstbmnatenrararbketsnrnstxpvrrsxtmbaennkv
npetbpstbmnbenrararbketsnrnstxpvrrsxtmbaennkv
npetbpstbmnbtenrararbketsnrnstxpvrrsxtmbaennkv
npetbpstbmneenrararbketsnrnstxpvrrsxtmbaennkv
npetbpstbmnenrararbketsnrnstxpvrrsxtmbaennkv
npetbpstbmnetenrararbketsnrnstxpvrrsxtmbaennkv
npetbpstbmnkenrararbketsnrnstxpvrrsxtmbaennkv
npetbpstbmnktenrararbketsnrnstxpvrrsxtmbaennkv
npetbpstbmnmenrararbketsnrnstxpvrrsxtmbaennkv
npetbpstbmnmtenrararbketsnrnstxpvrrsxtmbaennkv
npetbpstbmnnenrararbketsnrnstxpvrrsxtmbaennkv
npetbpstbmnntenrararbketsnrnstxpvrrsxtmbaennkv
npetbpstbmnpenrararbketsnrnstxpvrrsxtmbaennkv
npetbpstbmnptenrararbketsnrnstxpvrrsxtmbaennkv
npetbpstbmnrenrararbketsnrnstxpvrrsxtmbaennkv
npetbpstbmnrtenrararbketsnrnstxpvrrsxtmbaennkv
npetbpstbmnsenrararbketsnrnstxpvrrsxtmbaennkv
npetbpstbmnstenrararbketsnrnstxpvrrsxtmbaennkv
npetbpstbmntaenrararbketsnrnstxpvrrsxtmbaennkv
npetbpstbmntanrararbketsnrnstxpvrrsxtmbaennkv
npetbpstbmntbenrararbketsnrnstxpvrrsxtmbaennkv
npetbpstbmntbnrararbketsnrnstxpvrrsxtmbaennkv
npetbpstbmnteanrararbketsnrnstxpvrrsxtmbaennkv
npetbpstbmntearararbketsnrnstxpvrrsxtmbaennkv
npetbpstbmntebnrararbketsnrnstxpvrrsxtmbaennkv
npetbpstbmntebrararbketsnrnstxpvrrsxtmbaennkv
npetbpstbmnteenrararbketsnrnstxpvrrsxtmbaennkv
npetbpstbmnteerararbketsnrnstxpvrrsxtmbaennkv
npetbpstbmnteknrararbketsnrnstxpvrrsxtmbaennkv
npetbpstbmntekrararbketsnrnstxpvrrsxtmbaennkv
npetbpstbmntemnrararbketsnrnstxpvrrsxtmbaennkv
npetbpstbmntemrararbketsnrnstxpvrrsxtmbaennkv
npetbpstbmntenaararbketsnrnstxpvrrsxtmbaennkv
npetbpstbmntenarararbketsnrnstxpvrrsxtmbaennkv
npetbpstbmntenararbketsnrnstxpvrrsxtmbaennkv
npetbpstbmntenbararbketsnrnstxpvrrsxtmbaennkv
npetbpstbmntenbrararbketsnrnstxpvrrsxtmbaennkv
npetbpstbmnteneararbketsnrnstxpvrrsxtmbaennkv
npetbpstbmntenerararbketsnrnstxpvrrsxtmbaennkv
npetbpstbmntenkararbketsnrnstxpvrrsxtmbaennkv
npetbpstbmntenkrararbketsnrnstxpvrrsxtmbaennkv
npetbpstbmntenmararbketsnrnstxpvrrsxtmbaennkv
npetbpstbmntenmrararbketsnrnstxpvrrsxtmbaennkv
npetbpstbmntennararbketsnrnstxpvrrsxtmbaennkv
npetbpstbmntennrararbketsnrnstxpvrrsxtmbaennkv
npetbpstbmntenpararbketsnrnstxpvrrsxtmbaennkv
npetbpstbmntenprararbketsnrnstxpvrrsxtmbaennkv
npetbpstbmntenraaarbketsnrnstxpvrrsxtmbaennkv
npetbpstbmntenraararbketsnrnstxpvrrsxtmbaennkv
npetbpstbmntenraarbketsnrnstxpvrrsxtmbaennkv
npetbpstbmntenrabarbketsnrnstxpvrrsxtmbaennkv
npetbpstbmntenrabrarbketsnrnstxpvrrsxtmbaennkv
npetbpstbmntenraearbketsnrnstxpvrrsxtmbaennkv
npetbpstbmntenraerarbketsnrnstxpvrrsxtmbaennkv
npetbpstbmntenrakarbketsnrnstxpvrrsxtmbaennkv
npetbpstbmntenrakrarbketsnrnstxpvrrsxtmbaennkv
npetbpstbmntenramarbketsnrnstxpvrrsxtmbaennkv
npetbpstbmntenramrarbketsnrnstxpvrrsxtmbaennkv
npetbpstbmntenranarbketsnrnstxpvrrsxtmbaennkv
npetbpstbmntenranrarbketsnrnstxpvrrsxtmbaennkv
npetbpstbmntenraparbketsnrnstxpvrrsxtmbaennkv
npetbpstbmntenraprarbketsnrnstxpvrrsxtmbaennkv
npetbpstbmntenraraabketsnrnstxpvrrsxtmbaennkv
npetbpstbmntenraraarbketsnrnstxpvrrsxtmbaennkv
npetbpstbmntenrarabbketsnrnstxpvrrsxtmbaennkv
npetbpstbmntenrarabketsnrnstxpvrrsxtmbaennkv
npetbpstbmntenrarabrbketsnrnstxpvrrsxtmbaennkv
npetbpstbmntenraraebketsnrnstxpvrrsxtmbaennkv
npetbpstbmntenraraerbketsnrnstxpvrrsxtmbaennkv
npetbpstbmntenrarakbketsnrnstxpvrrsxtmbaennkv
npetbpstbmntenrarakrbketsnrnstxpvrrsxtmbaennkv
npetbpstbmntenrarambketsnrnstxpvrrsxtmbaennkv
npetbpstbmntenraramrbketsnrnstxpvrrsxtmbaennkv
npetbpstbmntenraranbketsnrnstxpvrrsxtmbaennkv
npetbpstbmntenraranrbketsnrnstxpvrrsxtmbaennkv
npetbpstbmntenrarapbketsnrnstxpvrrsxtmbaennkv
npetbpstbmntenraraprbketsnrnstxpvrrsxtmbaennkv
npetbpstbmntenrararabketsnrnstxpvrrsxtmbaennkv
npetbpstbmntenrararaketsnrnstxpvrrsxtmbaennkv
npetbpstbmntenrararbaetsnrnstxpvrrsxtmbaennkv
npetbpstbmntenrararbaketsnrnstxpvrrsxtmbaennkv
npetbpstbmntenrararbbetsnrnstxpvrrsxtmbaennkv
npetbpstbmntenrararbbketsnrnstxpvrrsxtmbaennkv
npetbpstbmntenrararbeetsnrnstxpvrrsxtmbaennkv
npetbpstbmntenrararbeketsnrnstxpvrrsxtmbaennkv
npetbpstbmntenrararbetsnrnstxpvrrsxtmbaennkv
npetbpstbmntenrararbkaetsnrnstxpvrrsxtmbaennkv
npetbpstbmntenrararbkatsnrnstxpvrrsxtmbaennkv
npetbpstbmntenrararbkbetsnrnstxpvrrsxtmbaennkv
npetbpstbmntenrararbkbtsnrnstxpvrrsxtmbaennkv
npetbpstbmntenrararbkeasnrnstxpvrrsxtmbaennkv
npetbpstbmntenrararbkeatsnrnstxpvrrsxtmbaennkv
npetbpstbmntenrararbkebsnrnstxpvrrsxtmbaennkv
npetbpstbmntenrararbkebtsnrnstxpvrrsxtmbaennkv
npetbpstbmntenrararbkeesnrnstxpvrrsxtmbaennkv
npetbpstbmntenrararbkeetsnrnstxpvrrsxtmbaennkv
npetbpstbmntenrararbkeksnrnstxpvrrsxtmbaennkv
npetbpstbmntenrararbkektsnrnstxpvrrsxtmbaennkv
npetbpstbmntenrararbkemsnrnstxpvrrsxtmbaennkv
npetbpstbmntenrararbkemtsnrnstxpvrrsxtmbaennkv
npetbpstbmntenrararbkensnrnstxpvrrsxtmbaennkv
npetbpstbmntenrararbkentsnrnstxpvrrsxtmbaennkv
npetbpstbmntenrararbkepsnrnstxpvrrsxtmbaennkv
npetbpstbmntenrararbkeptsnrnstxpvrrsxtmbaennkv
npetbpstbmntenrararbkersnrnstxpvrrsxtmbaennkv
npetbpstbmntenrararbkertsnrnstxpvrrsxtmbaennkv
npetbpstbmntenrararbkesnrnstxpvrrsxtmbaennkv
npetbpstbmntenrararbkessnrnstxpvrrsxtmbaennkv
npetbpstbmntenrararbkestsnrnstxpvrrsxtmbaennkv
npetbpstbmntenrararbketanrnstxpvrrsxtmbaennkv
npetbpstbmntenrararbketasnrnstxpvrrsxtmbaennkv
npetbpstbmntenrararbketbnrnstxpvrrsxtmbaennkv
npetbpstbmntenrararbketbsnrnstxpvrrsxtmbaennkv
npetbpstbmntenrararbketenrnstxpvrrsxtmbaennkv
npetbpstbmntenrararbketesnrnstxpvrrsxtmbaennkv
npetbpstbmntenrararbketknrnstxpvrrsxtmbaennkv
npetbpstbmntenrararbketksnrnstxpvrrsxtmbaennkv
npetbpstbmntenrararbketmnrnstxpvrrsxtmbaennkv
npetbpstbmntenrararbketmsnrnstxpvrrsxtmbaennkv
npetbpstbmntenrararbketnnrnstxpvrrsxtmbaennkv
npetbpstbmntenrararbketnrnstxpvrrsxtmbaennkv
npetbpstbmntenrararbketnsnrnstxpvrrsxtmbaennkv
npetbpstbmntenrararbketpnrnstxpvrrsxtmbaennkv
npetbpstbmntenrararbketpsnrnstxpvrrsxtmbaennkv
npetbpstbmntenrararbketrnrnstxpvrrsxtmbaennkv
npetbpstbmntenrararbketrsnrnstxpvrrsxtmbaennkv
npetbpstbmntenrararbketsanrnstxpvrrsxtmbaennkv
npetbpstbmntenrararbketsarnstxpvrrsxtmbaennkv
npetbpstbmntenrararbketsbnrnstxpvrrsxtmbaennkv
npetbpstbmntenrararbketsbrnstxpvrrsxtmbaennkv
npetbpstbmntenrararbketsenrnstxpvrrsxtmbaennkv
npetbpstbmntenrararbketsernstxpvrrsxtmbaennkv
npetbpstbmntenrararbketsknrnstxpvrrsxtmbaennkv
npetbpstbmntenrararbketskrnstxpvrrsxtmbaennkv
npetbpstbmntenrararbketsmnrnstxpvrrsxtmbaennkv
npetbpstbmntenrararbketsmrnstxpvrrsxtmbaennkv
npetbpstbmntenrararbketsnanstxpvrrsxtmbaennkv
npetbpstbmntenrararbketsnarnstxpvrrsxtmbaennkv
npetbpstbmntenrararbketsnbnstxpvrrsxtmbaennkv
npetbpstbmntenrararbketsnbrnstxpvrrsxtmbaennkv
npetbpstbmntenrararbketsnenstxpvrrsxtmbaennkv
npetbpstbmntenrararbketsnernstxpvrrsxtmbaennkv
npetbpstbmntenrararbketsnknstxpvrrsxtmbaennkv
npetbpstbmntenrararbketsnkrnstxpvrrsxtmbaennkv
npetbpstbmntenrararbketsnmnstxpvrrsxtmbaennkv
npetbpstbmntenrararbketsnmrnstxpvrrsxtmbaennkv
npetbpstbmntenrararbketsnnnstxpvrrsxtmbaennkv
npetbpstbmntenrararbketsnnrnstxpvrrsxtmbaennkv
npetbpstbmntenrararbketsnnstxpvrrsxtmbaennkv
npetbpstbmntenrararbketsnpnstxpvrrsxtmbaennkv
npetbpstbmntenrararbketsnprnstxpvrrsxtmbaennkv
npetbpstbmntenrararbketsnranstxpvrrsxtmbaennkv
npetbpstbmntenrararbketsnrastxpvrrsxtmbaennkv
npetbpstbmntenrararbketsnrbnstxpvrrsxtmbaennkv
npetbpstbmntenrararbketsnrbstxpvrrsxtmbaennkv
npetbpstbmntenrararbketsnrenstxpvrrsxtmbaennkv
npetbpstbmntenrararbketsnrestxpvrrsxtmbaennkv
npetbpstbmntenrararbketsnrknstxpvrrsxtmbaennkv
npetbpstbmntenrararbketsnrkstxpvrrsxtmbaennkv
npetbpstbmntenrararbketsnrmnstxpvrrsxtmbaennkv
npetbpstbmntenrararbketsnrmstxpvrrsxtmbaennkv
npetbpstbmntenrararbketsnrnastxpvrrsxtmbaennkv
npetbpstbmntenrararbketsnrnatxpvrrsxtmbaennkv
npetbpstbmntenrararbketsnrnbstxpvrrsxtmbaennkv
npetbpstbmntenrararbketsnrnbtxpvrrsxtmbaennkv
npetbpstbmntenrararbketsnrnestxpvrrsxtmbaennkv
npetbpstbmntenrararbketsnrnetxpvrrsxtmbaennkv
npetbpstbmntenrararbketsnrnkstxpvrrsxtmbaennkv
npetbpstbmntenrararbketsnrnktxpvrrsxtmbaennkv
npetbpstbmntenrararbketsnrnmstxpvrrsxtmbaennkv
npetbpstbmntenrararbketsnrnmtxpvrrsxtmbaennkv
npetbpstbmntenrararbketsnrnnstxpvrrsxtmbaennkv
npetbpstbmntenrararbketsnrnntxpvrrsxtmbaennkv
npetbpstbmntenrararbketsnrnpstxpvrrsxtmbaennkv
npetbpstbmntenrararbketsnrnptxpvrrsxtmbaennkv
npetbpstbmntenrararbketsnrnrstxpvrrsxtmbaennkv
npetbpstbmntenrararbketsnrnrtxpvrrsxtmbaennkv
npetbpstbmntenrararbketsnrnsatxpvrrsxtmbaennkv
npetbpstbmntenrararbketsnrnsaxpvrrsxtmbaennkv
npetbpstbmntenrararbketsnrnsbtxpvrrsxtmbaennkv
npetbpstbmntenrararbketsnrnsbxpvrrsxtmbaennkv
npetbpstbmntenrararbketsnrnsetxpvrrsxtmbaennkv
npetbpstbmntenrararbketsnrnsexpvrrsxtmbaennkv
npetbpstbmntenrararbketsnrnsktxpvrrsxtmbaennkv
npetbpstbmntenrararbketsnrnskxpvrrsxtmbaennkv
npetbpstbmntenrararbketsnrnsmtxpvrrsxtmbaennkv
npetbpstbmntenrararbketsnrnsmxpvrrsxtmbaennkv
npetbpstbmntenrararbketsnrnsntxpvrrsxtmbaennkv
npetbpstbmntenrararbketsnrnsnxpvrrsxtmbaennkv
npetbpstbmntenrararbketsnrnsptxpvrrsxtmbaennkv
npetbpstbmntenrararbketsnrnspxpvrrsxtmbaennkv
npetbpstbmntenrararbketsnrnsrtxpvrrsxtmbaennkv
npetbpstbmntenrararbketsnrnsrxpvrrsxtmbaennkv
npetbpstbmntenrararbketsnrnsstxpvrrsxtmbaennkv
npetbpstbmntenrararbketsnrnssxpvrrsxtmbaennkv
npetbpstbmntenrararbketsnrnstapvrrsxtmbaennkv
npetbpstbmntenrararbketsnrnstaxpvrrsxtmbaennkv
npetbpstbmntenrararbketsnrnstbpvrrsxtmbaennkv
npetbpstbmntenrararbketsnrnstbxpvrrsxtmbaennkv
npetbpstbmntenrararbketsnrnstepvrrsxtmbaennkv
npetbpstbmntenrararbketsnrnstexpvrrsxtmbaennkv
npetbpstbmntenrararbketsnrnstkpvrrsxtmbaennkv
npetbpstbmntenrararbketsnrnstkxpvrrsxtmbaennkv
npetbpstbmntenrararbketsnrnstmpvrrsxtmbaennkv
npetbpstbmntenrararbketsnrnstmxpvrrsxtmbaennkv
npetbpstbmntenrararbketsnrnstnpvrrsxtmbaennkv
npetbpstbmntenrararbketsnrnstnxpvrrsxtmbaennkv
npetbpstbmntenrararbketsnrnstppvrrsxtmbaennkv
npetbpstbmntenrararbketsnrnstpvrrsxtmbaennkv
npetbpstbmntenrararbketsnrnstpxpvrrsxtmbaennkv
npetbpstbmntenrararbketsnrnstrpvrrsxtmbaennkv
npetbpstbmntenrararbketsnrnstrxpvrrsxtmbaennkv
npetbpstbmntenrararbketsnrnstspvrrsxtmbaennkv
npetbpstbmntenrararbketsnrnstsxpvrrsxtmbaennkv
npetbpstbmntenrararbketsnrnsttpvrrsxtmbaennkv
npetbpstbmntenrararbketsnrnsttxpvrrsxtmbaennkv
npetbpstbmntenrararbketsnrnstvpvrrsxtmbaennkv
npetbpstbmntenrararbketsnrnstvxpvrrsxtmbaennkv
npetbpstbmntenrararbketsnrnstxapvrrsxtmbaennkv
npetbpstbmntenrararbketsnrnstxavrrsxtmbaennkv
npetbpstbmntenrararbketsnrnstxbpvrrsxtmbaennkv
npetbpstbmntenrararbketsnrnstxbvrrsxtmbaennkv
npetbpstbmntenrararbketsnrnstxepvrrsxtmbaennkv
npetbpstbmntenrararbketsnrnstxevrrsxtmbaennkv
npetbpstbmntenrararbketsnrnstxkpvrrsxtmbaennkv
npetbpstbmntenrararbketsnrnstxkvrrsxtmbaennkv
npetbpstbmntenrararbketsnrnstxmpvrrsxtmbaennkv
npetbpstbmntenrararbketsnrnstxmvrrsxtmbaennkv
npetbpstbmntenrararbketsnrnstxnpvrrsxtmbaennkv
npetbpstbmntenrararbketsnrnstxnvrrsxtmbaennkv
npetbpstbmntenrararbketsnrnstxparrsxtmbaennkv
npetbpstbmntenrararbketsnrnstxpavrrsxtmbaennkv
npetbpstbmntenrararbketsnrnstxpbrrsxtmbaennkv
npetbpstbmntenrararbketsnrnstxpbvrrsxtmbaennkv
npetbpstbmntenrararbketsnrnstxperrsxtmbaennkv
npetbpstbmntenrararbketsnrnstxpevrrsxtmbaennkv
npetbpstbmntenrararbketsnrnstxpkrrsxtmbaennkv
npetbpstbmntenrararbketsnrnstxpkvrrsxtmbaennkv
npetbpstbmntenrararbketsnrnstxpmrrsxtmbaennkv
npetbpstbmntenrararbketsnrnstxpmvrrsxtmbaennkv
npetbpstbmntenrararbketsnrnstxpnrrsxtmbaennkv
npetbpstbmntenrararbketsnrnstxpnvrrsxtmbaennkv
npetbpstbmntenrararbketsnrnstxpprrsxtmbaennkv
npetbpstbmntenrararbketsnrnstxppvrrsxtmbaennkv
npetbpstbmntenrararbketsnrnstxprrrsxtmbaennkv
npetbpstbmntenrararbketsnrnstxprrsxtmbaennkv
npetbpstbmntenrararbketsnrnstxprvrrsxtmbaennkv
npetbpstbmntenrararbketsnrnstxpsrrsxtmbaennkv
npetbpstbmntenrararbketsnrnstxpsvrrsxtmbaennkv
npetbpstbmntenrararbketsnrnstxptrrsxtmbaennkv
npetbpstbmntenrararbketsnrnstxptvrrsxtmbaennkv
npetbpstbmntenrararbketsnrnstxpvarrsxtmbaennkv
npetbpstbmntenrararbketsnrnstxpvarsxtmbaennkv
npetbpstbmntenrararbketsnrnstxpvbrrsxtmbaennkv
npetbpstbmntenrararbketsnrnstxpvbrsxtmbaennkv
npetbpstbmntenrararbketsnrnstxpverrsxtmbaennkv
npetbpstbmntenrararbketsnrnstxpversxtmbaennkv
npetbpstbmntenrararbketsnrnstxpvkrrsxtmbaennkv
npetbpstbmntenrararbketsnrnstxpvkrsxtmbaennkv
npetbpstbmntenrararbketsnrnstxpvmrrsxtmbaennkv
npetbpstbmntenrararbketsnrnstxpvmrsxtmbaennkv
npetbpstbmntenrararbketsnrnstxpvnrrsxtmbaennkv
npetbpstbmntenrararbketsnrnstxpvnrsxtmbaennkv
npetbpstbmntenrararbketsnrnstxpvprrsxtmbaennkv
npetbpstbmntenrararbketsnrnstxpvprsxtmbaennkv
npetbpstbmntenrararbketsnrnstxpvrarsxtmbaennkv
npetbpstbmntenrararbketsnrnstxpvrasxtmbaennkv
npetbpstbmntenrararbketsnrnstxpvrbrsxtmbaennkv
npetbpstbmntenrararbketsnrnstxpvrbsxtmbaennkv
npetbpstbmntenrararbketsnrnstxpvrersxtmbaennkv
npetbpstbmntenrararbketsnrnstxpvresxtmbaennkv
npetbpstbmntenrararbketsnrnstxpvrkrsxtmbaennkv
npetbpstbmntenrararbketsnrnstxpvrksxtmbaennkv
npetbpstbmntenrararbketsnrnstxpvrmrsxtmbaennkv
npetbpstbmntenrararbketsnrnstxpvrmsxtmbaennkv
npetbpstbmntenrararbketsnrnstxpvrnrsxtmbaennkv
npetbpstbmntenrararbketsnrnstxpvrnsxtmbaennkv
npetbpstbmntenrararbketsnrnstxpvrprsxtmbaennkv
npetbpstbmntenrararbketsnrnstxpvrpsxtmbaennkv
npetbpstbmntenrararbketsnrnstxpvrrasxtmbaennkv
npetbpstbmntenrararbketsnrnstxpvrraxtmbaennkv
npetbpstbmntenrararbketsnrnstxpvrrbsxtmbaennkv
npetbpstbmntenrararbketsnrnstxpvrrbxtmbaennkv
npetbpstbmntenrararbketsnrnstxpvrresxtmbaennkv
npetbpstbmntenrararbketsnrnstxpvrrextmbaennkv
npetbpstbmntenrararbketsnrnstxpvrrksxtmbaennkv
npetbpstbmntenrararbketsnrnstxpvrrkxtmbaennkv
npetbpstbmntenrararbketsnrnstxpvrrmsxtmbaennkv
npetbpstbmntenrararbketsnrnstxpvrrmxtmbaennkv
npetbpstbmntenrararbketsnrnstxpvrrnsxtmbaennkv
npetbpstbmntenrararbketsnrnstxpvrrnxtmbaennkv
npetbpstbmntenrararbketsnrnstxpvrrpsxtmbaennkv
npetbpstbmntenrararbketsnrnstxpvrrpxtmbaennkv
npetbpstbmntenrararbketsnrnstxpvrrrsxtmbaennkv
npetbpstbmntenrararbketsnrnstxpvrrrxtmbaennkv
npetbpstbmntenrararbketsnrnstxpvrrsatmbaennkv
npetbpstbmntenrararbketsnrnstxpvrrsaxtmbaennkv
npetbpstbmntenrararbketsnrnstxpvrrsbtmbaennkv
npetbpstbmntenrararbketsnrnstxpvrrsbxtmbaennkv
npetbpstbmntenrararbketsnrnstxpvrrsetmbaennkv
npetbpstbmntenrararbketsnrnstxpvrrsextmbaennkv
npetbpstbmntenrararbketsnrnstxpvrrsktmbaennkv
npetbpstbmntenrararbketsnrnstxpvrrskxtmbaennkv
npetbpstbmntenrararbketsnrnstxpvrrsmtmbaennkv
npetbpstbmntenrararbketsnrnstxpvrrsmxtmbaennkv
npetbpstbmntenrararbketsnrnstxpvrrsntmbaennkv
npetbpstbmntenrararbketsnrnstxpvrrsnxtmbaennkv
npetbpstbmntenrararbketsnrnstxpvrrsptmbaennkv
npetbpstbmntenrararbketsnrnstxpvrrspxtmbaennkv
npetbpstbmntenrararbketsnrnstxpvrrsrtmbaennkv
npetbpstbmntenrararbketsnrnstxpvrrsrxtmbaennkv
npetbpstbmntenrararbketsnrnstxpvrrsstmbaennkv
npetbpstbmntenrararbketsnrnstxpvrrssxtmbaennkv
npetbpstbmntenrararbketsnrnstxpvrrstmbaennkv
npetbpstbmntenrararbketsnrnstxpvrrsttmbaennkv
npetbpstbmntenrararbketsnrnstxpvrrstxtmbaennkv
npetbpstbmntenrararbketsnrnstxpvrrsvtmbaennkv
npetbpstbmntenrararbketsnrnstxpvrrsvxtmbaennkv
npetbpstbmntenrararbketsnrnstxpvrrsxambaennkv
npetbpstbmntenrararbketsnrnstxpvrrsxatmbaennkv
npetbpstbmntenrararbketsnrnstxpvrrsxbmbaennkv
npetbpstbmntenrararbketsnrnstxpvrrsxbtmbaennkv
npetbpstbmntenrararbketsnrnstxpvrrsxembaennkv
npetbpstbmntenrararbketsnrnstxpvrrsxetmbaennkv
npetbpstbmntenrararbketsnrnstxpvrrsxkmbaennkv
npetbpstbmntenrararbketsnrnstxpvrrsxktmbaennkv
npetbpstbmntenrararbketsnrnstxpvrrsxmbaennkv
npetbpstbmntenrararbketsnrnstxpvrrsxmmbaennkv
npetbpstbmntenrararbketsnrnstxpvrrsxmtmbaennkv
npetbpstbmntenrararbketsnrnstxpvrrsxnmbaennkv
npetbpstbmntenrararbketsnrnstxpvrrsxntmbaennkv
npetbpstbmntenrararbketsnrnstxpvrrsxpmbaennkv
npetbpstbmntenrararbketsnrnstxpvrrsxptmbaennkv
npetbpstbmntenrararbketsnrnstxpvrrsxrmbaennkv
npetbpstbmntenrararbketsnrnstxpvrrsxrtmbaennkv
npetbpstbmntenrararbketsnrnstxpvrrsxsmbaennkv
npetbpstbmntenrararbketsnrnstxpvrrsxstmbaennkv
npetbpstbmntenrararbketsnrnstxpvrrsxtabaennkv
npetbpstbmntenrararbketsnrnstxpvrrsxtambaennkv
npetbpstbmntenrararbketsnrnstxpvrrsxtbaennkv
npetbpstbmntenrararbketsnrnstxpvrrsxtbbaennkv
npetbpstbmntenrararbketsnrnstxpvrrsxtbmbaennkv
npetbpstbmntenrararbketsnrnstxpvrrsxtebaennkv
npetbpstbmntenrararbketsnrnstxpvrrsxtembaennkv
npetbpstbmntenrararbketsnrnstxpvrrsxtkbaennkv
npetbpstbmntenrararbketsnrnstxpvrrsxtkmbaennkv
npetbpstbmntenrararbketsnrnstxpvrrsxtmaaennkv
npetbpstbmntenrararbketsnrnstxpvrrsxtmabaennkv
npetbpstbmntenrararbketsnrnstxpvrrsxtmaennkv
npetbpstbmntenrararbketsnrnstxpvrrsxtmbaaennkv
npetbpstbmntenrararbketsnrnstxpvrrsxtmbaannkv
npetbpstbmntenrararbketsnrnstxpvrrsxtmbabennkv
npetbpstbmntenrararbketsnrnstxpvrrsxtmbabnnkv
npetbpstbmntenrararbketsnrnstxpvrrsxtmbaeankv
npetbpstbmntenrararbketsnrnstxpvrrsxtmbaeannkv
npetbpstbmntenrararbketsnrnstxpvrrsxtmbaebnkv
npetbpstbmntenrararbketsnrnstxpvrrsxtmbaebnnkv
npetbpstbmntenrararbketsnrnstxpvrrsxtmbaeenkv
npetbpstbmntenrararbketsnrnstxpvrrsxtmbaeennkv
npetbpstbmntenrararbketsnrnstxpvrrsxtmbaeknkv
npetbpstbmntenrararbketsnrnstxpvrrsxtmbaeknnkv
npetbpstbmntenrararbketsnrnstxpvrrsxtmbaemnkv
npetbpstbmntenrararbketsnrnstxpvrrsxtmbaemnnkv
npetbpstbmntenrararbketsnrnstxpvrrsxtmbaenakv
npetbpstbmntenrararbketsnrnstxpvrrsxtmbaenankv
npetbpstbmntenrararbketsnrnstxpvrrsxtmbaenbkv
npetbpstbmntenrararbketsnrnstxpvrrsxtmbaenbnkv
npetbpstbmntenrararbketsnrnstxpvrrsxtmbaenekv
npetbpstbmntenrararbketsnrnstxpvrrsxtmbaenenkv
npetbpstbmntenrararbketsnrnstxpvrrsxtmbaenkkv
npetbpstbmntenrararbketsnrnstxpvrrsxtmbaenknkv
npetbpstbmntenrararbketsnrnstxpvrrsxtmbaenkv
npetbpstbmntenrararbketsnrnstxpvrrsxtmbaenmkv
npetbpstbmntenrararbketsnrnstxpvrrsxtmbaenmnkv
npetbpstbmntenrararbketsnrnstxpvrrsxtmbaennakv
npetbpstbmntenrararbketsnrnstxpvrrsxtmbaennav
npetbpstbmntenrararbketsnrnstxpvrrsxtmbaennbkv
npetbpstbmntenrararbketsnrnstxpvrrsxtmbaennbv
npetbpstbmntenrararbketsnrnstxpvrrsxtmbaennekv
npetbpstbmntenrararbketsnrnstxpvrrsxtmbaennev
npetbpstbmntenrararbketsnrnstxpvrrsxtmbaennk
npetbpstbmntenrararbketsnrnstxpvrrsxtmbaennka
npetbpstbmntenrararbketsnrnstxpvrrsxtmbaennkav
npetbpstbmntenrararbketsnrnstxpvrrsxtmbaennkb
npetbpstbmntenrararbketsnrnstxpvrrsxtmbaennkbv
npetbpstbmntenrararbketsnrnstxpvrrsxtmbaennke
npetbpstbmntenrararbketsnrnstxpvrrsxtmbaennkev
npetbpstbmntenrararbketsnrnstxpvrrsxtmbaennkk
npetbpstbmntenrararbketsnrnstxpvrrsxtmbaennkkv
npetbpstbmntenrararbketsnrnstxpvrrsxtmbaennkm
npetbpstbmntenrararbketsnrnstxpvrrsxtmbaennkmv
npetbpstbmntenrararbketsnrnstxpvrrsxtmbaennkn
npetbpstbmntenrararbketsnrnstxpvrrsxtmbaennknv
npetbpstbmntenrararbketsnrnstxpvrrsxtmbaennkp
npetbpstbmntenrararbketsnrnstxpvrrsxtmbaennkpv
npetbpstbmntenrararbketsnrnstxpvrrsxtmbaennkr
npetbpstbmntenrararbketsnrnstxpvrrsxtmbaennkrv
npetbpstbmntenrararbketsnrnstxpvrrsxtmbaennks
npetbpstbmntenrararbketsnrnstxpvrrsxtmbaennksv
npetbpstbmntenrararbketsnrnstxpvrrsxtmbaennkt
npetbpstbmntenrararbketsnrnstxpvrrsxtmbaennktv
npetbpstbmntenrararbketsnrnstxpvrrsxtmbaennkva
npetbpstbmntenrararbketsnrnstxpvrrsxtmbaennkvb
npetbpstbmntenrararbketsnrnstxpvrrsxtmbaennkve
npetbpstbmntenrararbketsnrnstxpvrrsxtmbaennkvk
npetbpstbmntenrararbketsnrnstxpvrrsxtmbaennkvm
npetbpstbmntenrararbketsnrnstxpvrrsxtmbaennkvn
npetbpstbmntenrararbketsnrnstxpvrrsxtmbaennkvp
npetbpstbmntenrararbketsnrnstxpvrrsxtmbaennkvr
npetbpstbmntenrararbketsnrnstxpvrrsxtmbaennkvs
npetbpstbmntenrararbketsnrnstxpvrrsxtmbaennkvt
npetbpstbmntenrararbketsnrnstxpvrrsxtmbaennkvv
npetbpstbmntenrararbketsnrnstxpvrrsxtmbaennkvx
npetbpstbmntenrararbketsnrnstxpvrrsxtmbaennkx
npetbpstbmntenrararbketsnrnstxpvrrsxtmbaennkxv
npetbpstbmntenrararbketsnrnstxpvrrsxtmbaennmkv
npetbpstbmntenrararbketsnrnstxpvrrsxtmbaennmv
npetbpstbmntenrararbketsnrnstxpvrrsxtmbaennnkv
npetbpstbmntenrararbketsnrnstxpvrrsxtmbaennnv
npetbpstbmntenrararbketsnrnstxpvrrsxtmbaennpkv
npetbpstbmntenrararbketsnrnstxpvrrsxtmbaennpv
npetbpstbmntenrararbketsnrnstxpvrrsxtmbaennrkv
npetbpstbmntenrararbketsnrnstxpvrrsxtmbaennrv
npetbpstbmntenrararbketsnrnstxpvrrsxtmbaennskv
npetbpstbmntenrararbketsnrnstxpvrrsxtmbaennsv
npetbpstbmntenrararbketsnrnstxpvrrsxtmbaenntkv
npetbpstbmntenrararbketsnrnstxpvrrsxtmbaenntv
npetbpstbmntenrararbketsnrnstxpvrrsxtmbaennv
npetbpstbmntenrararbketsnrnstxpvrrsxtmbaennvkv
npetbpstbmntenrararbketsnrnstxpvrrsxtmbaennvv
npetbpstbmntenrararbketsnrnstxpvrrsxtmbaennxkv
npetbpstbmntenrararbketsnrnstxpvrrsxtmbaennxv
npetbpstbmntenrararbketsnrnstxpvrrsxtmbaenpkv
npetbpstbmntenrararbketsnrnstxpvrrsxtmbaenpnkv
npetbpstbmntenrararbketsnrnstxpvrrsxtmbaenrkv
npetbpstbmntenrararbketsnrnstxpvrrsxtmbaenrnkv
npetbpstbmntenrararbketsnrnstxpvrrsxtmbaenskv
npetbpstbmntenrararbketsnrnstxpvrrsxtmbaensnkv
npetbpstbmntenrararbketsnrnstxpvrrsxtmbaentkv
npetbpstbmntenrararbketsnrnstxpvrrsxtmbaentnkv
npetbpstbmntenrararbketsnrnstxpvrrsxtmbaenvkv
npetbpstbmntenrararbketsnrnstxpvrrsxtmbaenvnkv
npetbpstbmntenrararbketsnrnstxpvrrsxtmbaenxkv
npetbpstbmntenrararbketsnrnstxpvrrsxtmbaenxnkv
npetbpstbmntenrararbketsnrnstxpvrrsxtmbaepnkv
npetbpstbmntenrararbketsnrnstxpvrrsxtmbaepnnkv
npetbpstbmntenrararbketsnrnstxpvrrsxtmbaernkv
npetbpstbmntenrararbketsnrnstxpvrrsxtmbaernnkv
npetbpstbmntenrararbketsnrnstxpvrrsxtmbaesnkv
npetbpstbmntenrararbketsnrnstxpvrrsxtmbaesnnkv
npetbpstbmntenrararbketsnrnstxpvrrsxtmbaetnkv
npetbpstbmntenrararbketsnrnstxpvrrsxtmbaetnnkv
npetbpstbmntenrararbketsnrnstxpvrrsxtmbaevnkv
npetbpstbmntenrararbketsnrnstxpvrrsxtmbaevnnkv
npetbpstbmntenrararbketsnrnstxpvrrsxtmbaexnkv
npetbpstbmntenrararbketsnrnstxpvrrsxtmbaexnnkv
npetbpstbmntenrararbketsnrnstxpvrrsxtmbakennkv
npetbpstbmntenrararbketsnrnstxpvrrsxtmbaknnkv
npetbpstbmntenrararbketsnrnstxpvrrsxtmbamennkv
npetbpstbmntenrararbketsnrnstxpvrrsxtmbamnnkv
npetbpstbmntenrararbketsnrnstxpvrrsxtmbanennkv
npetbpstbmntenrararbketsnrnstxpvrrsxtmbannkv
npetbpstbmntenrararbketsnrnstxpvrrsxtmbannnkv
npetbpstbmntenrararbketsnrnstxpvrrsxtmbapennkv
npetbpstbmntenrararbketsnrnstxpvrrsxtmbapnnkv
npetbpstbmntenrararbketsnrnstxpvrrsxtmbarennkv
npetbpstbmntenrararbketsnrnstxpvrrsxtmbarnnkv
npetbpstbmntenrararbketsnrnstxpvrrsxtmbasennkv
npetbpstbmntenrararbketsnrnstxpvrrsxtmbasnnkv
npetbpstbmntenrararbketsnrnstxpvrrsxtmbatennkv
npetbpstbmntenrararbketsnrnstxpvrrsxtmbatnnkv
npetbpstbmntenrararbketsnrnstxpvrrsxtmbavennkv
npetbpstbmntenrararbketsnrnstxpvrrsxtmbavnnkv
npetbpstbmntenrararbketsnrnstxpvrrsxtmbaxennkv
npetbpstbmntenrararbketsnrnstxpvrrsxtmbaxnnkv
npetbpstbmntenrararbketsnrnstxpvrrsxtmbbaennkv
npetbpstbmntenrararbketsnrnstxpvrrsxtmbbennkv
npetbpstbmntenrararbketsnrnstxpvrrsxtmbeaennkv
npetbpstbmntenrararbketsnrnstxpvrrsxtmbeennkv
npetbpstbmntenrararbketsnrnstxpvrrsxtmbennkv
npetbpstbmntenrararbketsnrnstxpvrrsxtmbkaennkv
npetbpstbmntenrararbketsnrnstxpvrrsxtmbkennkv
npetbpstbmntenrararbketsnrnstxpvrrsxtmbmaennkv
npetbpstbmntenrararbketsnrnstxpvrrsxtmbmennkv
npetbpstbmntenrararbketsnrnstxpvrrsxtmbnaennkv
npetbpstbmntenrararbketsnrnstxpvrrsxtmbnennkv
npetbpstbmntenrararbketsnrnstxpvrrsxtmbpaennkv
npetbpstbmntenrararbketsnrnstxpvrrsxtmbpennkv
npetbpstbmntenrararbketsnrnstxpvrrsxtmbraennkv
npetbpstbmntenrararbketsnrnstxpvrrsxtmbrennkv
npetbpstbmntenrararbketsnrnstxpvrrsxtmbsaennkv
npetbpstbmntenrararbketsnrnstxpvrrsxtmbsennkv
npetbpstbmntenrararbketsnrnstxpvrrsxtmbtaennkv
npetbpstbmntenrararbketsnrnstxpvrrsxtmbtennkv
npetbpstbmntenrararbketsnrnstxpvrrsxtmbvaennkv
npetbpstbmntenrararbketsnrnstxpvrrsxtmbvennkv
npetbpstbmntenrararbketsnrnstxpvrrsxtmbxaennkv
npetbpstbmntenrararbketsnrnstxpvrrsxtmbxennkv
npetbpstbmntenrararbketsnrnstxpvrrsxtmeaennkv
npetbpstbmntenrararbketsnrnstxpvrrsxtmebaennkv
npetbpstbmntenrararbketsnrnstxpvrrsxtmkaennkv
npetbpstbmntenrararbketsnrnstxpvrrsxtmkbaennkv
npetbpstbmntenrararbketsnrnstxpvrrsxtmmaennkv
npetbpstbmntenrararbketsnrnstxpvrrsxtmmbaennkv
npetbpstbmntenrararbketsnrnstxpvrrsxtmnaennkv
npetbpstbmntenrararbketsnrnstxpvrrsxtmnbaennkv
npetbpstbmntenrararbketsnrnstxpvrrsxtmpaennkv
npetbpstbmntenrararbketsnrnstxpvrrsxtmpbaennkv
npetbpstbmntenrararbketsnrnstxpvrrsxtmraennkv
npetbpstbmntenrararbketsnrnstxpvrrsxtmrbaennkv
npetbpstbmntenrararbketsnrnstxpvrrsxtmsaennkv
npetbpstbmntenrararbketsnrnstxpvrrsxtmsbaennkv
npetbpstbmntenrararbketsnrnstxpvrrsxtmtaennkv
npetbpstbmntenrararbketsnrnstxpvrrsxtmtbaennkv
npetbpstbmntenrararbketsnrnstxpvrrsxtmvaennkv
npetbpstbmntenrararbketsnrnstxpvrrsxtmvbaennkv
npetbpstbmntenrararbketsnrnstxpvrrsxtmxaennkv
npetbpstbmntenrararbketsnrnstxpvrrsxtmxbaennkv
npetbpstbmntenrararbketsnrnstxpvrrsxtnbaennkv
npetbpstbmntenrararbketsnrnstxpvrrsxtnmbaennkv
npetbpstbmntenrararbketsnrnstxpvrrsxtpbaennkv
npetbpstbmntenrararbketsnrnstxpvrrsxtpmbaennkv
npetbpstbmntenrararbketsnrnstxpvrrsxtrbaennkv
npetbpstbmntenrararbketsnrnstxpvrrsxtrmbaennkv
npetbpstbmntenrararbketsnrnstxpvrrsxtsbaennkv
npetbpstbmntenrararbketsnrnstxpvrrsxtsmbaennkv
npetbpstbmntenrararbketsnrnstxpvrrsxttbaennkv
npetbpstbmntenrararbketsnrnstxpvrrsxttmbaennkv
npetbpstbmntenrararbketsnrnstxpvrrsxtvbaennkv
npetbpstbmntenrararbketsnrnstxpvrrsxtvmbaennkv
npetbpstbmntenrararbketsnrnstxpvrrsxtxbaennkv
npetbpstbmntenrararbketsnrnstxpvrrsxtxmbaennkv
npetbpstbmntenrararbketsnrnstxpvrrsxvmbaennkv
npetbpstbmntenrararbketsnrnstxpvrrsxvtmbaennkv
npetbpstbmntenrararbketsnrnstxpvrrsxxmbaennkv
npetbpstbmntenrararbketsnrnstxpvrrsxxtmbaennkv
npetbpstbmntenrararbketsnrnstxpvrrtsxtmbaennkv
npetbpstbmntenrararbketsnrnstxpvrrtxtmbaennkv
npetbpstbmntenrararbketsnrnstxpvrrvsxtmbaennkv
npetbpstbmntenrararbketsnrnstxpvrrvxtmbaennkv
npetbpstbmntenrararbketsnrnstxpvrrxsxtmbaennkv
npetbpstbmntenrararbketsnrnstxpvrrxtmbaennkv
npetbpstbmntenrararbketsnrnstxpvrrxxtmbaennkv
npetbpstbmntenrararbketsnrnstxpvrsrsxtmbaennkv
npetbpstbmntenrararbketsnrnstxpvrssxtmbaennkv
npetbpstbmntenrararbketsnrnstxpvrsxtmbaennkv
npetbpstbmntenrararbketsnrnstxpvrtrsxtmbaennkv
npetbpstbmntenrararbketsnrnstxpvrtsxtmbaennkv
npetbpstbmntenrararbketsnrnstxpvrvrsxtmbaennkv
npetbpstbmntenrararbketsnrnstxpvrvsxtmbaennkv
npetbpstbmntenrararbketsnrnstxpvrxrsxtmbaennkv
npetbpstbmntenrararbketsnrnstxpvrxsxtmbaennkv
npetbpstbmntenrararbketsnrnstxpvsrrsxtmbaennkv
npetbpstbmntenrararbketsnrnstxpvsrsxtmbaennkv
npetbpstbmntenrararbketsnrnstxpvtrrsxtmbaennkv
npetbpstbmntenrararbketsnrnstxpvtrsxtmbaennkv
npetbpstbmntenrararbketsnrnstxpvvrrsxtmbaennkv
npetbpstbmntenrararbketsnrnstxpvvrsxtmbaennkv
npetbpstbmntenrararbketsnrnstxpvxrrsxtmbaennkv
npetbpstbmntenrararbketsnrnstxpvxrsxtmbaennkv
npetbpstbmntenrararbketsnrnstxpxrrsxtmbaennkv
npetbpstbmntenrararbketsnrnstxpxvrrsxtmbaennkv
npetbpstbmntenrararbketsnrnstxrpvrrsxtmbaennkv
npetbpstbmntenrararbketsnrnstxrvrrsxtmbaennkv
npetbpstbmntenrararbketsnrnstxspvrrsxtmbaennkv
npetbpstbmntenrararbketsnrnstxsvrrsxtmbaennkv
npetbpstbmntenrararbketsnrnstxtpvrrsxtmbaennkv
npetbpstbmntenrararbketsnrnstxtvrrsxtmbaennkv
npetbpstbmntenrararbketsnrnstxvpvrrsxtmbaennkv
npetbpstbmntenrararbketsnrnstxvrrsxtmbaennkv
npetbpstbmntenrararbketsnrnstxvvrrsxtmbaennkv
npetbpstbmntenrararbketsnrnstxxpvrrsxtmbaennkv
npetbpstbmntenrararbketsnrnstxxvrrsxtmbaennkv
npetbpstbmntenrararbketsnrnsvtxpvrrsxtmbaennkv
npetbpstbmntenrararbketsnrnsvxpvrrsxtmbaennkv
npetbpstbmntenrararbketsnrnsxpvrrsxtmbaennkv
npetbpstbmntenrararbketsnrnsxtxpvrrsxtmbaennkv
npetbpstbmntenrararbketsnrnsxxpvrrsxtmbaennkv
npetbpstbmntenrararbketsnrntstxpvrrsxtmbaennkv
npetbpstbmntenrararbketsnrnttxpvrrsxtmbaennkv
npetbpstbmntenrararbketsnrntxpvrrsxtmbaennkv
npetbpstbmntenrararbketsnrnvstxpvrrsxtmbaennkv
npetbpstbmntenrararbketsnrnvtxpvrrsxtmbaennkv
npetbpstbmntenrararbketsnrnxstxpvrrsxtmbaennkv
npetbpstbmntenrararbketsnrnxtxpvrrsxtmbaennkv
npetbpstbmntenrararbketsnrpnstxpvrrsxtmbaennkv
npetbpstbmntenrararbketsnrpstxpvrrsxtmbaennkv
npetbpstbmntenrararbketsnrrnstxpvrrsxtmbaennkv
npetbpstbmntenrararbketsnrrstxpvrrsxtmbaennkv
npetbpstbmntenrararbketsnrsnstxpvrrsxtmbaennkv
npetbpstbmntenrararbketsnrsstxpvrrsxtmbaennkv
npetbpstbmntenrararbketsnrstxpvrrsxtmbaennkv
npetbpstbmntenrararbketsnrtnstxpvrrsxtmbaennkv
npetbpstbmntenrararbketsnrtstxpvrrsxtmbaennkv
npetbpstbmntenrararbketsnrvnstxpvrrsxtmbaennkv
npetbpstbmntenrararbketsnrvstxpvrrsxtmbaennkv
npetbpstbmntenrararbketsnrxnstxpvrrsxtmbaennkv
npetbpstbmntenrararbketsnrxstxpvrrsxtmbaennkv
npetbpstbmntenrararbketsnsnstxpvrrsxtmbaennkv
npetbpstbmntenrararbketsnsrnstxpvrrsxtmbaennkv
npetbpstbmntenrararbketsntnstxpvrrsxtmbaennkv
npetbpstbmntenrararbketsntrnstxpvrrsxtmbaennkv
npetbpstbmntenrararbketsnvnstxpvrrsxtmbaennkv
npetbpstbmntenrararbketsnvrnstxpvrrsxtmbaennkv
npetbpstbmntenrararbketsnxnstxpvrrsxtmbaennkv
npetbpstbmntenrararbketsnxrnstxpvrrsxtmbaennkv
npetbpstbmntenrararbketspnrnstxpvrrsxtmbaennkv
npetbpstbmntenrararbketsprnstxpvrrsxtmbaennkv
npetbpstbmntenrararbketsrnrnstxpvrrsxtmbaennkv
npetbpstbmntenrararbketsrnstxpvrrsxtmbaennkv
npetbpstbmntenrararbketsrrnstxpvrrsxtmbaennkv
npetbpstbmntenrararbketssnrnstxpvrrsxtmbaennkv
npetbpstbmntenrararbketssrnstxpvrrsxtmbaennkv
npetbpstbmntenrararbketstnrnstxpvrrsxtmbaennkv
npetbpstbmntenrararbketstrnstxpvrrsxtmbaennkv
npetbpstbmntenrararbketsvnrnstxpvrrsxtmbaennkv
npetbpstbmntenrararbketsvrnstxpvrrsxtmbaennkv
npetbpstbmntenrararbketsxnrnstxpvrrsxtmbaennkv
npetbpstbmntenrararbketsxrnstxpvrrsxtmbaennkv
npetbpstbmntenrararbkettnrnstxpvrrsxtmbaennkv
npetbpstbmntenrararbkettsnrnstxpvrrsxtmbaennkv
npetbpstbmntenrararbketvnrnstxpvrrsxtmbaennkv
npetbpstbmntenrararbketvsnrnstxpvrrsxtmbaennkv
npetbpstbmntenrararbketxnrnstxpvrrsxtmbaennkv
npetbpstbmntenrararbketxsnrnstxpvrrsxtmbaennkv
npetbpstbmntenrararbkevsnrnstxpvrrsxtmbaennkv
npetbpstbmntenrararbkevtsnrnstxpvrrsxtmbaennkv
npetbpstbmntenrararbkexsnrnstxpvrrsxtmbaennkv
npetbpstbmntenrararbkextsnrnstxpvrrsxtmbaennkv
npetbpstbmntenrararbkketsnrnstxpvrrsxtmbaennkv
npetbpstbmntenrararbkktsnrnstxpvrrsxtmbaennkv
npetbpstbmntenrararbkmetsnrnstxpvrrsxtmbaennkv
npetbpstbmntenrararbkmtsnrnstxpvrrsxtmbaennkv
npetbpstbmntenrararbknetsnrnstxpvrrsxtmbaennkv
npetbpstbmntenrararbkntsnrnstxpvrrsxtmbaennkv
npetbpstbmntenrararbkpetsnrnstxpvrrsxtmbaennkv
npetbpstbmntenrararbkptsnrnstxpvrrsxtmbaennkv
npetbpstbmntenrararbkretsnrnstxpvrrsxtmbaennkv
npetbpstbmntenrararbkrtsnrnstxpvrrsxtmbaennkv
npetbpstbmntenrararbksetsnrnstxpvrrsxtmbaennkv
npetbpstbmntenrararbkstsnrnstxpvrrsxtmbaennkv
npetbpstbmntenrararbktetsnrnstxpvrrsxtmbaennkv
npetbpstbmntenrararbktsnrnstxpvrrsxtmbaennkv
npetbpstbmntenrararbkttsnrnstxpvrrsxtmbaennkv
npetbpstbmntenrararbkvetsnrnstxpvrrsxtmbaennkv
npetbpstbmntenrararbkvtsnrnstxpvrrsxtmbaennkv
npetbpstbmntenrararbkxetsnrnstxpvrrsxtmbaennkv
npetbpstbmntenrararbkxtsnrnstxpvrrsxtmbaennkv
npetbpstbmntenrararbmetsnrnstxpvrrsxtmbaennkv
npetbpstbmntenrararbmketsnrnstxpvrrsxtmbaennkv
npetbpstbmntenrararbnetsnrnstxpvrrsxtmbaennkv
npetbpstbmntenrararbnketsnrnstxpvrrsxtmbaennkv
npetbpstbmntenrararbpetsnrnstxpvrrsxtmbaennkv
npetbpstbmntenrararbpketsnrnstxpvrrsxtmbaennkv
npetbpstbmntenrararbretsnrnstxpvrrsxtmbaennkv
npetbpstbmntenrararbrketsnrnstxpvrrsxtmbaennkv
npetbpstbmntenrararbsetsnrnstxpvrrsxtmbaennkv
npetbpstbmntenrararbsketsnrnstxpvrrsxtmbaennkv
npetbpstbmntenrararbtetsnrnstxpvrrsxtmbaennkv
npetbpstbmntenrararbtketsnrnstxpvrrsxtmbaennkv
npetbpstbmntenrararbvetsnrnstxpvrrsxtmbaennkv
npetbpstbmntenrararbvketsnrnstxpvrrsxtmbaennkv
npetbpstbmntenrararbxetsnrnstxpvrrsxtmbaennkv
npetbpstbmntenrararbxketsnrnstxpvrrsxtmbaennkv
npetbpstbmntenrararebketsnrnstxpvrrsxtmbaennkv
npetbpstbmntenrarareketsnrnstxpvrrsxtmbaennkv
npetbpstbmntenrararkbketsnrnstxpvrrsxtmbaennkv
npetbpstbmntenrararketsnrnstxpvrrsxtmbaennkv
npetbpstbmntenrararkketsnrnstxpvrrsxtmbaennkv
npetbpstbmntenrararmbketsnrnstxpvrrsxtmbaennkv
npetbpstbmntenrararmketsnrnstxpvrrsxtmbaennkv
npetbpstbmntenrararnbketsnrnstxpvrrsxtmbaennkv
npetbpstbmntenrararnketsnrnstxpvrrsxtmbaennkv
npetbpstbmntenrararpbketsnrnstxpvrrsxtmbaennkv
npetbpstbmntenrararpketsnrnstxpvrrsxtmbaennkv
npetbpstbmntenrararrbketsnrnstxpvrrsxtmbaennkv
npetbpstbmntenrararrketsnrnstxpvrrsxtmbaennkv
npetbpstbmntenrararsbketsnrnstxpvrrsxtmbaennkv
npetbpstbmntenrararsketsnrnstxpvrrsxtmbaennkv
npetbpstbmntenrarartbketsnrnstxpvrrsxtmbaennkv
npetbpstbmntenrarartketsnrnstxpvrrsxtmbaennkv
npetbpstbmntenrararvbketsnrnstxpvrrsxtmbaennkv
npetbpstbmntenrararvketsnrnstxpvrrsxtmbaennkv
npetbpstbmntenrararxbketsnrnstxpvrrsxtmbaennkv
npetbpstbmntenrararxketsnrnstxpvrrsxtmbaennkv
npetbpstbmntenrarasbketsnrnstxpvrrsxtmbaennkv
npetbpstbmntenrarasrbketsnrnstxpvrrsxtmbaennkv
npetbpstbmntenraratbketsnrnstxpvrrsxtmbaennkv
npetbpstbmntenraratrbketsnrnstxpvrrsxtmbaennkv
npetbpstbmntenraravbketsnrnstxpvrrsxtmbaennkv
npetbpstbmntenraravrbketsnrnstxpvrrsxtmbaennkv
npetbpstbmntenraraxbketsnrnstxpvrrsxtmbaennkv
npetbpstbmntenraraxrbketsnrnstxpvrrsxtmbaennkv
npetbpstbmntenrarbarbketsnrnstxpvrrsxtmbaennkv
npetbpstbmntenrarbrbketsnrnstxpvrrsxtmbaennkv
npetbpstbmntenrarearbketsnrnstxpvrrsxtmbaennkv
npetbpstbmntenrarerbketsnrnstxpvrrsxtmbaennkv
npetbpstbmntenrarkarbketsnrnstxpvrrsxtmbaennkv
npetbpstbmntenrarkrbketsnrnstxpvrrsxtmbaennkv
npetbpstbmntenrarmarbketsnrnstxpvrrsxtmbaennkv
npetbpstbmntenrarmrbketsnrnstxpvrrsxtmbaennkv
npetbpstbmntenrarnarbketsnrnstxpvrrsxtmbaennkv
npetbpstbmntenrarnrbketsnrnstxpvrrsxtmbaennkv
npetbpstbmntenrarparbketsnrnstxpvrrsxtmbaennkv
npetbpstbmntenrarprbketsnrnstxpvrrsxtmbaennkv
npetbpstbmntenrarrarbketsnrnstxpvrrsxtmbaennkv
npetbpstbmntenrarrbketsnrnstxpvrrsxtmbaennkv
npetbpstbmntenrarrrbketsnrnstxpvrrsxtmbaennkv
npetbpstbmntenrarsarbketsnrnstxpvrrsxtmbaennkv
npetbpstbmntenrarsrbketsnrnstxpvrrsxtmbaennkv
npetbpstbmntenrartarbketsnrnstxpvrrsxtmbaennkv
npetbpstbmntenrartrbketsnrnstxpvrrsxtmbaennkv
npetbpstbmntenrarvarbketsnrnstxpvrrsxtmbaennkv
npetbpstbmntenrarvrbketsnrnstxpvrrsxtmbaennkv
npetbpstbmntenrarxarbketsnrnstxpvrrsxtmbaennkv
npetbpstbmntenrarxrbketsnrnstxpvrrsxtmbaennkv
npetbpstbmntenrasarbketsnrnstxpvrrsxtmbaennkv
npetbpstbmntenrasrarbketsnrnstxpvrrsxtmbaennkv
npetbpstbmntenratarbketsnrnstxpvrrsxtmbaennkv
npetbpstbmntenratrarbketsnrnstxpvrrsxtmbaennkv
npetbpstbmntenravarbketsnrnstxpvrrsxtmbaennkv
npetbpstbmntenravrarbketsnrnstxpvrrsxtmbaennkv
npetbpstbmntenraxarbketsnrnstxpvrrsxtmbaennkv
npetbpstbmntenraxrarbketsnrnstxpvrrsxtmbaennkv
npetbpstbmntenrbararbketsnrnstxpvrrsxtmbaennkv
npetbpstbmntenrbrarbketsnrnstxpvrrsxtmbaennkv
npetbpstbmntenreararbketsnrnstxpvrrsxtmbaennkv
npetbpstbmntenrerarbketsnrnstxpvrrsxtmbaennkv
npetbpstbmntenrkararbketsnrnstxpvrrsxtmbaennkv
npetbpstbmntenrkrarbketsnrnstxpvrrsxtmbaennkv
npetbpstbmntenrmararbketsnrnstxpvrrsxtmbaennkv
npetbpstbmntenrmrarbketsnrnstxpvrrsxtmbaennkv
npetbpstbmntenrnararbketsnrnstxpvrrsxtmbaennkv
npetbpstbmntenrnrarbketsnrnstxpvrrsxtmbaennkv
npetbpstbmntenrpararbketsnrnstxpvrrsxtmbaennkv
npetbpstbmntenrprarbketsnrnstxpvrrsxtmbaennkv
npetbpstbmntenrrararbketsnrnstxpvrrsxtmbaennkv
npetbpstbmntenrrarbketsnrnstxpvrrsxtmbaennkv
npetbpstbmntenrrrarbketsnrnstxpvrrsxtmbaennkv
npetbpstbmntenrsararbketsnrnstxpvrrsxtmbaennkv
npetbpstbmntenrsrarbketsnrnstxpvrrsxtmbaennkv
npetbpstbmntenrtararbketsnrnstxpvrrsxtmbaennkv
npetbpstbmntenrtrarbketsnrnstxpvrrsxtmbaennkv
npetbpstbmntenrvararbketsnrnstxpvrrsxtmbaennkv
npetbpstbmntenrvrarbketsnrnstxpvrrsxtmbaennkv
npetbpstbmntenrxararbketsnrnstxpvrrsxtmbaennkv
npetbpstbmntenrxrarbketsnrnstxpvrrsxtmbaennkv
npetbpstbmntensararbketsnrnstxpvrrsxtmbaennkv
npetbpstbmntensrararbketsnrnstxpvrrsxtmbaennkv
npetbpstbmntentararbketsnrnstxpvrrsxtmbaennkv
npetbpstbmntentrararbketsnrnstxpvrrsxtmbaennkv
npetbpstbmntenvararbketsnrnstxpvrrsxtmbaennkv
npetbpstbmntenvrararbketsnrnstxpvrrsxtmbaennkv
npetbpstbmntenxararbketsnrnstxpvrrsxtmbaennkv
npetbpstbmntenxrararbketsnrnstxpvrrsxtmbaennkv
npetbpstbmntepnrararbketsnrnstxpvrrsxtmbaennkv
npetbpstbmnteprararbketsnrnstxpvrrsxtmbaennkv
npetbpstbmnterararbketsnrnstxpvrrsxtmbaennkv
npetbpstbmnternrararbketsnrnstxpvrrsxtmbaennkv
npetbpstbmnterrararbketsnrnstxpvrrsxtmbaennkv
npetbpstbmntesnrararbketsnrnstxpvrrsxtmbaennkv
npetbpstbmntesrararbketsnrnstxpvrrsxtmbaennkv
npetbpstbmntetnrararbketsnrnstxpvrrsxtmbaennkv
npetbpstbmntetrararbketsnrnstxpvrrsxtmbaennkv
npetbpstbmntevnrararbketsnrnstxpvrrsxtmbaennkv
npetbpstbmntevrararbketsnrnstxpvrrsxtmbaennkv
npetbpstbmntexnrararbketsnrnstxpvrrsxtmbaennkv
npetbpstbmntexrararbketsnrnstxpvrrsxtmbaennkv
npetbpstbmntkenrararbketsnrnstxpvrrsxtmbaennkv
npetbpstbmntknrararbketsnrnstxpvrrsxtmbaennkv
npetbpstbmntmenrararbketsnrnstxpvrrsxtmbaennkv
npetbpstbmntmnrararbketsnrnstxpvrrsxtmbaennkv
npetbpstbmntnenrararbketsnrnstxpvrrsxtmbaennkv
npetbpstbmntnnrararbketsnrnstxpvrrsxtmbaennkv
npetbpstbmntnrararbketsnrnstxpvrrsxtmbaennkv
npetbpstbmntpenrararbketsnrnstxpvrrsxtmbaennkv
npetbpstbmntpnrararbketsnrnstxpvrrsxtmbaennkv
npetbpstbmntrenrararbketsnrnstxpvrrsxtmbaennkv
npetbpstbmntrnrararbketsnrnstxpvrrsxtmbaennkv
npetbpstbmntsenrararbketsnrnstxpvrrsxtmbaennkv
npetbpstbmntsnrararbketsnrnstxpvrrsxtmbaennkv
npetbpstbmnttenrararbketsnrnstxpvrrsxtmbaennkv
npetbpstbmnttnrararbketsnrnstxpvrrsxtmbaennkv
npetbpstbmntvenrararbketsnrnstxpvrrsxtmbaennkv
npetbpstbmntvnrararbketsnrnstxpvrrsxtmbaennkv
npetbpstbmntxenrararbketsnrnstxpvrrsxtmbaennkv
npetbpstbmntxnrararbketsnrnstxpvrrsxtmbaennkv
npetbpstbmnvenrararbketsnrnstxpvrrsxtmbaennkv
npetbpstbmnvtenrararbketsnrnstxpvrrsxtmbaennkv
npetbpstbmnxenrararbketsnrnstxpvrrsxtmbaennkv
npetbpstbmnxtenrararbketsnrnstxpvrrsxtmbaennkv
npetbpstbmpntenrararbketsnrnstxpvrrsxtmbaennkv
npetbpstbmptenrararbketsnrnstxpvrrsxtmbaennkv
npetbpstbmrntenrararbketsnrnstxpvrrsxtmbaennkv
npetbpstbmrtenrararbketsnrnstxpvrrsxtmbaennkv
npetbpstbmsntenrararbketsnrnstxpvrrsxtmbaennkv
npetbpstbmstenrararbketsnrnstxpvrrsxtmbaennkv
npetbpstbmtenrararbketsnrnstxpvrrsxtmbaennkv
npetbpstbmtntenrararbketsnrnstxpvrrsxtmbaennkv
npetbpstbmttenrararbketsnrnstxpvrrsxtmbaennkv
npetbpstbmvntenrararbketsnrnstxpvrrsxtmbaennkv
npetbpstbmvtenrararbketsnrnstxpvrrsxtmbaennkv
npetbpstbmxntenrararbketsnrnstxpvrrsxtmbaennkv
npetbpstbmxtenrararbketsnrnstxpvrrsxtmbaennkv
npetbpstbnmntenrararbketsnrnstxpvrrsxtmbaennkv
npetbpstbnntenrararbketsnrnstxpvrrsxtmbaennkv
npetbpstbntenrararbketsnrnstxpvrrsxtmbaennkv
npetbpstbpmntenrararbketsnrnstxpvrrsxtmbaennkv
npetbpstbpntenrararbketsnrnstxpvrrsxtmbaennkv
npetbpstbrmntenrararbketsnrnstxpvrrsxtmbaennkv
npetbpstbrntenrararbketsnrnstxpvrrsxtmbaennkv
npetbpstbsmntenrararbketsnrnstxpvrrsxtmbaennkv
npetbpstbsntenrararbketsnrnstxpvrrsxtmbaennkv
npetbpstbtmntenrararbketsnrnstxpvrrsxtmbaennkv
npetbpstbtntenrararbketsnrnstxpvrrsxtmbaennkv
npetbpstbvmntenrararbketsnrnstxpvrrsxtmbaennkv
npetbpstbvntenrararbketsnrnstxpvrrsxtmbaennkv
npetbpstbxmntenrararbketsnrnstxpvrrsxtmbaennkv
npetbpstbxntenrararbketsnrnstxpvrrsxtmbaennkv
npetbpstebmntenrararbketsnrnstxpvrrsxtmbaennkv
npetbpstemntenrararbketsnrnstxpvrrsxtmbaennkv
npetbpstkbmntenrararbketsnrnstxpvrrsxtmbaennkv
npetbpstkmntenrararbketsnrnstxpvrrsxtmbaennkv
npetbpstmbmntenrararbketsnrnstxpvrrsxtmbaennkv
npetbpstmmntenrararbketsnrnstxpvrrsxtmbaennkv
npetbpstmntenrararbketsnrnstxpvrrsxtmbaennkv
npetbpstnbmntenrararbketsnrnstxpvrrsxtmbaennkv
npetbpstnmntenrararbketsnrnstxpvrrsxtmbaennkv
npetbpstpbmntenrararbketsnrnstxpvrrsxtmbaennkv
npetbpstpmntenrararbketsnrnstxpvrrsxtmbaennkv
npetbpstrbmntenrararbketsnrnstxpvrrsxtmbaennkv
npetbpstrmntenrararbketsnrnstxpvrrsxtmbaennkv
npetbpstsbmntenrararbketsnrnstxpvrrsxtmbaennkv
npetbpstsmntenrararbketsnrnstxpvrrsxtmbaennkv
npetbpsttbmntenrararbketsnrnstxpvrrsxtmbaennkv
npetbpsttmntenrararbketsnrnstxpvrrsxtmbaennkv
npetbpstvbmntenrararbketsnrnstxpvrrsxtmbaennkv
npetbpstvmntenrararbketsnrnstxpvrrsxtmbaennkv
npetbpstxbmntenrararbketsnrnstxpvrrsxtmbaennkv
npetbpstxmntenrararbketsnrnstxpvrrsxtmbaennkv
npetbpsvbmntenrararbketsnrnstxpvrrsxtmbaennkv
npetbpsvtbmntenrararbketsnrnstxpvrrsxtmbaennkv
npetbpsxbmntenrararbketsnrnstxpvrrsxtmbaennkv
npetbpsxtbmntenrararbketsnrnstxpvrrsxtmbaennkv
npetbptbmntenrararbketsnrnstxpvrrsxtmbaennkv
npetbptstbmntenrararbketsnrnstxpvrrsxtmbaennkv
npetbpttbmntenrararbketsnrnstxpvrrsxtmbaennkv
npetbpvstbmntenrararbketsnrnstxpvrrsxtmbaennkv
npetbpvtbmntenrararbketsnrnstxpvrrsxtmbaennkv
npetbpxstbmntenrararbketsnrnstxpvrrsxtmbaennkv
npetbpxtbmntenrararbketsnrnstxpvrrsxtmbaennkv
npetbrpstbmntenrararbketsnrnstxpvrrsxtmbaennkv
npetbrstbmntenrararbketsnrnstxpvrrsxtmbaennkv
npetbspstbmntenrararbketsnrnstxpvrrsxtmbaennkv
npetbsstbmntenrararbketsnrnstxpvrrsxtmbaennkv
npetbstbmntenrararbketsnrnstxpvrrsxtmbaennkv
npetbtpstbmntenrararbketsnrnstxpvrrsxtmbaennkv
npetbtstbmntenrararbketsnrnstxpvrrsxtmbaennkv
npetbvpstbmntenrararbketsnrnstxpvrrsxtmbaennkv
npetbvstbmntenrararbketsnrnstxpvrrsxtmbaennkv
npetbxpstbmntenrararbketsnrnstxpvrrsxtmbaennkv
npetbxstbmntenrararbketsnrnstxpvrrsxtmbaennkv
npetebpstbmntenrararbketsnrnstxpvrrsxtmbaennkv
npetepstbmntenrararbketsnrnstxpvrrsxtmbaennkv
npetkbpstbmntenrararbketsnrnstxpvrrsxtmbaennkv
npetkpstbmntenrararbketsnrnstxpvrrsxtmbaennkv
npetmbpstbmntenrararbketsnrnstxpvrrsxtmbaennkv
npetmpstbmntenrararbketsnrnstxpvrrsxtmbaennkv
npetnbpstbmntenrararbketsnrnstxpvrrsxtmbaennkv
npetnpstbmntenrararbketsnrnstxpvrrsxtmbaennkv
npetpbpstbmntenrararbketsnrnstxpvrrsxtmbaennkv
npetppstbmntenrararbketsnrnstxpvrrsxtmbaennkv
npetpstbmntenrararbketsnrnstxpvrrsxtmbaennkv
npetrbpstbmntenrararbketsnrnstxpvrrsxtmbaennkv
npetrpstbmntenrararbketsnrnstxpvrrsxtmbaennkv
npetsbpstbmntenrararbketsnrnstxpvrrsxtmbaennkv
npetspstbmntenrararbketsnrnstxpvrrsxtmbaennkv
npettbpstbmntenrararbketsnrnstxpvrrsxtmbaennkv
npettpstbmntenrararbketsnrnstxpvrrsxtmbaennkv
npetvbpstbmntenrararbketsnrnstxpvrrsxtmbaennkv
npetvpstbmntenrararbketsnrnstxpvrrsxtmbaennkv
npetxbpstbmntenrararbketsnrnstxpvrrsxtmbaennkv
npetxpstbmntenrararbketsnrnstxpvrrsxtmbaennkv
npevbpstbmntenrararbketsnrnstxpvrrsxtmbaennkv
npevtbpstbmntenrararbketsnrnstxpvrrsxtmbaennkv
npexbpstbmntenrararbketsnrnstxpvrrsxtmbaennkv
npextbpstbmntenrararbketsnrnstxpvrrsxtmbaennkv
npketbpstbmntenrararbketsnrnstxpvrrsxtmbaennkv
npktbpstbmntenrararbketsnrnstxpvrrsxtmbaennkv
npmetbpstbmntenrararbketsnrnstxpvrrsxtmbaennkv
npmtbpstbmntenrararbketsnrnstxpvrrsxtmbaennkv
npnetbpstbmntenrararbketsnrnstxpvrrsxtmbaennkv
npntbpstbmntenrararbketsnrnstxpvrrsxtmbaennkv
nppetbpstbmntenrararbketsnrnstxpvrrsxtmbaennkv
npptbpstbmntenrararbketsnrnstxpvrrsxtmbaennkv
npretbpstbmntenrararbketsnrnstxpvrrsxtmbaennkv
nprtbpstbmntenrararbketsnrnstxpvrrsxtmbaennkv
npsetbpstbmntenrararbketsnrnstxpvrrsxtmbaennkv
npstbpstbmntenrararbketsnrnstxpvrrsxtmbaennkv
nptbpstbmntenrararbketsnrnstxpvrrsxtmbaennkv
nptetbpstbmntenrararbketsnrnstxpvrrsxtmbaennkv
npttbpstbmntenrararbketsnrnstxpvrrsxtmbaennkv
npvetbpstbmntenrararbketsnrnstxpvrrsxtmbaennkv
npvtbpstbmntenrararbketsnrnstxpvrrsxtmbaennkv
npxetbpstbmntenrararbketsnrnstxpvrrsxtmbaennkv
npxtbpstbmntenrararbketsnrnstxpvrrsxtmbaennkv
nretbpstbmntenrararbketsnrnstxpvrrsxtmbaennkv
nrpetbpstbmntenrararbketsnrnstxpvrrsxtmbaennkv
nsetbpstbmntenrararbketsnrnstxpvrrsxtmbaennkv
nspetbpstbmntenrararbketsnrnstxpvrrsxtmbaennkv
ntetbpstbmntenrararbketsnrnstxpvrrsxtmbaennkv
ntpetbpstbmntenrararbketsnrnstxpvrrsxtmbaennkv
nvetbpstbmntenrararbketsnrnstxpvrrsxtmbaennkv
nvpetbpstbmntenrararbketsnrnstxpvrrsxtmbaennkv
nxetbpstbmntenrararbketsnrnstxpvrrsxtmbaennkv
nxpetbpstbmntenrararbketsnrnstxpvrrsxtmbaennkv
petbpstbmntenrararbketsnrnstxpvrrsxtmbaennkv
pnpetbpstbmntenrararbketsnrnstxpvrrsxtmbaennkv
ppetbpstbmntenrararbketsnrnstxpvrrsxtmbaennkv
rnpetbpstbmntenrararbketsnrnstxpvrrsxtmbaennkv
rpetbpstbmntenrararbketsnrnstxpvrrsxtmbaennkv
snpetbpstbmntenrararbketsnrnstxpvrrsxtmbaennkv
spetbpstbmntenrararbketsnrnstxpvrrsxtmbaennkv
tnpetbpstbmntenrararbketsnrnstxpvrrsxtmbaennkv
tpetbpstbmntenrararbketsnrnstxpvrrsxtmbaennkv
vnpetbpstbmntenrararbketsnrnstxpvrrsxtmbaennkv
vpetbpstbmntenrararbketsnrnstxpvrrsxtmbaennkv
xnpetbpstbmntenrararbketsnrnstxpvrrsxtmbaennkv
xpetbpstbmntenrararbketsnrnstxpvrrsxtmbaennkv
