aassysyrsshharyyoohhsyoarsyohyohyryhsyayrahohssrooshhsyhhoooyyyhyaororors
assysyrsshharyyoohhsyoarsyohyohyryhsyayrahohssrooshhsyhhoooyyyhyaororors
ayassysyrsshharyyoohhsyoarsyohyohyryhsyayrahohssrooshhsyhhoooyyyhyaororors
hassysyrsshharyyoohhsyoarsyohyohyryhsyayrahohssrooshhsyhhoooyyyhyaororors
hyassysyrsshharyyoohhsyoarsyohyohyryhsyayrahohssrooshhsyhhoooyyyhyaororors
oassysyrsshharyyoohhsyoarsyohyohyryhsyayrahohssrooshhsyhhoooyyyhyaororors
oyassysyrsshharyyoohhsyoarsyohyohyryhsyayrahohssrooshhsyhhoooyyyhyaororors
rassysyrsshharyyoohhsyoarsyohyohyryhsyayrahohssrooshhsyhhoooyyyhyaororors
ryassysyrsshharyyoohhsyoarsyohyohyryhsyayrahohssrooshhsyhhoooyyyhyaororors
sassysyrsshharyyoohhsyoarsyohyohyryhsyayrahohssrooshhsyhhoooyyyhyaororors
syassysyrsshharyyoohhsyoarsyohyohyryhsyayrahohssrooshhsyhhoooyyyhyaororors
yaassysyrsshharyyoohhsyoarsyohyohyryhsyayrahohssrooshhsyhhoooyyyhyaororors
yaasysyrsshharyyoohhsyoarsyohyohyryhsyayrahohssrooshhsyhhoooyyyhyaororors
yahssysyrsshharyyoohhsyoarsyohyohyryhsyayrahohssrooshhsyhhoooyyyhyaororors
yahsysyrsshharyyoohhsyoarsyohyohyryhsyayrahohssrooshhsyhhoooyyyhyaororors
yaossysyrsshharyyoohhsyoarsyohyohyryhsyayrahohssrooshhsyhhoooyyyhyaororors
yaosysyrsshharyyoohhsyoarsyohyohyryhsyayrahohssrooshhsyhhoooyyyhyaororors
yarssysyrsshharyyoohhsyoarsyohyohyryhsyayrahohssrooshhsyhhoooyyyhyaororors
yarsysyrsshharyyoohhsyoarsyohyohyryhsyayrahohssrooshhsyhhoooyyyhyaororors
yasasysyrsshharyyoohhsyoarsyohyohyryhsyayrahohssrooshhsyhhoooyyyhyaororors
yasaysyrsshharyyoohhsyoarsyohyohyryhsyayrahohssrooshhsyhhoooyyyhyaororors
yashsysyrsshharyyoohhsyoarsyohyohyryhsyayrahohssrooshhsyhhoooyyyhyaororors
yashysyrsshharyyoohhsyoarsyohyohyryhsyayrahohssrooshhsyhhoooyyyhyaororors
yasosysyrsshharyyoohhsyoarsyohyohyryhsyayrahohssrooshhsyhhoooyyyhyaororors
yasoysyrsshharyyoohhsyoarsyohyohyryhsyayrahohssrooshhsyhhoooyyyhyaororors
yasrsysyrsshharyyoohhsyoarsyohyohyryhsyayrahohssrooshhsyhhoooyyyhyaororors
yasrysyrsshharyyoohhsyoarsyohyohyryhsyayrahohssrooshhsyhhoooyyyhyaororors
yassasyrsshharyyoohhsyoarsyohyohyryhsyayrahohssrooshhsyhhoooyyyhyaororors
yassaysyrsshharyyoohhsyoarsyohyohyryhsyayrahohssrooshhsyhhoooyyyhyaororors
yasshsyrsshharyyoohhsyoarsyohyohyryhsyayrahohssrooshhsyhhoooyyyhyaororors
yasshysyrsshharyyoohhsyoarsyohyohyryhsyayrahohssrooshhsyhhoooyyyhyaororors
yassosyrsshharyyoohhsyoarsyohyohyryhsyayrahohssrooshhsyhhoooyyyhyaororors
yassoysyrsshharyyoohhsyoarsyohyohyryhsyayrahohssrooshhsyhhoooyyyhyaororors
yassrsyrsshharyyoohhsyoarsyohyohyryhsyayrahohssrooshhsyhhoooyyyhyaororors
yassrysyrsshharyyoohhsyoarsyohyohyryhsyayrahohssrooshhsyhhoooyyyhyaororors
yassssyrsshharyyoohhsyoarsyohyohyryhsyayrahohssrooshhsyhhoooyyyhyaororors
yasssyrsshharyyoohhsyoarsyohyohyryhsyayrahohssrooshhsyhhoooyyyhyaororors
yasssysyrsshharyyoohhsyoarsyohyohyryhsyayrahohssrooshhsyhhoooyyyhyaororors
yassyasyrsshharyyoohhsyoarsyohyohyryhsyayrahohssrooshhsyhhoooyyyhyaororors
yassyayrsshharyyoohhsyoarsyohyohyryhsyayrahohssrooshhsyhhoooyyyhyaororors
yassyhsyrsshharyyoohhsyoarsyohyohyryhsyayrahohssrooshhsyhhoooyyyhyaororors
yassyhyrsshharyyoohhsyoarsyohyohyryhsyayrahohssrooshhsyhhoooyyyhyaororors
yassyosyrsshharyyoohhsyoarsyohyohyryhsyayrahohssrooshhsyhhoooyyyhyaororors
yassyoyrsshharyyoohhsyoarsyohyohyryhsyayrahohssrooshhsyhhoooyyyhyaororors
yassyrsyrsshharyyoohhsyoarsyohyohyryhsyayrahohssrooshhsyhhoooyyyhyaororors
yassyryrsshharyyoohhsyoarsyohyohyryhsyayrahohssrooshhsyhhoooyyyhyaororors
yassysarsshharyyoohhsyoarsyohyohyryhsyayrahohssrooshhsyhhoooyyyhyaororors
yassysayrsshharyyoohhsyoarsyohyohyryhsyayrahohssrooshhsyhhoooyyyhyaororors
yassyshrsshharyyoohhsyoarsyohyohyryhsyayrahohssrooshhsyhhoooyyyhyaororors
yassyshyrsshharyyoohhsyoarsyohyohyryhsyayrahohssrooshhsyhhoooyyyhyaororors
yassysorsshharyyoohhsyoarsyohyohyryhsyayrahohssrooshhsyhhoooyyyhyaororors
yassysoyrsshharyyoohhsyoarsyohyohyryhsyayrahohssrooshhsyhhoooyyyhyaororors
yassysrrsshharyyoohhsyoarsyohyohyryhsyayrahohssrooshhsyhhoooyyyhyaororors
yassysrsshharyyoohhsyoarsyohyohyryhsyayrahohssrooshhsyhhoooyyyhyaororors
yassysryrsshharyyoohhsyoarsyohyohyryhsyayrahohssrooshhsyhhoooyyyhyaororors
yassyssrsshharyyoohhsyoarsyohyohyryhsyayrahohssrooshhsyhhoooyyyhyaororors
yassyssyrsshharyyoohhsyoarsyohyohyryhsyayrahohssrooshhsyhhoooyyyhyaororors
yassysyarsshharyyoohhsyoarsyohyohyryhsyayrahohssrooshhsyhhoooyyyhyaororors
yassysyasshharyyoohhsyoarsyohyohyryhsyayrahohssrooshhsyhhoooyyyhyaororors
yassysyhrsshharyyoohhsyoarsyohyohyryhsyayrahohssrooshhsyhhoooyyyhyaororors
yassysyhsshharyyoohhsyoarsyohyohyryhsyayrahohssrooshhsyhhoooyyyhyaororors
yassysyorsshharyyoohhsyoarsyohyohyryhsyayrahohssrooshhsyhhoooyyyhyaororors
yassysyosshharyyoohhsyoarsyohyohyryhsyayrahohssrooshhsyhhoooyyyhyaororors
yassysyrashharyyoohhsyoarsyohyohyryhsyayrahohssrooshhsyhhoooyyyhyaororors
yassysyrasshharyyoohhsyoarsyohyohyryhsyayrahohssrooshhsyhhoooyyyhyaororors
yassysyrhshharyyoohhsyoarsyohyohyryhsyayrahohssrooshhsyhhoooyyyhyaororors
yassysyrhsshharyyoohhsyoarsyohyohyryhsyayrahohssrooshhsyhhoooyyyhyaororors
yassysyroshharyyoohhsyoarsyohyohyryhsyayrahohssrooshhsyhhoooyyyhyaororors
yassysyrosshharyyoohhsyoarsyohyohyryhsyayrahohssrooshhsyhhoooyyyhyaororors
yassysyrrshharyyoohhsyoarsyohyohyryhsyayrahohssrooshhsyhhoooyyyhyaororors
yassysyrrsshharyyoohhsyoarsyohyohyryhsyayrahohssrooshhsyhhoooyyyhyaororors
yassysyrsahharyyoohhsyoarsyohyohyryhsyayrahohssrooshhsyhhoooyyyhyaororors
yassysyrsashharyyoohhsyoarsyohyohyryhsyayrahohssrooshhsyhhoooyyyhyaororors
yassysyrshharyyoohhsyoarsyohyohyryhsyayrahohssrooshhsyhhoooyyyhyaororors
yassysyrshhharyyoohhsyoarsyohyohyryhsyayrahohssrooshhsyhhoooyyyhyaororors
yassysyrshshharyyoohhsyoarsyohyohyryhsyayrahohssrooshhsyhhoooyyyhyaororors
yassysyrsohharyyoohhsyoarsyohyohyryhsyayrahohssrooshhsyhhoooyyyhyaororors
yassysyrsoshharyyoohhsyoarsyohyohyryhsyayrahohssrooshhsyhhoooyyyhyaororors
yassysyrsrhharyyoohhsyoarsyohyohyryhsyayrahohssrooshhsyhhoooyyyhyaororors
yassysyrsrshharyyoohhsyoarsyohyohyryhsyayrahohssrooshhsyhhoooyyyhyaororors
yassysyrssaharyyoohhsyoarsyohyohyryhsyayrahohssrooshhsyhhoooyyyhyaororors
yassysyrssahharyyoohhsyoarsyohyohyryhsyayrahohssrooshhsyhhoooyyyhyaororors
yassysyrsshaaryyoohhsyoarsyohyohyryhsyayrahohssrooshhsyhhoooyyyhyaororors
yassysyrsshaharyyoohhsyoarsyohyohyryhsyayrahohssrooshhsyhhoooyyyhyaororors
yassysyrssharyyoohhsyoarsyohyohyryhsyayrahohssrooshhsyhhoooyyyhyaororors
yassysyrsshhaaryyoohhsyoarsyohyohyryhsyayrahohssrooshhsyhhoooyyyhyaororors
yassysyrsshhaayyoohhsyoarsyohyohyryhsyayrahohssrooshhsyhhoooyyyhyaororors
yassysyrsshhahryyoohhsyoarsyohyohyryhsyayrahohssrooshhsyhhoooyyyhyaororors
yassysyrsshhahyyoohhsyoarsyohyohyryhsyayrahohssrooshhsyhhoooyyyhyaororors
yassysyrsshhaoryyoohhsyoarsyohyohyryhsyayrahohssrooshhsyhhoooyyyhyaororors
yassysyrsshhaoyyoohhsyoarsyohyohyryhsyayrahohssrooshhsyhhoooyyyhyaororors
yassysyrsshharayoohhsyoarsyohyohyryhsyayrahohssrooshhsyhhoooyyyhyaororors
yassysyrsshharayyoohhsyoarsyohyohyryhsyayrahohssrooshhsyhhoooyyyhyaororors
yassysyrsshharhyoohhsyoarsyohyohyryhsyayrahohssrooshhsyhhoooyyyhyaororors
yassysyrsshharhyyoohhsyoarsyohyohyryhsyayrahohssrooshhsyhhoooyyyhyaororors
yassysyrsshharoyoohhsyoarsyohyohyryhsyayrahohssrooshhsyhhoooyyyhyaororors
yassysyrsshharoyyoohhsyoarsyohyohyryhsyayrahohssrooshhsyhhoooyyyhyaororors
yassysyrsshharryoohhsyoarsyohyohyryhsyayrahohssrooshhsyhhoooyyyhyaororors
yassysyrsshharryyoohhsyoarsyohyohyryhsyayrahohssrooshhsyhhoooyyyhyaororors
yassysyrsshharsyoohhsyoarsyohyohyryhsyayrahohssrooshhsyhhoooyyyhyaororors
yassysyrsshharsyyoohhsyoarsyohyohyryhsyayrahohssrooshhsyhhoooyyyhyaororors
yassysyrsshharyaoohhsyoarsyohyohyryhsyayrahohssrooshhsyhhoooyyyhyaororors
yassysyrsshharyayoohhsyoarsyohyohyryhsyayrahohssrooshhsyhhoooyyyhyaororors
yassysyrsshharyhoohhsyoarsyohyohyryhsyayrahohssrooshhsyhhoooyyyhyaororors
yassysyrsshharyhyoohhsyoarsyohyohyryhsyayrahohssrooshhsyhhoooyyyhyaororors
yassysyrsshharyoohhsyoarsyohyohyryhsyayrahohssrooshhsyhhoooyyyhyaororors
yassysyrsshharyooohhsyoarsyohyohyryhsyayrahohssrooshhsyhhoooyyyhyaororors
yassysyrsshharyoyoohhsyoarsyohyohyryhsyayrahohssrooshhsyhhoooyyyhyaororors
yassysyrsshharyroohhsyoarsyohyohyryhsyayrahohssrooshhsyhhoooyyyhyaororors
yassysyrsshharyryoohhsyoarsyohyohyryhsyayrahohssrooshhsyhhoooyyyhyaororors
yassysyrsshharysoohhsyoarsyohyohyryhsyayrahohssrooshhsyhhoooyyyhyaororors
yassysyrsshharysyoohhsyoarsyohyohyryhsyayrahohssrooshhsyhhoooyyyhyaororors
yassysyrsshharyyaohhsyoarsyohyohyryhsyayrahohssrooshhsyhhoooyyyhyaororors
yassysyrsshharyyaoohhsyoarsyohyohyryhsyayrahohssrooshhsyhhoooyyyhyaororors
yassysyrsshharyyhohhsyoarsyohyohyryhsyayrahohssrooshhsyhhoooyyyhyaororors
yassysyrsshharyyhoohhsyoarsyohyohyryhsyayrahohssrooshhsyhhoooyyyhyaororors
yassysyrsshharyyoahhsyoarsyohyohyryhsyayrahohssrooshhsyhhoooyyyhyaororors
yassysyrsshharyyoaohhsyoarsyohyohyryhsyayrahohssrooshhsyhhoooyyyhyaororors
yassysyrsshharyyohhhsyoarsyohyohyryhsyayrahohssrooshhsyhhoooyyyhyaororors
yassysyrsshharyyohhsyoarsyohyohyryhsyayrahohssrooshhsyhhoooyyyhyaororors
yassysyrsshharyyohohhsyoarsyohyohyryhsyayrahohssrooshhsyhhoooyyyhyaororors
yassysyrsshharyyooahhsyoarsyohyohyryhsyayrahohssrooshhsyhhoooyyyhyaororors
yassysyrsshharyyooahsyoarsyohyohyryhsyayrahohssrooshhsyhhoooyyyhyaororors
yassysyrsshharyyoohahsyoarsyohyohyryhsyayrahohssrooshhsyhhoooyyyhyaororors
yassysyrsshharyyoohasyoarsyohyohyryhsyayrahohssrooshhsyhhoooyyyhyaororors
yassysyrsshharyyoohhasyoarsyohyohyryhsyayrahohssrooshhsyhhoooyyyhyaororors
yassysyrsshharyyoohhayoarsyohyohyryhsyayrahohssrooshhsyhhoooyyyhyaororors
yassysyrsshharyyoohhhsyoarsyohyohyryhsyayrahohssrooshhsyhhoooyyyhyaororors
yassysyrsshharyyoohhhyoarsyohyohyryhsyayrahohssrooshhsyhhoooyyyhyaororors
yassysyrsshharyyoohhosyoarsyohyohyryhsyayrahohssrooshhsyhhoooyyyhyaororors
yassysyrsshharyyoohhoyoarsyohyohyryhsyayrahohssrooshhsyhhoooyyyhyaororors
yassysyrsshharyyoohhrsyoarsyohyohyryhsyayrahohssrooshhsyhhoooyyyhyaororors
yassysyrsshharyyoohhryoarsyohyohyryhsyayrahohssrooshhsyhhoooyyyhyaororors
yassysyrsshharyyoohhsaoarsyohyohyryhsyayrahohssrooshhsyhhoooyyyhyaororors
yassysyrsshharyyoohhsayoarsyohyohyryhsyayrahohssrooshhsyhhoooyyyhyaororors
yassysyrsshharyyoohhshoarsyohyohyryhsyayrahohssrooshhsyhhoooyyyhyaororors
yassysyrsshharyyoohhshyoarsyohyohyryhsyayrahohssrooshhsyhhoooyyyhyaororors
yassysyrsshharyyoohhsoarsyohyohyryhsyayrahohssrooshhsyhhoooyyyhyaororors
yassysyrsshharyyoohhsooarsyohyohyryhsyayrahohssrooshhsyhhoooyyyhyaororors
yassysyrsshharyyoohhsoyoarsyohyohyryhsyayrahohssrooshhsyhhoooyyyhyaororors
yassysyrsshharyyoohhsroarsyohyohyryhsyayrahohssrooshhsyhhoooyyyhyaororors
yassysyrsshharyyoohhsryoarsyohyohyryhsyayrahohssrooshhsyhhoooyyyhyaororors
yassysyrsshharyyoohhssoarsyohyohyryhsyayrahohssrooshhsyhhoooyyyhyaororors
yassysyrsshharyyoohhssyoarsyohyohyryhsyayrahohssrooshhsyhhoooyyyhyaororors
yassysyrsshharyyoohhsyaarsyohyohyryhsyayrahohssrooshhsyhhoooyyyhyaororors
yassysyrsshharyyoohhsyaoarsyohyohyryhsyayrahohssrooshhsyhhoooyyyhyaororors
yassysyrsshharyyoohhsyarsyohyohyryhsyayrahohssrooshhsyhhoooyyyhyaororors
yassysyrsshharyyoohhsyharsyohyohyryhsyayrahohssrooshhsyhhoooyyyhyaororors
yassysyrsshharyyoohhsyhoarsyohyohyryhsyayrahohssrooshhsyhhoooyyyhyaororors
yassysyrsshharyyoohhsyoaarsyohyohyryhsyayrahohssrooshhsyhhoooyyyhyaororors
yassysyrsshharyyoohhsyoaasyohyohyryhsyayrahohssrooshhsyhhoooyyyhyaororors
yassysyrsshharyyoohhsyoahrsyohyohyryhsyayrahohssrooshhsyhhoooyyyhyaororors
yassysyrsshharyyoohhsyoahsyohyohyryhsyayrahohssrooshhsyhhoooyyyhyaororors
yassysyrsshharyyoohhsyoaorsyohyohyryhsyayrahohssrooshhsyhhoooyyyhyaororors
yassysyrsshharyyoohhsyoaosyohyohyryhsyayrahohssrooshhsyhhoooyyyhyaororors
yassysyrsshharyyoohhsyoarasyohyohyryhsyayrahohssrooshhsyhhoooyyyhyaororors
yassysyrsshharyyoohhsyoarayohyohyryhsyayrahohssrooshhsyhhoooyyyhyaororors
yassysyrsshharyyoohhsyoarhsyohyohyryhsyayrahohssrooshhsyhhoooyyyhyaororors
yassysyrsshharyyoohhsyoarhyohyohyryhsyayrahohssrooshhsyhhoooyyyhyaororors
yassysyrsshharyyoohhsyoarosyohyohyryhsyayrahohssrooshhsyhhoooyyyhyaororors
yassysyrsshharyyoohhsyoaroyohyohyryhsyayrahohssrooshhsyhhoooyyyhyaororors
yassysyrsshharyyoohhsyoarrsyohyohyryhsyayrahohssrooshhsyhhoooyyyhyaororors
yassysyrsshharyyoohhsyoarryohyohyryhsyayrahohssrooshhsyhhoooyyyhyaororors
yassysyrsshharyyoohhsyoarsaohyohyryhsyayrahohssrooshhsyhhoooyyyhyaororors
yassysyrsshharyyoohhsyoarsayohyohyryhsyayrahohssrooshhsyhhoooyyyhyaororors
yassysyrsshharyyoohhsyoarshohyohyryhsyayrahohssrooshhsyhhoooyyyhyaororors
yassysyrsshharyyoohhsyoarshyohyohyryhsyayrahohssrooshhsyhhoooyyyhyaororors
yassysyrsshharyyoohhsyoarsohyohyryhsyayrahohssrooshhsyhhoooyyyhyaororors
yassysyrsshharyyoohhsyoarsoohyohyryhsyayrahohssrooshhsyhhoooyyyhyaororors
yassysyrsshharyyoohhsyoarsoyohyohyryhsyayrahohssrooshhsyhhoooyyyhyaororors
yassysyrsshharyyoohhsyoarsrohyohyryhsyayrahohssrooshhsyhhoooyyyhyaororors
yassysyrsshharyyoohhsyoarsryohyohyryhsyayrahohssrooshhsyhhoooyyyhyaororors
yassysyrsshharyyoohhsyoarssohyohyryhsyayrahohssrooshhsyhhoooyyyhyaororors
yassysyrsshharyyoohhsyoarssyohyohyryhsyayrahohssrooshhsyhhoooyyyhyaororors
yassysyrsshharyyoohhsyoarsyahyohyryhsyayrahohssrooshhsyhhoooyyyhyaororors
yassysyrsshharyyoohhsyoarsyaohyohyryhsyayrahohssrooshhsyhhoooyyyhyaororors
yassysyrsshharyyoohhsyoarsyhhyohyryhsyayrahohssrooshhsyhhoooyyyhyaororors
yassysyrsshharyyoohhsyoarsyhohyohyryhsyayrahohssrooshhsyhhoooyyyhyaororors
yassysyrsshharyyoohhsyoarsyhyohyryhsyayrahohssrooshhsyhhoooyyyhyaororors
yassysyrsshharyyoohhsyoarsyoahyohyryhsyayrahohssrooshhsyhhoooyyyhyaororors
yassysyrsshharyyoohhsyoarsyoayohyryhsyayrahohssrooshhsyhhoooyyyhyaororors
yassysyrsshharyyoohhsyoarsyohaohyryhsyayrahohssrooshhsyhhoooyyyhyaororors
yassysyrsshharyyoohhsyoarsyohayohyryhsyayrahohssrooshhsyhhoooyyyhyaororors
yassysyrsshharyyoohhsyoarsyohhohyryhsyayrahohssrooshhsyhhoooyyyhyaororors
yassysyrsshharyyoohhsyoarsyohhyohyryhsyayrahohssrooshhsyhhoooyyyhyaororors
yassysyrsshharyyoohhsyoarsyohohyryhsyayrahohssrooshhsyhhoooyyyhyaororors
yassysyrsshharyyoohhsyoarsyohoohyryhsyayrahohssrooshhsyhhoooyyyhyaororors
yassysyrsshharyyoohhsyoarsyohoyohyryhsyayrahohssrooshhsyhhoooyyyhyaororors
yassysyrsshharyyoohhsyoarsyohrohyryhsyayrahohssrooshhsyhhoooyyyhyaororors
yassysyrsshharyyoohhsyoarsyohryohyryhsyayrahohssrooshhsyhhoooyyyhyaororors
yassysyrsshharyyoohhsyoarsyohsohyryhsyayrahohssrooshhsyhhoooyyyhyaororors
yassysyrsshharyyoohhsyoarsyohsyohyryhsyayrahohssrooshhsyhhoooyyyhyaororors
yassysyrsshharyyoohhsyoarsyohyahyryhsyayrahohssrooshhsyhhoooyyyhyaororors
yassysyrsshharyyoohhsyoarsyohyaohyryhsyayrahohssrooshhsyhhoooyyyhyaororors
yassysyrsshharyyoohhsyoarsyohyhhyryhsyayrahohssrooshhsyhhoooyyyhyaororors
yassysyrsshharyyoohhsyoarsyohyhohyryhsyayrahohssrooshhsyhhoooyyyhyaororors
yassysyrsshharyyoohhsyoarsyohyhyryhsyayrahohssrooshhsyhhoooyyyhyaororors
yassysyrsshharyyoohhsyoarsyohyoahyryhsyayrahohssrooshhsyhhoooyyyhyaororors
yassysyrsshharyyoohhsyoarsyohyoayryhsyayrahohssrooshhsyhhoooyyyhyaororors
yassysyrsshharyyoohhsyoarsyohyoharyhsyayrahohssrooshhsyhhoooyyyhyaororors
yassysyrsshharyyoohhsyoarsyohyohayryhsyayrahohssrooshhsyhhoooyyyhyaororors
yassysyrsshharyyoohhsyoarsyohyohhryhsyayrahohssrooshhsyhhoooyyyhyaororors
yassysyrsshharyyoohhsyoarsyohyohhyryhsyayrahohssrooshhsyhhoooyyyhyaororors
yassysyrsshharyyoohhsyoarsyohyohoryhsyayrahohssrooshhsyhhoooyyyhyaororors
yassysyrsshharyyoohhsyoarsyohyohoyryhsyayrahohssrooshhsyhhoooyyyhyaororors
yassysyrsshharyyoohhsyoarsyohyohrryhsyayrahohssrooshhsyhhoooyyyhyaororors
yassysyrsshharyyoohhsyoarsyohyohryhsyayrahohssrooshhsyhhoooyyyhyaororors
yassysyrsshharyyoohhsyoarsyohyohryryhsyayrahohssrooshhsyhhoooyyyhyaororors
yassysyrsshharyyoohhsyoarsyohyohsryhsyayrahohssrooshhsyhhoooyyyhyaororors
yassysyrsshharyyoohhsyoarsyohyohsyryhsyayrahohssrooshhsyhhoooyyyhyaororors
yassysyrsshharyyoohhsyoarsyohyohyaryhsyayrahohssrooshhsyhhoooyyyhyaororors
yassysyrsshharyyoohhsyoarsyohyohyayhsyayrahohssrooshhsyhhoooyyyhyaororors
yassysyrsshharyyoohhsyoarsyohyohyhryhsyayrahohssrooshhsyhhoooyyyhyaororors
yassysyrsshharyyoohhsyoarsyohyohyhyhsyayrahohssrooshhsyhhoooyyyhyaororors
yassysyrsshharyyoohhsyoarsyohyohyoryhsyayrahohssrooshhsyhhoooyyyhyaororors
yassysyrsshharyyoohhsyoarsyohyohyoyhsyayrahohssrooshhsyhhoooyyyhyaororors
yassysyrsshharyyoohhsyoarsyohyohyrahsyayrahohssrooshhsyhhoooyyyhyaororors
yassysyrsshharyyoohhsyoarsyohyohyrayhsyayrahohssrooshhsyhhoooyyyhyaororors
yassysyrsshharyyoohhsyoarsyohyohyrhhsyayrahohssrooshhsyhhoooyyyhyaororors
yassysyrsshharyyoohhsyoarsyohyohyrhsyayrahohssrooshhsyhhoooyyyhyaororors
yassysyrsshharyyoohhsyoarsyohyohyrhyhsyayrahohssrooshhsyhhoooyyyhyaororors
yassysyrsshharyyoohhsyoarsyohyohyrohsyayrahohssrooshhsyhhoooyyyhyaororors
yassysyrsshharyyoohhsyoarsyohyohyroyhsyayrahohssrooshhsyhhoooyyyhyaororors
yassysyrsshharyyoohhsyoarsyohyohyrrhsyayrahohssrooshhsyhhoooyyyhyaororors
yassysyrsshharyyoohhsyoarsyohyohyrryhsyayrahohssrooshhsyhhoooyyyhyaororors
yassysyrsshharyyoohhsyoarsyohyohyrshsyayrahohssrooshhsyhhoooyyyhyaororors
yassysyrsshharyyoohhsyoarsyohyohyrsyhsyayrahohssrooshhsyhhoooyyyhyaororors
yassysyrsshharyyoohhsyoarsyohyohyryahsyayrahohssrooshhsyhhoooyyyhyaororors
yassysyrsshharyyoohhsyoarsyohyohyryasyayrahohssrooshhsyhhoooyyyhyaororors
yassysyrsshharyyoohhsyoarsyohyohyryhasyayrahohssrooshhsyhhoooyyyhyaororors
yassysyrsshharyyoohhsyoarsyohyohyryhayayrahohssrooshhsyhhoooyyyhyaororors
yassysyrsshharyyoohhsyoarsyohyohyryhhsyayrahohssrooshhsyhhoooyyyhyaororors
yassysyrsshharyyoohhsyoarsyohyohyryhhyayrahohssrooshhsyhhoooyyyhyaororors
yassysyrsshharyyoohhsyoarsyohyohyryhosyayrahohssrooshhsyhhoooyyyhyaororors
yassysyrsshharyyoohhsyoarsyohyohyryhoyayrahohssrooshhsyhhoooyyyhyaororors
yassysyrsshharyyoohhsyoarsyohyohyryhrsyayrahohssrooshhsyhhoooyyyhyaororors
yassysyrsshharyyoohhsyoarsyohyohyryhryayrahohssrooshhsyhhoooyyyhyaororors
yassysyrsshharyyoohhsyoarsyohyohyryhsaayrahohssrooshhsyhhoooyyyhyaororors
yassysyrsshharyyoohhsyoarsyohyohyryhsayayrahohssrooshhsyhhoooyyyhyaororors
yassysyrsshharyyoohhsyoarsyohyohyryhsayrahohssrooshhsyhhoooyyyhyaororors
yassysyrsshharyyoohhsyoarsyohyohyryhshayrahohssrooshhsyhhoooyyyhyaororors
yassysyrsshharyyoohhsyoarsyohyohyryhshyayrahohssrooshhsyhhoooyyyhyaororors
yassysyrsshharyyoohhsyoarsyohyohyryhsoayrahohssrooshhsyhhoooyyyhyaororors
yassysyrsshharyyoohhsyoarsyohyohyryhsoyayrahohssrooshhsyhhoooyyyhyaororors
yassysyrsshharyyoohhsyoarsyohyohyryhsrayrahohssrooshhsyhhoooyyyhyaororors
yassysyrsshharyyoohhsyoarsyohyohyryhsryayrahohssrooshhsyhhoooyyyhyaororors
yassysyrsshharyyoohhsyoarsyohyohyryhssayrahohssrooshhsyhhoooyyyhyaororors
yassysyrsshharyyoohhsyoarsyohyohyryhssyayrahohssrooshhsyhhoooyyyhyaororors
yassysyrsshharyyoohhsyoarsyohyohyryhsyaarahohssrooshhsyhhoooyyyhyaororors
yassysyrsshharyyoohhsyoarsyohyohyryhsyaayrahohssrooshhsyhhoooyyyhyaororors
yassysyrsshharyyoohhsyoarsyohyohyryhsyahrahohssrooshhsyhhoooyyyhyaororors
yassysyrsshharyyoohhsyoarsyohyohyryhsyahyrahohssrooshhsyhhoooyyyhyaororors
yassysyrsshharyyoohhsyoarsyohyohyryhsyaorahohssrooshhsyhhoooyyyhyaororors
yassysyrsshharyyoohhsyoarsyohyohyryhsyaoyrahohssrooshhsyhhoooyyyhyaororors
yassysyrsshharyyoohhsyoarsyohyohyryhsyarahohssrooshhsyhhoooyyyhyaororors
yassysyrsshharyyoohhsyoarsyohyohyryhsyarrahohssrooshhsyhhoooyyyhyaororors
yassysyrsshharyyoohhsyoarsyohyohyryhsyaryrahohssrooshhsyhhoooyyyhyaororors
yassysyrsshharyyoohhsyoarsyohyohyryhsyasrahohssrooshhsyhhoooyyyhyaororors
yassysyrsshharyyoohhsyoarsyohyohyryhsyasyrahohssrooshhsyhhoooyyyhyaororors
yassysyrsshharyyoohhsyoarsyohyohyryhsyayaahohssrooshhsyhhoooyyyhyaororors
yassysyrsshharyyoohhsyoarsyohyohyryhsyayahohssrooshhsyhhoooyyyhyaororors
yassysyrsshharyyoohhsyoarsyohyohyryhsyayarahohssrooshhsyhhoooyyyhyaororors
yassysyrsshharyyoohhsyoarsyohyohyryhsyayhahohssrooshhsyhhoooyyyhyaororors
yassysyrsshharyyoohhsyoarsyohyohyryhsyayhrahohssrooshhsyhhoooyyyhyaororors
yassysyrsshharyyoohhsyoarsyohyohyryhsyayoahohssrooshhsyhhoooyyyhyaororors
yassysyrsshharyyoohhsyoarsyohyohyryhsyayorahohssrooshhsyhhoooyyyhyaororors
yassysyrsshharyyoohhsyoarsyohyohyryhsyayraahohssrooshhsyhhoooyyyhyaororors
yassysyrsshharyyoohhsyoarsyohyohyryhsyayraaohssrooshhsyhhoooyyyhyaororors
yassysyrsshharyyoohhsyoarsyohyohyryhsyayrahahssrooshhsyhhoooyyyhyaororors
yassysyrsshharyyoohhsyoarsyohyohyryhsyayrahaohssrooshhsyhhoooyyyhyaororors
yassysyrsshharyyoohhsyoarsyohyohyryhsyayrahhhssrooshhsyhhoooyyyhyaororors
yassysyrsshharyyoohhsyoarsyohyohyryhsyayrahhohssrooshhsyhhoooyyyhyaororors
yassysyrsshharyyoohhsyoarsyohyohyryhsyayrahhssrooshhsyhhoooyyyhyaororors
yassysyrsshharyyoohhsyoarsyohyohyryhsyayrahoahssrooshhsyhhoooyyyhyaororors
yassysyrsshharyyoohhsyoarsyohyohyryhsyayrahoassrooshhsyhhoooyyyhyaororors
yassysyrsshharyyoohhsyoarsyohyohyryhsyayrahohasrooshhsyhhoooyyyhyaororors
yassysyrsshharyyoohhsyoarsyohyohyryhsyayrahohassrooshhsyhhoooyyyhyaororors
yassysyrsshharyyoohhsyoarsyohyohyryhsyayrahohhsrooshhsyhhoooyyyhyaororors
yassysyrsshharyyoohhsyoarsyohyohyryhsyayrahohhssrooshhsyhhoooyyyhyaororors
yassysyrsshharyyoohhsyoarsyohyohyryhsyayrahohosrooshhsyhhoooyyyhyaororors
yassysyrsshharyyoohhsyoarsyohyohyryhsyayrahohossrooshhsyhhoooyyyhyaororors
yassysyrsshharyyoohhsyoarsyohyohyryhsyayrahohrsrooshhsyhhoooyyyhyaororors
yassysyrsshharyyoohhsyoarsyohyohyryhsyayrahohrssrooshhsyhhoooyyyhyaororors
yassysyrsshharyyoohhsyoarsyohyohyryhsyayrahohsarooshhsyhhoooyyyhyaororors
yassysyrsshharyyoohhsyoarsyohyohyryhsyayrahohsasrooshhsyhhoooyyyhyaororors
yassysyrsshharyyoohhsyoarsyohyohyryhsyayrahohshrooshhsyhhoooyyyhyaororors
yassysyrsshharyyoohhsyoarsyohyohyryhsyayrahohshsrooshhsyhhoooyyyhyaororors
yassysyrsshharyyoohhsyoarsyohyohyryhsyayrahohsorooshhsyhhoooyyyhyaororors
yassysyrsshharyyoohhsyoarsyohyohyryhsyayrahohsosrooshhsyhhoooyyyhyaororors
yassysyrsshharyyoohhsyoarsyohyohyryhsyayrahohsrooshhsyhhoooyyyhyaororors
yassysyrsshharyyoohhsyoarsyohyohyryhsyayrahohsrrooshhsyhhoooyyyhyaororors
yassysyrsshharyyoohhsyoarsyohyohyryhsyayrahohsrsrooshhsyhhoooyyyhyaororors
yassysyrsshharyyoohhsyoarsyohyohyryhsyayrahohssaooshhsyhhoooyyyhyaororors
yassysyrsshharyyoohhsyoarsyohyohyryhsyayrahohssarooshhsyhhoooyyyhyaororors
yassysyrsshharyyoohhsyoarsyohyohyryhsyayrahohsshooshhsyhhoooyyyhyaororors
yassysyrsshharyyoohhsyoarsyohyohyryhsyayrahohsshrooshhsyhhoooyyyhyaororors
yassysyrsshharyyoohhsyoarsyohyohyryhsyayrahohssoooshhsyhhoooyyyhyaororors
yassysyrsshharyyoohhsyoarsyohyohyryhsyayrahohssooshhsyhhoooyyyhyaororors
yassysyrsshharyyoohhsyoarsyohyohyryhsyayrahohssorooshhsyhhoooyyyhyaororors
yassysyrsshharyyoohhsyoarsyohyohyryhsyayrahohssraooshhsyhhoooyyyhyaororors
yassysyrsshharyyoohhsyoarsyohyohyryhsyayrahohssraoshhsyhhoooyyyhyaororors
yassysyrsshharyyoohhsyoarsyohyohyryhsyayrahohssrhooshhsyhhoooyyyhyaororors
yassysyrsshharyyoohhsyoarsyohyohyryhsyayrahohssrhoshhsyhhoooyyyhyaororors
yassysyrsshharyyoohhsyoarsyohyohyryhsyayrahohssroaoshhsyhhoooyyyhyaororors
yassysyrsshharyyoohhsyoarsyohyohyryhsyayrahohssroashhsyhhoooyyyhyaororors
yassysyrsshharyyoohhsyoarsyohyohyryhsyayrahohssrohoshhsyhhoooyyyhyaororors
yassysyrsshharyyoohhsyoarsyohyohyryhsyayrahohssrohshhsyhhoooyyyhyaororors
yassysyrsshharyyoohhsyoarsyohyohyryhsyayrahohssrooahhsyhhoooyyyhyaororors
yassysyrsshharyyoohhsyoarsyohyohyryhsyayrahohssrooashhsyhhoooyyyhyaororors
yassysyrsshharyyoohhsyoarsyohyohyryhsyayrahohssroohhhsyhhoooyyyhyaororors
yassysyrsshharyyoohhsyoarsyohyohyryhsyayrahohssroohhsyhhoooyyyhyaororors
yassysyrsshharyyoohhsyoarsyohyohyryhsyayrahohssroohshhsyhhoooyyyhyaororors
yassysyrsshharyyoohhsyoarsyohyohyryhsyayrahohssrooohhsyhhoooyyyhyaororors
yassysyrsshharyyoohhsyoarsyohyohyryhsyayrahohssroooshhsyhhoooyyyhyaororors
yassysyrsshharyyoohhsyoarsyohyohyryhsyayrahohssroorhhsyhhoooyyyhyaororors
yassysyrsshharyyoohhsyoarsyohyohyryhsyayrahohssroorshhsyhhoooyyyhyaororors
yassysyrsshharyyoohhsyoarsyohyohyryhsyayrahohssroosahhsyhhoooyyyhyaororors
yassysyrsshharyyoohhsyoarsyohyohyryhsyayrahohssroosahsyhhoooyyyhyaororors
yassysyrsshharyyoohhsyoarsyohyohyryhsyayrahohssrooshahsyhhoooyyyhyaororors
yassysyrsshharyyoohhsyoarsyohyohyryhsyayrahohssrooshasyhhoooyyyhyaororors
yassysyrsshharyyoohhsyoarsyohyohyryhsyayrahohssrooshhasyhhoooyyyhyaororors
yassysyrsshharyyoohhsyoarsyohyohyryhsyayrahohssrooshhayhhoooyyyhyaororors
yassysyrsshharyyoohhsyoarsyohyohyryhsyayrahohssrooshhhsyhhoooyyyhyaororors
yassysyrsshharyyoohhsyoarsyohyohyryhsyayrahohssrooshhhyhhoooyyyhyaororors
yassysyrsshharyyoohhsyoarsyohyohyryhsyayrahohssrooshhosyhhoooyyyhyaororors
yassysyrsshharyyoohhsyoarsyohyohyryhsyayrahohssrooshhoyhhoooyyyhyaororors
yassysyrsshharyyoohhsyoarsyohyohyryhsyayrahohssrooshhrsyhhoooyyyhyaororors
yassysyrsshharyyoohhsyoarsyohyohyryhsyayrahohssrooshhryhhoooyyyhyaororors
yassysyrsshharyyoohhsyoarsyohyohyryhsyayrahohssrooshhsahhoooyyyhyaororors
yassysyrsshharyyoohhsyoarsyohyohyryhsyayrahohssrooshhsayhhoooyyyhyaororors
yassysyrsshharyyoohhsyoarsyohyohyryhsyayrahohssrooshhshhhoooyyyhyaororors
yassysyrsshharyyoohhsyoarsyohyohyryhsyayrahohssrooshhshhoooyyyhyaororors
yassysyrsshharyyoohhsyoarsyohyohyryhsyayrahohssrooshhshyhhoooyyyhyaororors
yassysyrsshharyyoohhsyoarsyohyohyryhsyayrahohssrooshhsohhoooyyyhyaororors
yassysyrsshharyyoohhsyoarsyohyohyryhsyayrahohssrooshhsoyhhoooyyyhyaororors
yassysyrsshharyyoohhsyoarsyohyohyryhsyayrahohssrooshhsrhhoooyyyhyaororors
yassysyrsshharyyoohhsyoarsyohyohyryhsyayrahohssrooshhsryhhoooyyyhyaororors
yassysyrsshharyyoohhsyoarsyohyohyryhsyayrahohssrooshhsshhoooyyyhyaororors
yassysyrsshharyyoohhsyoarsyohyohyryhsyayrahohssrooshhssyhhoooyyyhyaororors
yassysyrsshharyyoohhsyoarsyohyohyryhsyayrahohssrooshhsyahhoooyyyhyaororors
yassysyrsshharyyoohhsyoarsyohyohyryhsyayrahohssrooshhsyahoooyyyhyaororors
yassysyrsshharyyoohhsyoarsyohyohyryhsyayrahohssrooshhsyhahoooyyyhyaororors
yassysyrsshharyyoohhsyoarsyohyohyryhsyayrahohssrooshhsyhaoooyyyhyaororors
yassysyrsshharyyoohhsyoarsyohyohyryhsyayrahohssrooshhsyhhaoooyyyhyaororors
yassysyrsshharyyoohhsyoarsyohyohyryhsyayrahohssrooshhsyhhaooyyyhyaororors
yassysyrsshharyyoohhsyoarsyohyohyryhsyayrahohssrooshhsyhhhoooyyyhyaororors
yassysyrsshharyyoohhsyoarsyohyohyryhsyayrahohssrooshhsyhhhooyyyhyaororors
yassysyrsshharyyoohhsyoarsyohyohyryhsyayrahohssrooshhsyhhoaooyyyhyaororors
yassysyrsshharyyoohhsyoarsyohyohyryhsyayrahohssrooshhsyhhoaoyyyhyaororors
yassysyrsshharyyoohhsyoarsyohyohyryhsyayrahohssrooshhsyhhohooyyyhyaororors
yassysyrsshharyyoohhsyoarsyohyohyryhsyayrahohssrooshhsyhhohoyyyhyaororors
yassysyrsshharyyoohhsyoarsyohyohyryhsyayrahohssrooshhsyhhooaoyyyhyaororors
yassysyrsshharyyoohhsyoarsyohyohyryhsyayrahohssrooshhsyhhooayyyhyaororors
yassysyrsshharyyoohhsyoarsyohyohyryhsyayrahohssrooshhsyhhoohoyyyhyaororors
yassysyrsshharyyoohhsyoarsyohyohyryhsyayrahohssrooshhsyhhoohyyyhyaororors
yassysyrsshharyyoohhsyoarsyohyohyryhsyayrahohssrooshhsyhhoooayyhyaororors
yassysyrsshharyyoohhsyoarsyohyohyryhsyayrahohssrooshhsyhhoooayyyhyaororors
yassysyrsshharyyoohhsyoarsyohyohyryhsyayrahohssrooshhsyhhooohyyhyaororors
yassysyrsshharyyoohhsyoarsyohyohyryhsyayrahohssrooshhsyhhooohyyyhyaororors
yassysyrsshharyyoohhsyoarsyohyohyryhsyayrahohssrooshhsyhhooooyyhyaororors
yassysyrsshharyyoohhsyoarsyohyohyryhsyayrahohssrooshhsyhhooooyyyhyaororors
yassysyrsshharyyoohhsyoarsyohyohyryhsyayrahohssrooshhsyhhoooryyhyaororors
yassysyrsshharyyoohhsyoarsyohyohyryhsyayrahohssrooshhsyhhoooryyyhyaororors
yassysyrsshharyyoohhsyoarsyohyohyryhsyayrahohssrooshhsyhhooosyyhyaororors
yassysyrsshharyyoohhsyoarsyohyohyryhsyayrahohssrooshhsyhhooosyyyhyaororors
yassysyrsshharyyoohhsyoarsyohyohyryhsyayrahohssrooshhsyhhoooyayhyaororors
yassysyrsshharyyoohhsyoarsyohyohyryhsyayrahohssrooshhsyhhoooyayyhyaororors
yassysyrsshharyyoohhsyoarsyohyohyryhsyayrahohssrooshhsyhhoooyhyhyaororors
yassysyrsshharyyoohhsyoarsyohyohyryhsyayrahohssrooshhsyhhoooyhyyhyaororors
yassysyrsshharyyoohhsyoarsyohyohyryhsyayrahohssrooshhsyhhoooyoyhyaororors
yassysyrsshharyyoohhsyoarsyohyohyryhsyayrahohssrooshhsyhhoooyoyyhyaororors
yassysyrsshharyyoohhsyoarsyohyohyryhsyayrahohssrooshhsyhhoooyryhyaororors
yassysyrsshharyyoohhsyoarsyohyohyryhsyayrahohssrooshhsyhhoooyryyhyaororors
yassysyrsshharyyoohhsyoarsyohyohyryhsyayrahohssrooshhsyhhoooysyhyaororors
yassysyrsshharyyoohhsyoarsyohyohyryhsyayrahohssrooshhsyhhoooysyyhyaororors
yassysyrsshharyyoohhsyoarsyohyohyryhsyayrahohssrooshhsyhhoooyyahyaororors
yassysyrsshharyyoohhsyoarsyohyohyryhsyayrahohssrooshhsyhhoooyyayhyaororors
yassysyrsshharyyoohhsyoarsyohyohyryhsyayrahohssrooshhsyhhoooyyhhyaororors
yassysyrsshharyyoohhsyoarsyohyohyryhsyayrahohssrooshhsyhhoooyyhyaororors
yassysyrsshharyyoohhsyoarsyohyohyryhsyayrahohssrooshhsyhhoooyyhyhyaororors
yassysyrsshharyyoohhsyoarsyohyohyryhsyayrahohssrooshhsyhhoooyyohyaororors
yassysyrsshharyyoohhsyoarsyohyohyryhsyayrahohssrooshhsyhhoooyyoyhyaororors
yassysyrsshharyyoohhsyoarsyohyohyryhsyayrahohssrooshhsyhhoooyyrhyaororors
yassysyrsshharyyoohhsyoarsyohyohyryhsyayrahohssrooshhsyhhoooyyryhyaororors
yassysyrsshharyyoohhsyoarsyohyohyryhsyayrahohssrooshhsyhhoooyyshyaororors
yassysyrsshharyyoohhsyoarsyohyohyryhsyayrahohssrooshhsyhhoooyysyhyaororors
yassysyrsshharyyoohhsyoarsyohyohyryhsyayrahohssrooshhsyhhoooyyyahyaororors
yassysyrsshharyyoohhsyoarsyohyohyryhsyayrahohssrooshhsyhhoooyyyayaororors
yassysyrsshharyyoohhsyoarsyohyohyryhsyayrahohssrooshhsyhhoooyyyhaaororors
yassysyrsshharyyoohhsyoarsyohyohyryhsyayrahohssrooshhsyhhoooyyyhaororors
yassysyrsshharyyoohhsyoarsyohyohyryhsyayrahohssrooshhsyhhoooyyyhayaororors
yassysyrsshharyyoohhsyoarsyohyohyryhsyayrahohssrooshhsyhhoooyyyhhaororors
yassysyrsshharyyoohhsyoarsyohyohyryhsyayrahohssrooshhsyhhoooyyyhhyaororors
yassysyrsshharyyoohhsyoarsyohyohyryhsyayrahohssrooshhsyhhoooyyyhoaororors
yassysyrsshharyyoohhsyoarsyohyohyryhsyayrahohssrooshhsyhhoooyyyhoyaororors
yassysyrsshharyyoohhsyoarsyohyohyryhsyayrahohssrooshhsyhhoooyyyhraororors
yassysyrsshharyyoohhsyoarsyohyohyryhsyayrahohssrooshhsyhhoooyyyhryaororors
yassysyrsshharyyoohhsyoarsyohyohyryhsyayrahohssrooshhsyhhoooyyyhsaororors
yassysyrsshharyyoohhsyoarsyohyohyryhsyayrahohssrooshhsyhhoooyyyhsyaororors
yassysyrsshharyyoohhsyoarsyohyohyryhsyayrahohssrooshhsyhhoooyyyhyaaororors
yassysyrsshharyyoohhsyoarsyohyohyryhsyayrahohssrooshhsyhhoooyyyhyaarorors
yassysyrsshharyyoohhsyoarsyohyohyryhsyayrahohssrooshhsyhhoooyyyhyahororors
yassysyrsshharyyoohhsyoarsyohyohyryhsyayrahohssrooshhsyhhoooyyyhyahrorors
yassysyrsshharyyoohhsyoarsyohyohyryhsyayrahohssrooshhsyhhoooyyyhyaoaorors
yassysyrsshharyyoohhsyoarsyohyohyryhsyayrahohssrooshhsyhhoooyyyhyaoarorors
yassysyrsshharyyoohhsyoarsyohyohyryhsyayrahohssrooshhsyhhoooyyyhyaohorors
yassysyrsshharyyoohhsyoarsyohyohyryhsyayrahohssrooshhsyhhoooyyyhyaohrorors
yassysyrsshharyyoohhsyoarsyohyohyryhsyayrahohssrooshhsyhhoooyyyhyaooorors
yassysyrsshharyyoohhsyoarsyohyohyryhsyayrahohssrooshhsyhhoooyyyhyaoororors
yassysyrsshharyyoohhsyoarsyohyohyryhsyayrahohssrooshhsyhhoooyyyhyaoorors
yassysyrsshharyyoohhsyoarsyohyohyryhsyayrahohssrooshhsyhhoooyyyhyaoraorors
yassysyrsshharyyoohhsyoarsyohyohyryhsyayrahohssrooshhsyhhoooyyyhyaorarors
yassysyrsshharyyoohhsyoarsyohyohyryhsyayrahohssrooshhsyhhoooyyyhyaorhorors
yassysyrsshharyyoohhsyoarsyohyohyryhsyayrahohssrooshhsyhhoooyyyhyaorhrors
yassysyrsshharyyoohhsyoarsyohyohyryhsyayrahohssrooshhsyhhoooyyyhyaoroaors
yassysyrsshharyyoohhsyoarsyohyohyryhsyayrahohssrooshhsyhhoooyyyhyaoroarors
yassysyrsshharyyoohhsyoarsyohyohyryhsyayrahohssrooshhsyhhoooyyyhyaorohors
yassysyrsshharyyoohhsyoarsyohyohyryhsyayrahohssrooshhsyhhoooyyyhyaorohrors
yassysyrsshharyyoohhsyoarsyohyohyryhsyayrahohssrooshhsyhhoooyyyhyaorooors
yassysyrsshharyyoohhsyoarsyohyohyryhsyayrahohssrooshhsyhhoooyyyhyaoroorors
yassysyrsshharyyoohhsyoarsyohyohyryhsyayrahohssrooshhsyhhoooyyyhyaoroors
yassysyrsshharyyoohhsyoarsyohyohyryhsyayrahohssrooshhsyhhoooyyyhyaororaors
yassysyrsshharyyoohhsyoarsyohyohyryhsyayrahohssrooshhsyhhoooyyyhyaororars
yassysyrsshharyyoohhsyoarsyohyohyryhsyayrahohssrooshhsyhhoooyyyhyaororhors
yassysyrsshharyyoohhsyoarsyohyohyryhsyayrahohssrooshhsyhhoooyyyhyaororhrs
yassysyrsshharyyoohhsyoarsyohyohyryhsyayrahohssrooshhsyhhoooyyyhyaororoars
yassysyrsshharyyoohhsyoarsyohyohyryhsyayrahohssrooshhsyhhoooyyyhyaororoas
yassysyrsshharyyoohhsyoarsyohyohyryhsyayrahohssrooshhsyhhoooyyyhyaororohrs
yassysyrsshharyyoohhsyoarsyohyohyryhsyayrahohssrooshhsyhhoooyyyhyaororohs
yassysyrsshharyyoohhsyoarsyohyohyryhsyayrahohssrooshhsyhhoooyyyhyaororoors
yassysyrsshharyyoohhsyoarsyohyohyryhsyayrahohssrooshhsyhhoooyyyhyaororoos
yassysyrsshharyyoohhsyoarsyohyohyryhsyayrahohssrooshhsyhhoooyyyhyaororor
yassysyrsshharyyoohhsyoarsyohyohyryhsyayrahohssrooshhsyhhoooyyyhyaororora
yassysyrsshharyyoohhsyoarsyohyohyryhsyayrahohssrooshhsyhhoooyyyhyaorororas
yassysyrsshharyyoohhsyoarsyohyohyryhsyayrahohssrooshhsyhhoooyyyhyaorororh
yassysyrsshharyyoohhsyoarsyohyohyryhsyayrahohssrooshhsyhhoooyyyhyaorororhs
yassysyrsshharyyoohhsyoarsyohyohyryhsyayrahohssrooshhsyhhoooyyyhyaorororo
yassysyrsshharyyoohhsyoarsyohyohyryhsyayrahohssrooshhsyhhoooyyyhyaorororos
yassysyrsshharyyoohhsyoarsyohyohyryhsyayrahohssrooshhsyhhoooyyyhyaorororr
yassysyrsshharyyoohhsyoarsyohyohyryhsyayrahohssrooshhsyhhoooyyyhyaorororrs
yassysyrsshharyyoohhsyoarsyohyohyryhsyayrahohssrooshhsyhhoooyyyhyaorororsa
yassysyrsshharyyoohhsyoarsyohyohyryhsyayrahohssrooshhsyhhoooyyyhyaorororsh
yassysyrsshharyyoohhsyoarsyohyohyryhsyayrahohssrooshhsyhhoooyyyhyaorororso
yassysyrsshharyyoohhsyoarsyohyohyryhsyayrahohssrooshhsyhhoooyyyhyaorororsr
yassysyrsshharyyoohhsyoarsyohyohyryhsyayrahohssrooshhsyhhoooyyyhyaorororss
yassysyrsshharyyoohhsyoarsyohyohyryhsyayrahohssrooshhsyhhoooyyyhyaorororsy
yassysyrsshharyyoohhsyoarsyohyohyryhsyayrahohssrooshhsyhhoooyyyhyaororory
yassysyrsshharyyoohhsyoarsyohyohyryhsyayrahohssrooshhsyhhoooyyyhyaorororys
yassysyrsshharyyoohhsyoarsyohyohyryhsyayrahohssrooshhsyhhoooyyyhyaororos
yassysyrsshharyyoohhsyoarsyohyohyryhsyayrahohssrooshhsyhhoooyyyhyaororosrs
yassysyrsshharyyoohhsyoarsyohyohyryhsyayrahohssrooshhsyhhoooyyyhyaoroross
yassysyrsshharyyoohhsyoarsyohyohyryhsyayrahohssrooshhsyhhoooyyyhyaororoyrs
yassysyrsshharyyoohhsyoarsyohyohyryhsyayrahohssrooshhsyhhoooyyyhyaororoys
yassysyrsshharyyoohhsyoarsyohyohyryhsyayrahohssrooshhsyhhoooyyyhyaororrors
yassysyrsshharyyoohhsyoarsyohyohyryhsyayrahohssrooshhsyhhoooyyyhyaororrrs
yassysyrsshharyyoohhsyoarsyohyohyryhsyayrahohssrooshhsyhhoooyyyhyaororrs
yassysyrsshharyyoohhsyoarsyohyohyryhsyayrahohssrooshhsyhhoooyyyhyaororsors
yassysyrsshharyyoohhsyoarsyohyohyryhsyayrahohssrooshhsyhhoooyyyhyaororsrs
yassysyrsshharyyoohhsyoarsyohyohyryhsyayrahohssrooshhsyhhoooyyyhyaororyors
yassysyrsshharyyoohhsyoarsyohyohyryhsyayrahohssrooshhsyhhoooyyyhyaororyrs
yassysyrsshharyyoohhsyoarsyohyohyryhsyayrahohssrooshhsyhhoooyyyhyaorosors
yassysyrsshharyyoohhsyoarsyohyohyryhsyayrahohssrooshhsyhhoooyyyhyaorosrors
yassysyrsshharyyoohhsyoarsyohyohyryhsyayrahohssrooshhsyhhoooyyyhyaoroyors
yassysyrsshharyyoohhsyoarsyohyohyryhsyayrahohssrooshhsyhhoooyyyhyaoroyrors
yassysyrsshharyyoohhsyoarsyohyohyryhsyayrahohssrooshhsyhhoooyyyhyaorrorors
yassysyrsshharyyoohhsyoarsyohyohyryhsyayrahohssrooshhsyhhoooyyyhyaorrors
yassysyrsshharyyoohhsyoarsyohyohyryhsyayrahohssrooshhsyhhoooyyyhyaorrrors
yassysyrsshharyyoohhsyoarsyohyohyryhsyayrahohssrooshhsyhhoooyyyhyaorsorors
yassysyrsshharyyoohhsyoarsyohyohyryhsyayrahohssrooshhsyhhoooyyyhyaorsrors
yassysyrsshharyyoohhsyoarsyohyohyryhsyayrahohssrooshhsyhhoooyyyhyaoryorors
yassysyrsshharyyoohhsyoarsyohyohyryhsyayrahohssrooshhsyhhoooyyyhyaoryrors
yassysyrsshharyyoohhsyoarsyohyohyryhsyayrahohssrooshhsyhhoooyyyhyaosorors
yassysyrsshharyyoohhsyoarsyohyohyryhsyayrahohssrooshhsyhhoooyyyhyaosrorors
yassysyrsshharyyoohhsyoarsyohyohyryhsyayrahohssrooshhsyhhoooyyyhyaoyorors
yassysyrsshharyyoohhsyoarsyohyohyryhsyayrahohssrooshhsyhhoooyyyhyaoyrorors
yassysyrsshharyyoohhsyoarsyohyohyryhsyayrahohssrooshhsyhhoooyyyhyarororors
yassysyrsshharyyoohhsyoarsyohyohyryhsyayrahohssrooshhsyhhoooyyyhyarorors
yassysyrsshharyyoohhsyoarsyohyohyryhsyayrahohssrooshhsyhhoooyyyhyarrorors
yassysyrsshharyyoohhsyoarsyohyohyryhsyayrahohssrooshhsyhhoooyyyhyasororors
yassysyrsshharyyoohhsyoarsyohyohyryhsyayrahohssrooshhsyhhoooyyyhyasrorors
yassysyrsshharyyoohhsyoarsyohyohyryhsyayrahohssrooshhsyhhoooyyyhyayororors
yassysyrsshharyyoohhsyoarsyohyohyryhsyayrahohssrooshhsyhhoooyyyhyayrorors
yassysyrsshharyyoohhsyoarsyohyohyryhsyayrahohssrooshhsyhhoooyyyhyhaororors
yassysyrsshharyyoohhsyoarsyohyohyryhsyayrahohssrooshhsyhhoooyyyhyhororors
yassysyrsshharyyoohhsyoarsyohyohyryhsyayrahohssrooshhsyhhoooyyyhyoaororors
yassysyrsshharyyoohhsyoarsyohyohyryhsyayrahohssrooshhsyhhoooyyyhyoororors
yassysyrsshharyyoohhsyoarsyohyohyryhsyayrahohssrooshhsyhhoooyyyhyororors
yassysyrsshharyyoohhsyoarsyohyohyryhsyayrahohssrooshhsyhhoooyyyhyraororors
yassysyrsshharyyoohhsyoarsyohyohyryhsyayrahohssrooshhsyhhoooyyyhyrororors
yassysyrsshharyyoohhsyoarsyohyohyryhsyayrahohssrooshhsyhhoooyyyhysaororors
yassysyrsshharyyoohhsyoarsyohyohyryhsyayrahohssrooshhsyhhoooyyyhysororors
yassysyrsshharyyoohhsyoarsyohyohyryhsyayrahohssrooshhsyhhoooyyyhyyaororors
yassysyrsshharyyoohhsyoarsyohyohyryhsyayrahohssrooshhsyhhoooyyyhyyororors
yassysyrsshharyyoohhsyoarsyohyohyryhsyayrahohssrooshhsyhhoooyyyohyaororors
yassysyrsshharyyoohhsyoarsyohyohyryhsyayrahohssrooshhsyhhoooyyyoyaororors
yassysyrsshharyyoohhsyoarsyohyohyryhsyayrahohssrooshhsyhhoooyyyrhyaororors
yassysyrsshharyyoohhsyoarsyohyohyryhsyayrahohssrooshhsyhhoooyyyryaororors
yassysyrsshharyyoohhsyoarsyohyohyryhsyayrahohssrooshhsyhhoooyyyshyaororors
yassysyrsshharyyoohhsyoarsyohyohyryhsyayrahohssrooshhsyhhoooyyysyaororors
yassysyrsshharyyoohhsyoarsyohyohyryhsyayrahohssrooshhsyhhoooyyyyaororors
yassysyrsshharyyoohhsyoarsyohyohyryhsyayrahohssrooshhsyhhoooyyyyhyaororors
yassysyrsshharyyoohhsyoarsyohyohyryhsyayrahohssrooshhsyhhoooyyyyyaororors
yassysyrsshharyyoohhsyoarsyohyohyryhsyayrahohssrooshhsyhhooroyyyhyaororors
yassysyrsshharyyoohhsyoarsyohyohyryhsyayrahohssrooshhsyhhooryyyhyaororors
yassysyrsshharyyoohhsyoarsyohyohyryhsyayrahohssrooshhsyhhoosoyyyhyaororors
yassysyrsshharyyoohhsyoarsyohyohyryhsyayrahohssrooshhsyhhoosyyyhyaororors
yassysyrsshharyyoohhsyoarsyohyohyryhsyayrahohssrooshhsyhhooyoyyyhyaororors
yassysyrsshharyyoohhsyoarsyohyohyryhsyayrahohssrooshhsyhhooyyyhyaororors
yassysyrsshharyyoohhsyoarsyohyohyryhsyayrahohssrooshhsyhhooyyyyhyaororors
yassysyrsshharyyoohhsyoarsyohyohyryhsyayrahohssrooshhsyhhorooyyyhyaororors
yassysyrsshharyyoohhsyoarsyohyohyryhsyayrahohssrooshhsyhhoroyyyhyaororors
yassysyrsshharyyoohhsyoarsyohyohyryhsyayrahohssrooshhsyhhosooyyyhyaororors
yassysyrsshharyyoohhsyoarsyohyohyryhsyayrahohssrooshhsyhhosoyyyhyaororors
yassysyrsshharyyoohhsyoarsyohyohyryhsyayrahohssrooshhsyhhoyooyyyhyaororors
yassysyrsshharyyoohhsyoarsyohyohyryhsyayrahohssrooshhsyhhoyoyyyhyaororors
yassysyrsshharyyoohhsyoarsyohyohyryhsyayrahohssrooshhsyhhroooyyyhyaororors
yassysyrsshharyyoohhsyoarsyohyohyryhsyayrahohssrooshhsyhhrooyyyhyaororors
yassysyrsshharyyoohhsyoarsyohyohyryhsyayrahohssrooshhsyhhsoooyyyhyaororors
yassysyrsshharyyoohhsyoarsyohyohyryhsyayrahohssrooshhsyhhsooyyyhyaororors
yassysyrsshharyyoohhsyoarsyohyohyryhsyayrahohssrooshhsyhhyoooyyyhyaororors
yassysyrsshharyyoohhsyoarsyohyohyryhsyayrahohssrooshhsyhhyooyyyhyaororors
yassysyrsshharyyoohhsyoarsyohyohyryhsyayrahohssrooshhsyhohoooyyyhyaororors
yassysyrsshharyyoohhsyoarsyohyohyryhsyayrahohssrooshhsyhooooyyyhyaororors
yassysyrsshharyyoohhsyoarsyohyohyryhsyayrahohssrooshhsyhoooyyyhyaororors
yassysyrsshharyyoohhsyoarsyohyohyryhsyayrahohssrooshhsyhrhoooyyyhyaororors
yassysyrsshharyyoohhsyoarsyohyohyryhsyayrahohssrooshhsyhroooyyyhyaororors
yassysyrsshharyyoohhsyoarsyohyohyryhsyayrahohssrooshhsyhshoooyyyhyaororors
yassysyrsshharyyoohhsyoarsyohyohyryhsyayrahohssrooshhsyhsoooyyyhyaororors
yassysyrsshharyyoohhsyoarsyohyohyryhsyayrahohssrooshhsyhyhoooyyyhyaororors
yassysyrsshharyyoohhsyoarsyohyohyryhsyayrahohssrooshhsyhyoooyyyhyaororors
yassysyrsshharyyoohhsyoarsyohyohyryhsyayrahohssrooshhsyohhoooyyyhyaororors
yassysyrsshharyyoohhsyoarsyohyohyryhsyayrahohssrooshhsyohoooyyyhyaororors
yassysyrsshharyyoohhsyoarsyohyohyryhsyayrahohssrooshhsyrhhoooyyyhyaororors
yassysyrsshharyyoohhsyoarsyohyohyryhsyayrahohssrooshhsyrhoooyyyhyaororors
yassysyrsshharyyoohhsyoarsyohyohyryhsyayrahohssrooshhsyshhoooyyyhyaororors
yassysyrsshharyyoohhsyoarsyohyohyryhsyayrahohssrooshhsyshoooyyyhyaororors
yassysyrsshharyyoohhsyoarsyohyohyryhsyayrahohssrooshhsyyhhoooyyyhyaororors
yassysyrsshharyyoohhsyoarsyohyohyryhsyayrahohssrooshhsyyhoooyyyhyaororors
yassysyrsshharyyoohhsyoarsyohyohyryhsyayrahohssrooshhyhhoooyyyhyaororors
yassysyrsshharyyoohhsyoarsyohyohyryhsyayrahohssrooshhysyhhoooyyyhyaororors
yassysyrsshharyyoohhsyoarsyohyohyryhsyayrahohssrooshhyyhhoooyyyhyaororors
yassysyrsshharyyoohhsyoarsyohyohyryhsyayrahohssrooshohsyhhoooyyyhyaororors
yassysyrsshharyyoohhsyoarsyohyohyryhsyayrahohssrooshosyhhoooyyyhyaororors
yassysyrsshharyyoohhsyoarsyohyohyryhsyayrahohssrooshrhsyhhoooyyyhyaororors
yassysyrsshharyyoohhsyoarsyohyohyryhsyayrahohssrooshrsyhhoooyyyhyaororors
yassysyrsshharyyoohhsyoarsyohyohyryhsyayrahohssrooshshsyhhoooyyyhyaororors
yassysyrsshharyyoohhsyoarsyohyohyryhsyayrahohssrooshssyhhoooyyyhyaororors
yassysyrsshharyyoohhsyoarsyohyohyryhsyayrahohssrooshsyhhoooyyyhyaororors
yassysyrsshharyyoohhsyoarsyohyohyryhsyayrahohssrooshyhsyhhoooyyyhyaororors
yassysyrsshharyyoohhsyoarsyohyohyryhsyayrahohssrooshysyhhoooyyyhyaororors
yassysyrsshharyyoohhsyoarsyohyohyryhsyayrahohssroosohhsyhhoooyyyhyaororors
yassysyrsshharyyoohhsyoarsyohyohyryhsyayrahohssroosohsyhhoooyyyhyaororors
yassysyrsshharyyoohhsyoarsyohyohyryhsyayrahohssroosrhhsyhhoooyyyhyaororors
yassysyrsshharyyoohhsyoarsyohyohyryhsyayrahohssroosrhsyhhoooyyyhyaororors
yassysyrsshharyyoohhsyoarsyohyohyryhsyayrahohssroosshhsyhhoooyyyhyaororors
yassysyrsshharyyoohhsyoarsyohyohyryhsyayrahohssroosshsyhhoooyyyhyaororors
yassysyrsshharyyoohhsyoarsyohyohyryhsyayrahohssroosyhhsyhhoooyyyhyaororors
yassysyrsshharyyoohhsyoarsyohyohyryhsyayrahohssroosyhsyhhoooyyyhyaororors
yassysyrsshharyyoohhsyoarsyohyohyryhsyayrahohssrooyhhsyhhoooyyyhyaororors
yassysyrsshharyyoohhsyoarsyohyohyryhsyayrahohssrooyshhsyhhoooyyyhyaororors
yassysyrsshharyyoohhsyoarsyohyohyryhsyayrahohssroroshhsyhhoooyyyhyaororors
yassysyrsshharyyoohhsyoarsyohyohyryhsyayrahohssrorshhsyhhoooyyyhyaororors
yassysyrsshharyyoohhsyoarsyohyohyryhsyayrahohssroshhsyhhoooyyyhyaororors
yassysyrsshharyyoohhsyoarsyohyohyryhsyayrahohssrososhhsyhhoooyyyhyaororors
yassysyrsshharyyoohhsyoarsyohyohyryhsyayrahohssrosshhsyhhoooyyyhyaororors
yassysyrsshharyyoohhsyoarsyohyohyryhsyayrahohssroyoshhsyhhoooyyyhyaororors
yassysyrsshharyyoohhsyoarsyohyohyryhsyayrahohssroyshhsyhhoooyyyhyaororors
yassysyrsshharyyoohhsyoarsyohyohyryhsyayrahohssrrooshhsyhhoooyyyhyaororors
yassysyrsshharyyoohhsyoarsyohyohyryhsyayrahohssrroshhsyhhoooyyyhyaororors
yassysyrsshharyyoohhsyoarsyohyohyryhsyayrahohssrsooshhsyhhoooyyyhyaororors
yassysyrsshharyyoohhsyoarsyohyohyryhsyayrahohssrsoshhsyhhoooyyyhyaororors
yassysyrsshharyyoohhsyoarsyohyohyryhsyayrahohssryooshhsyhhoooyyyhyaororors
yassysyrsshharyyoohhsyoarsyohyohyryhsyayrahohssryoshhsyhhoooyyyhyaororors
yassysyrsshharyyoohhsyoarsyohyohyryhsyayrahohsssooshhsyhhoooyyyhyaororors
yassysyrsshharyyoohhsyoarsyohyohyryhsyayrahohsssrooshhsyhhoooyyyhyaororors
yassysyrsshharyyoohhsyoarsyohyohyryhsyayrahohssyooshhsyhhoooyyyhyaororors
yassysyrsshharyyoohhsyoarsyohyohyryhsyayrahohssyrooshhsyhhoooyyyhyaororors
yassysyrsshharyyoohhsyoarsyohyohyryhsyayrahohsyrooshhsyhhoooyyyhyaororors
yassysyrsshharyyoohhsyoarsyohyohyryhsyayrahohsysrooshhsyhhoooyyyhyaororors
yassysyrsshharyyoohhsyoarsyohyohyryhsyayrahohysrooshhsyhhoooyyyhyaororors
yassysyrsshharyyoohhsyoarsyohyohyryhsyayrahohyssrooshhsyhhoooyyyhyaororors
yassysyrsshharyyoohhsyoarsyohyohyryhsyayrahoohssrooshhsyhhoooyyyhyaororors
yassysyrsshharyyoohhsyoarsyohyohyryhsyayrahoossrooshhsyhhoooyyyhyaororors
yassysyrsshharyyoohhsyoarsyohyohyryhsyayrahorhssrooshhsyhhoooyyyhyaororors
yassysyrsshharyyoohhsyoarsyohyohyryhsyayrahorssrooshhsyhhoooyyyhyaororors
yassysyrsshharyyoohhsyoarsyohyohyryhsyayrahoshssrooshhsyhhoooyyyhyaororors
yassysyrsshharyyoohhsyoarsyohyohyryhsyayrahossrooshhsyhhoooyyyhyaororors
yassysyrsshharyyoohhsyoarsyohyohyryhsyayrahosssrooshhsyhhoooyyyhyaororors
yassysyrsshharyyoohhsyoarsyohyohyryhsyayrahoyhssrooshhsyhhoooyyyhyaororors
yassysyrsshharyyoohhsyoarsyohyohyryhsyayrahoyssrooshhsyhhoooyyyhyaororors
yassysyrsshharyyoohhsyoarsyohyohyryhsyayrahrhssrooshhsyhhoooyyyhyaororors
yassysyrsshharyyoohhsyoarsyohyohyryhsyayrahrohssrooshhsyhhoooyyyhyaororors
yassysyrsshharyyoohhsyoarsyohyohyryhsyayrahshssrooshhsyhhoooyyyhyaororors
yassysyrsshharyyoohhsyoarsyohyohyryhsyayrahsohssrooshhsyhhoooyyyhyaororors
yassysyrsshharyyoohhsyoarsyohyohyryhsyayrahyhssrooshhsyhhoooyyyhyaororors
yassysyrsshharyyoohhsyoarsyohyohyryhsyayrahyohssrooshhsyhhoooyyyhyaororors
yassysyrsshharyyoohhsyoarsyohyohyryhsyayraohohssrooshhsyhhoooyyyhyaororors
yassysyrsshharyyoohhsyoarsyohyohyryhsyayraohssrooshhsyhhoooyyyhyaororors
yassysyrsshharyyoohhsyoarsyohyohyryhsyayraoohssrooshhsyhhoooyyyhyaororors
yassysyrsshharyyoohhsyoarsyohyohyryhsyayrarhohssrooshhsyhhoooyyyhyaororors
yassysyrsshharyyoohhsyoarsyohyohyryhsyayrarohssrooshhsyhhoooyyyhyaororors
yassysyrsshharyyoohhsyoarsyohyohyryhsyayrashohssrooshhsyhhoooyyyhyaororors
yassysyrsshharyyoohhsyoarsyohyohyryhsyayrasohssrooshhsyhhoooyyyhyaororors
yassysyrsshharyyoohhsyoarsyohyohyryhsyayrayhohssrooshhsyhhoooyyyhyaororors
yassysyrsshharyyoohhsyoarsyohyohyryhsyayrayohssrooshhsyhhoooyyyhyaororors
yassysyrsshharyyoohhsyoarsyohyohyryhsyayrhahohssrooshhsyhhoooyyyhyaororors
yassysyrsshharyyoohhsyoarsyohyohyryhsyayrhhohssrooshhsyhhoooyyyhyaororors
yassysyrsshharyyoohhsyoarsyohyohyryhsyayrhohssrooshhsyhhoooyyyhyaororors
yassysyrsshharyyoohhsyoarsyohyohyryhsyayroahohssrooshhsyhhoooyyyhyaororors
yassysyrsshharyyoohhsyoarsyohyohyryhsyayrohohssrooshhsyhhoooyyyhyaororors
yassysyrsshharyyoohhsyoarsyohyohyryhsyayrrahohssrooshhsyhhoooyyyhyaororors
yassysyrsshharyyoohhsyoarsyohyohyryhsyayrrhohssrooshhsyhhoooyyyhyaororors
yassysyrsshharyyoohhsyoarsyohyohyryhsyayrsahohssrooshhsyhhoooyyyhyaororors
yassysyrsshharyyoohhsyoarsyohyohyryhsyayrshohssrooshhsyhhoooyyyhyaororors
yassysyrsshharyyoohhsyoarsyohyohyryhsyayryahohssrooshhsyhhoooyyyhyaororors
yassysyrsshharyyoohhsyoarsyohyohyryhsyayryhohssrooshhsyhhoooyyyhyaororors
yassysyrsshharyyoohhsyoarsyohyohyryhsyaysahohssrooshhsyhhoooyyyhyaororors
yassysyrsshharyyoohhsyoarsyohyohyryhsyaysrahohssrooshhsyhhoooyyyhyaororors
yassysyrsshharyyoohhsyoarsyohyohyryhsyayyahohssrooshhsyhhoooyyyhyaororors
yassysyrsshharyyoohhsyoarsyohyohyryhsyayyrahohssrooshhsyhhoooyyyhyaororors
yassysyrsshharyyoohhsyoarsyohyohyryhsyhayrahohssrooshhsyhhoooyyyhyaororors
yassysyrsshharyyoohhsyoarsyohyohyryhsyhyrahohssrooshhsyhhoooyyyhyaororors
yassysyrsshharyyoohhsyoarsyohyohyryhsyoayrahohssrooshhsyhhoooyyyhyaororors
yassysyrsshharyyoohhsyoarsyohyohyryhsyoyrahohssrooshhsyhhoooyyyhyaororors
yassysyrsshharyyoohhsyoarsyohyohyryhsyrayrahohssrooshhsyhhoooyyyhyaororors
yassysyrsshharyyoohhsyoarsyohyohyryhsyryrahohssrooshhsyhhoooyyyhyaororors
yassysyrsshharyyoohhsyoarsyohyohyryhsysayrahohssrooshhsyhhoooyyyhyaororors
yassysyrsshharyyoohhsyoarsyohyohyryhsysyrahohssrooshhsyhhoooyyyhyaororors
yassysyrsshharyyoohhsyoarsyohyohyryhsyyayrahohssrooshhsyhhoooyyyhyaororors
yassysyrsshharyyoohhsyoarsyohyohyryhsyyrahohssrooshhsyhhoooyyyhyaororors
yassysyrsshharyyoohhsyoarsyohyohyryhsyyyrahohssrooshhsyhhoooyyyhyaororors
yassysyrsshharyyoohhsyoarsyohyohyryhyayrahohssrooshhsyhhoooyyyhyaororors
yassysyrsshharyyoohhsyoarsyohyohyryhysyayrahohssrooshhsyhhoooyyyhyaororors
yassysyrsshharyyoohhsyoarsyohyohyryhyyayrahohssrooshhsyhhoooyyyhyaororors
yassysyrsshharyyoohhsyoarsyohyohyryohsyayrahohssrooshhsyhhoooyyyhyaororors
yassysyrsshharyyoohhsyoarsyohyohyryosyayrahohssrooshhsyhhoooyyyhyaororors
yassysyrsshharyyoohhsyoarsyohyohyryrhsyayrahohssrooshhsyhhoooyyyhyaororors
yassysyrsshharyyoohhsyoarsyohyohyryrsyayrahohssrooshhsyhhoooyyyhyaororors
yassysyrsshharyyoohhsyoarsyohyohyryshsyayrahohssrooshhsyhhoooyyyhyaororors
yassysyrsshharyyoohhsyoarsyohyohyryssyayrahohssrooshhsyhhoooyyyhyaororors
yassysyrsshharyyoohhsyoarsyohyohyrysyayrahohssrooshhsyhhoooyyyhyaororors
yassysyrsshharyyoohhsyoarsyohyohyryyhsyayrahohssrooshhsyhhoooyyyhyaororors
yassysyrsshharyyoohhsyoarsyohyohyryysyayrahohssrooshhsyhhoooyyyhyaororors
yassysyrsshharyyoohhsyoarsyohyohysryhsyayrahohssrooshhsyhhoooyyyhyaororors
yassysyrsshharyyoohhsyoarsyohyohysyhsyayrahohssrooshhsyhhoooyyyhyaororors
yassysyrsshharyyoohhsyoarsyohyohyyhsyayrahohssrooshhsyhhoooyyyhyaororors
yassysyrsshharyyoohhsyoarsyohyohyyryhsyayrahohssrooshhsyhhoooyyyhyaororors
yassysyrsshharyyoohhsyoarsyohyohyyyhsyayrahohssrooshhsyhhoooyyyhyaororors
yassysyrsshharyyoohhsyoarsyohyoohyryhsyayrahohssrooshhsyhhoooyyyhyaororors
yassysyrsshharyyoohhsyoarsyohyooyryhsyayrahohssrooshhsyhhoooyyyhyaororors
yassysyrsshharyyoohhsyoarsyohyorhyryhsyayrahohssrooshhsyhhoooyyyhyaororors
yassysyrsshharyyoohhsyoarsyohyoryryhsyayrahohssrooshhsyhhoooyyyhyaororors
yassysyrsshharyyoohhsyoarsyohyoshyryhsyayrahohssrooshhsyhhoooyyyhyaororors
yassysyrsshharyyoohhsyoarsyohyosyryhsyayrahohssrooshhsyhhoooyyyhyaororors
yassysyrsshharyyoohhsyoarsyohyoyhyryhsyayrahohssrooshhsyhhoooyyyhyaororors
yassysyrsshharyyoohhsyoarsyohyoyryhsyayrahohssrooshhsyhhoooyyyhyaororors
yassysyrsshharyyoohhsyoarsyohyoyyryhsyayrahohssrooshhsyhhoooyyyhyaororors
yassysyrsshharyyoohhsyoarsyohyrhyryhsyayrahohssrooshhsyhhoooyyyhyaororors
yassysyrsshharyyoohhsyoarsyohyrohyryhsyayrahohssrooshhsyhhoooyyyhyaororors
yassysyrsshharyyoohhsyoarsyohyshyryhsyayrahohssrooshhsyhhoooyyyhyaororors
yassysyrsshharyyoohhsyoarsyohysohyryhsyayrahohssrooshhsyhhoooyyyhyaororors
yassysyrsshharyyoohhsyoarsyohyyhyryhsyayrahohssrooshhsyhhoooyyyhyaororors
yassysyrsshharyyoohhsyoarsyohyyohyryhsyayrahohssrooshhsyhhoooyyyhyaororors
yassysyrsshharyyoohhsyoarsyoohyohyryhsyayrahohssrooshhsyhhoooyyyhyaororors
yassysyrsshharyyoohhsyoarsyooyohyryhsyayrahohssrooshhsyhhoooyyyhyaororors
yassysyrsshharyyoohhsyoarsyorhyohyryhsyayrahohssrooshhsyhhoooyyyhyaororors
yassysyrsshharyyoohhsyoarsyoryohyryhsyayrahohssrooshhsyhhoooyyyhyaororors
yassysyrsshharyyoohhsyoarsyoshyohyryhsyayrahohssrooshhsyhhoooyyyhyaororors
yassysyrsshharyyoohhsyoarsyosyohyryhsyayrahohssrooshhsyhhoooyyyhyaororors
yassysyrsshharyyoohhsyoarsyoyhyohyryhsyayrahohssrooshhsyhhoooyyyhyaororors
yassysyrsshharyyoohhsyoarsyoyohyryhsyayrahohssrooshhsyhhoooyyyhyaororors
yassysyrsshharyyoohhsyoarsyoyyohyryhsyayrahohssrooshhsyhhoooyyyhyaororors
yassysyrsshharyyoohhsyoarsyrhyohyryhsyayrahohssrooshhsyhhoooyyyhyaororors
yassysyrsshharyyoohhsyoarsyrohyohyryhsyayrahohssrooshhsyhhoooyyyhyaororors
yassysyrsshharyyoohhsyoarsyshyohyryhsyayrahohssrooshhsyhhoooyyyhyaororors
yassysyrsshharyyoohhsyoarsysohyohyryhsyayrahohssrooshhsyhhoooyyyhyaororors
yassysyrsshharyyoohhsyoarsyyhyohyryhsyayrahohssrooshhsyhhoooyyyhyaororors
yassysyrsshharyyoohhsyoarsyyohyohyryhsyayrahohssrooshhsyhhoooyyyhyaororors
yassysyrsshharyyoohhsyoaryohyohyryhsyayrahohssrooshhsyhhoooyyyhyaororors
yassysyrsshharyyoohhsyoarysyohyohyryhsyayrahohssrooshhsyhhoooyyyhyaororors
yassysyrsshharyyoohhsyoaryyohyohyryhsyayrahohssrooshhsyhhoooyyyhyaororors
yassysyrsshharyyoohhsyoasrsyohyohyryhsyayrahohssrooshhsyhhoooyyyhyaororors
yassysyrsshharyyoohhsyoassyohyohyryhsyayrahohssrooshhsyhhoooyyyhyaororors
yassysyrsshharyyoohhsyoasyohyohyryhsyayrahohssrooshhsyhhoooyyyhyaororors
yassysyrsshharyyoohhsyoayrsyohyohyryhsyayrahohssrooshhsyhhoooyyyhyaororors
yassysyrsshharyyoohhsyoaysyohyohyryhsyayrahohssrooshhsyhhoooyyyhyaororors
yassysyrsshharyyoohhsyoharsyohyohyryhsyayrahohssrooshhsyhhoooyyyhyaororors
yassysyrsshharyyoohhsyohrsyohyohyryhsyayrahohssrooshhsyhhoooyyyhyaororors
yassysyrsshharyyoohhsyooarsyohyohyryhsyayrahohssrooshhsyhhoooyyyhyaororors
yassysyrsshharyyoohhsyoorsyohyohyryhsyayrahohssrooshhsyhhoooyyyhyaororors
yassysyrsshharyyoohhsyorarsyohyohyryhsyayrahohssrooshhsyhhoooyyyhyaororors
yassysyrsshharyyoohhsyorrsyohyohyryhsyayrahohssrooshhsyhhoooyyyhyaororors
yassysyrsshharyyoohhsyorsyohyohyryhsyayrahohssrooshhsyhhoooyyyhyaororors
yassysyrsshharyyoohhsyosarsyohyohyryhsyayrahohssrooshhsyhhoooyyyhyaororors
yassysyrsshharyyoohhsyosrsyohyohyryhsyayrahohssrooshhsyhhoooyyyhyaororors
yassysyrsshharyyoohhsyoyarsyohyohyryhsyayrahohssrooshhsyhhoooyyyhyaororors
yassysyrsshharyyoohhsyoyrsyohyohyryhsyayrahohssrooshhsyhhoooyyyhyaororors
yassysyrsshharyyoohhsyrarsyohyohyryhsyayrahohssrooshhsyhhoooyyyhyaororors
yassysyrsshharyyoohhsyroarsyohyohyryhsyayrahohssrooshhsyhhoooyyyhyaororors
yassysyrsshharyyoohhsysarsyohyohyryhsyayrahohssrooshhsyhhoooyyyhyaororors
yassysyrsshharyyoohhsysoarsyohyohyryhsyayrahohssrooshhsyhhoooyyyhyaororors
yassysyrsshharyyoohhsyyarsyohyohyryhsyayrahohssrooshhsyhhoooyyyhyaororors
yassysyrsshharyyoohhsyyoarsyohyohyryhsyayrahohssrooshhsyhhoooyyyhyaororors
yassysyrsshharyyoohhyoarsyohyohyryhsyayrahohssrooshhsyhhoooyyyhyaororors
yassysyrsshharyyoohhysyoarsyohyohyryhsyayrahohssrooshhsyhhoooyyyhyaororors
yassysyrsshharyyoohhyyoarsyohyohyryhsyayrahohssrooshhsyhhoooyyyhyaororors
yassysyrsshharyyoohohsyoarsyohyohyryhsyayrahohssrooshhsyhhoooyyyhyaororors
yassysyrsshharyyoohosyoarsyohyohyryhsyayrahohssrooshhsyhhoooyyyhyaororors
yassysyrsshharyyoohrhsyoarsyohyohyryhsyayrahohssrooshhsyhhoooyyyhyaororors
yassysyrsshharyyoohrsyoarsyohyohyryhsyayrahohssrooshhsyhhoooyyyhyaororors
yassysyrsshharyyoohshsyoarsyohyohyryhsyayrahohssrooshhsyhhoooyyyhyaororors
yassysyrsshharyyoohssyoarsyohyohyryhsyayrahohssrooshhsyhhoooyyyhyaororors
yassysyrsshharyyoohsyoarsyohyohyryhsyayrahohssrooshhsyhhoooyyyhyaororors
yassysyrsshharyyoohyhsyoarsyohyohyryhsyayrahohssrooshhsyhhoooyyyhyaororors
yassysyrsshharyyoohysyoarsyohyohyryhsyayrahohssrooshhsyhhoooyyyhyaororors
yassysyrsshharyyooohhsyoarsyohyohyryhsyayrahohssrooshhsyhhoooyyyhyaororors
yassysyrsshharyyooohsyoarsyohyohyryhsyayrahohssrooshhsyhhoooyyyhyaororors
yassysyrsshharyyoorhhsyoarsyohyohyryhsyayrahohssrooshhsyhhoooyyyhyaororors
yassysyrsshharyyoorhsyoarsyohyohyryhsyayrahohssrooshhsyhhoooyyyhyaororors
yassysyrsshharyyooshhsyoarsyohyohyryhsyayrahohssrooshhsyhhoooyyyhyaororors
yassysyrsshharyyooshsyoarsyohyohyryhsyayrahohssrooshhsyhhoooyyyhyaororors
yassysyrsshharyyooyhhsyoarsyohyohyryhsyayrahohssrooshhsyhhoooyyyhyaororors
yassysyrsshharyyooyhsyoarsyohyohyryhsyayrahohssrooshhsyhhoooyyyhyaororors
yassysyrsshharyyorhhsyoarsyohyohyryhsyayrahohssrooshhsyhhoooyyyhyaororors
yassysyrsshharyyorohhsyoarsyohyohyryhsyayrahohssrooshhsyhhoooyyyhyaororors
yassysyrsshharyyoshhsyoarsyohyohyryhsyayrahohssrooshhsyhhoooyyyhyaororors
yassysyrsshharyyosohhsyoarsyohyohyryhsyayrahohssrooshhsyhhoooyyyhyaororors
yassysyrsshharyyoyhhsyoarsyohyohyryhsyayrahohssrooshhsyhhoooyyyhyaororors
yassysyrsshharyyoyohhsyoarsyohyohyryhsyayrahohssrooshhsyhhoooyyyhyaororors
yassysyrsshharyyrohhsyoarsyohyohyryhsyayrahohssrooshhsyhhoooyyyhyaororors
yassysyrsshharyyroohhsyoarsyohyohyryhsyayrahohssrooshhsyhhoooyyyhyaororors
yassysyrsshharyysohhsyoarsyohyohyryhsyayrahohssrooshhsyhhoooyyyhyaororors
yassysyrsshharyysoohhsyoarsyohyohyryhsyayrahohssrooshhsyhhoooyyyhyaororors
yassysyrsshharyyyohhsyoarsyohyohyryhsyayrahohssrooshhsyhhoooyyyhyaororors
yassysyrsshharyyyoohhsyoarsyohyohyryhsyayrahohssrooshhsyhhoooyyyhyaororors
yassysyrsshhasryyoohhsyoarsyohyohyryhsyayrahohssrooshhsyhhoooyyyhyaororors
yassysyrsshhasyyoohhsyoarsyohyohyryhsyayrahohssrooshhsyhhoooyyyhyaororors
yassysyrsshhayryyoohhsyoarsyohyohyryhsyayrahohssrooshhsyhhoooyyyhyaororors
yassysyrsshhayyoohhsyoarsyohyohyryhsyayrahohssrooshhsyhhoooyyyhyaororors
yassysyrsshhayyyoohhsyoarsyohyohyryhsyayrahohssrooshhsyhhoooyyyhyaororors
yassysyrsshhharyyoohhsyoarsyohyohyryhsyayrahohssrooshhsyhhoooyyyhyaororors
yassysyrsshhhryyoohhsyoarsyohyohyryhsyayrahohssrooshhsyhhoooyyyhyaororors
yassysyrsshhoaryyoohhsyoarsyohyohyryhsyayrahohssrooshhsyhhoooyyyhyaororors
yassysyrsshhoryyoohhsyoarsyohyohyryhsyayrahohssrooshhsyhhoooyyyhyaororors
yassysyrsshhraryyoohhsyoarsyohyohyryhsyayrahohssrooshhsyhhoooyyyhyaororors
yassysyrsshhrryyoohhsyoarsyohyohyryhsyayrahohssrooshhsyhhoooyyyhyaororors
yassysyrsshhryyoohhsyoarsyohyohyryhsyayrahohssrooshhsyhhoooyyyhyaororors
yassysyrsshhsaryyoohhsyoarsyohyohyryhsyayrahohssrooshhsyhhoooyyyhyaororors
yassysyrsshhsryyoohhsyoarsyohyohyryhsyayrahohssrooshhsyhhoooyyyhyaororors
yassysyrsshhyaryyoohhsyoarsyohyohyryhsyayrahohssrooshhsyhhoooyyyhyaororors
yassysyrsshhyryyoohhsyoarsyohyohyryhsyayrahohssrooshhsyhhoooyyyhyaororors
yassysyrsshoaryyoohhsyoarsyohyohyryhsyayrahohssrooshhsyhhoooyyyhyaororors
yassysyrsshoharyyoohhsyoarsyohyohyryhsyayrahohssrooshhsyhhoooyyyhyaororors
yassysyrsshraryyoohhsyoarsyohyohyryhsyayrahohssrooshhsyhhoooyyyhyaororors
yassysyrsshrharyyoohhsyoarsyohyohyryhsyayrahohssrooshhsyhhoooyyyhyaororors
yassysyrsshsaryyoohhsyoarsyohyohyryhsyayrahohssrooshhsyhhoooyyyhyaororors
yassysyrsshsharyyoohhsyoarsyohyohyryhsyayrahohssrooshhsyhhoooyyyhyaororors
yassysyrsshyaryyoohhsyoarsyohyohyryhsyayrahohssrooshhsyhhoooyyyhyaororors
yassysyrsshyharyyoohhsyoarsyohyohyryhsyayrahohssrooshhsyhhoooyyyhyaororors
yassysyrssoharyyoohhsyoarsyohyohyryhsyayrahohssrooshhsyhhoooyyyhyaororors
yassysyrssohharyyoohhsyoarsyohyohyryhsyayrahohssrooshhsyhhoooyyyhyaororors
yassysyrssrharyyoohhsyoarsyohyohyryhsyayrahohssrooshhsyhhoooyyyhyaororors
yassysyrssrhharyyoohhsyoarsyohyohyryhsyayrahohssrooshhsyhhoooyyyhyaororors
yassysyrsssharyyoohhsyoarsyohyohyryhsyayrahohssrooshhsyhhoooyyyhyaororors
yassysyrssshharyyoohhsyoarsyohyohyryhsyayrahohssrooshhsyhhoooyyyhyaororors
yassysyrssyharyyoohhsyoarsyohyohyryhsyayrahohssrooshhsyhhoooyyyhyaororors
yassysyrssyhharyyoohhsyoarsyohyohyryhsyayrahohssrooshhsyhhoooyyyhyaororors
yassysyrsyhharyyoohhsyoarsyohyohyryhsyayrahohssrooshhsyhhoooyyyhyaororors
yassysyrsyshharyyoohhsyoarsyohyohyryhsyayrahohssrooshhsyhhoooyyyhyaororors
yassysyryshharyyoohhsyoarsyohyohyryhsyayrahohssrooshhsyhhoooyyyhyaororors
yassysyrysshharyyoohhsyoarsyohyohyryhsyayrahohssrooshhsyhhoooyyyhyaororors
yassysysrsshharyyoohhsyoarsyohyohyryhsyayrahohssrooshhsyhhoooyyyhyaororors
yassysysshharyyoohhsyoarsyohyohyryhsyayrahohssrooshhsyhhoooyyyhyaororors
yassysyssshharyyoohhsyoarsyohyohyryhsyayrahohssrooshhsyhhoooyyyhyaororors
yassysyyrsshharyyoohhsyoarsyohyohyryhsyayrahohssrooshhsyhhoooyyyhyaororors
yassysyysshharyyoohhsyoarsyohyohyryhsyayrahohssrooshhsyhhoooyyyhyaororors
yassyyrsshharyyoohhsyoarsyohyohyryhsyayrahohssrooshhsyhhoooyyyhyaororors
yassyysyrsshharyyoohhsyoarsyohyohyryhsyayrahohssrooshhsyhhoooyyyhyaororors
yassyyyrsshharyyoohhsyoarsyohyohyryhsyayrahohssrooshhsyhhoooyyyhyaororors
yasysyrsshharyyoohhsyoarsyohyohyryhsyayrahohssrooshhsyhhoooyyyhyaororors
yasysysyrsshharyyoohhsyoarsyohyohyryhsyayrahohssrooshhsyhhoooyyyhyaororors
yasyysyrsshharyyoohhsyoarsyohyohyryhsyayrahohssrooshhsyhhoooyyyhyaororors
yayssysyrsshharyyoohhsyoarsyohyohyryhsyayrahohssrooshhsyhhoooyyyhyaororors
yaysysyrsshharyyoohhsyoarsyohyohyryhsyayrahohssrooshhsyhhoooyyyhyaororors
yhassysyrsshharyyoohhsyoarsyohyohyryhsyayrahohssrooshhsyhhoooyyyhyaororors
yhssysyrsshharyyoohhsyoarsyohyohyryhsyayrahohssrooshhsyhhoooyyyhyaororors
yoassysyrsshharyyoohhsyoarsyohyohyryhsyayrahohssrooshhsyhhoooyyyhyaororors
yossysyrsshharyyoohhsyoarsyohyohyryhsyayrahohssrooshhsyhhoooyyyhyaororors
yrassysyrsshharyyoohhsyoarsyohyohyryhsyayrahohssrooshhsyhhoooyyyhyaororors
yrssysyrsshharyyoohhsyoarsyohyohyryhsyayrahohssrooshhsyhhoooyyyhyaororors
ysassysyrsshharyyoohhsyoarsyohyohyryhsyayrahohssrooshhsyhhoooyyyhyaororors
ysssysyrsshharyyoohhsyoarsyohyohyryhsyayrahohssrooshhsyhhoooyyyhyaororors
yssysyrsshharyyoohhsyoarsyohyohyryhsyayrahohssrooshhsyhhoooyyyhyaororors
yyassysyrsshharyyoohhsyoarsyohyohyryhsyayrahohssrooshhsyhhoooyyyhyaororors
yyssysyrsshharyyoohhsyoarsyohyohyryhsyayrahohssrooshhsyhhoooyyyhyaororors
