ccpercrpchfherrclrtpepftttftcteehchlcreftlctfpplpcrterpeeerlplttphpctcceffhlprrl
ccppercrpchfherrclrtpepftttftcteehchlcreftlctfpplpcrterpeeerlplttphpctcceffhlprrl
cepercrpchfherrclrtpepftttftcteehchlcreftlctfpplpcrterpeeerlplttphpctcceffhlprrl
ceppercrpchfherrclrtpepftttftcteehchlcreftlctfpplpcrterpeeerlplttphpctcceffhlprrl
cfpercrpchfherrclrtpepftttftcteehchlcreftlctfpplpcrterpeeerlplttphpctcceffhlprrl
cfppercrpchfherrclrtpepftttftcteehchlcreftlctfpplpcrterpeeerlplttphpctcceffhlprrl
chpercrpchfherrclrtpepftttftcteehchlcreftlctfpplpcrterpeeerlplttphpctcceffhlprrl
chppercrpchfherrclrtpepftttftcteehchlcreftlctfpplpcrterpeeerlplttphpctcceffhlprrl
clpercrpchfherrclrtpepftttftcteehchlcreftlctfpplpcrterpeeerlplttphpctcceffhlprrl
clppercrpchfherrclrtpepftttftcteehchlcreftlctfpplpcrterpeeerlplttphpctcceffhlprrl
cpcercrpchfherrclrtpepftttftcteehchlcreftlctfpplpcrterpeeerlplttphpctcceffhlprrl
cpcpercrpchfherrclrtpepftttftcteehchlcreftlctfpplpcrterpeeerlplttphpctcceffhlprrl
cpeercrpchfherrclrtpepftttftcteehchlcreftlctfpplpcrterpeeerlplttphpctcceffhlprrl
cpepercrpchfherrclrtpepftttftcteehchlcreftlctfpplpcrterpeeerlplttphpctcceffhlprrl
cpercrpchfherrclrtpepftttftcteehchlcreftlctfpplpcrterpeeerlplttphpctcceffhlprrl
cpfercrpchfherrclrtpepftttftcteehchlcreftlctfpplpcrterpeeerlplttphpctcceffhlprrl
cpfpercrpchfherrclrtpepftttftcteehchlcreftlctfpplpcrterpeeerlplttphpctcceffhlprrl
cphercrpchfherrclrtpepftttftcteehchlcreftlctfpplpcrterpeeerlplttphpctcceffhlprrl
cphpercrpchfherrclrtpepftttftcteehchlcreftlctfpplpcrterpeeerlplttphpctcceffhlprrl
cplercrpchfherrclrtpepftttftcteehchlcreftlctfpplpcrterpeeerlplttphpctcceffhlprrl
cplpercrpchfherrclrtpepftttftcteehchlcreftlctfpplpcrterpeeerlplttphpctcceffhlprrl
cppcercrpchfherrclrtpepftttftcteehchlcreftlctfpplpcrterpeeerlplttphpctcceffhlprrl
cppcrcrpchfherrclrtpepftttftcteehchlcreftlctfpplpcrterpeeerlplttphpctcceffhlprrl
cppeccrpchfherrclrtpepftttftcteehchlcreftlctfpplpcrterpeeerlplttphpctcceffhlprrl
cppecrcrpchfherrclrtpepftttftcteehchlcreftlctfpplpcrterpeeerlplttphpctcceffhlprrl
cppecrpchfherrclrtpepftttftcteehchlcreftlctfpplpcrterpeeerlplttphpctcceffhlprrl
cppeecrpchfherrclrtpepftttftcteehchlcreftlctfpplpcrterpeeerlplttphpctcceffhlprrl
cppeercrpchfherrclrtpepftttftcteehchlcreftlctfpplpcrterpeeerlplttphpctcceffhlprrl
cppefcrpchfherrclrtpepftttftcteehchlcreftlctfpplpcrterpeeerlplttphpctcceffhlprrl
cppefrcrpchfherrclrtpepftttftcteehchlcreftlctfpplpcrterpeeerlplttphpctcceffhlprrl
cppehcrpchfherrclrtpepftttftcteehchlcreftlctfpplpcrterpeeerlplttphpctcceffhlprrl
cppehrcrpchfherrclrtpepftttftcteehchlcreftlctfpplpcrterpeeerlplttphpctcceffhlprrl
cppelcrpchfherrclrtpepftttftcteehchlcreftlctfpplpcrterpeeerlplttphpctcceffhlprrl
cppelrcrpchfherrclrtpepftttftcteehchlcreftlctfpplpcrterpeeerlplttphpctcceffhlprrl
cppepcrpchfherrclrtpepftttftcteehchlcreftlctfpplpcrterpeeerlplttphpctcceffhlprrl
cppeprcrpchfherrclrtpepftttftcteehchlcreftlctfpplpcrterpeeerlplttphpctcceffhlprrl
cpperccpchfherrclrtpepftttftcteehchlcreftlctfpplpcrterpeeerlplttphpctcceffhlprrl
cpperccrpchfherrclrtpepftttftcteehchlcreftlctfpplpcrterpeeerlplttphpctcceffhlprrl
cppercepchfherrclrtpepftttftcteehchlcreftlctfpplpcrterpeeerlplttphpctcceffhlprrl
cppercerpchfherrclrtpepftttftcteehchlcreftlctfpplpcrterpeeerlplttphpctcceffhlprrl
cppercfpchfherrclrtpepftttftcteehchlcreftlctfpplpcrterpeeerlplttphpctcceffhlprrl
cppercfrpchfherrclrtpepftttftcteehchlcreftlctfpplpcrterpeeerlplttphpctcceffhlprrl
cpperchpchfherrclrtpepftttftcteehchlcreftlctfpplpcrterpeeerlplttphpctcceffhlprrl
cpperchrpchfherrclrtpepftttftcteehchlcreftlctfpplpcrterpeeerlplttphpctcceffhlprrl
cpperclpchfherrclrtpepftttftcteehchlcreftlctfpplpcrterpeeerlplttphpctcceffhlprrl
cpperclrpchfherrclrtpepftttftcteehchlcreftlctfpplpcrterpeeerlplttphpctcceffhlprrl
cppercpchfherrclrtpepftttftcteehchlcreftlctfpplpcrterpeeerlplttphpctcceffhlprrl
cppercppchfherrclrtpepftttftcteehchlcreftlctfpplpcrterpeeerlplttphpctcceffhlprrl
cppercprpchfherrclrtpepftttftcteehchlcreftlctfpplpcrterpeeerlplttphpctcceffhlprrl
cppercrcchfherrclrtpepftttftcteehchlcreftlctfpplpcrterpeeerlplttphpctcceffhlprrl
cppercrchfherrclrtpepftttftcteehchlcreftlctfpplpcrterpeeerlplttphpctcceffhlprrl
cppercrcpchfherrclrtpepftttftcteehchlcreftlctfpplpcrterpeeerlplttphpctcceffhlprrl
cppercrechfherrclrtpepftttftcteehchlcreftlctfpplpcrterpeeerlplttphpctcceffhlprrl
cppercrepchfherrclrtpepftttftcteehchlcreftlctfpplpcrterpeeerlplttphpctcceffhlprrl
cppercrfchfherrclrtpepftttftcteehchlcreftlctfpplpcrterpeeerlplttphpctcceffhlprrl
cppercrfpchfherrclrtpepftttftcteehchlcreftlctfpplpcrterpeeerlplttphpctcceffhlprrl
cppercrhchfherrclrtpepftttftcteehchlcreftlctfpplpcrterpeeerlplttphpctcceffhlprrl
cppercrhpchfherrclrtpepftttftcteehchlcreftlctfpplpcrterpeeerlplttphpctcceffhlprrl
cppercrlchfherrclrtpepftttftcteehchlcreftlctfpplpcrterpeeerlplttphpctcceffhlprrl
cppercrlpchfherrclrtpepftttftcteehchlcreftlctfpplpcrterpeeerlplttphpctcceffhlprrl
cppercrpccfherrclrtpepftttftcteehchlcreftlctfpplpcrterpeeerlplttphpctcceffhlprrl
cppercrpcchfherrclrtpepftttftcteehchlcreftlctfpplpcrterpeeerlplttphpctcceffhlprrl
cppercrpcefherrclrtpepftttftcteehchlcreftlctfpplpcrterpeeerlplttphpctcceffhlprrl
cppercrpcehfherrclrtpepftttftcteehchlcreftlctfpplpcrterpeeerlplttphpctcceffhlprrl
cppercrpcffherrclrtpepftttftcteehchlcreftlctfpplpcrterpeeerlplttphpctcceffhlprrl
cppercrpcfherrclrtpepftttftcteehchlcreftlctfpplpcrterpeeerlplttphpctcceffhlprrl
cppercrpcfhfherrclrtpepftttftcteehchlcreftlctfpplpcrterpeeerlplttphpctcceffhlprrl
cppercrpchcfherrclrtpepftttftcteehchlcreftlctfpplpcrterpeeerlplttphpctcceffhlprrl
cppercrpchcherrclrtpepftttftcteehchlcreftlctfpplpcrterpeeerlplttphpctcceffhlprrl
cppercrpchefherrclrtpepftttftcteehchlcreftlctfpplpcrterpeeerlplttphpctcceffhlprrl
cppercrpcheherrclrtpepftttftcteehchlcreftlctfpplpcrterpeeerlplttphpctcceffhlprrl
cppercrpchfcerrclrtpepftttftcteehchlcreftlctfpplpcrterpeeerlplttphpctcceffhlprrl
cppercrpchfcherrclrtpepftttftcteehchlcreftlctfpplpcrterpeeerlplttphpctcceffhlprrl
cppercrpchfeerrclrtpepftttftcteehchlcreftlctfpplpcrterpeeerlplttphpctcceffhlprrl
cppercrpchfeherrclrtpepftttftcteehchlcreftlctfpplpcrterpeeerlplttphpctcceffhlprrl
cppercrpchferrclrtpepftttftcteehchlcreftlctfpplpcrterpeeerlplttphpctcceffhlprrl
cppercrpchfferrclrtpepftttftcteehchlcreftlctfpplpcrterpeeerlplttphpctcceffhlprrl
cppercrpchffherrclrtpepftttftcteehchlcreftlctfpplpcrterpeeerlplttphpctcceffhlprrl
cppercrpchfhcerrclrtpepftttftcteehchlcreftlctfpplpcrterpeeerlplttphpctcceffhlprrl
cppercrpchfhcrrclrtpepftttftcteehchlcreftlctfpplpcrterpeeerlplttphpctcceffhlprrl
cppercrpchfhecrclrtpepftttftcteehchlcreftlctfpplpcrterpeeerlplttphpctcceffhlprrl
cppercrpchfhecrrclrtpepftttftcteehchlcreftlctfpplpcrterpeeerlplttphpctcceffhlprrl
cppercrpchfheerclrtpepftttftcteehchlcreftlctfpplpcrterpeeerlplttphpctcceffhlprrl
cppercrpchfheerrclrtpepftttftcteehchlcreftlctfpplpcrterpeeerlplttphpctcceffhlprrl
cppercrpchfhefrclrtpepftttftcteehchlcreftlctfpplpcrterpeeerlplttphpctcceffhlprrl
cppercrpchfhefrrclrtpepftttftcteehchlcreftlctfpplpcrterpeeerlplttphpctcceffhlprrl
cppercrpchfhehrclrtpepftttftcteehchlcreftlctfpplpcrterpeeerlplttphpctcceffhlprrl
cppercrpchfhehrrclrtpepftttftcteehchlcreftlctfpplpcrterpeeerlplttphpctcceffhlprrl
cppercrpchfhelrclrtpepftttftcteehchlcreftlctfpplpcrterpeeerlplttphpctcceffhlprrl
cppercrpchfhelrrclrtpepftttftcteehchlcreftlctfpplpcrterpeeerlplttphpctcceffhlprrl
cppercrpchfheprclrtpepftttftcteehchlcreftlctfpplpcrterpeeerlplttphpctcceffhlprrl
cppercrpchfheprrclrtpepftttftcteehchlcreftlctfpplpcrterpeeerlplttphpctcceffhlprrl
cppercrpchfhercclrtpepftttftcteehchlcreftlctfpplpcrterpeeerlplttphpctcceffhlprrl
cppercrpchfherclrtpepftttftcteehchlcreftlctfpplpcrterpeeerlplttphpctcceffhlprrl
cppercrpchfhercrclrtpepftttftcteehchlcreftlctfpplpcrterpeeerlplttphpctcceffhlprrl
cppercrpchfhereclrtpepftttftcteehchlcreftlctfpplpcrterpeeerlplttphpctcceffhlprrl
cppercrpchfhererclrtpepftttftcteehchlcreftlctfpplpcrterpeeerlplttphpctcceffhlprrl
cppercrpchfherfclrtpepftttftcteehchlcreftlctfpplpcrterpeeerlplttphpctcceffhlprrl
cppercrpchfherfrclrtpepftttftcteehchlcreftlctfpplpcrterpeeerlplttphpctcceffhlprrl
cppercrpchfherhclrtpepftttftcteehchlcreftlctfpplpcrterpeeerlplttphpctcceffhlprrl
cppercrpchfherhrclrtpepftttftcteehchlcreftlctfpplpcrterpeeerlplttphpctcceffhlprrl
cppercrpchfherlclrtpepftttftcteehchlcreftlctfpplpcrterpeeerlplttphpctcceffhlprrl
cppercrpchfherlrclrtpepftttftcteehchlcreftlctfpplpcrterpeeerlplttphpctcceffhlprrl
cppercrpchfherpclrtpepftttftcteehchlcreftlctfpplpcrterpeeerlplttphpctcceffhlprrl
cppercrpchfherprclrtpepftttftcteehchlcreftlctfpplpcrterpeeerlplttphpctcceffhlprrl
cppercrpchfherrcclrtpepftttftcteehchlcreftlctfpplpcrterpeeerlplttphpctcceffhlprrl
cppercrpchfherrccrtpepftttftcteehchlcreftlctfpplpcrterpeeerlplttphpctcceffhlprrl
cppercrpchfherrcelrtpepftttftcteehchlcreftlctfpplpcrterpeeerlplttphpctcceffhlprrl
cppercrpchfherrcertpepftttftcteehchlcreftlctfpplpcrterpeeerlplttphpctcceffhlprrl
cppercrpchfherrcflrtpepftttftcteehchlcreftlctfpplpcrterpeeerlplttphpctcceffhlprrl
cppercrpchfherrcfrtpepftttftcteehchlcreftlctfpplpcrterpeeerlplttphpctcceffhlprrl
cppercrpchfherrchlrtpepftttftcteehchlcreftlctfpplpcrterpeeerlplttphpctcceffhlprrl
cppercrpchfherrchrtpepftttftcteehchlcreftlctfpplpcrterpeeerlplttphpctcceffhlprrl
cppercrpchfherrclcrtpepftttftcteehchlcreftlctfpplpcrterpeeerlplttphpctcceffhlprrl
cppercrpchfherrclctpepftttftcteehchlcreftlctfpplpcrterpeeerlplttphpctcceffhlprrl
cppercrpchfherrclertpepftttftcteehchlcreftlctfpplpcrterpeeerlplttphpctcceffhlprrl
cppercrpchfherrcletpepftttftcteehchlcreftlctfpplpcrterpeeerlplttphpctcceffhlprrl
cppercrpchfherrclfrtpepftttftcteehchlcreftlctfpplpcrterpeeerlplttphpctcceffhlprrl
cppercrpchfherrclftpepftttftcteehchlcreftlctfpplpcrterpeeerlplttphpctcceffhlprrl
cppercrpchfherrclhrtpepftttftcteehchlcreftlctfpplpcrterpeeerlplttphpctcceffhlprrl
cppercrpchfherrclhtpepftttftcteehchlcreftlctfpplpcrterpeeerlplttphpctcceffhlprrl
cppercrpchfherrcllrtpepftttftcteehchlcreftlctfpplpcrterpeeerlplttphpctcceffhlprrl
cppercrpchfherrclltpepftttftcteehchlcreftlctfpplpcrterpeeerlplttphpctcceffhlprrl
cppercrpchfherrclprtpepftttftcteehchlcreftlctfpplpcrterpeeerlplttphpctcceffhlprrl
cppercrpchfherrclptpepftttftcteehchlcreftlctfpplpcrterpeeerlplttphpctcceffhlprrl
cppercrpchfherrclrcpepftttftcteehchlcreftlctfpplpcrterpeeerlplttphpctcceffhlprrl
cppercrpchfherrclrctpepftttftcteehchlcreftlctfpplpcrterpeeerlplttphpctcceffhlprrl
cppercrpchfherrclrepepftttftcteehchlcreftlctfpplpcrterpeeerlplttphpctcceffhlprrl
cppercrpchfherrclretpepftttftcteehchlcreftlctfpplpcrterpeeerlplttphpctcceffhlprrl
cppercrpchfherrclrfpepftttftcteehchlcreftlctfpplpcrterpeeerlplttphpctcceffhlprrl
cppercrpchfherrclrftpepftttftcteehchlcreftlctfpplpcrterpeeerlplttphpctcceffhlprrl
cppercrpchfherrclrhpepftttftcteehchlcreftlctfpplpcrterpeeerlplttphpctcceffhlprrl
cppercrpchfherrclrhtpepftttftcteehchlcreftlctfpplpcrterpeeerlplttphpctcceffhlprrl
cppercrpchfherrclrlpepftttftcteehchlcreftlctfpplpcrterpeeerlplttphpctcceffhlprrl
cppercrpchfherrclrltpepftttftcteehchlcreftlctfpplpcrterpeeerlplttphpctcceffhlprrl
cppercrpchfherrclrpepftttftcteehchlcreftlctfpplpcrterpeeerlplttphpctcceffhlprrl
cppercrpchfherrclrppepftttftcteehchlcreftlctfpplpcrterpeeerlplttphpctcceffhlprrl
cppercrpchfherrclrptpepftttftcteehchlcreftlctfpplpcrterpeeerlplttphpctcceffhlprrl
cppercrpchfherrclrrpepftttftcteehchlcreftlctfpplpcrterpeeerlplttphpctcceffhlprrl
cppercrpchfherrclrrtpepftttftcteehchlcreftlctfpplpcrterpeeerlplttphpctcceffhlprrl
cppercrpchfherrclrtcepftttftcteehchlcreftlctfpplpcrterpeeerlplttphpctcceffhlprrl
cppercrpchfherrclrtcpepftttftcteehchlcreftlctfpplpcrterpeeerlplttphpctcceffhlprrl
cppercrpchfherrclrteepftttftcteehchlcreftlctfpplpcrterpeeerlplttphpctcceffhlprrl
cppercrpchfherrclrtepepftttftcteehchlcreftlctfpplpcrterpeeerlplttphpctcceffhlprrl
cppercrpchfherrclrtepftttftcteehchlcreftlctfpplpcrterpeeerlplttphpctcceffhlprrl
cppercrpchfherrclrtfepftttftcteehchlcreftlctfpplpcrterpeeerlplttphpctcceffhlprrl
cppercrpchfherrclrtfpepftttftcteehchlcreftlctfpplpcrterpeeerlplttphpctcceffhlprrl
cppercrpchfherrclrthepftttftcteehchlcreftlctfpplpcrterpeeerlplttphpctcceffhlprrl
cppercrpchfherrclrthpepftttftcteehchlcreftlctfpplpcrterpeeerlplttphpctcceffhlprrl
cppercrpchfherrclrtlepftttftcteehchlcreftlctfpplpcrterpeeerlplttphpctcceffhlprrl
cppercrpchfherrclrtlpepftttftcteehchlcreftlctfpplpcrterpeeerlplttphpctcceffhlprrl
cppercrpchfherrclrtpcepftttftcteehchlcreftlctfpplpcrterpeeerlplttphpctcceffhlprrl
cppercrpchfherrclrtpcpftttftcteehchlcreftlctfpplpcrterpeeerlplttphpctcceffhlprrl
cppercrpchfherrclrtpecftttftcteehchlcreftlctfpplpcrterpeeerlplttphpctcceffhlprrl
cppercrpchfherrclrtpecpftttftcteehchlcreftlctfpplpcrterpeeerlplttphpctcceffhlprrl
cppercrpchfherrclrtpeeftttftcteehchlcreftlctfpplpcrterpeeerlplttphpctcceffhlprrl
cppercrpchfherrclrtpeepftttftcteehchlcreftlctfpplpcrterpeeerlplttphpctcceffhlprrl
cppercrpchfherrclrtpefftttftcteehchlcreftlctfpplpcrterpeeerlplttphpctcceffhlprrl
cppercrpchfherrclrtpefpftttftcteehchlcreftlctfpplpcrterpeeerlplttphpctcceffhlprrl
cppercrpchfherrclrtpeftttftcteehchlcreftlctfpplpcrterpeeerlplttphpctcceffhlprrl
cppercrpchfherrclrtpehftttftcteehchlcreftlctfpplpcrterpeeerlplttphpctcceffhlprrl
cppercrpchfherrclrtpehpftttftcteehchlcreftlctfpplpcrterpeeerlplttphpctcceffhlprrl
cppercrpchfherrclrtpelftttftcteehchlcreftlctfpplpcrterpeeerlplttphpctcceffhlprrl
cppercrpchfherrclrtpelpftttftcteehchlcreftlctfpplpcrterpeeerlplttphpctcceffhlprrl
cppercrpchfherrclrtpepcftttftcteehchlcreftlctfpplpcrterpeeerlplttphpctcceffhlprrl
cppercrpchfherrclrtpepctttftcteehchlcreftlctfpplpcrterpeeerlplttphpctcceffhlprrl
cppercrpchfherrclrtpepeftttftcteehchlcreftlctfpplpcrterpeeerlplttphpctcceffhlprrl
cppercrpchfherrclrtpepetttftcteehchlcreftlctfpplpcrterpeeerlplttphpctcceffhlprrl
cppercrpchfherrclrtpepfcttftcteehchlcreftlctfpplpcrterpeeerlplttphpctcceffhlprrl
cppercrpchfherrclrtpepfctttftcteehchlcreftlctfpplpcrterpeeerlplttphpctcceffhlprrl
cppercrpchfherrclrtpepfettftcteehchlcreftlctfpplpcrterpeeerlplttphpctcceffhlprrl
cppercrpchfherrclrtpepfetttftcteehchlcreftlctfpplpcrterpeeerlplttphpctcceffhlprrl
cppercrpchfherrclrtpepffttftcteehchlcreftlctfpplpcrterpeeerlplttphpctcceffhlprrl
cppercrpchfherrclrtpepfftttftcteehchlcreftlctfpplpcrterpeeerlplttphpctcceffhlprrl
cppercrpchfherrclrtpepfhttftcteehchlcreftlctfpplpcrterpeeerlplttphpctcceffhlprrl
cppercrpchfherrclrtpepfhtttftcteehchlcreftlctfpplpcrterpeeerlplttphpctcceffhlprrl
cppercrpchfherrclrtpepflttftcteehchlcreftlctfpplpcrterpeeerlplttphpctcceffhlprrl
cppercrpchfherrclrtpepfltttftcteehchlcreftlctfpplpcrterpeeerlplttphpctcceffhlprrl
cppercrpchfherrclrtpepfpttftcteehchlcreftlctfpplpcrterpeeerlplttphpctcceffhlprrl
cppercrpchfherrclrtpepfptttftcteehchlcreftlctfpplpcrterpeeerlplttphpctcceffhlprrl
cppercrpchfherrclrtpepfrttftcteehchlcreftlctfpplpcrterpeeerlplttphpctcceffhlprrl
cppercrpchfherrclrtpepfrtttftcteehchlcreftlctfpplpcrterpeeerlplttphpctcceffhlprrl
cppercrpchfherrclrtpepftctftcteehchlcreftlctfpplpcrterpeeerlplttphpctcceffhlprrl
cppercrpchfherrclrtpepftcttftcteehchlcreftlctfpplpcrterpeeerlplttphpctcceffhlprrl
cppercrpchfherrclrtpepftetftcteehchlcreftlctfpplpcrterpeeerlplttphpctcceffhlprrl
cppercrpchfherrclrtpepftettftcteehchlcreftlctfpplpcrterpeeerlplttphpctcceffhlprrl
cppercrpchfherrclrtpepftftftcteehchlcreftlctfpplpcrterpeeerlplttphpctcceffhlprrl
cppercrpchfherrclrtpepftfttftcteehchlcreftlctfpplpcrterpeeerlplttphpctcceffhlprrl
cppercrpchfherrclrtpepfthtftcteehchlcreftlctfpplpcrterpeeerlplttphpctcceffhlprrl
cppercrpchfherrclrtpepfthttftcteehchlcreftlctfpplpcrterpeeerlplttphpctcceffhlprrl
cppercrpchfherrclrtpepftltftcteehchlcreftlctfpplpcrterpeeerlplttphpctcceffhlprrl
cppercrpchfherrclrtpepftlttftcteehchlcreftlctfpplpcrterpeeerlplttphpctcceffhlprrl
cppercrpchfherrclrtpepftptftcteehchlcreftlctfpplpcrterpeeerlplttphpctcceffhlprrl
cppercrpchfherrclrtpepftpttftcteehchlcreftlctfpplpcrterpeeerlplttphpctcceffhlprrl
cppercrpchfherrclrtpepftrtftcteehchlcreftlctfpplpcrterpeeerlplttphpctcceffhlprrl
cppercrpchfherrclrtpepftrttftcteehchlcreftlctfpplpcrterpeeerlplttphpctcceffhlprrl
cppercrpchfherrclrtpepfttcftcteehchlcreftlctfpplpcrterpeeerlplttphpctcceffhlprrl
cppercrpchfherrclrtpepfttctftcteehchlcreftlctfpplpcrterpeeerlplttphpctcceffhlprrl
cppercrpchfherrclrtpepftteftcteehchlcreftlctfpplpcrterpeeerlplttphpctcceffhlprrl
cppercrpchfherrclrtpepfttetftcteehchlcreftlctfpplpcrterpeeerlplttphpctcceffhlprrl
cppercrpchfherrclrtpepfttfftcteehchlcreftlctfpplpcrterpeeerlplttphpctcceffhlprrl
cppercrpchfherrclrtpepfttftcteehchlcreftlctfpplpcrterpeeerlplttphpctcceffhlprrl
cppercrpchfherrclrtpepfttftftcteehchlcreftlctfpplpcrterpeeerlplttphpctcceffhlprrl
cppercrpchfherrclrtpepftthftcteehchlcreftlctfpplpcrterpeeerlplttphpctcceffhlprrl
cppercrpchfherrclrtpepftthtftcteehchlcreftlctfpplpcrterpeeerlplttphpctcceffhlprrl
cppercrpchfherrclrtpepfttlftcteehchlcreftlctfpplpcrterpeeerlplttphpctcceffhlprrl
cppercrpchfherrclrtpepfttltftcteehchlcreftlctfpplpcrterpeeerlplttphpctcceffhlprrl
cppercrpchfherrclrtpepfttpftcteehchlcreftlctfpplpcrterpeeerlplttphpctcceffhlprrl
cppercrpchfherrclrtpepfttptftcteehchlcreftlctfpplpcrterpeeerlplttphpctcceffhlprrl
cppercrpchfherrclrtpepfttrftcteehchlcreftlctfpplpcrterpeeerlplttphpctcceffhlprrl
cppercrpchfherrclrtpepfttrtftcteehchlcreftlctfpplpcrterpeeerlplttphpctcceffhlprrl
cppercrpchfherrclrtpepftttcftcteehchlcreftlctfpplpcrterpeeerlplttphpctcceffhlprrl
cppercrpchfherrclrtpepftttctcteehchlcreftlctfpplpcrterpeeerlplttphpctcceffhlprrl
cppercrpchfherrclrtpepfttteftcteehchlcreftlctfpplpcrterpeeerlplttphpctcceffhlprrl
cppercrpchfherrclrtpepftttetcteehchlcreftlctfpplpcrterpeeerlplttphpctcceffhlprrl
cppercrpchfherrclrtpepftttfccteehchlcreftlctfpplpcrterpeeerlplttphpctcceffhlprrl
cppercrpchfherrclrtpepftttfctcteehchlcreftlctfpplpcrterpeeerlplttphpctcceffhlprrl
cppercrpchfherrclrtpepftttfcteehchlcreftlctfpplpcrterpeeerlplttphpctcceffhlprrl
cppercrpchfherrclrtpepftttfecteehchlcreftlctfpplpcrterpeeerlplttphpctcceffhlprrl
cppercrpchfherrclrtpepftttfetcteehchlcreftlctfpplpcrterpeeerlplttphpctcceffhlprrl
cppercrpchfherrclrtpepftttffcteehchlcreftlctfpplpcrterpeeerlplttphpctcceffhlprrl
cppercrpchfherrclrtpepftttfftcteehchlcreftlctfpplpcrterpeeerlplttphpctcceffhlprrl
cppercrpchfherrclrtpepftttfhcteehchlcreftlctfpplpcrterpeeerlplttphpctcceffhlprrl
cppercrpchfherrclrtpepftttfhtcteehchlcreftlctfpplpcrterpeeerlplttphpctcceffhlprrl
cppercrpchfherrclrtpepftttflcteehchlcreftlctfpplpcrterpeeerlplttphpctcceffhlprrl
cppercrpchfherrclrtpepftttfltcteehchlcreftlctfpplpcrterpeeerlplttphpctcceffhlprrl
cppercrpchfherrclrtpepftttfpcteehchlcreftlctfpplpcrterpeeerlplttphpctcceffhlprrl
cppercrpchfherrclrtpepftttfptcteehchlcreftlctfpplpcrterpeeerlplttphpctcceffhlprrl
cppercrpchfherrclrtpepftttfrcteehchlcreftlctfpplpcrterpeeerlplttphpctcceffhlprrl
cppercrpchfherrclrtpepftttfrtcteehchlcreftlctfpplpcrterpeeerlplttphpctcceffhlprrl
cppercrpchfherrclrtpepftttftcceehchlcreftlctfpplpcrterpeeerlplttphpctcceffhlprrl
cppercrpchfherrclrtpepftttftccteehchlcreftlctfpplpcrterpeeerlplttphpctcceffhlprrl
cppercrpchfherrclrtpepftttftceeehchlcreftlctfpplpcrterpeeerlplttphpctcceffhlprrl
cppercrpchfherrclrtpepftttftceehchlcreftlctfpplpcrterpeeerlplttphpctcceffhlprrl
cppercrpchfherrclrtpepftttftceteehchlcreftlctfpplpcrterpeeerlplttphpctcceffhlprrl
cppercrpchfherrclrtpepftttftcfeehchlcreftlctfpplpcrterpeeerlplttphpctcceffhlprrl
cppercrpchfherrclrtpepftttftcfteehchlcreftlctfpplpcrterpeeerlplttphpctcceffhlprrl
cppercrpchfherrclrtpepftttftcheehchlcreftlctfpplpcrterpeeerlplttphpctcceffhlprrl
cppercrpchfherrclrtpepftttftchteehchlcreftlctfpplpcrterpeeerlplttphpctcceffhlprrl
cppercrpchfherrclrtpepftttftcleehchlcreftlctfpplpcrterpeeerlplttphpctcceffhlprrl
cppercrpchfherrclrtpepftttftclteehchlcreftlctfpplpcrterpeeerlplttphpctcceffhlprrl
cppercrpchfherrclrtpepftttftcpeehchlcreftlctfpplpcrterpeeerlplttphpctcceffhlprrl
cppercrpchfherrclrtpepftttftcpteehchlcreftlctfpplpcrterpeeerlplttphpctcceffhlprrl
cppercrpchfherrclrtpepftttftcreehchlcreftlctfpplpcrterpeeerlplttphpctcceffhlprrl
cppercrpchfherrclrtpepftttftcrteehchlcreftlctfpplpcrterpeeerlplttphpctcceffhlprrl
cppercrpchfherrclrtpepftttftctceehchlcreftlctfpplpcrterpeeerlplttphpctcceffhlprrl
cppercrpchfherrclrtpepftttftctcehchlcreftlctfpplpcrterpeeerlplttphpctcceffhlprrl
cppercrpchfherrclrtpepftttftctecehchlcreftlctfpplpcrterpeeerlplttphpctcceffhlprrl
cppercrpchfherrclrtpepftttftctechchlcreftlctfpplpcrterpeeerlplttphpctcceffhlprrl
cppercrpchfherrclrtpepftttftcteecchlcreftlctfpplpcrterpeeerlplttphpctcceffhlprrl
cppercrpchfherrclrtpepftttftcteechchlcreftlctfpplpcrterpeeerlplttphpctcceffhlprrl
cppercrpchfherrclrtpepftttftcteechlcreftlctfpplpcrterpeeerlplttphpctcceffhlprrl
cppercrpchfherrclrtpepftttftcteeechlcreftlctfpplpcrterpeeerlplttphpctcceffhlprrl
cppercrpchfherrclrtpepftttftcteeehchlcreftlctfpplpcrterpeeerlplttphpctcceffhlprrl
cppercrpchfherrclrtpepftttftcteefchlcreftlctfpplpcrterpeeerlplttphpctcceffhlprrl
cppercrpchfherrclrtpepftttftcteefhchlcreftlctfpplpcrterpeeerlplttphpctcceffhlprrl
cppercrpchfherrclrtpepftttftcteehcchlcreftlctfpplpcrterpeeerlplttphpctcceffhlprrl
cppercrpchfherrclrtpepftttftcteehcclcreftlctfpplpcrterpeeerlplttphpctcceffhlprrl
cppercrpchfherrclrtpepftttftcteehcehlcreftlctfpplpcrterpeeerlplttphpctcceffhlprrl
cppercrpchfherrclrtpepftttftcteehcelcreftlctfpplpcrterpeeerlplttphpctcceffhlprrl
cppercrpchfherrclrtpepftttftcteehcfhlcreftlctfpplpcrterpeeerlplttphpctcceffhlprrl
cppercrpchfherrclrtpepftttftcteehcflcreftlctfpplpcrterpeeerlplttphpctcceffhlprrl
cppercrpchfherrclrtpepftttftcteehchccreftlctfpplpcrterpeeerlplttphpctcceffhlprrl
cppercrpchfherrclrtpepftttftcteehchclcreftlctfpplpcrterpeeerlplttphpctcceffhlprrl
cppercrpchfherrclrtpepftttftcteehchcreftlctfpplpcrterpeeerlplttphpctcceffhlprrl
cppercrpchfherrclrtpepftttftcteehchecreftlctfpplpcrterpeeerlplttphpctcceffhlprrl
cppercrpchfherrclrtpepftttftcteehchelcreftlctfpplpcrterpeeerlplttphpctcceffhlprrl
cppercrpchfherrclrtpepftttftcteehchfcreftlctfpplpcrterpeeerlplttphpctcceffhlprrl
cppercrpchfherrclrtpepftttftcteehchflcreftlctfpplpcrterpeeerlplttphpctcceffhlprrl
cppercrpchfherrclrtpepftttftcteehchhcreftlctfpplpcrterpeeerlplttphpctcceffhlprrl
cppercrpchfherrclrtpepftttftcteehchhlcreftlctfpplpcrterpeeerlplttphpctcceffhlprrl
cppercrpchfherrclrtpepftttftcteehchlcceftlctfpplpcrterpeeerlplttphpctcceffhlprrl
cppercrpchfherrclrtpepftttftcteehchlccreftlctfpplpcrterpeeerlplttphpctcceffhlprrl
cppercrpchfherrclrtpepftttftcteehchlceeftlctfpplpcrterpeeerlplttphpctcceffhlprrl
cppercrpchfherrclrtpepftttftcteehchlceftlctfpplpcrterpeeerlplttphpctcceffhlprrl
cppercrpchfherrclrtpepftttftcteehchlcereftlctfpplpcrterpeeerlplttphpctcceffhlprrl
cppercrpchfherrclrtpepftttftcteehchlcfeftlctfpplpcrterpeeerlplttphpctcceffhlprrl
cppercrpchfherrclrtpepftttftcteehchlcfreftlctfpplpcrterpeeerlplttphpctcceffhlprrl
cppercrpchfherrclrtpepftttftcteehchlcheftlctfpplpcrterpeeerlplttphpctcceffhlprrl
cppercrpchfherrclrtpepftttftcteehchlchreftlctfpplpcrterpeeerlplttphpctcceffhlprrl
cppercrpchfherrclrtpepftttftcteehchlcleftlctfpplpcrterpeeerlplttphpctcceffhlprrl
cppercrpchfherrclrtpepftttftcteehchlclreftlctfpplpcrterpeeerlplttphpctcceffhlprrl
cppercrpchfherrclrtpepftttftcteehchlcpeftlctfpplpcrterpeeerlplttphpctcceffhlprrl
cppercrpchfherrclrtpepftttftcteehchlcpreftlctfpplpcrterpeeerlplttphpctcceffhlprrl
cppercrpchfherrclrtpepftttftcteehchlcrceftlctfpplpcrterpeeerlplttphpctcceffhlprrl
cppercrpchfherrclrtpepftttftcteehchlcrcftlctfpplpcrterpeeerlplttphpctcceffhlprrl
cppercrpchfherrclrtpepftttftcteehchlcrecftlctfpplpcrterpeeerlplttphpctcceffhlprrl
cppercrpchfherrclrtpepftttftcteehchlcrectlctfpplpcrterpeeerlplttphpctcceffhlprrl
cppercrpchfherrclrtpepftttftcteehchlcreeftlctfpplpcrterpeeerlplttphpctcceffhlprrl
cppercrpchfherrclrtpepftttftcteehchlcreetlctfpplpcrterpeeerlplttphpctcceffhlprrl
cppercrpchfherrclrtpepftttftcteehchlcrefclctfpplpcrterpeeerlplttphpctcceffhlprrl
cppercrpchfherrclrtpepftttftcteehchlcrefctlctfpplpcrterpeeerlplttphpctcceffhlprrl
cppercrpchfherrclrtpepftttftcteehchlcrefelctfpplpcrterpeeerlplttphpctcceffhlprrl
cppercrpchfherrclrtpepftttftcteehchlcrefetlctfpplpcrterpeeerlplttphpctcceffhlprrl
cppercrpchfherrclrtpepftttftcteehchlcrefflctfpplpcrterpeeerlplttphpctcceffhlprrl
cppercrpchfherrclrtpepftttftcteehchlcrefftlctfpplpcrterpeeerlplttphpctcceffhlprrl
cppercrpchfherrclrtpepftttftcteehchlcrefhlctfpplpcrterpeeerlplttphpctcceffhlprrl
cppercrpchfherrclrtpepftttftcteehchlcrefhtlctfpplpcrterpeeerlplttphpctcceffhlprrl
cppercrpchfherrclrtpepftttftcteehchlcreflctfpplpcrterpeeerlplttphpctcceffhlprrl
cppercrpchfherrclrtpepftttftcteehchlcrefllctfpplpcrterpeeerlplttphpctcceffhlprrl
cppercrpchfherrclrtpepftttftcteehchlcrefltlctfpplpcrterpeeerlplttphpctcceffhlprrl
cppercrpchfherrclrtpepftttftcteehchlcrefplctfpplpcrterpeeerlplttphpctcceffhlprrl
cppercrpchfherrclrtpepftttftcteehchlcrefptlctfpplpcrterpeeerlplttphpctcceffhlprrl
cppercrpchfherrclrtpepftttftcteehchlcrefrlctfpplpcrterpeeerlplttphpctcceffhlprrl
cppercrpchfherrclrtpepftttftcteehchlcrefrtlctfpplpcrterpeeerlplttphpctcceffhlprrl
cppercrpchfherrclrtpepftttftcteehchlcreftcctfpplpcrterpeeerlplttphpctcceffhlprrl
cppercrpchfherrclrtpepftttftcteehchlcreftclctfpplpcrterpeeerlplttphpctcceffhlprrl
cppercrpchfherrclrtpepftttftcteehchlcreftctfpplpcrterpeeerlplttphpctcceffhlprrl
cppercrpchfherrclrtpepftttftcteehchlcreftectfpplpcrterpeeerlplttphpctcceffhlprrl
cppercrpchfherrclrtpepftttftcteehchlcreftelctfpplpcrterpeeerlplttphpctcceffhlprrl
cppercrpchfherrclrtpepftttftcteehchlcreftfctfpplpcrterpeeerlplttphpctcceffhlprrl
cppercrpchfherrclrtpepftttftcteehchlcreftflctfpplpcrterpeeerlplttphpctcceffhlprrl
cppercrpchfherrclrtpepftttftcteehchlcrefthctfpplpcrterpeeerlplttphpctcceffhlprrl
cppercrpchfherrclrtpepftttftcteehchlcrefthlctfpplpcrterpeeerlplttphpctcceffhlprrl
cppercrpchfherrclrtpepftttftcteehchlcreftlccfpplpcrterpeeerlplttphpctcceffhlprrl
cppercrpchfherrclrtpepftttftcteehchlcreftlcctfpplpcrterpeeerlplttphpctcceffhlprrl
cppercrpchfherrclrtpepftttftcteehchlcreftlcefpplpcrterpeeerlplttphpctcceffhlprrl
cppercrpchfherrclrtpepftttftcteehchlcreftlcetfpplpcrterpeeerlplttphpctcceffhlprrl
cppercrpchfherrclrtpepftttftcteehchlcreftlcffpplpcrterpeeerlplttphpctcceffhlprrl
cppercrpchfherrclrtpepftttftcteehchlcreftlcfpplpcrterpeeerlplttphpctcceffhlprrl
cppercrpchfherrclrtpepftttftcteehchlcreftlcftfpplpcrterpeeerlplttphpctcceffhlprrl
cppercrpchfherrclrtpepftttftcteehchlcreftlchfpplpcrterpeeerlplttphpctcceffhlprrl
cppercrpchfherrclrtpepftttftcteehchlcreftlchtfpplpcrterpeeerlplttphpctcceffhlprrl
cppercrpchfherrclrtpepftttftcteehchlcreftlclfpplpcrterpeeerlplttphpctcceffhlprrl
cppercrpchfherrclrtpepftttftcteehchlcreftlcltfpplpcrterpeeerlplttphpctcceffhlprrl
cppercrpchfherrclrtpepftttftcteehchlcreftlcpfpplpcrterpeeerlplttphpctcceffhlprrl
cppercrpchfherrclrtpepftttftcteehchlcreftlcptfpplpcrterpeeerlplttphpctcceffhlprrl
cppercrpchfherrclrtpepftttftcteehchlcreftlcrfpplpcrterpeeerlplttphpctcceffhlprrl
cppercrpchfherrclrtpepftttftcteehchlcreftlcrtfpplpcrterpeeerlplttphpctcceffhlprrl
cppercrpchfherrclrtpepftttftcteehchlcreftlctcfpplpcrterpeeerlplttphpctcceffhlprrl
cppercrpchfherrclrtpepftttftcteehchlcreftlctcpplpcrterpeeerlplttphpctcceffhlprrl
cppercrpchfherrclrtpepftttftcteehchlcreftlctefpplpcrterpeeerlplttphpctcceffhlprrl
cppercrpchfherrclrtpepftttftcteehchlcreftlctepplpcrterpeeerlplttphpctcceffhlprrl
cppercrpchfherrclrtpepftttftcteehchlcreftlctfcplpcrterpeeerlplttphpctcceffhlprrl
cppercrpchfherrclrtpepftttftcteehchlcreftlctfcpplpcrterpeeerlplttphpctcceffhlprrl
cppercrpchfherrclrtpepftttftcteehchlcreftlctfeplpcrterpeeerlplttphpctcceffhlprrl
cppercrpchfherrclrtpepftttftcteehchlcreftlctfepplpcrterpeeerlplttphpctcceffhlprrl
cppercrpchfherrclrtpepftttftcteehchlcreftlctffplpcrterpeeerlplttphpctcceffhlprrl
cppercrpchfherrclrtpepftttftcteehchlcreftlctffpplpcrterpeeerlplttphpctcceffhlprrl
cppercrpchfherrclrtpepftttftcteehchlcreftlctfhplpcrterpeeerlplttphpctcceffhlprrl
cppercrpchfherrclrtpepftttftcteehchlcreftlctfhpplpcrterpeeerlplttphpctcceffhlprrl
cppercrpchfherrclrtpepftttftcteehchlcreftlctflplpcrterpeeerlplttphpctcceffhlprrl
cppercrpchfherrclrtpepftttftcteehchlcreftlctflpplpcrterpeeerlplttphpctcceffhlprrl
cppercrpchfherrclrtpepftttftcteehchlcreftlctfpclpcrterpeeerlplttphpctcceffhlprrl
cppercrpchfherrclrtpepftttftcteehchlcreftlctfpcplpcrterpeeerlplttphpctcceffhlprrl
cppercrpchfherrclrtpepftttftcteehchlcreftlctfpelpcrterpeeerlplttphpctcceffhlprrl
cppercrpchfherrclrtpepftttftcteehchlcreftlctfpeplpcrterpeeerlplttphpctcceffhlprrl
cppercrpchfherrclrtpepftttftcteehchlcreftlctfpflpcrterpeeerlplttphpctcceffhlprrl
cppercrpchfherrclrtpepftttftcteehchlcreftlctfpfplpcrterpeeerlplttphpctcceffhlprrl
cppercrpchfherrclrtpepftttftcteehchlcreftlctfphlpcrterpeeerlplttphpctcceffhlprrl
cppercrpchfherrclrtpepftttftcteehchlcreftlctfphplpcrterpeeerlplttphpctcceffhlprrl
cppercrpchfherrclrtpepftttftcteehchlcreftlctfpllpcrterpeeerlplttphpctcceffhlprrl
cppercrpchfherrclrtpepftttftcteehchlcreftlctfplpcrterpeeerlplttphpctcceffhlprrl
cppercrpchfherrclrtpepftttftcteehchlcreftlctfplplpcrterpeeerlplttphpctcceffhlprrl
cppercrpchfherrclrtpepftttftcteehchlcreftlctfppclpcrterpeeerlplttphpctcceffhlprrl
cppercrpchfherrclrtpepftttftcteehchlcreftlctfppcpcrterpeeerlplttphpctcceffhlprrl
cppercrpchfherrclrtpepftttftcteehchlcreftlctfppelpcrterpeeerlplttphpctcceffhlprrl
cppercrpchfherrclrtpepftttftcteehchlcreftlctfppepcrterpeeerlplttphpctcceffhlprrl
cppercrpchfherrclrtpepftttftcteehchlcreftlctfppflpcrterpeeerlplttphpctcceffhlprrl
cppercrpchfherrclrtpepftttftcteehchlcreftlctfppfpcrterpeeerlplttphpctcceffhlprrl
cppercrpchfherrclrtpepftttftcteehchlcreftlctfpphlpcrterpeeerlplttphpctcceffhlprrl
cppercrpchfherrclrtpepftttftcteehchlcreftlctfpphpcrterpeeerlplttphpctcceffhlprrl
cppercrpchfherrclrtpepftttftcteehchlcreftlctfpplccrterpeeerlplttphpctcceffhlprrl
cppercrpchfherrclrtpepftttftcteehchlcreftlctfpplcpcrterpeeerlplttphpctcceffhlprrl
cppercrpchfherrclrtpepftttftcteehchlcreftlctfpplcrterpeeerlplttphpctcceffhlprrl
cppercrpchfherrclrtpepftttftcteehchlcreftlctfpplecrterpeeerlplttphpctcceffhlprrl
cppercrpchfherrclrtpepftttftcteehchlcreftlctfpplepcrterpeeerlplttphpctcceffhlprrl
cppercrpchfherrclrtpepftttftcteehchlcreftlctfpplfcrterpeeerlplttphpctcceffhlprrl
cppercrpchfherrclrtpepftttftcteehchlcreftlctfpplfpcrterpeeerlplttphpctcceffhlprrl
cppercrpchfherrclrtpepftttftcteehchlcreftlctfpplhcrterpeeerlplttphpctcceffhlprrl
cppercrpchfherrclrtpepftttftcteehchlcreftlctfpplhpcrterpeeerlplttphpctcceffhlprrl
cppercrpchfherrclrtpepftttftcteehchlcreftlctfppllcrterpeeerlplttphpctcceffhlprrl
cppercrpchfherrclrtpepftttftcteehchlcreftlctfppllpcrterpeeerlplttphpctcceffhlprrl
cppercrpchfherrclrtpepftttftcteehchlcreftlctfpplpccrterpeeerlplttphpctcceffhlprrl
cppercrpchfherrclrtpepftttftcteehchlcreftlctfpplpccterpeeerlplttphpctcceffhlprrl
cppercrpchfherrclrtpepftttftcteehchlcreftlctfpplpcerterpeeerlplttphpctcceffhlprrl
cppercrpchfherrclrtpepftttftcteehchlcreftlctfpplpceterpeeerlplttphpctcceffhlprrl
cppercrpchfherrclrtpepftttftcteehchlcreftlctfpplpcfrterpeeerlplttphpctcceffhlprrl
cppercrpchfherrclrtpepftttftcteehchlcreftlctfpplpcfterpeeerlplttphpctcceffhlprrl
cppercrpchfherrclrtpepftttftcteehchlcreftlctfpplpchrterpeeerlplttphpctcceffhlprrl
cppercrpchfherrclrtpepftttftcteehchlcreftlctfpplpchterpeeerlplttphpctcceffhlprrl
cppercrpchfherrclrtpepftttftcteehchlcreftlctfpplpclrterpeeerlplttphpctcceffhlprrl
cppercrpchfherrclrtpepftttftcteehchlcreftlctfpplpclterpeeerlplttphpctcceffhlprrl
cppercrpchfherrclrtpepftttftcteehchlcreftlctfpplpcprterpeeerlplttphpctcceffhlprrl
cppercrpchfherrclrtpepftttftcteehchlcreftlctfpplpcpterpeeerlplttphpctcceffhlprrl
cppercrpchfherrclrtpepftttftcteehchlcreftlctfpplpcrcerpeeerlplttphpctcceffhlprrl
cppercrpchfherrclrtpepftttftcteehchlcreftlctfpplpcrcterpeeerlplttphpctcceffhlprrl
cppercrpchfherrclrtpepftttftcteehchlcreftlctfpplpcreerpeeerlplttphpctcceffhlprrl
cppercrpchfherrclrtpepftttftcteehchlcreftlctfpplpcrerpeeerlplttphpctcceffhlprrl
cppercrpchfherrclrtpepftttftcteehchlcreftlctfpplpcreterpeeerlplttphpctcceffhlprrl
cppercrpchfherrclrtpepftttftcteehchlcreftlctfpplpcrferpeeerlplttphpctcceffhlprrl
cppercrpchfherrclrtpepftttftcteehchlcreftlctfpplpcrfterpeeerlplttphpctcceffhlprrl
cppercrpchfherrclrtpepftttftcteehchlcreftlctfpplpcrherpeeerlplttphpctcceffhlprrl
cppercrpchfherrclrtpepftttftcteehchlcreftlctfpplpcrhterpeeerlplttphpctcceffhlprrl
cppercrpchfherrclrtpepftttftcteehchlcreftlctfpplpcrlerpeeerlplttphpctcceffhlprrl
cppercrpchfherrclrtpepftttftcteehchlcreftlctfpplpcrlterpeeerlplttphpctcceffhlprrl
cppercrpchfherrclrtpepftttftcteehchlcreftlctfpplpcrperpeeerlplttphpctcceffhlprrl
cppercrpchfherrclrtpepftttftcteehchlcreftlctfpplpcrpterpeeerlplttphpctcceffhlprrl
cppercrpchfherrclrtpepftttftcteehchlcreftlctfpplpcrrerpeeerlplttphpctcceffhlprrl
cppercrpchfherrclrtpepftttftcteehchlcreftlctfpplpcrrterpeeerlplttphpctcceffhlprrl
cppercrpchfherrclrtpepftttftcteehchlcreftlctfpplpcrtcerpeeerlplttphpctcceffhlprrl
cppercrpchfherrclrtpepftttftcteehchlcreftlctfpplpcrtcrpeeerlplttphpctcceffhlprrl
cppercrpchfherrclrtpepftttftcteehchlcreftlctfpplpcrtecpeeerlplttphpctcceffhlprrl
cppercrpchfherrclrtpepftttftcteehchlcreftlctfpplpcrtecrpeeerlplttphpctcceffhlprrl
cppercrpchfherrclrtpepftttftcteehchlcreftlctfpplpcrteepeeerlplttphpctcceffhlprrl
cppercrpchfherrclrtpepftttftcteehchlcreftlctfpplpcrteerpeeerlplttphpctcceffhlprrl
cppercrpchfherrclrtpepftttftcteehchlcreftlctfpplpcrtefpeeerlplttphpctcceffhlprrl
cppercrpchfherrclrtpepftttftcteehchlcreftlctfpplpcrtefrpeeerlplttphpctcceffhlprrl
cppercrpchfherrclrtpepftttftcteehchlcreftlctfpplpcrtehpeeerlplttphpctcceffhlprrl
cppercrpchfherrclrtpepftttftcteehchlcreftlctfpplpcrtehrpeeerlplttphpctcceffhlprrl
cppercrpchfherrclrtpepftttftcteehchlcreftlctfpplpcrtelpeeerlplttphpctcceffhlprrl
cppercrpchfherrclrtpepftttftcteehchlcreftlctfpplpcrtelrpeeerlplttphpctcceffhlprrl
cppercrpchfherrclrtpepftttftcteehchlcreftlctfpplpcrtepeeerlplttphpctcceffhlprrl
cppercrpchfherrclrtpepftttftcteehchlcreftlctfpplpcrteppeeerlplttphpctcceffhlprrl
cppercrpchfherrclrtpepftttftcteehchlcreftlctfpplpcrteprpeeerlplttphpctcceffhlprrl
cppercrpchfherrclrtpepftttftcteehchlcreftlctfpplpcrterceeerlplttphpctcceffhlprrl
cppercrpchfherrclrtpepftttftcteehchlcreftlctfpplpcrtercpeeerlplttphpctcceffhlprrl
cppercrpchfherrclrtpepftttftcteehchlcreftlctfpplpcrtereeeerlplttphpctcceffhlprrl
cppercrpchfherrclrtpepftttftcteehchlcreftlctfpplpcrtereeerlplttphpctcceffhlprrl
cppercrpchfherrclrtpepftttftcteehchlcreftlctfpplpcrterepeeerlplttphpctcceffhlprrl
cppercrpchfherrclrtpepftttftcteehchlcreftlctfpplpcrterfeeerlplttphpctcceffhlprrl
cppercrpchfherrclrtpepftttftcteehchlcreftlctfpplpcrterfpeeerlplttphpctcceffhlprrl
cppercrpchfherrclrtpepftttftcteehchlcreftlctfpplpcrterheeerlplttphpctcceffhlprrl
cppercrpchfherrclrtpepftttftcteehchlcreftlctfpplpcrterhpeeerlplttphpctcceffhlprrl
cppercrpchfherrclrtpepftttftcteehchlcreftlctfpplpcrterleeerlplttphpctcceffhlprrl
cppercrpchfherrclrtpepftttftcteehchlcreftlctfpplpcrterlpeeerlplttphpctcceffhlprrl
cppercrpchfherrclrtpepftttftcteehchlcreftlctfpplpcrterpceeerlplttphpctcceffhlprrl
cppercrpchfherrclrtpepftttftcteehchlcreftlctfpplpcrterpceerlplttphpctcceffhlprrl
cppercrpchfherrclrtpepftttftcteehchlcreftlctfpplpcrterpeceerlplttphpctcceffhlprrl
cppercrpchfherrclrtpepftttftcteehchlcreftlctfpplpcrterpecerlplttphpctcceffhlprrl
cppercrpchfherrclrtpepftttftcteehchlcreftlctfpplpcrterpeecerlplttphpctcceffhlprrl
cppercrpchfherrclrtpepftttftcteehchlcreftlctfpplpcrterpeecrlplttphpctcceffhlprrl
cppercrpchfherrclrtpepftttftcteehchlcreftlctfpplpcrterpeeeclplttphpctcceffhlprrl
cppercrpchfherrclrtpepftttftcteehchlcreftlctfpplpcrterpeeecrlplttphpctcceffhlprrl
cppercrpchfherrclrtpepftttftcteehchlcreftlctfpplpcrterpeeeelplttphpctcceffhlprrl
cppercrpchfherrclrtpepftttftcteehchlcreftlctfpplpcrterpeeeerlplttphpctcceffhlprrl
cppercrpchfherrclrtpepftttftcteehchlcreftlctfpplpcrterpeeeflplttphpctcceffhlprrl
cppercrpchfherrclrtpepftttftcteehchlcreftlctfpplpcrterpeeefrlplttphpctcceffhlprrl
cppercrpchfherrclrtpepftttftcteehchlcreftlctfpplpcrterpeeehlplttphpctcceffhlprrl
cppercrpchfherrclrtpepftttftcteehchlcreftlctfpplpcrterpeeehrlplttphpctcceffhlprrl
cppercrpchfherrclrtpepftttftcteehchlcreftlctfpplpcrterpeeellplttphpctcceffhlprrl
cppercrpchfherrclrtpepftttftcteehchlcreftlctfpplpcrterpeeelplttphpctcceffhlprrl
cppercrpchfherrclrtpepftttftcteehchlcreftlctfpplpcrterpeeelrlplttphpctcceffhlprrl
cppercrpchfherrclrtpepftttftcteehchlcreftlctfpplpcrterpeeeplplttphpctcceffhlprrl
cppercrpchfherrclrtpepftttftcteehchlcreftlctfpplpcrterpeeeprlplttphpctcceffhlprrl
cppercrpchfherrclrtpepftttftcteehchlcreftlctfpplpcrterpeeerclplttphpctcceffhlprrl
cppercrpchfherrclrtpepftttftcteehchlcreftlctfpplpcrterpeeercplttphpctcceffhlprrl
cppercrpchfherrclrtpepftttftcteehchlcreftlctfpplpcrterpeeerelplttphpctcceffhlprrl
cppercrpchfherrclrtpepftttftcteehchlcreftlctfpplpcrterpeeereplttphpctcceffhlprrl
cppercrpchfherrclrtpepftttftcteehchlcreftlctfpplpcrterpeeerflplttphpctcceffhlprrl
cppercrpchfherrclrtpepftttftcteehchlcreftlctfpplpcrterpeeerfplttphpctcceffhlprrl
cppercrpchfherrclrtpepftttftcteehchlcreftlctfpplpcrterpeeerhlplttphpctcceffhlprrl
cppercrpchfherrclrtpepftttftcteehchlcreftlctfpplpcrterpeeerhplttphpctcceffhlprrl
cppercrpchfherrclrtpepftttftcteehchlcreftlctfpplpcrterpeeerlclttphpctcceffhlprrl
cppercrpchfherrclrtpepftttftcteehchlcreftlctfpplpcrterpeeerlcplttphpctcceffhlprrl
cppercrpchfherrclrtpepftttftcteehchlcreftlctfpplpcrterpeeerlelttphpctcceffhlprrl
cppercrpchfherrclrtpepftttftcteehchlcreftlctfpplpcrterpeeerleplttphpctcceffhlprrl
cppercrpchfherrclrtpepftttftcteehchlcreftlctfpplpcrterpeeerlflttphpctcceffhlprrl
cppercrpchfherrclrtpepftttftcteehchlcreftlctfpplpcrterpeeerlfplttphpctcceffhlprrl
cppercrpchfherrclrtpepftttftcteehchlcreftlctfpplpcrterpeeerlhlttphpctcceffhlprrl
cppercrpchfherrclrtpepftttftcteehchlcreftlctfpplpcrterpeeerlhplttphpctcceffhlprrl
cppercrpchfherrclrtpepftttftcteehchlcreftlctfpplpcrterpeeerlllttphpctcceffhlprrl
cppercrpchfherrclrtpepftttftcteehchlcreftlctfpplpcrterpeeerllplttphpctcceffhlprrl
cppercrpchfherrclrtpepftttftcteehchlcreftlctfpplpcrterpeeerllttphpctcceffhlprrl
cppercrpchfherrclrtpepftttftcteehchlcreftlctfpplpcrterpeeerlpclttphpctcceffhlprrl
cppercrpchfherrclrtpepftttftcteehchlcreftlctfpplpcrterpeeerlpcttphpctcceffhlprrl
cppercrpchfherrclrtpepftttftcteehchlcreftlctfpplpcrterpeeerlpelttphpctcceffhlprrl
cppercrpchfherrclrtpepftttftcteehchlcreftlctfpplpcrterpeeerlpettphpctcceffhlprrl
cppercrpchfherrclrtpepftttftcteehchlcreftlctfpplpcrterpeeerlpflttphpctcceffhlprrl
cppercrpchfherrclrtpepftttftcteehchlcreftlctfpplpcrterpeeerlpfttphpctcceffhlprrl
cppercrpchfherrclrtpepftttftcteehchlcreftlctfpplpcrterpeeerlphlttphpctcceffhlprrl
cppercrpchfherrclrtpepftttftcteehchlcreftlctfpplpcrterpeeerlphttphpctcceffhlprrl
cppercrpchfherrclrtpepftttftcteehchlcreftlctfpplpcrterpeeerlplctphpctcceffhlprrl
cppercrpchfherrclrtpepftttftcteehchlcreftlctfpplpcrterpeeerlplcttphpctcceffhlprrl
cppercrpchfherrclrtpepftttftcteehchlcreftlctfpplpcrterpeeerlpletphpctcceffhlprrl
cppercrpchfherrclrtpepftttftcteehchlcreftlctfpplpcrterpeeerlplettphpctcceffhlprrl
cppercrpchfherrclrtpepftttftcteehchlcreftlctfpplpcrterpeeerlplftphpctcceffhlprrl
cppercrpchfherrclrtpepftttftcteehchlcreftlctfpplpcrterpeeerlplfttphpctcceffhlprrl
cppercrpchfherrclrtpepftttftcteehchlcreftlctfpplpcrterpeeerlplhtphpctcceffhlprrl
cppercrpchfherrclrtpepftttftcteehchlcreftlctfpplpcrterpeeerlplhttphpctcceffhlprrl
cppercrpchfherrclrtpepftttftcteehchlcreftlctfpplpcrterpeeerlplltphpctcceffhlprrl
cppercrpchfherrclrtpepftttftcteehchlcreftlctfpplpcrterpeeerlpllttphpctcceffhlprrl
cppercrpchfherrclrtpepftttftcteehchlcreftlctfpplpcrterpeeerlplptphpctcceffhlprrl
cppercrpchfherrclrtpepftttftcteehchlcreftlctfpplpcrterpeeerlplpttphpctcceffhlprrl
cppercrpchfherrclrtpepftttftcteehchlcreftlctfpplpcrterpeeerlplrtphpctcceffhlprrl
cppercrpchfherrclrtpepftttftcteehchlcreftlctfpplpcrterpeeerlplrttphpctcceffhlprrl
cppercrpchfherrclrtpepftttftcteehchlcreftlctfpplpcrterpeeerlpltcphpctcceffhlprrl
cppercrpchfherrclrtpepftttftcteehchlcreftlctfpplpcrterpeeerlpltctphpctcceffhlprrl
cppercrpchfherrclrtpepftttftcteehchlcreftlctfpplpcrterpeeerlpltephpctcceffhlprrl
cppercrpchfherrclrtpepftttftcteehchlcreftlctfpplpcrterpeeerlpltetphpctcceffhlprrl
cppercrpchfherrclrtpepftttftcteehchlcreftlctfpplpcrterpeeerlpltfphpctcceffhlprrl
cppercrpchfherrclrtpepftttftcteehchlcreftlctfpplpcrterpeeerlpltftphpctcceffhlprrl
cppercrpchfherrclrtpepftttftcteehchlcreftlctfpplpcrterpeeerlplthphpctcceffhlprrl
cppercrpchfherrclrtpepftttftcteehchlcreftlctfpplpcrterpeeerlplthtphpctcceffhlprrl
cppercrpchfherrclrtpepftttftcteehchlcreftlctfpplpcrterpeeerlpltlphpctcceffhlprrl
cppercrpchfherrclrtpepftttftcteehchlcreftlctfpplpcrterpeeerlpltltphpctcceffhlprrl
cppercrpchfherrclrtpepftttftcteehchlcreftlctfpplpcrterpeeerlpltphpctcceffhlprrl
cppercrpchfherrclrtpepftttftcteehchlcreftlctfpplpcrterpeeerlpltpphpctcceffhlprrl
cppercrpchfherrclrtpepftttftcteehchlcreftlctfpplpcrterpeeerlpltptphpctcceffhlprrl
cppercrpchfherrclrtpepftttftcteehchlcreftlctfpplpcrterpeeerlpltrphpctcceffhlprrl
cppercrpchfherrclrtpepftttftcteehchlcreftlctfpplpcrterpeeerlpltrtphpctcceffhlprrl
cppercrpchfherrclrtpepftttftcteehchlcreftlctfpplpcrterpeeerlplttchpctcceffhlprrl
cppercrpchfherrclrtpepftttftcteehchlcreftlctfpplpcrterpeeerlplttcphpctcceffhlprrl
cppercrpchfherrclrtpepftttftcteehchlcreftlctfpplpcrterpeeerlplttehpctcceffhlprrl
cppercrpchfherrclrtpepftttftcteehchlcreftlctfpplpcrterpeeerlplttephpctcceffhlprrl
cppercrpchfherrclrtpepftttftcteehchlcreftlctfpplpcrterpeeerlplttfhpctcceffhlprrl
cppercrpchfherrclrtpepftttftcteehchlcreftlctfpplpcrterpeeerlplttfphpctcceffhlprrl
cppercrpchfherrclrtpepftttftcteehchlcreftlctfpplpcrterpeeerlpltthhpctcceffhlprrl
cppercrpchfherrclrtpepftttftcteehchlcreftlctfpplpcrterpeeerlpltthpctcceffhlprrl
cppercrpchfherrclrtpepftttftcteehchlcreftlctfpplpcrterpeeerlpltthphpctcceffhlprrl
cppercrpchfherrclrtpepftttftcteehchlcreftlctfpplpcrterpeeerlplttlhpctcceffhlprrl
cppercrpchfherrclrtpepftttftcteehchlcreftlctfpplpcrterpeeerlplttlphpctcceffhlprrl
cppercrpchfherrclrtpepftttftcteehchlcreftlctfpplpcrterpeeerlplttpchpctcceffhlprrl
cppercrpchfherrclrtpepftttftcteehchlcreftlctfpplpcrterpeeerlplttpcpctcceffhlprrl
cppercrpchfherrclrtpepftttftcteehchlcreftlctfpplpcrterpeeerlplttpehpctcceffhlprrl
cppercrpchfherrclrtpepftttftcteehchlcreftlctfpplpcrterpeeerlplttpepctcceffhlprrl
cppercrpchfherrclrtpepftttftcteehchlcreftlctfpplpcrterpeeerlplttpfhpctcceffhlprrl
cppercrpchfherrclrtpepftttftcteehchlcreftlctfpplpcrterpeeerlplttpfpctcceffhlprrl
cppercrpchfherrclrtpepftttftcteehchlcreftlctfpplpcrterpeeerlplttphcctcceffhlprrl
cppercrpchfherrclrtpepftttftcteehchlcreftlctfpplpcrterpeeerlplttphcpctcceffhlprrl
cppercrpchfherrclrtpepftttftcteehchlcreftlctfpplpcrterpeeerlplttphctcceffhlprrl
cppercrpchfherrclrtpepftttftcteehchlcreftlctfpplpcrterpeeerlplttphectcceffhlprrl
cppercrpchfherrclrtpepftttftcteehchlcreftlctfpplpcrterpeeerlplttphepctcceffhlprrl
cppercrpchfherrclrtpepftttftcteehchlcreftlctfpplpcrterpeeerlplttphfctcceffhlprrl
cppercrpchfherrclrtpepftttftcteehchlcreftlctfpplpcrterpeeerlplttphfpctcceffhlprrl
cppercrpchfherrclrtpepftttftcteehchlcreftlctfpplpcrterpeeerlplttphhctcceffhlprrl
cppercrpchfherrclrtpepftttftcteehchlcreftlctfpplpcrterpeeerlplttphhpctcceffhlprrl
cppercrpchfherrclrtpepftttftcteehchlcreftlctfpplpcrterpeeerlplttphlctcceffhlprrl
cppercrpchfherrclrtpepftttftcteehchlcreftlctfpplpcrterpeeerlplttphlpctcceffhlprrl
cppercrpchfherrclrtpepftttftcteehchlcreftlctfpplpcrterpeeerlplttphpcccceffhlprrl
cppercrpchfherrclrtpepftttftcteehchlcreftlctfpplpcrterpeeerlplttphpccceffhlprrl
cppercrpchfherrclrtpepftttftcteehchlcreftlctfpplpcrterpeeerlplttphpcctcceffhlprrl
cppercrpchfherrclrtpepftttftcteehchlcreftlctfpplpcrterpeeerlplttphpcecceffhlprrl
cppercrpchfherrclrtpepftttftcteehchlcreftlctfpplpcrterpeeerlplttphpcetcceffhlprrl
cppercrpchfherrclrtpepftttftcteehchlcreftlctfpplpcrterpeeerlplttphpcfcceffhlprrl
cppercrpchfherrclrtpepftttftcteehchlcreftlctfpplpcrterpeeerlplttphpcftcceffhlprrl
cppercrpchfherrclrtpepftttftcteehchlcreftlctfpplpcrterpeeerlplttphpchcceffhlprrl
cppercrpchfherrclrtpepftttftcteehchlcreftlctfpplpcrterpeeerlplttphpchtcceffhlprrl
cppercrpchfherrclrtpepftttftcteehchlcreftlctfpplpcrterpeeerlplttphpclcceffhlprrl
cppercrpchfherrclrtpepftttftcteehchlcreftlctfpplpcrterpeeerlplttphpcltcceffhlprrl
cppercrpchfherrclrtpepftttftcteehchlcreftlctfpplpcrterpeeerlplttphpcpcceffhlprrl
cppercrpchfherrclrtpepftttftcteehchlcreftlctfpplpcrterpeeerlplttphpcptcceffhlprrl
cppercrpchfherrclrtpepftttftcteehchlcreftlctfpplpcrterpeeerlplttphpcrcceffhlprrl
cppercrpchfherrclrtpepftttftcteehchlcreftlctfpplpcrterpeeerlplttphpcrtcceffhlprrl
cppercrpchfherrclrtpepftttftcteehchlcreftlctfpplpcrterpeeerlplttphpctccceffhlprrl
cppercrpchfherrclrtpepftttftcteehchlcreftlctfpplpcrterpeeerlplttphpctcccffhlprrl
cppercrpchfherrclrtpepftttftcteehchlcreftlctfpplpcrterpeeerlplttphpctccecffhlprrl
cppercrpchfherrclrtpepftttftcteehchlcreftlctfpplpcrterpeeerlplttphpctccecfhlprrl
cppercrpchfherrclrtpepftttftcteehchlcreftlctfpplpcrterpeeerlplttphpctcceeffhlprrl
cppercrpchfherrclrtpepftttftcteehchlcreftlctfpplpcrterpeeerlplttphpctcceefhlprrl
cppercrpchfherrclrtpepftttftcteehchlcreftlctfpplpcrterpeeerlplttphpctccefcfhlprrl
cppercrpchfherrclrtpepftttftcteehchlcreftlctfpplpcrterpeeerlplttphpctccefchlprrl
cppercrpchfherrclrtpepftttftcteehchlcreftlctfpplpcrterpeeerlplttphpctccefefhlprrl
cppercrpchfherrclrtpepftttftcteehchlcreftlctfpplpcrterpeeerlplttphpctccefehlprrl
cppercrpchfherrclrtpepftttftcteehchlcreftlctfpplpcrterpeeerlplttphpctcceffchlprrl
cppercrpchfherrclrtpepftttftcteehchlcreftlctfpplpcrterpeeerlplttphpctcceffclprrl
cppercrpchfherrclrtpepftttftcteehchlcreftlctfpplpcrterpeeerlplttphpctcceffehlprrl
cppercrpchfherrclrtpepftttftcteehchlcreftlctfpplpcrterpeeerlplttphpctcceffelprrl
cppercrpchfherrclrtpepftttftcteehchlcreftlctfpplpcrterpeeerlplttphpctccefffhlprrl
cppercrpchfherrclrtpepftttftcteehchlcreftlctfpplpcrterpeeerlplttphpctcceffflprrl
cppercrpchfherrclrtpepftttftcteehchlcreftlctfpplpcrterpeeerlplttphpctcceffhclprrl
cppercrpchfherrclrtpepftttftcteehchlcreftlctfpplpcrterpeeerlplttphpctcceffhcprrl
cppercrpchfherrclrtpepftttftcteehchlcreftlctfpplpcrterpeeerlplttphpctcceffhelprrl
cppercrpchfherrclrtpepftttftcteehchlcreftlctfpplpcrterpeeerlplttphpctcceffheprrl
cppercrpchfherrclrtpepftttftcteehchlcreftlctfpplpcrterpeeerlplttphpctcceffhflprrl
cppercrpchfherrclrtpepftttftcteehchlcreftlctfpplpcrterpeeerlplttphpctcceffhfprrl
cppercrpchfherrclrtpepftttftcteehchlcreftlctfpplpcrterpeeerlplttphpctcceffhhlprrl
cppercrpchfherrclrtpepftttftcteehchlcreftlctfpplpcrterpeeerlplttphpctcceffhhprrl
cppercrpchfherrclrtpepftttftcteehchlcreftlctfpplpcrterpeeerlplttphpctcceffhlcprrl
cppercrpchfherrclrtpepftttftcteehchlcreftlctfpplpcrterpeeerlplttphpctcceffhlcrrl
cppercrpchfherrclrtpepftttftcteehchlcreftlctfpplpcrterpeeerlplttphpctcceffhleprrl
cppercrpchfherrclrtpepftttftcteehchlcreftlctfpplpcrterpeeerlplttphpctcceffhlerrl
cppercrpchfherrclrtpepftttftcteehchlcreftlctfpplpcrterpeeerlplttphpctcceffhlfprrl
cppercrpchfherrclrtpepftttftcteehchlcreftlctfpplpcrterpeeerlplttphpctcceffhlfrrl
cppercrpchfherrclrtpepftttftcteehchlcreftlctfpplpcrterpeeerlplttphpctcceffhlhprrl
cppercrpchfherrclrtpepftttftcteehchlcreftlctfpplpcrterpeeerlplttphpctcceffhlhrrl
cppercrpchfherrclrtpepftttftcteehchlcreftlctfpplpcrterpeeerlplttphpctcceffhllprrl
cppercrpchfherrclrtpepftttftcteehchlcreftlctfpplpcrterpeeerlplttphpctcceffhllrrl
cppercrpchfherrclrtpepftttftcteehchlcreftlctfpplpcrterpeeerlplttphpctcceffhlpcrl
cppercrpchfherrclrtpepftttftcteehchlcreftlctfpplpcrterpeeerlplttphpctcceffhlpcrrl
cppercrpchfherrclrtpepftttftcteehchlcreftlctfpplpcrterpeeerlplttphpctcceffhlperl
cppercrpchfherrclrtpepftttftcteehchlcreftlctfpplpcrterpeeerlplttphpctcceffhlperrl
cppercrpchfherrclrtpepftttftcteehchlcreftlctfpplpcrterpeeerlplttphpctcceffhlpfrl
cppercrpchfherrclrtpepftttftcteehchlcreftlctfpplpcrterpeeerlplttphpctcceffhlpfrrl
cppercrpchfherrclrtpepftttftcteehchlcreftlctfpplpcrterpeeerlplttphpctcceffhlphrl
cppercrpchfherrclrtpepftttftcteehchlcreftlctfpplpcrterpeeerlplttphpctcceffhlphrrl
cppercrpchfherrclrtpepftttftcteehchlcreftlctfpplpcrterpeeerlplttphpctcceffhlplrl
cppercrpchfherrclrtpepftttftcteehchlcreftlctfpplpcrterpeeerlplttphpctcceffhlplrrl
cppercrpchfherrclrtpepftttftcteehchlcreftlctfpplpcrterpeeerlplttphpctcceffhlpprl
cppercrpchfherrclrtpepftttftcteehchlcreftlctfpplpcrterpeeerlplttphpctcceffhlpprrl
cppercrpchfherrclrtpepftttftcteehchlcreftlctfpplpcrterpeeerlplttphpctcceffhlprcl
cppercrpchfherrclrtpepftttftcteehchlcreftlctfpplpcrterpeeerlplttphpctcceffhlprcrl
cppercrpchfherrclrtpepftttftcteehchlcreftlctfpplpcrterpeeerlplttphpctcceffhlprel
cppercrpchfherrclrtpepftttftcteehchlcreftlctfpplpcrterpeeerlplttphpctcceffhlprerl
cppercrpchfherrclrtpepftttftcteehchlcreftlctfpplpcrterpeeerlplttphpctcceffhlprfl
cppercrpchfherrclrtpepftttftcteehchlcreftlctfpplpcrterpeeerlplttphpctcceffhlprfrl
cppercrpchfherrclrtpepftttftcteehchlcreftlctfpplpcrterpeeerlplttphpctcceffhlprhl
cppercrpchfherrclrtpepftttftcteehchlcreftlctfpplpcrterpeeerlplttphpctcceffhlprhrl
cppercrpchfherrclrtpepftttftcteehchlcreftlctfpplpcrterpeeerlplttphpctcceffhlprl
cppercrpchfherrclrtpepftttftcteehchlcreftlctfpplpcrterpeeerlplttphpctcceffhlprll
cppercrpchfherrclrtpepftttftcteehchlcreftlctfpplpcrterpeeerlplttphpctcceffhlprlrl
cppercrpchfherrclrtpepftttftcteehchlcreftlctfpplpcrterpeeerlplttphpctcceffhlprpl
cppercrpchfherrclrtpepftttftcteehchlcreftlctfpplpcrterpeeerlplttphpctcceffhlprprl
cppercrpchfherrclrtpepftttftcteehchlcreftlctfpplpcrterpeeerlplttphpctcceffhlprr
cppercrpchfherrclrtpepftttftcteehchlcreftlctfpplpcrterpeeerlplttphpctcceffhlprrc
cppercrpchfherrclrtpepftttftcteehchlcreftlctfpplpcrterpeeerlplttphpctcceffhlprrcl
cppercrpchfherrclrtpepftttftcteehchlcreftlctfpplpcrterpeeerlplttphpctcceffhlprre
cppercrpchfherrclrtpepftttftcteehchlcreftlctfpplpcrterpeeerlplttphpctcceffhlprrel
cppercrpchfherrclrtpepftttftcteehchlcreftlctfpplpcrterpeeerlplttphpctcceffhlprrf
cppercrpchfherrclrtpepftttftcteehchlcreftlctfpplpcrterpeeerlplttphpctcceffhlprrfl
cppercrpchfherrclrtpepftttftcteehchlcreftlctfpplpcrterpeeerlplttphpctcceffhlprrh
cppercrpchfherrclrtpepftttftcteehchlcreftlctfpplpcrterpeeerlplttphpctcceffhlprrhl
cppercrpchfherrclrtpepftttftcteehchlcreftlctfpplpcrterpeeerlplttphpctcceffhlprrlc
cppercrpchfherrclrtpepftttftcteehchlcreftlctfpplpcrterpeeerlplttphpctcceffhlprrle
cppercrpchfherrclrtpepftttftcteehchlcreftlctfpplpcrterpeeerlplttphpctcceffhlprrlf
cppercrpchfherrclrtpepftttftcteehchlcreftlctfpplpcrterpeeerlplttphpctcceffhlprrlh
cppercrpchfherrclrtpepftttftcteehchlcreftlctfpplpcrterpeeerlplttphpctcceffhlprrll
cppercrpchfherrclrtpepftttftcteehchlcreftlctfpplpcrterpeeerlplttphpctcceffhlprrlp
cppercrpchfherrclrtpepftttftcteehchlcreftlctfpplpcrterpeeerlplttphpctcceffhlprrlr
cppercrpchfherrclrtpepftttftcteehchlcreftlctfpplpcrterpeeerlplttphpctcceffhlprrlt
cppercrpchfherrclrtpepftttftcteehchlcreftlctfpplpcrterpeeerlplttphpctcceffhlprrp
cppercrpchfherrclrtpepftttftcteehchlcreftlctfpplpcrterpeeerlplttphpctcceffhlprrpl
cppercrpchfherrclrtpepftttftcteehchlcreftlctfpplpcrterpeeerlplttphpctcceffhlprrr
cppercrpchfherrclrtpepftttftcteehchlcreftlctfpplpcrterpeeerlplttphpctcceffhlprrrl
cppercrpchfherrclrtpepftttftcteehchlcreftlctfpplpcrterpeeerlplttphpctcceffhlprrt
cppercrpchfherrclrtpepftttftcteehchlcreftlctfpplpcrterpeeerlplttphpctcceffhlprrtl
cppercrpchfherrclrtpepftttftcteehchlcreftlctfpplpcrterpeeerlplttphpctcceffhlprtl
cppercrpchfherrclrtpepftttftcteehchlcreftlctfpplpcrterpeeerlplttphpctcceffhlprtrl
cppercrpchfherrclrtpepftttftcteehchlcreftlctfpplpcrterpeeerlplttphpctcceffhlptrl
cppercrpchfherrclrtpepftttftcteehchlcreftlctfpplpcrterpeeerlplttphpctcceffhlptrrl
cppercrpchfherrclrtpepftttftcteehchlcreftlctfpplpcrterpeeerlplttphpctcceffhlrprrl
cppercrpchfherrclrtpepftttftcteehchlcreftlctfpplpcrterpeeerlplttphpctcceffhlrrl
cppercrpchfherrclrtpepftttftcteehchlcreftlctfpplpcrterpeeerlplttphpctcceffhlrrrl
cppercrpchfherrclrtpepftttftcteehchlcreftlctfpplpcrterpeeerlplttphpctcceffhltprrl
cppercrpchfherrclrtpepftttftcteehchlcreftlctfpplpcrterpeeerlplttphpctcceffhltrrl
cppercrpchfherrclrtpepftttftcteehchlcreftlctfpplpcrterpeeerlplttphpctcceffhplprrl
cppercrpchfherrclrtpepftttftcteehchlcreftlctfpplpcrterpeeerlplttphpctcceffhpprrl
cppercrpchfherrclrtpepftttftcteehchlcreftlctfpplpcrterpeeerlplttphpctcceffhprrl
cppercrpchfherrclrtpepftttftcteehchlcreftlctfpplpcrterpeeerlplttphpctcceffhrlprrl
cppercrpchfherrclrtpepftttftcteehchlcreftlctfpplpcrterpeeerlplttphpctcceffhrprrl
cppercrpchfherrclrtpepftttftcteehchlcreftlctfpplpcrterpeeerlplttphpctcceffhtlprrl
cppercrpchfherrclrtpepftttftcteehchlcreftlctfpplpcrterpeeerlplttphpctcceffhtprrl
cppercrpchfherrclrtpepftttftcteehchlcreftlctfpplpcrterpeeerlplttphpctccefflhlprrl
cppercrpchfherrclrtpepftttftcteehchlcreftlctfpplpcrterpeeerlplttphpctcceffllprrl
cppercrpchfherrclrtpepftttftcteehchlcreftlctfpplpcrterpeeerlplttphpctccefflprrl
cppercrpchfherrclrtpepftttftcteehchlcreftlctfpplpcrterpeeerlplttphpctcceffphlprrl
cppercrpchfherrclrtpepftttftcteehchlcreftlctfpplpcrterpeeerlplttphpctcceffplprrl
cppercrpchfherrclrtpepftttftcteehchlcreftlctfpplpcrterpeeerlplttphpctcceffrhlprrl
cppercrpchfherrclrtpepftttftcteehchlcreftlctfpplpcrterpeeerlplttphpctcceffrlprrl
cppercrpchfherrclrtpepftttftcteehchlcreftlctfpplpcrterpeeerlplttphpctcceffthlprrl
cppercrpchfherrclrtpepftttftcteehchlcreftlctfpplpcrterpeeerlplttphpctccefftlprrl
cppercrpchfherrclrtpepftttftcteehchlcreftlctfpplpcrterpeeerlplttphpctccefhfhlprrl
cppercrpchfherrclrtpepftttftcteehchlcreftlctfpplpcrterpeeerlplttphpctccefhhlprrl
cppercrpchfherrclrtpepftttftcteehchlcreftlctfpplpcrterpeeerlplttphpctccefhlprrl
cppercrpchfherrclrtpepftttftcteehchlcreftlctfpplpcrterpeeerlplttphpctcceflfhlprrl
cppercrpchfherrclrtpepftttftcteehchlcreftlctfpplpcrterpeeerlplttphpctcceflhlprrl
cppercrpchfherrclrtpepftttftcteehchlcreftlctfpplpcrterpeeerlplttphpctccefpfhlprrl
cppercrpchfherrclrtpepftttftcteehchlcreftlctfpplpcrterpeeerlplttphpctccefphlprrl
cppercrpchfherrclrtpepftttftcteehchlcreftlctfpplpcrterpeeerlplttphpctccefrfhlprrl
cppercrpchfherrclrtpepftttftcteehchlcreftlctfpplpcrterpeeerlplttphpctccefrhlprrl
cppercrpchfherrclrtpepftttftcteehchlcreftlctfpplpcrterpeeerlplttphpctcceftfhlprrl
cppercrpchfherrclrtpepftttftcteehchlcreftlctfpplpcrterpeeerlplttphpctccefthlprrl
cppercrpchfherrclrtpepftttftcteehchlcreftlctfpplpcrterpeeerlplttphpctccehffhlprrl
cppercrpchfherrclrtpepftttftcteehchlcreftlctfpplpcrterpeeerlplttphpctccehfhlprrl
cppercrpchfherrclrtpepftttftcteehchlcreftlctfpplpcrterpeeerlplttphpctccelffhlprrl
cppercrpchfherrclrtpepftttftcteehchlcreftlctfpplpcrterpeeerlplttphpctccelfhlprrl
cppercrpchfherrclrtpepftttftcteehchlcreftlctfpplpcrterpeeerlplttphpctccepffhlprrl
cppercrpchfherrclrtpepftttftcteehchlcreftlctfpplpcrterpeeerlplttphpctccepfhlprrl
cppercrpchfherrclrtpepftttftcteehchlcreftlctfpplpcrterpeeerlplttphpctccerffhlprrl
cppercrpchfherrclrtpepftttftcteehchlcreftlctfpplpcrterpeeerlplttphpctccerfhlprrl
cppercrpchfherrclrtpepftttftcteehchlcreftlctfpplpcrterpeeerlplttphpctccetffhlprrl
cppercrpchfherrclrtpepftttftcteehchlcreftlctfpplpcrterpeeerlplttphpctccetfhlprrl
cppercrpchfherrclrtpepftttftcteehchlcreftlctfpplpcrterpeeerlplttphpctccfeffhlprrl
cppercrpchfherrclrtpepftttftcteehchlcreftlctfpplpcrterpeeerlplttphpctccfffhlprrl
cppercrpchfherrclrtpepftttftcteehchlcreftlctfpplpcrterpeeerlplttphpctccffhlprrl
cppercrpchfherrclrtpepftttftcteehchlcreftlctfpplpcrterpeeerlplttphpctccheffhlprrl
cppercrpchfherrclrtpepftttftcteehchlcreftlctfpplpcrterpeeerlplttphpctcchffhlprrl
cppercrpchfherrclrtpepftttftcteehchlcreftlctfpplpcrterpeeerlplttphpctccleffhlprrl
cppercrpchfherrclrtpepftttftcteehchlcreftlctfpplpcrterpeeerlplttphpctcclffhlprrl
cppercrpchfherrclrtpepftttftcteehchlcreftlctfpplpcrterpeeerlplttphpctccpeffhlprrl
cppercrpchfherrclrtpepftttftcteehchlcreftlctfpplpcrterpeeerlplttphpctccpffhlprrl
cppercrpchfherrclrtpepftttftcteehchlcreftlctfpplpcrterpeeerlplttphpctccreffhlprrl
cppercrpchfherrclrtpepftttftcteehchlcreftlctfpplpcrterpeeerlplttphpctccrffhlprrl
cppercrpchfherrclrtpepftttftcteehchlcreftlctfpplpcrterpeeerlplttphpctccteffhlprrl
cppercrpchfherrclrtpepftttftcteehchlcreftlctfpplpcrterpeeerlplttphpctcctffhlprrl
cppercrpchfherrclrtpepftttftcteehchlcreftlctfpplpcrterpeeerlplttphpctceceffhlprrl
cppercrpchfherrclrtpepftttftcteehchlcreftlctfpplpcrterpeeerlplttphpctceeffhlprrl
cppercrpchfherrclrtpepftttftcteehchlcreftlctfpplpcrterpeeerlplttphpctceffhlprrl
cppercrpchfherrclrtpepftttftcteehchlcreftlctfpplpcrterpeeerlplttphpctcfceffhlprrl
cppercrpchfherrclrtpepftttftcteehchlcreftlctfpplpcrterpeeerlplttphpctcfeffhlprrl
cppercrpchfherrclrtpepftttftcteehchlcreftlctfpplpcrterpeeerlplttphpctchceffhlprrl
cppercrpchfherrclrtpepftttftcteehchlcreftlctfpplpcrterpeeerlplttphpctcheffhlprrl
cppercrpchfherrclrtpepftttftcteehchlcreftlctfpplpcrterpeeerlplttphpctclceffhlprrl
cppercrpchfherrclrtpepftttftcteehchlcreftlctfpplpcrterpeeerlplttphpctcleffhlprrl
cppercrpchfherrclrtpepftttftcteehchlcreftlctfpplpcrterpeeerlplttphpctcpceffhlprrl
cppercrpchfherrclrtpepftttftcteehchlcreftlctfpplpcrterpeeerlplttphpctcpeffhlprrl
cppercrpchfherrclrtpepftttftcteehchlcreftlctfpplpcrterpeeerlplttphpctcrceffhlprrl
cppercrpchfherrclrtpepftttftcteehchlcreftlctfpplpcrterpeeerlplttphpctcreffhlprrl
cppercrpchfherrclrtpepftttftcteehchlcreftlctfpplpcrterpeeerlplttphpctctceffhlprrl
cppercrpchfherrclrtpepftttftcteehchlcreftlctfpplpcrterpeeerlplttphpctcteffhlprrl
cppercrpchfherrclrtpepftttftcteehchlcreftlctfpplpcrterpeeerlplttphpctecceffhlprrl
cppercrpchfherrclrtpepftttftcteehchlcreftlctfpplpcrterpeeerlplttphpcteceffhlprrl
cppercrpchfherrclrtpepftttftcteehchlcreftlctfpplpcrterpeeerlplttphpctfcceffhlprrl
cppercrpchfherrclrtpepftttftcteehchlcreftlctfpplpcrterpeeerlplttphpctfceffhlprrl
cppercrpchfherrclrtpepftttftcteehchlcreftlctfpplpcrterpeeerlplttphpcthcceffhlprrl
cppercrpchfherrclrtpepftttftcteehchlcreftlctfpplpcrterpeeerlplttphpcthceffhlprrl
cppercrpchfherrclrtpepftttftcteehchlcreftlctfpplpcrterpeeerlplttphpctlcceffhlprrl
cppercrpchfherrclrtpepftttftcteehchlcreftlctfpplpcrterpeeerlplttphpctlceffhlprrl
cppercrpchfherrclrtpepftttftcteehchlcreftlctfpplpcrterpeeerlplttphpctpcceffhlprrl
cppercrpchfherrclrtpepftttftcteehchlcreftlctfpplpcrterpeeerlplttphpctpceffhlprrl
cppercrpchfherrclrtpepftttftcteehchlcreftlctfpplpcrterpeeerlplttphpctrcceffhlprrl
cppercrpchfherrclrtpepftttftcteehchlcreftlctfpplpcrterpeeerlplttphpctrceffhlprrl
cppercrpchfherrclrtpepftttftcteehchlcreftlctfpplpcrterpeeerlplttphpcttcceffhlprrl
cppercrpchfherrclrtpepftttftcteehchlcreftlctfpplpcrterpeeerlplttphpcttceffhlprrl
cppercrpchfherrclrtpepftttftcteehchlcreftlctfpplpcrterpeeerlplttphpectcceffhlprrl
cppercrpchfherrclrtpepftttftcteehchlcreftlctfpplpcrterpeeerlplttphpetcceffhlprrl
cppercrpchfherrclrtpepftttftcteehchlcreftlctfpplpcrterpeeerlplttphpfctcceffhlprrl
cppercrpchfherrclrtpepftttftcteehchlcreftlctfpplpcrterpeeerlplttphpftcceffhlprrl
cppercrpchfherrclrtpepftttftcteehchlcreftlctfpplpcrterpeeerlplttphphctcceffhlprrl
cppercrpchfherrclrtpepftttftcteehchlcreftlctfpplpcrterpeeerlplttphphtcceffhlprrl
cppercrpchfherrclrtpepftttftcteehchlcreftlctfpplpcrterpeeerlplttphplctcceffhlprrl
cppercrpchfherrclrtpepftttftcteehchlcreftlctfpplpcrterpeeerlplttphpltcceffhlprrl
cppercrpchfherrclrtpepftttftcteehchlcreftlctfpplpcrterpeeerlplttphppctcceffhlprrl
cppercrpchfherrclrtpepftttftcteehchlcreftlctfpplpcrterpeeerlplttphpptcceffhlprrl
cppercrpchfherrclrtpepftttftcteehchlcreftlctfpplpcrterpeeerlplttphprctcceffhlprrl
cppercrpchfherrclrtpepftttftcteehchlcreftlctfpplpcrterpeeerlplttphprtcceffhlprrl
cppercrpchfherrclrtpepftttftcteehchlcreftlctfpplpcrterpeeerlplttphptcceffhlprrl
cppercrpchfherrclrtpepftttftcteehchlcreftlctfpplpcrterpeeerlplttphptctcceffhlprrl
cppercrpchfherrclrtpepftttftcteehchlcreftlctfpplpcrterpeeerlplttphpttcceffhlprrl
cppercrpchfherrclrtpepftttftcteehchlcreftlctfpplpcrterpeeerlplttphrctcceffhlprrl
cppercrpchfherrclrtpepftttftcteehchlcreftlctfpplpcrterpeeerlplttphrpctcceffhlprrl
cppercrpchfherrclrtpepftttftcteehchlcreftlctfpplpcrterpeeerlplttphtctcceffhlprrl
cppercrpchfherrclrtpepftttftcteehchlcreftlctfpplpcrterpeeerlplttphtpctcceffhlprrl
cppercrpchfherrclrtpepftttftcteehchlcreftlctfpplpcrterpeeerlplttplhpctcceffhlprrl
cppercrpchfherrclrtpepftttftcteehchlcreftlctfpplpcrterpeeerlplttplpctcceffhlprrl
cppercrpchfherrclrtpepftttftcteehchlcreftlctfpplpcrterpeeerlplttppctcceffhlprrl
cppercrpchfherrclrtpepftttftcteehchlcreftlctfpplpcrterpeeerlplttpphpctcceffhlprrl
cppercrpchfherrclrtpepftttftcteehchlcreftlctfpplpcrterpeeerlplttpppctcceffhlprrl
cppercrpchfherrclrtpepftttftcteehchlcreftlctfpplpcrterpeeerlplttprhpctcceffhlprrl
cppercrpchfherrclrtpepftttftcteehchlcreftlctfpplpcrterpeeerlplttprpctcceffhlprrl
cppercrpchfherrclrtpepftttftcteehchlcreftlctfpplpcrterpeeerlplttpthpctcceffhlprrl
cppercrpchfherrclrtpepftttftcteehchlcreftlctfpplpcrterpeeerlplttptpctcceffhlprrl
cppercrpchfherrclrtpepftttftcteehchlcreftlctfpplpcrterpeeerlplttrhpctcceffhlprrl
cppercrpchfherrclrtpepftttftcteehchlcreftlctfpplpcrterpeeerlplttrphpctcceffhlprrl
cppercrpchfherrclrtpepftttftcteehchlcreftlctfpplpcrterpeeerlplttthpctcceffhlprrl
cppercrpchfherrclrtpepftttftcteehchlcreftlctfpplpcrterpeeerlpltttphpctcceffhlprrl
cppercrpchfherrclrtpepftttftcteehchlcreftlctfpplpcrterpeeerlpplttphpctcceffhlprrl
cppercrpchfherrclrtpepftttftcteehchlcreftlctfpplpcrterpeeerlppttphpctcceffhlprrl
cppercrpchfherrclrtpepftttftcteehchlcreftlctfpplpcrterpeeerlprlttphpctcceffhlprrl
cppercrpchfherrclrtpepftttftcteehchlcreftlctfpplpcrterpeeerlprttphpctcceffhlprrl
cppercrpchfherrclrtpepftttftcteehchlcreftlctfpplpcrterpeeerlptlttphpctcceffhlprrl
cppercrpchfherrclrtpepftttftcteehchlcreftlctfpplpcrterpeeerlpttphpctcceffhlprrl
cppercrpchfherrclrtpepftttftcteehchlcreftlctfpplpcrterpeeerlptttphpctcceffhlprrl
cppercrpchfherrclrtpepftttftcteehchlcreftlctfpplpcrterpeeerlrlttphpctcceffhlprrl
cppercrpchfherrclrtpepftttftcteehchlcreftlctfpplpcrterpeeerlrplttphpctcceffhlprrl
cppercrpchfherrclrtpepftttftcteehchlcreftlctfpplpcrterpeeerltlttphpctcceffhlprrl
cppercrpchfherrclrtpepftttftcteehchlcreftlctfpplpcrterpeeerltplttphpctcceffhlprrl
cppercrpchfherrclrtpepftttftcteehchlcreftlctfpplpcrterpeeerplplttphpctcceffhlprrl
cppercrpchfherrclrtpepftttftcteehchlcreftlctfpplpcrterpeeerplttphpctcceffhlprrl
cppercrpchfherrclrtpepftttftcteehchlcreftlctfpplpcrterpeeerpplttphpctcceffhlprrl
cppercrpchfherrclrtpepftttftcteehchlcreftlctfpplpcrterpeeerrlplttphpctcceffhlprrl
cppercrpchfherrclrtpepftttftcteehchlcreftlctfpplpcrterpeeerrplttphpctcceffhlprrl
cppercrpchfherrclrtpepftttftcteehchlcreftlctfpplpcrterpeeertlplttphpctcceffhlprrl
cppercrpchfherrclrtpepftttftcteehchlcreftlctfpplpcrterpeeertplttphpctcceffhlprrl
cppercrpchfherrclrtpepftttftcteehchlcreftlctfpplpcrterpeeetlplttphpctcceffhlprrl
cppercrpchfherrclrtpepftttftcteehchlcreftlctfpplpcrterpeeetrlplttphpctcceffhlprrl
cppercrpchfherrclrtpepftttftcteehchlcreftlctfpplpcrterpeeferlplttphpctcceffhlprrl
cppercrpchfherrclrtpepftttftcteehchlcreftlctfpplpcrterpeefrlplttphpctcceffhlprrl
cppercrpchfherrclrtpepftttftcteehchlcreftlctfpplpcrterpeeherlplttphpctcceffhlprrl
cppercrpchfherrclrtpepftttftcteehchlcreftlctfpplpcrterpeehrlplttphpctcceffhlprrl
cppercrpchfherrclrtpepftttftcteehchlcreftlctfpplpcrterpeelerlplttphpctcceffhlprrl
cppercrpchfherrclrtpepftttftcteehchlcreftlctfpplpcrterpeelrlplttphpctcceffhlprrl
cppercrpchfherrclrtpepftttftcteehchlcreftlctfpplpcrterpeeperlplttphpctcceffhlprrl
cppercrpchfherrclrtpepftttftcteehchlcreftlctfpplpcrterpeeprlplttphpctcceffhlprrl
cppercrpchfherrclrtpepftttftcteehchlcreftlctfpplpcrterpeererlplttphpctcceffhlprrl
cppercrpchfherrclrtpepftttftcteehchlcreftlctfpplpcrterpeerlplttphpctcceffhlprrl
cppercrpchfherrclrtpepftttftcteehchlcreftlctfpplpcrterpeerrlplttphpctcceffhlprrl
cppercrpchfherrclrtpepftttftcteehchlcreftlctfpplpcrterpeeterlplttphpctcceffhlprrl
cppercrpchfherrclrtpepftttftcteehchlcreftlctfpplpcrterpeetrlplttphpctcceffhlprrl
cppercrpchfherrclrtpepftttftcteehchlcreftlctfpplpcrterpefeerlplttphpctcceffhlprrl
cppercrpchfherrclrtpepftttftcteehchlcreftlctfpplpcrterpeferlplttphpctcceffhlprrl
cppercrpchfherrclrtpepftttftcteehchlcreftlctfpplpcrterpeheerlplttphpctcceffhlprrl
cppercrpchfherrclrtpepftttftcteehchlcreftlctfpplpcrterpeherlplttphpctcceffhlprrl
cppercrpchfherrclrtpepftttftcteehchlcreftlctfpplpcrterpeleerlplttphpctcceffhlprrl
cppercrpchfherrclrtpepftttftcteehchlcreftlctfpplpcrterpelerlplttphpctcceffhlprrl
cppercrpchfherrclrtpepftttftcteehchlcreftlctfpplpcrterpepeerlplttphpctcceffhlprrl
cppercrpchfherrclrtpepftttftcteehchlcreftlctfpplpcrterpeperlplttphpctcceffhlprrl
cppercrpchfherrclrtpepftttftcteehchlcreftlctfpplpcrterpereerlplttphpctcceffhlprrl
cppercrpchfherrclrtpepftttftcteehchlcreftlctfpplpcrterpererlplttphpctcceffhlprrl
cppercrpchfherrclrtpepftttftcteehchlcreftlctfpplpcrterpeteerlplttphpctcceffhlprrl
cppercrpchfherrclrtpepftttftcteehchlcreftlctfpplpcrterpeterlplttphpctcceffhlprrl
cppercrpchfherrclrtpepftttftcteehchlcreftlctfpplpcrterpfeeerlplttphpctcceffhlprrl
cppercrpchfherrclrtpepftttftcteehchlcreftlctfpplpcrterpfeerlplttphpctcceffhlprrl
cppercrpchfherrclrtpepftttftcteehchlcreftlctfpplpcrterpheeerlplttphpctcceffhlprrl
cppercrpchfherrclrtpepftttftcteehchlcreftlctfpplpcrterpheerlplttphpctcceffhlprrl
cppercrpchfherrclrtpepftttftcteehchlcreftlctfpplpcrterpleeerlplttphpctcceffhlprrl
cppercrpchfherrclrtpepftttftcteehchlcreftlctfpplpcrterpleerlplttphpctcceffhlprrl
cppercrpchfherrclrtpepftttftcteehchlcreftlctfpplpcrterppeeerlplttphpctcceffhlprrl
cppercrpchfherrclrtpepftttftcteehchlcreftlctfpplpcrterppeerlplttphpctcceffhlprrl
cppercrpchfherrclrtpepftttftcteehchlcreftlctfpplpcrterpreeerlplttphpctcceffhlprrl
cppercrpchfherrclrtpepftttftcteehchlcreftlctfpplpcrterpreerlplttphpctcceffhlprrl
cppercrpchfherrclrtpepftttftcteehchlcreftlctfpplpcrterpteeerlplttphpctcceffhlprrl
cppercrpchfherrclrtpepftttftcteehchlcreftlctfpplpcrterpteerlplttphpctcceffhlprrl
cppercrpchfherrclrtpepftttftcteehchlcreftlctfpplpcrterreeerlplttphpctcceffhlprrl
cppercrpchfherrclrtpepftttftcteehchlcreftlctfpplpcrterrpeeerlplttphpctcceffhlprrl
cppercrpchfherrclrtpepftttftcteehchlcreftlctfpplpcrterteeerlplttphpctcceffhlprrl
cppercrpchfherrclrtpepftttftcteehchlcreftlctfpplpcrtertpeeerlplttphpctcceffhlprrl
cppercrpchfherrclrtpepftttftcteehchlcreftlctfpplpcrtetpeeerlplttphpctcceffhlprrl
cppercrpchfherrclrtpepftttftcteehchlcreftlctfpplpcrtetrpeeerlplttphpctcceffhlprrl
cppercrpchfherrclrtpepftttftcteehchlcreftlctfpplpcrtferpeeerlplttphpctcceffhlprrl
cppercrpchfherrclrtpepftttftcteehchlcreftlctfpplpcrtfrpeeerlplttphpctcceffhlprrl
cppercrpchfherrclrtpepftttftcteehchlcreftlctfpplpcrtherpeeerlplttphpctcceffhlprrl
cppercrpchfherrclrtpepftttftcteehchlcreftlctfpplpcrthrpeeerlplttphpctcceffhlprrl
cppercrpchfherrclrtpepftttftcteehchlcreftlctfpplpcrtlerpeeerlplttphpctcceffhlprrl
cppercrpchfherrclrtpepftttftcteehchlcreftlctfpplpcrtlrpeeerlplttphpctcceffhlprrl
cppercrpchfherrclrtpepftttftcteehchlcreftlctfpplpcrtperpeeerlplttphpctcceffhlprrl
cppercrpchfherrclrtpepftttftcteehchlcreftlctfpplpcrtprpeeerlplttphpctcceffhlprrl
cppercrpchfherrclrtpepftttftcteehchlcreftlctfpplpcrtrerpeeerlplttphpctcceffhlprrl
cppercrpchfherrclrtpepftttftcteehchlcreftlctfpplpcrtrpeeerlplttphpctcceffhlprrl
cppercrpchfherrclrtpepftttftcteehchlcreftlctfpplpcrtrrpeeerlplttphpctcceffhlprrl
cppercrpchfherrclrtpepftttftcteehchlcreftlctfpplpcrtterpeeerlplttphpctcceffhlprrl
cppercrpchfherrclrtpepftttftcteehchlcreftlctfpplpcrttrpeeerlplttphpctcceffhlprrl
cppercrpchfherrclrtpepftttftcteehchlcreftlctfpplpcterpeeerlplttphpctcceffhlprrl
cppercrpchfherrclrtpepftttftcteehchlcreftlctfpplpctrterpeeerlplttphpctcceffhlprrl
cppercrpchfherrclrtpepftttftcteehchlcreftlctfpplpctterpeeerlplttphpctcceffhlprrl
cppercrpchfherrclrtpepftttftcteehchlcreftlctfpplpecrterpeeerlplttphpctcceffhlprrl
cppercrpchfherrclrtpepftttftcteehchlcreftlctfpplperterpeeerlplttphpctcceffhlprrl
cppercrpchfherrclrtpepftttftcteehchlcreftlctfpplpfcrterpeeerlplttphpctcceffhlprrl
cppercrpchfherrclrtpepftttftcteehchlcreftlctfpplpfrterpeeerlplttphpctcceffhlprrl
cppercrpchfherrclrtpepftttftcteehchlcreftlctfpplphcrterpeeerlplttphpctcceffhlprrl
cppercrpchfherrclrtpepftttftcteehchlcreftlctfpplphrterpeeerlplttphpctcceffhlprrl
cppercrpchfherrclrtpepftttftcteehchlcreftlctfpplplcrterpeeerlplttphpctcceffhlprrl
cppercrpchfherrclrtpepftttftcteehchlcreftlctfpplplrterpeeerlplttphpctcceffhlprrl
cppercrpchfherrclrtpepftttftcteehchlcreftlctfpplppcrterpeeerlplttphpctcceffhlprrl
cppercrpchfherrclrtpepftttftcteehchlcreftlctfpplpprterpeeerlplttphpctcceffhlprrl
cppercrpchfherrclrtpepftttftcteehchlcreftlctfpplprcrterpeeerlplttphpctcceffhlprrl
cppercrpchfherrclrtpepftttftcteehchlcreftlctfpplprrterpeeerlplttphpctcceffhlprrl
cppercrpchfherrclrtpepftttftcteehchlcreftlctfpplprterpeeerlplttphpctcceffhlprrl
cppercrpchfherrclrtpepftttftcteehchlcreftlctfpplptcrterpeeerlplttphpctcceffhlprrl
cppercrpchfherrclrtpepftttftcteehchlcreftlctfpplptrterpeeerlplttphpctcceffhlprrl
cppercrpchfherrclrtpepftttftcteehchlcreftlctfpplrcrterpeeerlplttphpctcceffhlprrl
cppercrpchfherrclrtpepftttftcteehchlcreftlctfpplrpcrterpeeerlplttphpctcceffhlprrl
cppercrpchfherrclrtpepftttftcteehchlcreftlctfppltcrterpeeerlplttphpctcceffhlprrl
cppercrpchfherrclrtpepftttftcteehchlcreftlctfppltpcrterpeeerlplttphpctcceffhlprrl
cppercrpchfherrclrtpepftttftcteehchlcreftlctfpppcrterpeeerlplttphpctcceffhlprrl
cppercrpchfherrclrtpepftttftcteehchlcreftlctfppplpcrterpeeerlplttphpctcceffhlprrl
cppercrpchfherrclrtpepftttftcteehchlcreftlctfppppcrterpeeerlplttphpctcceffhlprrl
cppercrpchfherrclrtpepftttftcteehchlcreftlctfpprlpcrterpeeerlplttphpctcceffhlprrl
cppercrpchfherrclrtpepftttftcteehchlcreftlctfpprpcrterpeeerlplttphpctcceffhlprrl
cppercrpchfherrclrtpepftttftcteehchlcreftlctfpptlpcrterpeeerlplttphpctcceffhlprrl
cppercrpchfherrclrtpepftttftcteehchlcreftlctfpptpcrterpeeerlplttphpctcceffhlprrl
cppercrpchfherrclrtpepftttftcteehchlcreftlctfprlpcrterpeeerlplttphpctcceffhlprrl
cppercrpchfherrclrtpepftttftcteehchlcreftlctfprplpcrterpeeerlplttphpctcceffhlprrl
cppercrpchfherrclrtpepftttftcteehchlcreftlctfptlpcrterpeeerlplttphpctcceffhlprrl
cppercrpchfherrclrtpepftttftcteehchlcreftlctfptplpcrterpeeerlplttphpctcceffhlprrl
cppercrpchfherrclrtpepftttftcteehchlcreftlctfrplpcrterpeeerlplttphpctcceffhlprrl
cppercrpchfherrclrtpepftttftcteehchlcreftlctfrpplpcrterpeeerlplttphpctcceffhlprrl
cppercrpchfherrclrtpepftttftcteehchlcreftlctftplpcrterpeeerlplttphpctcceffhlprrl
cppercrpchfherrclrtpepftttftcteehchlcreftlctftpplpcrterpeeerlplttphpctcceffhlprrl
cppercrpchfherrclrtpepftttftcteehchlcreftlcthfpplpcrterpeeerlplttphpctcceffhlprrl
cppercrpchfherrclrtpepftttftcteehchlcreftlcthpplpcrterpeeerlplttphpctcceffhlprrl
cppercrpchfherrclrtpepftttftcteehchlcreftlctlfpplpcrterpeeerlplttphpctcceffhlprrl
cppercrpchfherrclrtpepftttftcteehchlcreftlctlpplpcrterpeeerlplttphpctcceffhlprrl
cppercrpchfherrclrtpepftttftcteehchlcreftlctpfpplpcrterpeeerlplttphpctcceffhlprrl
cppercrpchfherrclrtpepftttftcteehchlcreftlctpplpcrterpeeerlplttphpctcceffhlprrl
cppercrpchfherrclrtpepftttftcteehchlcreftlctppplpcrterpeeerlplttphpctcceffhlprrl
cppercrpchfherrclrtpepftttftcteehchlcreftlctrfpplpcrterpeeerlplttphpctcceffhlprrl
cppercrpchfherrclrtpepftttftcteehchlcreftlctrpplpcrterpeeerlplttphpctcceffhlprrl
cppercrpchfherrclrtpepftttftcteehchlcreftlcttfpplpcrterpeeerlplttphpctcceffhlprrl
cppercrpchfherrclrtpepftttftcteehchlcreftlcttpplpcrterpeeerlplttphpctcceffhlprrl
cppercrpchfherrclrtpepftttftcteehchlcreftlectfpplpcrterpeeerlplttphpctcceffhlprrl
cppercrpchfherrclrtpepftttftcteehchlcreftletfpplpcrterpeeerlplttphpctcceffhlprrl
cppercrpchfherrclrtpepftttftcteehchlcreftlfctfpplpcrterpeeerlplttphpctcceffhlprrl
cppercrpchfherrclrtpepftttftcteehchlcreftlftfpplpcrterpeeerlplttphpctcceffhlprrl
cppercrpchfherrclrtpepftttftcteehchlcreftlhctfpplpcrterpeeerlplttphpctcceffhlprrl
cppercrpchfherrclrtpepftttftcteehchlcreftlhtfpplpcrterpeeerlplttphpctcceffhlprrl
cppercrpchfherrclrtpepftttftcteehchlcreftllctfpplpcrterpeeerlplttphpctcceffhlprrl
cppercrpchfherrclrtpepftttftcteehchlcreftlltfpplpcrterpeeerlplttphpctcceffhlprrl
cppercrpchfherrclrtpepftttftcteehchlcreftlpctfpplpcrterpeeerlplttphpctcceffhlprrl
cppercrpchfherrclrtpepftttftcteehchlcreftlptfpplpcrterpeeerlplttphpctcceffhlprrl
cppercrpchfherrclrtpepftttftcteehchlcreftlrctfpplpcrterpeeerlplttphpctcceffhlprrl
cppercrpchfherrclrtpepftttftcteehchlcreftlrtfpplpcrterpeeerlplttphpctcceffhlprrl
cppercrpchfherrclrtpepftttftcteehchlcreftltctfpplpcrterpeeerlplttphpctcceffhlprrl
cppercrpchfherrclrtpepftttftcteehchlcreftltfpplpcrterpeeerlplttphpctcceffhlprrl
cppercrpchfherrclrtpepftttftcteehchlcreftlttfpplpcrterpeeerlplttphpctcceffhlprrl
cppercrpchfherrclrtpepftttftcteehchlcreftpctfpplpcrterpeeerlplttphpctcceffhlprrl
cppercrpchfherrclrtpepftttftcteehchlcreftplctfpplpcrterpeeerlplttphpctcceffhlprrl
cppercrpchfherrclrtpepftttftcteehchlcreftrctfpplpcrterpeeerlplttphpctcceffhlprrl
cppercrpchfherrclrtpepftttftcteehchlcreftrlctfpplpcrterpeeerlplttphpctcceffhlprrl
cppercrpchfherrclrtpepftttftcteehchlcrefttctfpplpcrterpeeerlplttphpctcceffhlprrl
cppercrpchfherrclrtpepftttftcteehchlcrefttlctfpplpcrterpeeerlplttphpctcceffhlprrl
cppercrpchfherrclrtpepftttftcteehchlcrehftlctfpplpcrterpeeerlplttphpctcceffhlprrl
cppercrpchfherrclrtpepftttftcteehchlcrehtlctfpplpcrterpeeerlplttphpctcceffhlprrl
cppercrpchfherrclrtpepftttftcteehchlcrelftlctfpplpcrterpeeerlplttphpctcceffhlprrl
cppercrpchfherrclrtpepftttftcteehchlcreltlctfpplpcrterpeeerlplttphpctcceffhlprrl
cppercrpchfherrclrtpepftttftcteehchlcrepftlctfpplpcrterpeeerlplttphpctcceffhlprrl
cppercrpchfherrclrtpepftttftcteehchlcreptlctfpplpcrterpeeerlplttphpctcceffhlprrl
cppercrpchfherrclrtpepftttftcteehchlcrerftlctfpplpcrterpeeerlplttphpctcceffhlprrl
cppercrpchfherrclrtpepftttftcteehchlcrertlctfpplpcrterpeeerlplttphpctcceffhlprrl
cppercrpchfherrclrtpepftttftcteehchlcretftlctfpplpcrterpeeerlplttphpctcceffhlprrl
cppercrpchfherrclrtpepftttftcteehchlcretlctfpplpcrterpeeerlplttphpctcceffhlprrl
cppercrpchfherrclrtpepftttftcteehchlcrettlctfpplpcrterpeeerlplttphpctcceffhlprrl
cppercrpchfherrclrtpepftttftcteehchlcrfeftlctfpplpcrterpeeerlplttphpctcceffhlprrl
cppercrpchfherrclrtpepftttftcteehchlcrfftlctfpplpcrterpeeerlplttphpctcceffhlprrl
cppercrpchfherrclrtpepftttftcteehchlcrftlctfpplpcrterpeeerlplttphpctcceffhlprrl
cppercrpchfherrclrtpepftttftcteehchlcrheftlctfpplpcrterpeeerlplttphpctcceffhlprrl
cppercrpchfherrclrtpepftttftcteehchlcrhftlctfpplpcrterpeeerlplttphpctcceffhlprrl
cppercrpchfherrclrtpepftttftcteehchlcrleftlctfpplpcrterpeeerlplttphpctcceffhlprrl
cppercrpchfherrclrtpepftttftcteehchlcrlftlctfpplpcrterpeeerlplttphpctcceffhlprrl
cppercrpchfherrclrtpepftttftcteehchlcrpeftlctfpplpcrterpeeerlplttphpctcceffhlprrl
cppercrpchfherrclrtpepftttftcteehchlcrpftlctfpplpcrterpeeerlplttphpctcceffhlprrl
cppercrpchfherrclrtpepftttftcteehchlcrreftlctfpplpcrterpeeerlplttphpctcceffhlprrl
cppercrpchfherrclrtpepftttftcteehchlcrrftlctfpplpcrterpeeerlplttphpctcceffhlprrl
cppercrpchfherrclrtpepftttftcteehchlcrteftlctfpplpcrterpeeerlplttphpctcceffhlprrl
cppercrpchfherrclrtpepftttftcteehchlcrtftlctfpplpcrterpeeerlplttphpctcceffhlprrl
cppercrpchfherrclrtpepftttftcteehchlcteftlctfpplpcrterpeeerlplttphpctcceffhlprrl
cppercrpchfherrclrtpepftttftcteehchlctreftlctfpplpcrterpeeerlplttphpctcceffhlprrl
cppercrpchfherrclrtpepftttftcteehchlecreftlctfpplpcrterpeeerlplttphpctcceffhlprrl
cppercrpchfherrclrtpepftttftcteehchlereftlctfpplpcrterpeeerlplttphpctcceffhlprrl
cppercrpchfherrclrtpepftttftcteehchlfcreftlctfpplpcrterpeeerlplttphpctcceffhlprrl
cppercrpchfherrclrtpepftttftcteehchlfreftlctfpplpcrterpeeerlplttphpctcceffhlprrl
cppercrpchfherrclrtpepftttftcteehchlhcreftlctfpplpcrterpeeerlplttphpctcceffhlprrl
cppercrpchfherrclrtpepftttftcteehchlhreftlctfpplpcrterpeeerlplttphpctcceffhlprrl
cppercrpchfherrclrtpepftttftcteehchllcreftlctfpplpcrterpeeerlplttphpctcceffhlprrl
cppercrpchfherrclrtpepftttftcteehchllreftlctfpplpcrterpeeerlplttphpctcceffhlprrl
cppercrpchfherrclrtpepftttftcteehchlpcreftlctfpplpcrterpeeerlplttphpctcceffhlprrl
cppercrpchfherrclrtpepftttftcteehchlpreftlctfpplpcrterpeeerlplttphpctcceffhlprrl
cppercrpchfherrclrtpepftttftcteehchlrcreftlctfpplpcrterpeeerlplttphpctcceffhlprrl
cppercrpchfherrclrtpepftttftcteehchlreftlctfpplpcrterpeeerlplttphpctcceffhlprrl
cppercrpchfherrclrtpepftttftcteehchlrreftlctfpplpcrterpeeerlplttphpctcceffhlprrl
cppercrpchfherrclrtpepftttftcteehchltcreftlctfpplpcrterpeeerlplttphpctcceffhlprrl
cppercrpchfherrclrtpepftttftcteehchltreftlctfpplpcrterpeeerlplttphpctcceffhlprrl
cppercrpchfherrclrtpepftttftcteehchpcreftlctfpplpcrterpeeerlplttphpctcceffhlprrl
cppercrpchfherrclrtpepftttftcteehchplcreftlctfpplpcrterpeeerlplttphpctcceffhlprrl
cppercrpchfherrclrtpepftttftcteehchrcreftlctfpplpcrterpeeerlplttphpctcceffhlprrl
cppercrpchfherrclrtpepftttftcteehchrlcreftlctfpplpcrterpeeerlplttphpctcceffhlprrl
cppercrpchfherrclrtpepftttftcteehchtcreftlctfpplpcrterpeeerlplttphpctcceffhlprrl
cppercrpchfherrclrtpepftttftcteehchtlcreftlctfpplpcrterpeeerlplttphpctcceffhlprrl
cppercrpchfherrclrtpepftttftcteehclcreftlctfpplpcrterpeeerlplttphpctcceffhlprrl
cppercrpchfherrclrtpepftttftcteehclhlcreftlctfpplpcrterpeeerlplttphpctcceffhlprrl
cppercrpchfherrclrtpepftttftcteehcllcreftlctfpplpcrterpeeerlplttphpctcceffhlprrl
cppercrpchfherrclrtpepftttftcteehcphlcreftlctfpplpcrterpeeerlplttphpctcceffhlprrl
cppercrpchfherrclrtpepftttftcteehcplcreftlctfpplpcrterpeeerlplttphpctcceffhlprrl
cppercrpchfherrclrtpepftttftcteehcrhlcreftlctfpplpcrterpeeerlplttphpctcceffhlprrl
cppercrpchfherrclrtpepftttftcteehcrlcreftlctfpplpcrterpeeerlplttphpctcceffhlprrl
cppercrpchfherrclrtpepftttftcteehcthlcreftlctfpplpcrterpeeerlplttphpctcceffhlprrl
cppercrpchfherrclrtpepftttftcteehctlcreftlctfpplpcrterpeeerlplttphpctcceffhlprrl
cppercrpchfherrclrtpepftttftcteehechlcreftlctfpplpcrterpeeerlplttphpctcceffhlprrl
cppercrpchfherrclrtpepftttftcteehehlcreftlctfpplpcrterpeeerlplttphpctcceffhlprrl
cppercrpchfherrclrtpepftttftcteehfchlcreftlctfpplpcrterpeeerlplttphpctcceffhlprrl
cppercrpchfherrclrtpepftttftcteehfhlcreftlctfpplpcrterpeeerlplttphpctcceffhlprrl
cppercrpchfherrclrtpepftttftcteehhchlcreftlctfpplpcrterpeeerlplttphpctcceffhlprrl
cppercrpchfherrclrtpepftttftcteehhhlcreftlctfpplpcrterpeeerlplttphpctcceffhlprrl
cppercrpchfherrclrtpepftttftcteehhlcreftlctfpplpcrterpeeerlplttphpctcceffhlprrl
cppercrpchfherrclrtpepftttftcteehlchlcreftlctfpplpcrterpeeerlplttphpctcceffhlprrl
cppercrpchfherrclrtpepftttftcteehlhlcreftlctfpplpcrterpeeerlplttphpctcceffhlprrl
cppercrpchfherrclrtpepftttftcteehpchlcreftlctfpplpcrterpeeerlplttphpctcceffhlprrl
cppercrpchfherrclrtpepftttftcteehphlcreftlctfpplpcrterpeeerlplttphpctcceffhlprrl
cppercrpchfherrclrtpepftttftcteehrchlcreftlctfpplpcrterpeeerlplttphpctcceffhlprrl
cppercrpchfherrclrtpepftttftcteehrhlcreftlctfpplpcrterpeeerlplttphpctcceffhlprrl
cppercrpchfherrclrtpepftttftcteehtchlcreftlctfpplpcrterpeeerlplttphpctcceffhlprrl
cppercrpchfherrclrtpepftttftcteehthlcreftlctfpplpcrterpeeerlplttphpctcceffhlprrl
cppercrpchfherrclrtpepftttftcteelchlcreftlctfpplpcrterpeeerlplttphpctcceffhlprrl
cppercrpchfherrclrtpepftttftcteelhchlcreftlctfpplpcrterpeeerlplttphpctcceffhlprrl
cppercrpchfherrclrtpepftttftcteepchlcreftlctfpplpcrterpeeerlplttphpctcceffhlprrl
cppercrpchfherrclrtpepftttftcteephchlcreftlctfpplpcrterpeeerlplttphpctcceffhlprrl
cppercrpchfherrclrtpepftttftcteerchlcreftlctfpplpcrterpeeerlplttphpctcceffhlprrl
cppercrpchfherrclrtpepftttftcteerhchlcreftlctfpplpcrterpeeerlplttphpctcceffhlprrl
cppercrpchfherrclrtpepftttftcteetchlcreftlctfpplpcrterpeeerlplttphpctcceffhlprrl
cppercrpchfherrclrtpepftttftcteethchlcreftlctfpplpcrterpeeerlplttphpctcceffhlprrl
cppercrpchfherrclrtpepftttftctefehchlcreftlctfpplpcrterpeeerlplttphpctcceffhlprrl
cppercrpchfherrclrtpepftttftctefhchlcreftlctfpplpcrterpeeerlplttphpctcceffhlprrl
cppercrpchfherrclrtpepftttftctehchlcreftlctfpplpcrterpeeerlplttphpctcceffhlprrl
cppercrpchfherrclrtpepftttftctehehchlcreftlctfpplpcrterpeeerlplttphpctcceffhlprrl
cppercrpchfherrclrtpepftttftctehhchlcreftlctfpplpcrterpeeerlplttphpctcceffhlprrl
cppercrpchfherrclrtpepftttftctelehchlcreftlctfpplpcrterpeeerlplttphpctcceffhlprrl
cppercrpchfherrclrtpepftttftctelhchlcreftlctfpplpcrterpeeerlplttphpctcceffhlprrl
cppercrpchfherrclrtpepftttftctepehchlcreftlctfpplpcrterpeeerlplttphpctcceffhlprrl
cppercrpchfherrclrtpepftttftctephchlcreftlctfpplpcrterpeeerlplttphpctcceffhlprrl
cppercrpchfherrclrtpepftttftcterehchlcreftlctfpplpcrterpeeerlplttphpctcceffhlprrl
cppercrpchfherrclrtpepftttftcterhchlcreftlctfpplpcrterpeeerlplttphpctcceffhlprrl
cppercrpchfherrclrtpepftttftctetehchlcreftlctfpplpcrterpeeerlplttphpctcceffhlprrl
cppercrpchfherrclrtpepftttftctethchlcreftlctfpplpcrterpeeerlplttphpctcceffhlprrl
cppercrpchfherrclrtpepftttftctfeehchlcreftlctfpplpcrterpeeerlplttphpctcceffhlprrl
cppercrpchfherrclrtpepftttftctfehchlcreftlctfpplpcrterpeeerlplttphpctcceffhlprrl
cppercrpchfherrclrtpepftttftctheehchlcreftlctfpplpcrterpeeerlplttphpctcceffhlprrl
cppercrpchfherrclrtpepftttftcthehchlcreftlctfpplpcrterpeeerlplttphpctcceffhlprrl
cppercrpchfherrclrtpepftttftctleehchlcreftlctfpplpcrterpeeerlplttphpctcceffhlprrl
cppercrpchfherrclrtpepftttftctlehchlcreftlctfpplpcrterpeeerlplttphpctcceffhlprrl
cppercrpchfherrclrtpepftttftctpeehchlcreftlctfpplpcrterpeeerlplttphpctcceffhlprrl
cppercrpchfherrclrtpepftttftctpehchlcreftlctfpplpcrterpeeerlplttphpctcceffhlprrl
cppercrpchfherrclrtpepftttftctreehchlcreftlctfpplpcrterpeeerlplttphpctcceffhlprrl
cppercrpchfherrclrtpepftttftctrehchlcreftlctfpplpcrterpeeerlplttphpctcceffhlprrl
cppercrpchfherrclrtpepftttftctteehchlcreftlctfpplpcrterpeeerlplttphpctcceffhlprrl
cppercrpchfherrclrtpepftttftcttehchlcreftlctfpplpcrterpeeerlplttphpctcceffhlprrl
cppercrpchfherrclrtpepftttftecteehchlcreftlctfpplpcrterpeeerlplttphpctcceffhlprrl
cppercrpchfherrclrtpepftttfteteehchlcreftlctfpplpcrterpeeerlplttphpctcceffhlprrl
cppercrpchfherrclrtpepftttftfcteehchlcreftlctfpplpcrterpeeerlplttphpctcceffhlprrl
cppercrpchfherrclrtpepftttftfteehchlcreftlctfpplpcrterpeeerlplttphpctcceffhlprrl
cppercrpchfherrclrtpepftttfthcteehchlcreftlctfpplpcrterpeeerlplttphpctcceffhlprrl
cppercrpchfherrclrtpepftttfthteehchlcreftlctfpplpcrterpeeerlplttphpctcceffhlprrl
cppercrpchfherrclrtpepftttftlcteehchlcreftlctfpplpcrterpeeerlplttphpctcceffhlprrl
cppercrpchfherrclrtpepftttftlteehchlcreftlctfpplpcrterpeeerlplttphpctcceffhlprrl
cppercrpchfherrclrtpepftttftpcteehchlcreftlctfpplpcrterpeeerlplttphpctcceffhlprrl
cppercrpchfherrclrtpepftttftpteehchlcreftlctfpplpcrterpeeerlplttphpctcceffhlprrl
cppercrpchfherrclrtpepftttftrcteehchlcreftlctfpplpcrterpeeerlplttphpctcceffhlprrl
cppercrpchfherrclrtpepftttftrteehchlcreftlctfpplpcrterpeeerlplttphpctcceffhlprrl
cppercrpchfherrclrtpepftttfttcteehchlcreftlctfpplpcrterpeeerlplttphpctcceffhlprrl
cppercrpchfherrclrtpepftttftteehchlcreftlctfpplpcrterpeeerlplttphpctcceffhlprrl
cppercrpchfherrclrtpepftttfttteehchlcreftlctfpplpcrterpeeerlplttphpctcceffhlprrl
cppercrpchfherrclrtpepfttthftcteehchlcreftlctfpplpcrterpeeerlplttphpctcceffhlprrl
cppercrpchfherrclrtpepfttthtcteehchlcreftlctfpplpcrterpeeerlplttphpctcceffhlprrl
cppercrpchfherrclrtpepftttlftcteehchlcreftlctfpplpcrterpeeerlplttphpctcceffhlprrl
cppercrpchfherrclrtpepftttltcteehchlcreftlctfpplpcrterpeeerlplttphpctcceffhlprrl
cppercrpchfherrclrtpepftttpftcteehchlcreftlctfpplpcrterpeeerlplttphpctcceffhlprrl
cppercrpchfherrclrtpepftttptcteehchlcreftlctfpplpcrterpeeerlplttphpctcceffhlprrl
cppercrpchfherrclrtpepftttrftcteehchlcreftlctfpplpcrterpeeerlplttphpctcceffhlprrl
cppercrpchfherrclrtpepftttrtcteehchlcreftlctfpplpcrterpeeerlplttphpctcceffhlprrl
cppercrpchfherrclrtpepfttttcteehchlcreftlctfpplpcrterpeeerlplttphpctcceffhlprrl
cppercrpchfherrclrtpepfttttftcteehchlcreftlctfpplpcrterpeeerlplttphpctcceffhlprrl
cppercrpchfherrclrtpepftttttcteehchlcreftlctfpplpcrterpeeerlplttphpctcceffhlprrl
cppercrpchfherrclrtpephftttftcteehchlcreftlctfpplpcrterpeeerlplttphpctcceffhlprrl
cppercrpchfherrclrtpephtttftcteehchlcreftlctfpplpcrterpeeerlplttphpctcceffhlprrl
cppercrpchfherrclrtpeplftttftcteehchlcreftlctfpplpcrterpeeerlplttphpctcceffhlprrl
cppercrpchfherrclrtpepltttftcteehchlcreftlctfpplpcrterpeeerlplttphpctcceffhlprrl
cppercrpchfherrclrtpeppftttftcteehchlcreftlctfpplpcrterpeeerlplttphpctcceffhlprrl
cppercrpchfherrclrtpepptttftcteehchlcreftlctfpplpcrterpeeerlplttphpctcceffhlprrl
cppercrpchfherrclrtpeprftttftcteehchlcreftlctfpplpcrterpeeerlplttphpctcceffhlprrl
cppercrpchfherrclrtpeprtttftcteehchlcreftlctfpplpcrterpeeerlplttphpctcceffhlprrl
cppercrpchfherrclrtpeptftttftcteehchlcreftlctfpplpcrterpeeerlplttphpctcceffhlprrl
cppercrpchfherrclrtpeptttftcteehchlcreftlctfpplpcrterpeeerlplttphpctcceffhlprrl
cppercrpchfherrclrtpepttttftcteehchlcreftlctfpplpcrterpeeerlplttphpctcceffhlprrl
cppercrpchfherrclrtperftttftcteehchlcreftlctfpplpcrterpeeerlplttphpctcceffhlprrl
cppercrpchfherrclrtperpftttftcteehchlcreftlctfpplpcrterpeeerlplttphpctcceffhlprrl
cppercrpchfherrclrtpetftttftcteehchlcreftlctfpplpcrterpeeerlplttphpctcceffhlprrl
cppercrpchfherrclrtpetpftttftcteehchlcreftlctfpplpcrterpeeerlplttphpctcceffhlprrl
cppercrpchfherrclrtpfepftttftcteehchlcreftlctfpplpcrterpeeerlplttphpctcceffhlprrl
cppercrpchfherrclrtpfpftttftcteehchlcreftlctfpplpcrterpeeerlplttphpctcceffhlprrl
cppercrpchfherrclrtphepftttftcteehchlcreftlctfpplpcrterpeeerlplttphpctcceffhlprrl
cppercrpchfherrclrtphpftttftcteehchlcreftlctfpplpcrterpeeerlplttphpctcceffhlprrl
cppercrpchfherrclrtplepftttftcteehchlcreftlctfpplpcrterpeeerlplttphpctcceffhlprrl
cppercrpchfherrclrtplpftttftcteehchlcreftlctfpplpcrterpeeerlplttphpctcceffhlprrl
cppercrpchfherrclrtppepftttftcteehchlcreftlctfpplpcrterpeeerlplttphpctcceffhlprrl
cppercrpchfherrclrtppftttftcteehchlcreftlctfpplpcrterpeeerlplttphpctcceffhlprrl
cppercrpchfherrclrtpppftttftcteehchlcreftlctfpplpcrterpeeerlplttphpctcceffhlprrl
cppercrpchfherrclrtprepftttftcteehchlcreftlctfpplpcrterpeeerlplttphpctcceffhlprrl
cppercrpchfherrclrtprpftttftcteehchlcreftlctfpplpcrterpeeerlplttphpctcceffhlprrl
cppercrpchfherrclrtptepftttftcteehchlcreftlctfpplpcrterpeeerlplttphpctcceffhlprrl
cppercrpchfherrclrtptpftttftcteehchlcreftlctfpplpcrterpeeerlplttphpctcceffhlprrl
cppercrpchfherrclrtrepftttftcteehchlcreftlctfpplpcrterpeeerlplttphpctcceffhlprrl
cppercrpchfherrclrtrpepftttftcteehchlcreftlctfpplpcrterpeeerlplttphpctcceffhlprrl
cppercrpchfherrclrttepftttftcteehchlcreftlctfpplpcrterpeeerlplttphpctcceffhlprrl
cppercrpchfherrclrttpepftttftcteehchlcreftlctfpplpcrterpeeerlplttphpctcceffhlprrl
cppercrpchfherrcltpepftttftcteehchlcreftlctfpplpcrterpeeerlplttphpctcceffhlprrl
cppercrpchfherrcltrtpepftttftcteehchlcreftlctfpplpcrterpeeerlplttphpctcceffhlprrl
cppercrpchfherrclttpepftttftcteehchlcreftlctfpplpcrterpeeerlplttphpctcceffhlprrl
cppercrpchfherrcplrtpepftttftcteehchlcreftlctfpplpcrterpeeerlplttphpctcceffhlprrl
cppercrpchfherrcprtpepftttftcteehchlcreftlctfpplpcrterpeeerlplttphpctcceffhlprrl
cppercrpchfherrcrlrtpepftttftcteehchlcreftlctfpplpcrterpeeerlplttphpctcceffhlprrl
cppercrpchfherrcrrtpepftttftcteehchlcreftlctfpplpcrterpeeerlplttphpctcceffhlprrl
cppercrpchfherrcrtpepftttftcteehchlcreftlctfpplpcrterpeeerlplttphpctcceffhlprrl
cppercrpchfherrctlrtpepftttftcteehchlcreftlctfpplpcrterpeeerlplttphpctcceffhlprrl
cppercrpchfherrctrtpepftttftcteehchlcreftlctfpplpcrterpeeerlplttphpctcceffhlprrl
cppercrpchfherreclrtpepftttftcteehchlcreftlctfpplpcrterpeeerlplttphpctcceffhlprrl
cppercrpchfherrelrtpepftttftcteehchlcreftlctfpplpcrterpeeerlplttphpctcceffhlprrl
cppercrpchfherrfclrtpepftttftcteehchlcreftlctfpplpcrterpeeerlplttphpctcceffhlprrl
cppercrpchfherrflrtpepftttftcteehchlcreftlctfpplpcrterpeeerlplttphpctcceffhlprrl
cppercrpchfherrhclrtpepftttftcteehchlcreftlctfpplpcrterpeeerlplttphpctcceffhlprrl
cppercrpchfherrhlrtpepftttftcteehchlcreftlctfpplpcrterpeeerlplttphpctcceffhlprrl
cppercrpchfherrlclrtpepftttftcteehchlcreftlctfpplpcrterpeeerlplttphpctcceffhlprrl
cppercrpchfherrllrtpepftttftcteehchlcreftlctfpplpcrterpeeerlplttphpctcceffhlprrl
cppercrpchfherrlrtpepftttftcteehchlcreftlctfpplpcrterpeeerlplttphpctcceffhlprrl
cppercrpchfherrpclrtpepftttftcteehchlcreftlctfpplpcrterpeeerlplttphpctcceffhlprrl
cppercrpchfherrplrtpepftttftcteehchlcreftlctfpplpcrterpeeerlplttphpctcceffhlprrl
cppercrpchfherrrclrtpepftttftcteehchlcreftlctfpplpcrterpeeerlplttphpctcceffhlprrl
cppercrpchfherrrlrtpepftttftcteehchlcreftlctfpplpcrterpeeerlplttphpctcceffhlprrl
cppercrpchfherrtclrtpepftttftcteehchlcreftlctfpplpcrterpeeerlplttphpctcceffhlprrl
cppercrpchfherrtlrtpepftttftcteehchlcreftlctfpplpcrterpeeerlplttphpctcceffhlprrl
cppercrpchfhertclrtpepftttftcteehchlcreftlctfpplpcrterpeeerlplttphpctcceffhlprrl
cppercrpchfhertrclrtpepftttftcteehchlcreftlctfpplpcrterpeeerlplttphpctcceffhlprrl
cppercrpchfhetrclrtpepftttftcteehchlcreftlctfpplpcrterpeeerlplttphpctcceffhlprrl
cppercrpchfhetrrclrtpepftttftcteehchlcreftlctfpplpcrterpeeerlplttphpctcceffhlprrl
cppercrpchfhferrclrtpepftttftcteehchlcreftlctfpplpcrterpeeerlplttphpctcceffhlprrl
cppercrpchfhfrrclrtpepftttftcteehchlcreftlctfpplpcrterpeeerlplttphpctcceffhlprrl
cppercrpchfhherrclrtpepftttftcteehchlcreftlctfpplpcrterpeeerlplttphpctcceffhlprrl
cppercrpchfhhrrclrtpepftttftcteehchlcreftlctfpplpcrterpeeerlplttphpctcceffhlprrl
cppercrpchfhlerrclrtpepftttftcteehchlcreftlctfpplpcrterpeeerlplttphpctcceffhlprrl
cppercrpchfhlrrclrtpepftttftcteehchlcreftlctfpplpcrterpeeerlplttphpctcceffhlprrl
cppercrpchfhperrclrtpepftttftcteehchlcreftlctfpplpcrterpeeerlplttphpctcceffhlprrl
cppercrpchfhprrclrtpepftttftcteehchlcreftlctfpplpcrterpeeerlplttphpctcceffhlprrl
cppercrpchfhrerrclrtpepftttftcteehchlcreftlctfpplpcrterpeeerlplttphpctcceffhlprrl
cppercrpchfhrrclrtpepftttftcteehchlcreftlctfpplpcrterpeeerlplttphpctcceffhlprrl
cppercrpchfhrrrclrtpepftttftcteehchlcreftlctfpplpcrterpeeerlplttphpctcceffhlprrl
cppercrpchfhterrclrtpepftttftcteehchlcreftlctfpplpcrterpeeerlplttphpctcceffhlprrl
cppercrpchfhtrrclrtpepftttftcteehchlcreftlctfpplpcrterpeeerlplttphpctcceffhlprrl
cppercrpchflerrclrtpepftttftcteehchlcreftlctfpplpcrterpeeerlplttphpctcceffhlprrl
cppercrpchflherrclrtpepftttftcteehchlcreftlctfpplpcrterpeeerlplttphpctcceffhlprrl
cppercrpchfperrclrtpepftttftcteehchlcreftlctfpplpcrterpeeerlplttphpctcceffhlprrl
cppercrpchfpherrclrtpepftttftcteehchlcreftlctfpplpcrterpeeerlplttphpctcceffhlprrl
cppercrpchfrerrclrtpepftttftcteehchlcreftlctfpplpcrterpeeerlplttphpctcceffhlprrl
cppercrpchfrherrclrtpepftttftcteehchlcreftlctfpplpcrterpeeerlplttphpctcceffhlprrl
cppercrpchfterrclrtpepftttftcteehchlcreftlctfpplpcrterpeeerlplttphpctcceffhlprrl
cppercrpchftherrclrtpepftttftcteehchlcreftlctfpplpcrterpeeerlplttphpctcceffhlprrl
cppercrpchherrclrtpepftttftcteehchlcreftlctfpplpcrterpeeerlplttphpctcceffhlprrl
cppercrpchhfherrclrtpepftttftcteehchlcreftlctfpplpcrterpeeerlplttphpctcceffhlprrl
cppercrpchhherrclrtpepftttftcteehchlcreftlctfpplpcrterpeeerlplttphpctcceffhlprrl
cppercrpchlfherrclrtpepftttftcteehchlcreftlctfpplpcrterpeeerlplttphpctcceffhlprrl
cppercrpchlherrclrtpepftttftcteehchlcreftlctfpplpcrterpeeerlplttphpctcceffhlprrl
cppercrpchpfherrclrtpepftttftcteehchlcreftlctfpplpcrterpeeerlplttphpctcceffhlprrl
cppercrpchpherrclrtpepftttftcteehchlcreftlctfpplpcrterpeeerlplttphpctcceffhlprrl
cppercrpchrfherrclrtpepftttftcteehchlcreftlctfpplpcrterpeeerlplttphpctcceffhlprrl
cppercrpchrherrclrtpepftttftcteehchlcreftlctfpplpcrterpeeerlplttphpctcceffhlprrl
cppercrpchtfherrclrtpepftttftcteehchlcreftlctfpplpcrterpeeerlplttphpctcceffhlprrl
cppercrpchtherrclrtpepftttftcteehchlcreftlctfpplpcrterpeeerlplttphpctcceffhlprrl
cppercrpclfherrclrtpepftttftcteehchlcreftlctfpplpcrterpeeerlplttphpctcceffhlprrl
cppercrpclhfherrclrtpepftttftcteehchlcreftlctfpplpcrterpeeerlplttphpctcceffhlprrl
cppercrpcpfherrclrtpepftttftcteehchlcreftlctfpplpcrterpeeerlplttphpctcceffhlprrl
cppercrpcphfherrclrtpepftttftcteehchlcreftlctfpplpcrterpeeerlplttphpctcceffhlprrl
cppercrpcrfherrclrtpepftttftcteehchlcreftlctfpplpcrterpeeerlplttphpctcceffhlprrl
cppercrpcrhfherrclrtpepftttftcteehchlcreftlctfpplpcrterpeeerlplttphpctcceffhlprrl
cppercrpctfherrclrtpepftttftcteehchlcreftlctfpplpcrterpeeerlplttphpctcceffhlprrl
cppercrpcthfherrclrtpepftttftcteehchlcreftlctfpplpcrterpeeerlplttphpctcceffhlprrl
cppercrpechfherrclrtpepftttftcteehchlcreftlctfpplpcrterpeeerlplttphpctcceffhlprrl
cppercrpehfherrclrtpepftttftcteehchlcreftlctfpplpcrterpeeerlplttphpctcceffhlprrl
cppercrpfchfherrclrtpepftttftcteehchlcreftlctfpplpcrterpeeerlplttphpctcceffhlprrl
cppercrpfhfherrclrtpepftttftcteehchlcreftlctfpplpcrterpeeerlplttphpctcceffhlprrl
cppercrphchfherrclrtpepftttftcteehchlcreftlctfpplpcrterpeeerlplttphpctcceffhlprrl
cppercrphfherrclrtpepftttftcteehchlcreftlctfpplpcrterpeeerlplttphpctcceffhlprrl
cppercrphhfherrclrtpepftttftcteehchlcreftlctfpplpcrterpeeerlplttphpctcceffhlprrl
cppercrplchfherrclrtpepftttftcteehchlcreftlctfpplpcrterpeeerlplttphpctcceffhlprrl
cppercrplhfherrclrtpepftttftcteehchlcreftlctfpplpcrterpeeerlplttphpctcceffhlprrl
cppercrppchfherrclrtpepftttftcteehchlcreftlctfpplpcrterpeeerlplttphpctcceffhlprrl
cppercrpphfherrclrtpepftttftcteehchlcreftlctfpplpcrterpeeerlplttphpctcceffhlprrl
cppercrprchfherrclrtpepftttftcteehchlcreftlctfpplpcrterpeeerlplttphpctcceffhlprrl
cppercrprhfherrclrtpepftttftcteehchlcreftlctfpplpcrterpeeerlplttphpctcceffhlprrl
cppercrptchfherrclrtpepftttftcteehchlcreftlctfpplpcrterpeeerlplttphpctcceffhlprrl
cppercrpthfherrclrtpepftttftcteehchlcreftlctfpplpcrterpeeerlplttphpctcceffhlprrl
cppercrrchfherrclrtpepftttftcteehchlcreftlctfpplpcrterpeeerlplttphpctcceffhlprrl
cppercrrpchfherrclrtpepftttftcteehchlcreftlctfpplpcrterpeeerlplttphpctcceffhlprrl
cppercrtchfherrclrtpepftttftcteehchlcreftlctfpplpcrterpeeerlplttphpctcceffhlprrl
cppercrtpchfherrclrtpepftttftcteehchlcreftlctfpplpcrterpeeerlplttphpctcceffhlprrl
cpperctpchfherrclrtpepftttftcteehchlcreftlctfpplpcrterpeeerlplttphpctcceffhlprrl
cpperctrpchfherrclrtpepftttftcteehchlcreftlctfpplpcrterpeeerlplttphpctcceffhlprrl
cpperecrpchfherrclrtpepftttftcteehchlcreftlctfpplpcrterpeeerlplttphpctcceffhlprrl
cppererpchfherrclrtpepftttftcteehchlcreftlctfpplpcrterpeeerlplttphpctcceffhlprrl
cpperfcrpchfherrclrtpepftttftcteehchlcreftlctfpplpcrterpeeerlplttphpctcceffhlprrl
cpperfrpchfherrclrtpepftttftcteehchlcreftlctfpplpcrterpeeerlplttphpctcceffhlprrl
cpperhcrpchfherrclrtpepftttftcteehchlcreftlctfpplpcrterpeeerlplttphpctcceffhlprrl
cpperhrpchfherrclrtpepftttftcteehchlcreftlctfpplpcrterpeeerlplttphpctcceffhlprrl
cpperlcrpchfherrclrtpepftttftcteehchlcreftlctfpplpcrterpeeerlplttphpctcceffhlprrl
cpperlrpchfherrclrtpepftttftcteehchlcreftlctfpplpcrterpeeerlplttphpctcceffhlprrl
cpperpcrpchfherrclrtpepftttftcteehchlcreftlctfpplpcrterpeeerlplttphpctcceffhlprrl
cpperprpchfherrclrtpepftttftcteehchlcreftlctfpplpcrterpeeerlplttphpctcceffhlprrl
cpperrcrpchfherrclrtpepftttftcteehchlcreftlctfpplpcrterpeeerlplttphpctcceffhlprrl
cpperrpchfherrclrtpepftttftcteehchlcreftlctfpplpcrterpeeerlplttphpctcceffhlprrl
cpperrrpchfherrclrtpepftttftcteehchlcreftlctfpplpcrterpeeerlplttphpctcceffhlprrl
cppertcrpchfherrclrtpepftttftcteehchlcreftlctfpplpcrterpeeerlplttphpctcceffhlprrl
cppertrpchfherrclrtpepftttftcteehchlcreftlctfpplpcrterpeeerlplttphpctcceffhlprrl
cppetcrpchfherrclrtpepftttftcteehchlcreftlctfpplpcrterpeeerlplttphpctcceffhlprrl
cppetrcrpchfherrclrtpepftttftcteehchlcreftlctfpplpcrterpeeerlplttphpctcceffhlprrl
cppfercrpchfherrclrtpepftttftcteehchlcreftlctfpplpcrterpeeerlplttphpctcceffhlprrl
cppfrcrpchfherrclrtpepftttftcteehchlcreftlctfpplpcrterpeeerlplttphpctcceffhlprrl
cpphercrpchfherrclrtpepftttftcteehchlcreftlctfpplpcrterpeeerlplttphpctcceffhlprrl
cpphrcrpchfherrclrtpepftttftcteehchlcreftlctfpplpcrterpeeerlplttphpctcceffhlprrl
cpplercrpchfherrclrtpepftttftcteehchlcreftlctfpplpcrterpeeerlplttphpctcceffhlprrl
cpplrcrpchfherrclrtpepftttftcteehchlcreftlctfpplpcrterpeeerlplttphpctcceffhlprrl
cpppercrpchfherrclrtpepftttftcteehchlcreftlctfpplpcrterpeeerlplttphpctcceffhlprrl
cppprcrpchfherrclrtpepftttftcteehchlcreftlctfpplpcrterpeeerlplttphpctcceffhlprrl
cpprcrpchfherrclrtpepftttftcteehchlcreftlctfpplpcrterpeeerlplttphpctcceffhlprrl
cpprercrpchfherrclrtpepftttftcteehchlcreftlctfpplpcrterpeeerlplttphpctcceffhlprrl
cpprrcrpchfherrclrtpepftttftcteehchlcreftlctfpplpcrterpeeerlplttphpctcceffhlprrl
cpptercrpchfherrclrtpepftttftcteehchlcreftlctfpplpcrterpeeerlplttphpctcceffhlprrl
cpptrcrpchfherrclrtpepftttftcteehchlcreftlctfpplpcrterpeeerlplttphpctcceffhlprrl
cprercrpchfherrclrtpepftttftcteehchlcreftlctfpplpcrterpeeerlplttphpctcceffhlprrl
cprpercrpchfherrclrtpepftttftcteehchlcreftlctfpplpcrterpeeerlplttphpctcceffhlprrl
cptercrpchfherrclrtpepftttftcteehchlcreftlctfpplpcrterpeeerlplttphpctcceffhlprrl
cptpercrpchfherrclrtpepftttftcteehchlcreftlctfpplpcrterpeeerlplttphpctcceffhlprrl
crpercrpchfherrclrtpepftttftcteehchlcreftlctfpplpcrterpeeerlplttphpctcceffhlprrl
crppercrpchfherrclrtpepftttftcteehchlcreftlctfpplpcrterpeeerlplttphpctcceffhlprrl
ctpercrpchfherrclrtpepftttftcteehchlcreftlctfpplpcrterpeeerlplttphpctcceffhlprrl
ctppercrpchfherrclrtpepftttftcteehchlcreftlctfpplpcrterpeeerlplttphpctcceffhlprrl
ecppercrpchfherrclrtpepftttftcteehchlcreftlctfpplpcrterpeeerlplttphpctcceffhlprrl
eppercrpchfherrclrtpepftttftcteehchlcreftlctfpplpcrterpeeerlplttphpctcceffhlprrl
fcppercrpchfherrclrtpepftttftcteehchlcreftlctfpplpcrterpeeerlplttphpctcceffhlprrl
fppercrpchfherrclrtpepftttftcteehchlcreftlctfpplpcrterpeeerlplttphpctcceffhlprrl
hcppercrpchfherrclrtpepftttftcteehchlcreftlctfpplpcrterpeeerlplttphpctcceffhlprrl
hppercrpchfherrclrtpepftttftcteehchlcreftlctfpplpcrterpeeerlplttphpctcceffhlprrl
lcppercrpchfherrclrtpepftttftcteehchlcreftlctfpplpcrterpeeerlplttphpctcceffhlprrl
lppercrpchfherrclrtpepftttftcteehchlcreftlctfpplpcrterpeeerlplttphpctcceffhlprrl
pcppercrpchfherrclrtpepftttftcteehchlcreftlctfpplpcrterpeeerlplttphpctcceffhlprrl
ppercrpchfherrclrtpepftttftcteehchlcreftlctfpplpcrterpeeerlplttphpctcceffhlprrl
pppercrpchfherrclrtpepftttftcteehchlcreftlctfpplpcrterpeeerlplttphpctcceffhlprrl
rcppercrpchfherrclrtpepftttftcteehchlcreftlctfpplpcrterpeeerlplttphpctcceffhlprrl
rppercrpchfherrclrtpepftttftcteehchlcreftlctfpplpcrterpeeerlplttphpctcceffhlprrl
tcppercrpchfherrclrtpepftttftcteehchlcreftlctfpplpcrterpeeerlplttphpctcceffhlprrl
tppercrpchfherrclrtpepftttftcteehchlcreftlctfpplpcrterpeeerlplttphpctcceffhlprrl
