avyxdwtxbbrfhhtdfkbtahxkdttywtawtvkhaaaxd
ayxdwtxbbrfhhtdfkbtahxkdttywtawtvkhaaaxd
bvyxdwtxbbrfhhtdfkbtahxkdttywtawtvkhaaaxd
byxdwtxbbrfhhtdfkbtahxkdttywtawtvkhaaaxd
dvyxdwtxbbrfhhtdfkbtahxkdttywtawtvkhaaaxd
dyxdwtxbbrfhhtdfkbtahxkdttywtawtvkhaaaxd
fvyxdwtxbbrfhhtdfkbtahxkdttywtawtvkhaaaxd
fyxdwtxbbrfhhtdfkbtahxkdttywtawtvkhaaaxd
hvyxdwtxbbrfhhtdfkbtahxkdttywtawtvkhaaaxd
hyxdwtxbbrfhhtdfkbtahxkdttywtawtvkhaaaxd
kvyxdwtxbbrfhhtdfkbtahxkdttywtawtvkhaaaxd
kyxdwtxbbrfhhtdfkbtahxkdttywtawtvkhaaaxd
rvyxdwtxbbrfhhtdfkbtahxkdttywtawtvkhaaaxd
ryxdwtxbbrfhhtdfkbtahxkdttywtawtvkhaaaxd
tvyxdwtxbbrfhhtdfkbtahxkdttywtawtvkhaaaxd
tyxdwtxbbrfhhtdfkbtahxkdttywtawtvkhaaaxd
uvyxdwtxbbrfhhtdfkbtahxkdttywtawtvkhaaaxd
uyxdwtxbbrfhhtdfkbtahxkdttywtawtvkhaaaxd
vaxdwtxbbrfhhtdfkbtahxkdttywtawtvkhaaaxd
vayxdwtxbbrfhhtdfkbtahxkdttywtawtvkhaaaxd
vbxdwtxbbrfhhtdfkbtahxkdttywtawtvkhaaaxd
vbyxdwtxbbrfhhtdfkbtahxkdttywtawtvkhaaaxd
vdxdwtxbbrfhhtdfkbtahxkdttywtawtvkhaaaxd
vdyxdwtxbbrfhhtdfkbtahxkdttywtawtvkhaaaxd
vfxdwtxbbrfhhtdfkbtahxkdttywtawtvkhaaaxd
vfyxdwtxbbrfhhtdfkbtahxkdttywtawtvkhaaaxd
vhxdwtxbbrfhhtdfkbtahxkdttywtawtvkhaaaxd
vhyxdwtxbbrfhhtdfkbtahxkdttywtawtvkhaaaxd
vkxdwtxbbrfhhtdfkbtahxkdttywtawtvkhaaaxd
vkyxdwtxbbrfhhtdfkbtahxkdttywtawtvkhaaaxd
vrxdwtxbbrfhhtdfkbtahxkdttywtawtvkhaaaxd
vryxdwtxbbrfhhtdfkbtahxkdttywtawtvkhaaaxd
vtxdwtxbbrfhhtdfkbtahxkdttywtawtvkhaaaxd
vtyxdwtxbbrfhhtdfkbtahxkdttywtawtvkhaaaxd
vuxdwtxbbrfhhtdfkbtahxkdttywtawtvkhaaaxd
vuyxdwtxbbrfhhtdfkbtahxkdttywtawtvkhaaaxd
vvxdwtxbbrfhhtdfkbtahxkdttywtawtvkhaaaxd
vvyxdwtxbbrfhhtdfkbtahxkdttywtawtvkhaaaxd
vwxdwtxbbrfhhtdfkbtahxkdttywtawtvkhaaaxd
vwyxdwtxbbrfhhtdfkbtahxkdttywtawtvkhaaaxd
vxdwtxbbrfhhtdfkbtahxkdttywtawtvkhaaaxd
vxxdwtxbbrfhhtdfkbtahxkdttywtawtvkhaaaxd
vxyxdwtxbbrfhhtdfkbtahxkdttywtawtvkhaaaxd
vyadwtxbbrfhhtdfkbtahxkdttywtawtvkhaaaxd
vyaxdwtxbbrfhhtdfkbtahxkdttywtawtvkhaaaxd
vybdwtxbbrfhhtdfkbtahxkdttywtawtvkhaaaxd
vybxdwtxbbrfhhtdfkbtahxkdttywtawtvkhaaaxd
vyddwtxbbrfhhtdfkbtahxkdttywtawtvkhaaaxd
vydwtxbbrfhhtdfkbtahxkdttywtawtvkhaaaxd
vydxdwtxbbrfhhtdfkbtahxkdttywtawtvkhaaaxd
vyfdwtxbbrfhhtdfkbtahxkdttywtawtvkhaaaxd
vyfxdwtxbbrfhhtdfkbtahxkdttywtawtvkhaaaxd
vyhdwtxbbrfhhtdfkbtahxkdttywtawtvkhaaaxd
vyhxdwtxbbrfhhtdfkbtahxkdttywtawtvkhaaaxd
vykdwtxbbrfhhtdfkbtahxkdttywtawtvkhaaaxd
vykxdwtxbbrfhhtdfkbtahxkdttywtawtvkhaaaxd
vyrdwtxbbrfhhtdfkbtahxkdttywtawtvkhaaaxd
vyrxdwtxbbrfhhtdfkbtahxkdttywtawtvkhaaaxd
vytdwtxbbrfhhtdfkbtahxkdttywtawtvkhaaaxd
vytxdwtxbbrfhhtdfkbtahxkdttywtawtvkhaaaxd
vyudwtxbbrfhhtdfkbtahxkdttywtawtvkhaaaxd
vyuxdwtxbbrfhhtdfkbtahxkdttywtawtvkhaaaxd
vyvdwtxbbrfhhtdfkbtahxkdttywtawtvkhaaaxd
vyvxdwtxbbrfhhtdfkbtahxkdttywtawtvkhaaaxd
vywdwtxbbrfhhtdfkbtahxkdttywtawtvkhaaaxd
vywxdwtxbbrfhhtdfkbtahxkdttywtawtvkhaaaxd
vyxadwtxbbrfhhtdfkbtahxkdttywtawtvkhaaaxd
vyxawtxbbrfhhtdfkbtahxkdttywtawtvkhaaaxd
vyxbdwtxbbrfhhtdfkbtahxkdttywtawtvkhaaaxd
vyxbwtxbbrfhhtdfkbtahxkdttywtawtvkhaaaxd
vyxdatxbbrfhhtdfkbtahxkdttywtawtvkhaaaxd
vyxdawtxbbrfhhtdfkbtahxkdttywtawtvkhaaaxd
vyxdbtxbbrfhhtdfkbtahxkdttywtawtvkhaaaxd
vyxdbwtxbbrfhhtdfkbtahxkdttywtawtvkhaaaxd
vyxddtxbbrfhhtdfkbtahxkdttywtawtvkhaaaxd
vyxddwtxbbrfhhtdfkbtahxkdttywtawtvkhaaaxd
vyxdftxbbrfhhtdfkbtahxkdttywtawtvkhaaaxd
vyxdfwtxbbrfhhtdfkbtahxkdttywtawtvkhaaaxd
vyxdhtxbbrfhhtdfkbtahxkdttywtawtvkhaaaxd
vyxdhwtxbbrfhhtdfkbtahxkdttywtawtvkhaaaxd
vyxdktxbbrfhhtdfkbtahxkdttywtawtvkhaaaxd
vyxdkwtxbbrfhhtdfkbtahxkdttywtawtvkhaaaxd
vyxdrtxbbrfhhtdfkbtahxkdttywtawtvkhaaaxd
vyxdrwtxbbrfhhtdfkbtahxkdttywtawtvkhaaaxd
vyxdttxbbrfhhtdfkbtahxkdttywtawtvkhaaaxd
vyxdtwtxbbrfhhtdfkbtahxkdttywtawtvkhaaaxd
vyxdtxbbrfhhtdfkbtahxkdttywtawtvkhaaaxd
vyxdutxbbrfhhtdfkbtahxkdttywtawtvkhaaaxd
vyxduwtxbbrfhhtdfkbtahxkdttywtawtvkhaaaxd
vyxdvtxbbrfhhtdfkbtahxkdttywtawtvkhaaaxd
vyxdvwtxbbrfhhtdfkbtahxkdttywtawtvkhaaaxd
vyxdwatxbbrfhhtdfkbtahxkdttywtawtvkhaaaxd
vyxdwaxbbrfhhtdfkbtahxkdttywtawtvkhaaaxd
vyxdwbtxbbrfhhtdfkbtahxkdttywtawtvkhaaaxd
vyxdwbxbbrfhhtdfkbtahxkdttywtawtvkhaaaxd
vyxdwdtxbbrfhhtdfkbtahxkdttywtawtvkhaaaxd
vyxdwdxbbrfhhtdfkbtahxkdttywtawtvkhaaaxd
vyxdwftxbbrfhhtdfkbtahxkdttywtawtvkhaaaxd
vyxdwfxbbrfhhtdfkbtahxkdttywtawtvkhaaaxd
vyxdwhtxbbrfhhtdfkbtahxkdttywtawtvkhaaaxd
vyxdwhxbbrfhhtdfkbtahxkdttywtawtvkhaaaxd
vyxdwktxbbrfhhtdfkbtahxkdttywtawtvkhaaaxd
vyxdwkxbbrfhhtdfkbtahxkdttywtawtvkhaaaxd
vyxdwrtxbbrfhhtdfkbtahxkdttywtawtvkhaaaxd
vyxdwrxbbrfhhtdfkbtahxkdttywtawtvkhaaaxd
vyxdwtabbrfhhtdfkbtahxkdttywtawtvkhaaaxd
vyxdwtaxbbrfhhtdfkbtahxkdttywtawtvkhaaaxd
vyxdwtbbbrfhhtdfkbtahxkdttywtawtvkhaaaxd
vyxdwtbbrfhhtdfkbtahxkdttywtawtvkhaaaxd
vyxdwtbxbbrfhhtdfkbtahxkdttywtawtvkhaaaxd
vyxdwtdbbrfhhtdfkbtahxkdttywtawtvkhaaaxd
vyxdwtdxbbrfhhtdfkbtahxkdttywtawtvkhaaaxd
vyxdwtfbbrfhhtdfkbtahxkdttywtawtvkhaaaxd
vyxdwtfxbbrfhhtdfkbtahxkdttywtawtvkhaaaxd
vyxdwthbbrfhhtdfkbtahxkdttywtawtvkhaaaxd
vyxdwthxbbrfhhtdfkbtahxkdttywtawtvkhaaaxd
vyxdwtkbbrfhhtdfkbtahxkdttywtawtvkhaaaxd
vyxdwtkxbbrfhhtdfkbtahxkdttywtawtvkhaaaxd
vyxdwtrbbrfhhtdfkbtahxkdttywtawtvkhaaaxd
vyxdwtrxbbrfhhtdfkbtahxkdttywtawtvkhaaaxd
vyxdwttbbrfhhtdfkbtahxkdttywtawtvkhaaaxd
vyxdwttxbbrfhhtdfkbtahxkdttywtawtvkhaaaxd
vyxdwtubbrfhhtdfkbtahxkdttywtawtvkhaaaxd
vyxdwtuxbbrfhhtdfkbtahxkdttywtawtvkhaaaxd
vyxdwtvbbrfhhtdfkbtahxkdttywtawtvkhaaaxd
vyxdwtvxbbrfhhtdfkbtahxkdttywtawtvkhaaaxd
vyxdwtwbbrfhhtdfkbtahxkdttywtawtvkhaaaxd
vyxdwtwxbbrfhhtdfkbtahxkdttywtawtvkhaaaxd
vyxdwtxabbrfhhtdfkbtahxkdttywtawtvkhaaaxd
vyxdwtxabrfhhtdfkbtahxkdttywtawtvkhaaaxd
vyxdwtxbabrfhhtdfkbtahxkdttywtawtvkhaaaxd
vyxdwtxbarfhhtdfkbtahxkdttywtawtvkhaaaxd
vyxdwtxbbafhhtdfkbtahxkdttywtawtvkhaaaxd
vyxdwtxbbarfhhtdfkbtahxkdttywtawtvkhaaaxd
vyxdwtxbbbfhhtdfkbtahxkdttywtawtvkhaaaxd
vyxdwtxbbbrfhhtdfkbtahxkdttywtawtvkhaaaxd
vyxdwtxbbdfhhtdfkbtahxkdttywtawtvkhaaaxd
vyxdwtxbbdrfhhtdfkbtahxkdttywtawtvkhaaaxd
vyxdwtxbbffhhtdfkbtahxkdttywtawtvkhaaaxd
vyxdwtxbbfhhtdfkbtahxkdttywtawtvkhaaaxd
vyxdwtxbbfrfhhtdfkbtahxkdttywtawtvkhaaaxd
vyxdwtxbbhfhhtdfkbtahxkdttywtawtvkhaaaxd
vyxdwtxbbhrfhhtdfkbtahxkdttywtawtvkhaaaxd
vyxdwtxbbkfhhtdfkbtahxkdttywtawtvkhaaaxd
vyxdwtxbbkrfhhtdfkbtahxkdttywtawtvkhaaaxd
vyxdwtxbbrafhhtdfkbtahxkdttywtawtvkhaaaxd
vyxdwtxbbrahhtdfkbtahxkdttywtawtvkhaaaxd
vyxdwtxbbrbfhhtdfkbtahxkdttywtawtvkhaaaxd
vyxdwtxbbrbhhtdfkbtahxkdttywtawtvkhaaaxd
vyxdwtxbbrdfhhtdfkbtahxkdttywtawtvkhaaaxd
vyxdwtxbbrdhhtdfkbtahxkdttywtawtvkhaaaxd
vyxdwtxbbrfahhtdfkbtahxkdttywtawtvkhaaaxd
vyxdwtxbbrfahtdfkbtahxkdttywtawtvkhaaaxd
vyxdwtxbbrfbhhtdfkbtahxkdttywtawtvkhaaaxd
vyxdwtxbbrfbhtdfkbtahxkdttywtawtvkhaaaxd
vyxdwtxbbrfdhhtdfkbtahxkdttywtawtvkhaaaxd
vyxdwtxbbrfdhtdfkbtahxkdttywtawtvkhaaaxd
vyxdwtxbbrffhhtdfkbtahxkdttywtawtvkhaaaxd
vyxdwtxbbrffhtdfkbtahxkdttywtawtvkhaaaxd
vyxdwtxbbrfhahtdfkbtahxkdttywtawtvkhaaaxd
vyxdwtxbbrfhatdfkbtahxkdttywtawtvkhaaaxd
vyxdwtxbbrfhbhtdfkbtahxkdttywtawtvkhaaaxd
vyxdwtxbbrfhbtdfkbtahxkdttywtawtvkhaaaxd
vyxdwtxbbrfhdhtdfkbtahxkdttywtawtvkhaaaxd
vyxdwtxbbrfhdtdfkbtahxkdttywtawtvkhaaaxd
vyxdwtxbbrfhfhtdfkbtahxkdttywtawtvkhaaaxd
vyxdwtxbbrfhftdfkbtahxkdttywtawtvkhaaaxd
vyxdwtxbbrfhhadfkbtahxkdttywtawtvkhaaaxd
vyxdwtxbbrfhhatdfkbtahxkdttywtawtvkhaaaxd
vyxdwtxbbrfhhbdfkbtahxkdttywtawtvkhaaaxd
vyxdwtxbbrfhhbtdfkbtahxkdttywtawtvkhaaaxd
vyxdwtxbbrfhhddfkbtahxkdttywtawtvkhaaaxd
vyxdwtxbbrfhhdfkbtahxkdttywtawtvkhaaaxd
vyxdwtxbbrfhhdtdfkbtahxkdttywtawtvkhaaaxd
vyxdwtxbbrfhhfdfkbtahxkdttywtawtvkhaaaxd
vyxdwtxbbrfhhftdfkbtahxkdttywtawtvkhaaaxd
vyxdwtxbbrfhhhdfkbtahxkdttywtawtvkhaaaxd
vyxdwtxbbrfhhhtdfkbtahxkdttywtawtvkhaaaxd
vyxdwtxbbrfhhkdfkbtahxkdttywtawtvkhaaaxd
vyxdwtxbbrfhhktdfkbtahxkdttywtawtvkhaaaxd
vyxdwtxbbrfhhrdfkbtahxkdttywtawtvkhaaaxd
vyxdwtxbbrfhhrtdfkbtahxkdttywtawtvkhaaaxd
vyxdwtxbbrfhhtadfkbtahxkdttywtawtvkhaaaxd
vyxdwtxbbrfhhtafkbtahxkdttywtawtvkhaaaxd
vyxdwtxbbrfhhtbdfkbtahxkdttywtawtvkhaaaxd
vyxdwtxbbrfhhtbfkbtahxkdttywtawtvkhaaaxd
vyxdwtxbbrfhhtdafkbtahxkdttywtawtvkhaaaxd
vyxdwtxbbrfhhtdakbtahxkdttywtawtvkhaaaxd
vyxdwtxbbrfhhtdbfkbtahxkdttywtawtvkhaaaxd
vyxdwtxbbrfhhtdbkbtahxkdttywtawtvkhaaaxd
vyxdwtxbbrfhhtddfkbtahxkdttywtawtvkhaaaxd
vyxdwtxbbrfhhtddkbtahxkdttywtawtvkhaaaxd
vyxdwtxbbrfhhtdfabtahxkdttywtawtvkhaaaxd
vyxdwtxbbrfhhtdfakbtahxkdttywtawtvkhaaaxd
vyxdwtxbbrfhhtdfbbtahxkdttywtawtvkhaaaxd
vyxdwtxbbrfhhtdfbkbtahxkdttywtawtvkhaaaxd
vyxdwtxbbrfhhtdfbtahxkdttywtawtvkhaaaxd
vyxdwtxbbrfhhtdfdbtahxkdttywtawtvkhaaaxd
vyxdwtxbbrfhhtdfdkbtahxkdttywtawtvkhaaaxd
vyxdwtxbbrfhhtdffbtahxkdttywtawtvkhaaaxd
vyxdwtxbbrfhhtdffkbtahxkdttywtawtvkhaaaxd
vyxdwtxbbrfhhtdfhbtahxkdttywtawtvkhaaaxd
vyxdwtxbbrfhhtdfhkbtahxkdttywtawtvkhaaaxd
vyxdwtxbbrfhhtdfkabtahxkdttywtawtvkhaaaxd
vyxdwtxbbrfhhtdfkatahxkdttywtawtvkhaaaxd
vyxdwtxbbrfhhtdfkbaahxkdttywtawtvkhaaaxd
vyxdwtxbbrfhhtdfkbahxkdttywtawtvkhaaaxd
vyxdwtxbbrfhhtdfkbatahxkdttywtawtvkhaaaxd
vyxdwtxbbrfhhtdfkbbahxkdttywtawtvkhaaaxd
vyxdwtxbbrfhhtdfkbbtahxkdttywtawtvkhaaaxd
vyxdwtxbbrfhhtdfkbdahxkdttywtawtvkhaaaxd
vyxdwtxbbrfhhtdfkbdtahxkdttywtawtvkhaaaxd
vyxdwtxbbrfhhtdfkbfahxkdttywtawtvkhaaaxd
vyxdwtxbbrfhhtdfkbftahxkdttywtawtvkhaaaxd
vyxdwtxbbrfhhtdfkbhahxkdttywtawtvkhaaaxd
vyxdwtxbbrfhhtdfkbhtahxkdttywtawtvkhaaaxd
vyxdwtxbbrfhhtdfkbkahxkdttywtawtvkhaaaxd
vyxdwtxbbrfhhtdfkbktahxkdttywtawtvkhaaaxd
vyxdwtxbbrfhhtdfkbrahxkdttywtawtvkhaaaxd
vyxdwtxbbrfhhtdfkbrtahxkdttywtawtvkhaaaxd
vyxdwtxbbrfhhtdfkbtaahxkdttywtawtvkhaaaxd
vyxdwtxbbrfhhtdfkbtaaxkdttywtawtvkhaaaxd
vyxdwtxbbrfhhtdfkbtabhxkdttywtawtvkhaaaxd
vyxdwtxbbrfhhtdfkbtabxkdttywtawtvkhaaaxd
vyxdwtxbbrfhhtdfkbtadhxkdttywtawtvkhaaaxd
vyxdwtxbbrfhhtdfkbtadxkdttywtawtvkhaaaxd
vyxdwtxbbrfhhtdfkbtafhxkdttywtawtvkhaaaxd
vyxdwtxbbrfhhtdfkbtafxkdttywtawtvkhaaaxd
vyxdwtxbbrfhhtdfkbtahakdttywtawtvkhaaaxd
vyxdwtxbbrfhhtdfkbtahaxkdttywtawtvkhaaaxd
vyxdwtxbbrfhhtdfkbtahbkdttywtawtvkhaaaxd
vyxdwtxbbrfhhtdfkbtahbxkdttywtawtvkhaaaxd
vyxdwtxbbrfhhtdfkbtahdkdttywtawtvkhaaaxd
vyxdwtxbbrfhhtdfkbtahdxkdttywtawtvkhaaaxd
vyxdwtxbbrfhhtdfkbtahfkdttywtawtvkhaaaxd
vyxdwtxbbrfhhtdfkbtahfxkdttywtawtvkhaaaxd
vyxdwtxbbrfhhtdfkbtahhkdttywtawtvkhaaaxd
vyxdwtxbbrfhhtdfkbtahhxkdttywtawtvkhaaaxd
vyxdwtxbbrfhhtdfkbtahkdttywtawtvkhaaaxd
vyxdwtxbbrfhhtdfkbtahkkdttywtawtvkhaaaxd
vyxdwtxbbrfhhtdfkbtahkxkdttywtawtvkhaaaxd
vyxdwtxbbrfhhtdfkbtahrkdttywtawtvkhaaaxd
vyxdwtxbbrfhhtdfkbtahrxkdttywtawtvkhaaaxd
vyxdwtxbbrfhhtdfkbtahtkdttywtawtvkhaaaxd
vyxdwtxbbrfhhtdfkbtahtxkdttywtawtvkhaaaxd
vyxdwtxbbrfhhtdfkbtahukdttywtawtvkhaaaxd
vyxdwtxbbrfhhtdfkbtahuxkdttywtawtvkhaaaxd
vyxdwtxbbrfhhtdfkbtahvkdttywtawtvkhaaaxd
vyxdwtxbbrfhhtdfkbtahvxkdttywtawtvkhaaaxd
vyxdwtxbbrfhhtdfkbtahwkdttywtawtvkhaaaxd
vyxdwtxbbrfhhtdfkbtahwxkdttywtawtvkhaaaxd
vyxdwtxbbrfhhtdfkbtahxadttywtawtvkhaaaxd
vyxdwtxbbrfhhtdfkbtahxakdttywtawtvkhaaaxd
vyxdwtxbbrfhhtdfkbtahxbdttywtawtvkhaaaxd
vyxdwtxbbrfhhtdfkbtahxbkdttywtawtvkhaaaxd
vyxdwtxbbrfhhtdfkbtahxddttywtawtvkhaaaxd
vyxdwtxbbrfhhtdfkbtahxdkdttywtawtvkhaaaxd
vyxdwtxbbrfhhtdfkbtahxdttywtawtvkhaaaxd
vyxdwtxbbrfhhtdfkbtahxfdttywtawtvkhaaaxd
vyxdwtxbbrfhhtdfkbtahxfkdttywtawtvkhaaaxd
vyxdwtxbbrfhhtdfkbtahxhdttywtawtvkhaaaxd
vyxdwtxbbrfhhtdfkbtahxhkdttywtawtvkhaaaxd
vyxdwtxbbrfhhtdfkbtahxkadttywtawtvkhaaaxd
vyxdwtxbbrfhhtdfkbtahxkattywtawtvkhaaaxd
vyxdwtxbbrfhhtdfkbtahxkbdttywtawtvkhaaaxd
vyxdwtxbbrfhhtdfkbtahxkbttywtawtvkhaaaxd
vyxdwtxbbrfhhtdfkbtahxkdattywtawtvkhaaaxd
vyxdwtxbbrfhhtdfkbtahxkdatywtawtvkhaaaxd
vyxdwtxbbrfhhtdfkbtahxkdbttywtawtvkhaaaxd
vyxdwtxbbrfhhtdfkbtahxkdbtywtawtvkhaaaxd
vyxdwtxbbrfhhtdfkbtahxkddttywtawtvkhaaaxd
vyxdwtxbbrfhhtdfkbtahxkddtywtawtvkhaaaxd
vyxdwtxbbrfhhtdfkbtahxkdfttywtawtvkhaaaxd
vyxdwtxbbrfhhtdfkbtahxkdftywtawtvkhaaaxd
vyxdwtxbbrfhhtdfkbtahxkdhttywtawtvkhaaaxd
vyxdwtxbbrfhhtdfkbtahxkdhtywtawtvkhaaaxd
vyxdwtxbbrfhhtdfkbtahxkdkttywtawtvkhaaaxd
vyxdwtxbbrfhhtdfkbtahxkdktywtawtvkhaaaxd
vyxdwtxbbrfhhtdfkbtahxkdrttywtawtvkhaaaxd
vyxdwtxbbrfhhtdfkbtahxkdrtywtawtvkhaaaxd
vyxdwtxbbrfhhtdfkbtahxkdtatywtawtvkhaaaxd
vyxdwtxbbrfhhtdfkbtahxkdtaywtawtvkhaaaxd
vyxdwtxbbrfhhtdfkbtahxkdtbtywtawtvkhaaaxd
vyxdwtxbbrfhhtdfkbtahxkdtbywtawtvkhaaaxd
vyxdwtxbbrfhhtdfkbtahxkdtdtywtawtvkhaaaxd
vyxdwtxbbrfhhtdfkbtahxkdtdywtawtvkhaaaxd
vyxdwtxbbrfhhtdfkbtahxkdtftywtawtvkhaaaxd
vyxdwtxbbrfhhtdfkbtahxkdtfywtawtvkhaaaxd
vyxdwtxbbrfhhtdfkbtahxkdthtywtawtvkhaaaxd
vyxdwtxbbrfhhtdfkbtahxkdthywtawtvkhaaaxd
vyxdwtxbbrfhhtdfkbtahxkdtktywtawtvkhaaaxd
vyxdwtxbbrfhhtdfkbtahxkdtkywtawtvkhaaaxd
vyxdwtxbbrfhhtdfkbtahxkdtrtywtawtvkhaaaxd
vyxdwtxbbrfhhtdfkbtahxkdtrywtawtvkhaaaxd
vyxdwtxbbrfhhtdfkbtahxkdttawtawtvkhaaaxd
vyxdwtxbbrfhhtdfkbtahxkdttaywtawtvkhaaaxd
vyxdwtxbbrfhhtdfkbtahxkdttbwtawtvkhaaaxd
vyxdwtxbbrfhhtdfkbtahxkdttbywtawtvkhaaaxd
vyxdwtxbbrfhhtdfkbtahxkdttdwtawtvkhaaaxd
vyxdwtxbbrfhhtdfkbtahxkdttdywtawtvkhaaaxd
vyxdwtxbbrfhhtdfkbtahxkdttfwtawtvkhaaaxd
vyxdwtxbbrfhhtdfkbtahxkdttfywtawtvkhaaaxd
vyxdwtxbbrfhhtdfkbtahxkdtthwtawtvkhaaaxd
vyxdwtxbbrfhhtdfkbtahxkdtthywtawtvkhaaaxd
vyxdwtxbbrfhhtdfkbtahxkdttkwtawtvkhaaaxd
vyxdwtxbbrfhhtdfkbtahxkdttkywtawtvkhaaaxd
vyxdwtxbbrfhhtdfkbtahxkdttrwtawtvkhaaaxd
vyxdwtxbbrfhhtdfkbtahxkdttrywtawtvkhaaaxd
vyxdwtxbbrfhhtdfkbtahxkdtttwtawtvkhaaaxd
vyxdwtxbbrfhhtdfkbtahxkdtttywtawtvkhaaaxd
vyxdwtxbbrfhhtdfkbtahxkdttuwtawtvkhaaaxd
vyxdwtxbbrfhhtdfkbtahxkdttuywtawtvkhaaaxd
vyxdwtxbbrfhhtdfkbtahxkdttvwtawtvkhaaaxd
vyxdwtxbbrfhhtdfkbtahxkdttvywtawtvkhaaaxd
vyxdwtxbbrfhhtdfkbtahxkdttwtawtvkhaaaxd
vyxdwtxbbrfhhtdfkbtahxkdttwwtawtvkhaaaxd
vyxdwtxbbrfhhtdfkbtahxkdttwywtawtvkhaaaxd
vyxdwtxbbrfhhtdfkbtahxkdttxwtawtvkhaaaxd
vyxdwtxbbrfhhtdfkbtahxkdttxywtawtvkhaaaxd
vyxdwtxbbrfhhtdfkbtahxkdttyatawtvkhaaaxd
vyxdwtxbbrfhhtdfkbtahxkdttyawtawtvkhaaaxd
vyxdwtxbbrfhhtdfkbtahxkdttybtawtvkhaaaxd
vyxdwtxbbrfhhtdfkbtahxkdttybwtawtvkhaaaxd
vyxdwtxbbrfhhtdfkbtahxkdttydtawtvkhaaaxd
vyxdwtxbbrfhhtdfkbtahxkdttydwtawtvkhaaaxd
vyxdwtxbbrfhhtdfkbtahxkdttyftawtvkhaaaxd
vyxdwtxbbrfhhtdfkbtahxkdttyfwtawtvkhaaaxd
vyxdwtxbbrfhhtdfkbtahxkdttyhtawtvkhaaaxd
vyxdwtxbbrfhhtdfkbtahxkdttyhwtawtvkhaaaxd
vyxdwtxbbrfhhtdfkbtahxkdttyktawtvkhaaaxd
vyxdwtxbbrfhhtdfkbtahxkdttykwtawtvkhaaaxd
vyxdwtxbbrfhhtdfkbtahxkdttyrtawtvkhaaaxd
vyxdwtxbbrfhhtdfkbtahxkdttyrwtawtvkhaaaxd
vyxdwtxbbrfhhtdfkbtahxkdttytawtvkhaaaxd
vyxdwtxbbrfhhtdfkbtahxkdttyttawtvkhaaaxd
vyxdwtxbbrfhhtdfkbtahxkdttytwtawtvkhaaaxd
vyxdwtxbbrfhhtdfkbtahxkdttyutawtvkhaaaxd
vyxdwtxbbrfhhtdfkbtahxkdttyuwtawtvkhaaaxd
vyxdwtxbbrfhhtdfkbtahxkdttyvtawtvkhaaaxd
vyxdwtxbbrfhhtdfkbtahxkdttyvwtawtvkhaaaxd
vyxdwtxbbrfhhtdfkbtahxkdttywaawtvkhaaaxd
vyxdwtxbbrfhhtdfkbtahxkdttywatawtvkhaaaxd
vyxdwtxbbrfhhtdfkbtahxkdttywawtvkhaaaxd
vyxdwtxbbrfhhtdfkbtahxkdttywbawtvkhaaaxd
vyxdwtxbbrfhhtdfkbtahxkdttywbtawtvkhaaaxd
vyxdwtxbbrfhhtdfkbtahxkdttywdawtvkhaaaxd
vyxdwtxbbrfhhtdfkbtahxkdttywdtawtvkhaaaxd
vyxdwtxbbrfhhtdfkbtahxkdttywfawtvkhaaaxd
vyxdwtxbbrfhhtdfkbtahxkdttywftawtvkhaaaxd
vyxdwtxbbrfhhtdfkbtahxkdttywhawtvkhaaaxd
vyxdwtxbbrfhhtdfkbtahxkdttywhtawtvkhaaaxd
vyxdwtxbbrfhhtdfkbtahxkdttywkawtvkhaaaxd
vyxdwtxbbrfhhtdfkbtahxkdttywktawtvkhaaaxd
vyxdwtxbbrfhhtdfkbtahxkdttywrawtvkhaaaxd
vyxdwtxbbrfhhtdfkbtahxkdttywrtawtvkhaaaxd
vyxdwtxbbrfhhtdfkbtahxkdttywtaatvkhaaaxd
vyxdwtxbbrfhhtdfkbtahxkdttywtaawtvkhaaaxd
vyxdwtxbbrfhhtdfkbtahxkdttywtabtvkhaaaxd
vyxdwtxbbrfhhtdfkbtahxkdttywtabwtvkhaaaxd
vyxdwtxbbrfhhtdfkbtahxkdttywtadtvkhaaaxd
vyxdwtxbbrfhhtdfkbtahxkdttywtadwtvkhaaaxd
vyxdwtxbbrfhhtdfkbtahxkdttywtaftvkhaaaxd
vyxdwtxbbrfhhtdfkbtahxkdttywtafwtvkhaaaxd
vyxdwtxbbrfhhtdfkbtahxkdttywtahtvkhaaaxd
vyxdwtxbbrfhhtdfkbtahxkdttywtahwtvkhaaaxd
vyxdwtxbbrfhhtdfkbtahxkdttywtaktvkhaaaxd
vyxdwtxbbrfhhtdfkbtahxkdttywtakwtvkhaaaxd
vyxdwtxbbrfhhtdfkbtahxkdttywtartvkhaaaxd
vyxdwtxbbrfhhtdfkbtahxkdttywtarwtvkhaaaxd
vyxdwtxbbrfhhtdfkbtahxkdttywtattvkhaaaxd
vyxdwtxbbrfhhtdfkbtahxkdttywtatvkhaaaxd
vyxdwtxbbrfhhtdfkbtahxkdttywtatwtvkhaaaxd
vyxdwtxbbrfhhtdfkbtahxkdttywtautvkhaaaxd
vyxdwtxbbrfhhtdfkbtahxkdttywtauwtvkhaaaxd
vyxdwtxbbrfhhtdfkbtahxkdttywtavtvkhaaaxd
vyxdwtxbbrfhhtdfkbtahxkdttywtavwtvkhaaaxd
vyxdwtxbbrfhhtdfkbtahxkdttywtawatvkhaaaxd
vyxdwtxbbrfhhtdfkbtahxkdttywtawavkhaaaxd
vyxdwtxbbrfhhtdfkbtahxkdttywtawbtvkhaaaxd
vyxdwtxbbrfhhtdfkbtahxkdttywtawbvkhaaaxd
vyxdwtxbbrfhhtdfkbtahxkdttywtawdtvkhaaaxd
vyxdwtxbbrfhhtdfkbtahxkdttywtawdvkhaaaxd
vyxdwtxbbrfhhtdfkbtahxkdttywtawftvkhaaaxd
vyxdwtxbbrfhhtdfkbtahxkdttywtawfvkhaaaxd
vyxdwtxbbrfhhtdfkbtahxkdttywtawhtvkhaaaxd
vyxdwtxbbrfhhtdfkbtahxkdttywtawhvkhaaaxd
vyxdwtxbbrfhhtdfkbtahxkdttywtawktvkhaaaxd
vyxdwtxbbrfhhtdfkbtahxkdttywtawkvkhaaaxd
vyxdwtxbbrfhhtdfkbtahxkdttywtawrtvkhaaaxd
vyxdwtxbbrfhhtdfkbtahxkdttywtawrvkhaaaxd
vyxdwtxbbrfhhtdfkbtahxkdttywtawtakhaaaxd
vyxdwtxbbrfhhtdfkbtahxkdttywtawtavkhaaaxd
vyxdwtxbbrfhhtdfkbtahxkdttywtawtbkhaaaxd
vyxdwtxbbrfhhtdfkbtahxkdttywtawtbvkhaaaxd
vyxdwtxbbrfhhtdfkbtahxkdttywtawtdkhaaaxd
vyxdwtxbbrfhhtdfkbtahxkdttywtawtdvkhaaaxd
vyxdwtxbbrfhhtdfkbtahxkdttywtawtfkhaaaxd
vyxdwtxbbrfhhtdfkbtahxkdttywtawtfvkhaaaxd
vyxdwtxbbrfhhtdfkbtahxkdttywtawthkhaaaxd
vyxdwtxbbrfhhtdfkbtahxkdttywtawthvkhaaaxd
vyxdwtxbbrfhhtdfkbtahxkdttywtawtkhaaaxd
vyxdwtxbbrfhhtdfkbtahxkdttywtawtkkhaaaxd
vyxdwtxbbrfhhtdfkbtahxkdttywtawtkvkhaaaxd
vyxdwtxbbrfhhtdfkbtahxkdttywtawtrkhaaaxd
vyxdwtxbbrfhhtdfkbtahxkdttywtawtrvkhaaaxd
vyxdwtxbbrfhhtdfkbtahxkdttywtawttkhaaaxd
vyxdwtxbbrfhhtdfkbtahxkdttywtawttvkhaaaxd
vyxdwtxbbrfhhtdfkbtahxkdttywtawtukhaaaxd
vyxdwtxbbrfhhtdfkbtahxkdttywtawtuvkhaaaxd
vyxdwtxbbrfhhtdfkbtahxkdttywtawtvahaaaxd
vyxdwtxbbrfhhtdfkbtahxkdttywtawtvakhaaaxd
vyxdwtxbbrfhhtdfkbtahxkdttywtawtvbhaaaxd
vyxdwtxbbrfhhtdfkbtahxkdttywtawtvbkhaaaxd
vyxdwtxbbrfhhtdfkbtahxkdttywtawtvdhaaaxd
vyxdwtxbbrfhhtdfkbtahxkdttywtawtvdkhaaaxd
vyxdwtxbbrfhhtdfkbtahxkdttywtawtvfhaaaxd
vyxdwtxbbrfhhtdfkbtahxkdttywtawtvfkhaaaxd
vyxdwtxbbrfhhtdfkbtahxkdttywtawtvhaaaxd
vyxdwtxbbrfhhtdfkbtahxkdttywtawtvhhaaaxd
vyxdwtxbbrfhhtdfkbtahxkdttywtawtvhkhaaaxd
vyxdwtxbbrfhhtdfkbtahxkdttywtawtvkaaaaxd
vyxdwtxbbrfhhtdfkbtahxkdttywtawtvkaaaxd
vyxdwtxbbrfhhtdfkbtahxkdttywtawtvkahaaaxd
vyxdwtxbbrfhhtdfkbtahxkdttywtawtvkbaaaxd
vyxdwtxbbrfhhtdfkbtahxkdttywtawtvkbhaaaxd
vyxdwtxbbrfhhtdfkbtahxkdttywtawtvkdaaaxd
vyxdwtxbbrfhhtdfkbtahxkdttywtawtvkdhaaaxd
vyxdwtxbbrfhhtdfkbtahxkdttywtawtvkfaaaxd
vyxdwtxbbrfhhtdfkbtahxkdttywtawtvkfhaaaxd
vyxdwtxbbrfhhtdfkbtahxkdttywtawtvkhaaaad
vyxdwtxbbrfhhtdfkbtahxkdttywtawtvkhaaaaxd
vyxdwtxbbrfhhtdfkbtahxkdttywtawtvkhaaabd
vyxdwtxbbrfhhtdfkbtahxkdttywtawtvkhaaabxd
vyxdwtxbbrfhhtdfkbtahxkdttywtawtvkhaaad
vyxdwtxbbrfhhtdfkbtahxkdttywtawtvkhaaadd
vyxdwtxbbrfhhtdfkbtahxkdttywtawtvkhaaadxd
vyxdwtxbbrfhhtdfkbtahxkdttywtawtvkhaaafd
vyxdwtxbbrfhhtdfkbtahxkdttywtawtvkhaaafxd
vyxdwtxbbrfhhtdfkbtahxkdttywtawtvkhaaahd
vyxdwtxbbrfhhtdfkbtahxkdttywtawtvkhaaahxd
vyxdwtxbbrfhhtdfkbtahxkdttywtawtvkhaaakd
vyxdwtxbbrfhhtdfkbtahxkdttywtawtvkhaaakxd
vyxdwtxbbrfhhtdfkbtahxkdttywtawtvkhaaard
vyxdwtxbbrfhhtdfkbtahxkdttywtawtvkhaaarxd
vyxdwtxbbrfhhtdfkbtahxkdttywtawtvkhaaatd
vyxdwtxbbrfhhtdfkbtahxkdttywtawtvkhaaatxd
vyxdwtxbbrfhhtdfkbtahxkdttywtawtvkhaaaud
vyxdwtxbbrfhhtdfkbtahxkdttywtawtvkhaaauxd
vyxdwtxbbrfhhtdfkbtahxkdttywtawtvkhaaavd
vyxdwtxbbrfhhtdfkbtahxkdttywtawtvkhaaavxd
vyxdwtxbbrfhhtdfkbtahxkdttywtawtvkhaaawd
vyxdwtxbbrfhhtdfkbtahxkdttywtawtvkhaaawxd
vyxdwtxbbrfhhtdfkbtahxkdttywtawtvkhaaax
vyxdwtxbbrfhhtdfkbtahxkdttywtawtvkhaaaxa
vyxdwtxbbrfhhtdfkbtahxkdttywtawtvkhaaaxad
vyxdwtxbbrfhhtdfkbtahxkdttywtawtvkhaaaxb
vyxdwtxbbrfhhtdfkbtahxkdttywtawtvkhaaaxbd
vyxdwtxbbrfhhtdfkbtahxkdttywtawtvkhaaaxda
vyxdwtxbbrfhhtdfkbtahxkdttywtawtvkhaaaxdb
vyxdwtxbbrfhhtdfkbtahxkdttywtawtvkhaaaxdd
vyxdwtxbbrfhhtdfkbtahxkdttywtawtvkhaaaxdf
vyxdwtxbbrfhhtdfkbtahxkdttywtawtvkhaaaxdh
vyxdwtxbbrfhhtdfkbtahxkdttywtawtvkhaaaxdk
vyxdwtxbbrfhhtdfkbtahxkdttywtawtvkhaaaxdr
vyxdwtxbbrfhhtdfkbtahxkdttywtawtvkhaaaxdt
vyxdwtxbbrfhhtdfkbtahxkdttywtawtvkhaaaxdu
vyxdwtxbbrfhhtdfkbtahxkdttywtawtvkhaaaxdv
vyxdwtxbbrfhhtdfkbtahxkdttywtawtvkhaaaxdw
vyxdwtxbbrfhhtdfkbtahxkdttywtawtvkhaaaxdx
vyxdwtxbbrfhhtdfkbtahxkdttywtawtvkhaaaxdy
vyxdwtxbbrfhhtdfkbtahxkdttywtawtvkhaaaxf
vyxdwtxbbrfhhtdfkbtahxkdttywtawtvkhaaaxfd
vyxdwtxbbrfhhtdfkbtahxkdttywtawtvkhaaaxh
vyxdwtxbbrfhhtdfkbtahxkdttywtawtvkhaaaxhd
vyxdwtxbbrfhhtdfkbtahxkdttywtawtvkhaaaxk
vyxdwtxbbrfhhtdfkbtahxkdttywtawtvkhaaaxkd
vyxdwtxbbrfhhtdfkbtahxkdttywtawtvkhaaaxr
vyxdwtxbbrfhhtdfkbtahxkdttywtawtvkhaaaxrd
vyxdwtxbbrfhhtdfkbtahxkdttywtawtvkhaaaxt
vyxdwtxbbrfhhtdfkbtahxkdttywtawtvkhaaaxtd
vyxdwtxbbrfhhtdfkbtahxkdttywtawtvkhaaaxu
vyxdwtxbbrfhhtdfkbtahxkdttywtawtvkhaaaxud
vyxdwtxbbrfhhtdfkbtahxkdttywtawtvkhaaaxv
vyxdwtxbbrfhhtdfkbtahxkdttywtawtvkhaaaxvd
vyxdwtxbbrfhhtdfkbtahxkdttywtawtvkhaaaxw
vyxdwtxbbrfhhtdfkbtahxkdttywtawtvkhaaaxwd
vyxdwtxbbrfhhtdfkbtahxkdttywtawtvkhaaaxx
vyxdwtxbbrfhhtdfkbtahxkdttywtawtvkhaaaxxd
vyxdwtxbbrfhhtdfkbtahxkdttywtawtvkhaaaxy
vyxdwtxbbrfhhtdfkbtahxkdttywtawtvkhaaaxyd
vyxdwtxbbrfhhtdfkbtahxkdttywtawtvkhaaayd
vyxdwtxbbrfhhtdfkbtahxkdttywtawtvkhaaayxd
vyxdwtxbbrfhhtdfkbtahxkdttywtawtvkhaabaxd
vyxdwtxbbrfhhtdfkbtahxkdttywtawtvkhaabxd
vyxdwtxbbrfhhtdfkbtahxkdttywtawtvkhaadaxd
vyxdwtxbbrfhhtdfkbtahxkdttywtawtvkhaadxd
vyxdwtxbbrfhhtdfkbtahxkdttywtawtvkhaafaxd
vyxdwtxbbrfhhtdfkbtahxkdttywtawtvkhaafxd
vyxdwtxbbrfhhtdfkbtahxkdttywtawtvkhaahaxd
vyxdwtxbbrfhhtdfkbtahxkdttywtawtvkhaahxd
vyxdwtxbbrfhhtdfkbtahxkdttywtawtvkhaakaxd
vyxdwtxbbrfhhtdfkbtahxkdttywtawtvkhaakxd
vyxdwtxbbrfhhtdfkbtahxkdttywtawtvkhaaraxd
vyxdwtxbbrfhhtdfkbtahxkdttywtawtvkhaarxd
vyxdwtxbbrfhhtdfkbtahxkdttywtawtvkhaataxd
vyxdwtxbbrfhhtdfkbtahxkdttywtawtvkhaatxd
vyxdwtxbbrfhhtdfkbtahxkdttywtawtvkhaauaxd
vyxdwtxbbrfhhtdfkbtahxkdttywtawtvkhaauxd
vyxdwtxbbrfhhtdfkbtahxkdttywtawtvkhaavaxd
vyxdwtxbbrfhhtdfkbtahxkdttywtawtvkhaavxd
vyxdwtxbbrfhhtdfkbtahxkdttywtawtvkhaawaxd
vyxdwtxbbrfhhtdfkbtahxkdttywtawtvkhaawxd
vyxdwtxbbrfhhtdfkbtahxkdttywtawtvkhaaxaxd
vyxdwtxbbrfhhtdfkbtahxkdttywtawtvkhaaxd
vyxdwtxbbrfhhtdfkbtahxkdttywtawtvkhaaxxd
vyxdwtxbbrfhhtdfkbtahxkdttywtawtvkhaayaxd
vyxdwtxbbrfhhtdfkbtahxkdttywtawtvkhaayxd
vyxdwtxbbrfhhtdfkbtahxkdttywtawtvkhabaaxd
vyxdwtxbbrfhhtdfkbtahxkdttywtawtvkhabaxd
vyxdwtxbbrfhhtdfkbtahxkdttywtawtvkhadaaxd
vyxdwtxbbrfhhtdfkbtahxkdttywtawtvkhadaxd
vyxdwtxbbrfhhtdfkbtahxkdttywtawtvkhafaaxd
vyxdwtxbbrfhhtdfkbtahxkdttywtawtvkhafaxd
vyxdwtxbbrfhhtdfkbtahxkdttywtawtvkhahaaxd
vyxdwtxbbrfhhtdfkbtahxkdttywtawtvkhahaxd
vyxdwtxbbrfhhtdfkbtahxkdttywtawtvkhakaaxd
vyxdwtxbbrfhhtdfkbtahxkdttywtawtvkhakaxd
vyxdwtxbbrfhhtdfkbtahxkdttywtawtvkharaaxd
vyxdwtxbbrfhhtdfkbtahxkdttywtawtvkharaxd
vyxdwtxbbrfhhtdfkbtahxkdttywtawtvkhataaxd
vyxdwtxbbrfhhtdfkbtahxkdttywtawtvkhataxd
vyxdwtxbbrfhhtdfkbtahxkdttywtawtvkhauaaxd
vyxdwtxbbrfhhtdfkbtahxkdttywtawtvkhauaxd
vyxdwtxbbrfhhtdfkbtahxkdttywtawtvkhavaaxd
vyxdwtxbbrfhhtdfkbtahxkdttywtawtvkhavaxd
vyxdwtxbbrfhhtdfkbtahxkdttywtawtvkhawaaxd
vyxdwtxbbrfhhtdfkbtahxkdttywtawtvkhawaxd
vyxdwtxbbrfhhtdfkbtahxkdttywtawtvkhaxaaxd
vyxdwtxbbrfhhtdfkbtahxkdttywtawtvkhaxaxd
vyxdwtxbbrfhhtdfkbtahxkdttywtawtvkhayaaxd
vyxdwtxbbrfhhtdfkbtahxkdttywtawtvkhayaxd
vyxdwtxbbrfhhtdfkbtahxkdttywtawtvkhbaaaxd
vyxdwtxbbrfhhtdfkbtahxkdttywtawtvkhbaaxd
vyxdwtxbbrfhhtdfkbtahxkdttywtawtvkhdaaaxd
vyxdwtxbbrfhhtdfkbtahxkdttywtawtvkhdaaxd
vyxdwtxbbrfhhtdfkbtahxkdttywtawtvkhfaaaxd
vyxdwtxbbrfhhtdfkbtahxkdttywtawtvkhfaaxd
vyxdwtxbbrfhhtdfkbtahxkdttywtawtvkhhaaaxd
vyxdwtxbbrfhhtdfkbtahxkdttywtawtvkhhaaxd
vyxdwtxbbrfhhtdfkbtahxkdttywtawtvkhkaaaxd
vyxdwtxbbrfhhtdfkbtahxkdttywtawtvkhkaaxd
vyxdwtxbbrfhhtdfkbtahxkdttywtawtvkhraaaxd
vyxdwtxbbrfhhtdfkbtahxkdttywtawtvkhraaxd
vyxdwtxbbrfhhtdfkbtahxkdttywtawtvkhtaaaxd
vyxdwtxbbrfhhtdfkbtahxkdttywtawtvkhtaaxd
vyxdwtxbbrfhhtdfkbtahxkdttywtawtvkhuaaaxd
vyxdwtxbbrfhhtdfkbtahxkdttywtawtvkhuaaxd
vyxdwtxbbrfhhtdfkbtahxkdttywtawtvkhvaaaxd
vyxdwtxbbrfhhtdfkbtahxkdttywtawtvkhvaaxd
vyxdwtxbbrfhhtdfkbtahxkdttywtawtvkhwaaaxd
vyxdwtxbbrfhhtdfkbtahxkdttywtawtvkhwaaxd
vyxdwtxbbrfhhtdfkbtahxkdttywtawtvkhxaaaxd
vyxdwtxbbrfhhtdfkbtahxkdttywtawtvkhxaaxd
vyxdwtxbbrfhhtdfkbtahxkdttywtawtvkhyaaaxd
vyxdwtxbbrfhhtdfkbtahxkdttywtawtvkhyaaxd
vyxdwtxbbrfhhtdfkbtahxkdttywtawtvkkaaaxd
vyxdwtxbbrfhhtdfkbtahxkdttywtawtvkkhaaaxd
vyxdwtxbbrfhhtdfkbtahxkdttywtawtvkraaaxd
vyxdwtxbbrfhhtdfkbtahxkdttywtawtvkrhaaaxd
vyxdwtxbbrfhhtdfkbtahxkdttywtawtvktaaaxd
vyxdwtxbbrfhhtdfkbtahxkdttywtawtvkthaaaxd
vyxdwtxbbrfhhtdfkbtahxkdttywtawtvkuaaaxd
vyxdwtxbbrfhhtdfkbtahxkdttywtawtvkuhaaaxd
vyxdwtxbbrfhhtdfkbtahxkdttywtawtvkvaaaxd
vyxdwtxbbrfhhtdfkbtahxkdttywtawtvkvhaaaxd
vyxdwtxbbrfhhtdfkbtahxkdttywtawtvkwaaaxd
vyxdwtxbbrfhhtdfkbtahxkdttywtawtvkwhaaaxd
vyxdwtxbbrfhhtdfkbtahxkdttywtawtvkxaaaxd
vyxdwtxbbrfhhtdfkbtahxkdttywtawtvkxhaaaxd
vyxdwtxbbrfhhtdfkbtahxkdttywtawtvkyaaaxd
vyxdwtxbbrfhhtdfkbtahxkdttywtawtvkyhaaaxd
vyxdwtxbbrfhhtdfkbtahxkdttywtawtvrhaaaxd
vyxdwtxbbrfhhtdfkbtahxkdttywtawtvrkhaaaxd
vyxdwtxbbrfhhtdfkbtahxkdttywtawtvthaaaxd
vyxdwtxbbrfhhtdfkbtahxkdttywtawtvtkhaaaxd
vyxdwtxbbrfhhtdfkbtahxkdttywtawtvuhaaaxd
vyxdwtxbbrfhhtdfkbtahxkdttywtawtvukhaaaxd
vyxdwtxbbrfhhtdfkbtahxkdttywtawtvvhaaaxd
vyxdwtxbbrfhhtdfkbtahxkdttywtawtvvkhaaaxd
vyxdwtxbbrfhhtdfkbtahxkdttywtawtvwhaaaxd
vyxdwtxbbrfhhtdfkbtahxkdttywtawtvwkhaaaxd
vyxdwtxbbrfhhtdfkbtahxkdttywtawtvxhaaaxd
vyxdwtxbbrfhhtdfkbtahxkdttywtawtvxkhaaaxd
vyxdwtxbbrfhhtdfkbtahxkdttywtawtvyhaaaxd
vyxdwtxbbrfhhtdfkbtahxkdttywtawtvykhaaaxd
vyxdwtxbbrfhhtdfkbtahxkdttywtawtwkhaaaxd
vyxdwtxbbrfhhtdfkbtahxkdttywtawtwvkhaaaxd
vyxdwtxbbrfhhtdfkbtahxkdttywtawtxkhaaaxd
vyxdwtxbbrfhhtdfkbtahxkdttywtawtxvkhaaaxd
vyxdwtxbbrfhhtdfkbtahxkdttywtawtykhaaaxd
vyxdwtxbbrfhhtdfkbtahxkdttywtawtyvkhaaaxd
vyxdwtxbbrfhhtdfkbtahxkdttywtawutvkhaaaxd
vyxdwtxbbrfhhtdfkbtahxkdttywtawuvkhaaaxd
vyxdwtxbbrfhhtdfkbtahxkdttywtawvkhaaaxd
vyxdwtxbbrfhhtdfkbtahxkdttywtawvtvkhaaaxd
vyxdwtxbbrfhhtdfkbtahxkdttywtawvvkhaaaxd
vyxdwtxbbrfhhtdfkbtahxkdttywtawwtvkhaaaxd
vyxdwtxbbrfhhtdfkbtahxkdttywtawwvkhaaaxd
vyxdwtxbbrfhhtdfkbtahxkdttywtawxtvkhaaaxd
vyxdwtxbbrfhhtdfkbtahxkdttywtawxvkhaaaxd
vyxdwtxbbrfhhtdfkbtahxkdttywtawytvkhaaaxd
vyxdwtxbbrfhhtdfkbtahxkdttywtawyvkhaaaxd
vyxdwtxbbrfhhtdfkbtahxkdttywtaxtvkhaaaxd
vyxdwtxbbrfhhtdfkbtahxkdttywtaxwtvkhaaaxd
vyxdwtxbbrfhhtdfkbtahxkdttywtaytvkhaaaxd
vyxdwtxbbrfhhtdfkbtahxkdttywtaywtvkhaaaxd
vyxdwtxbbrfhhtdfkbtahxkdttywtbawtvkhaaaxd
vyxdwtxbbrfhhtdfkbtahxkdttywtbwtvkhaaaxd
vyxdwtxbbrfhhtdfkbtahxkdttywtdawtvkhaaaxd
vyxdwtxbbrfhhtdfkbtahxkdttywtdwtvkhaaaxd
vyxdwtxbbrfhhtdfkbtahxkdttywtfawtvkhaaaxd
vyxdwtxbbrfhhtdfkbtahxkdttywtfwtvkhaaaxd
vyxdwtxbbrfhhtdfkbtahxkdttywthawtvkhaaaxd
vyxdwtxbbrfhhtdfkbtahxkdttywthwtvkhaaaxd
vyxdwtxbbrfhhtdfkbtahxkdttywtkawtvkhaaaxd
vyxdwtxbbrfhhtdfkbtahxkdttywtkwtvkhaaaxd
vyxdwtxbbrfhhtdfkbtahxkdttywtrawtvkhaaaxd
vyxdwtxbbrfhhtdfkbtahxkdttywtrwtvkhaaaxd
vyxdwtxbbrfhhtdfkbtahxkdttywttawtvkhaaaxd
vyxdwtxbbrfhhtdfkbtahxkdttywttwtvkhaaaxd
vyxdwtxbbrfhhtdfkbtahxkdttywtuawtvkhaaaxd
vyxdwtxbbrfhhtdfkbtahxkdttywtuwtvkhaaaxd
vyxdwtxbbrfhhtdfkbtahxkdttywtvawtvkhaaaxd
vyxdwtxbbrfhhtdfkbtahxkdttywtvwtvkhaaaxd
vyxdwtxbbrfhhtdfkbtahxkdttywtwawtvkhaaaxd
vyxdwtxbbrfhhtdfkbtahxkdttywtwtvkhaaaxd
vyxdwtxbbrfhhtdfkbtahxkdttywtwwtvkhaaaxd
vyxdwtxbbrfhhtdfkbtahxkdttywtxawtvkhaaaxd
vyxdwtxbbrfhhtdfkbtahxkdttywtxwtvkhaaaxd
vyxdwtxbbrfhhtdfkbtahxkdttywtyawtvkhaaaxd
vyxdwtxbbrfhhtdfkbtahxkdttywtywtvkhaaaxd
vyxdwtxbbrfhhtdfkbtahxkdttywuawtvkhaaaxd
vyxdwtxbbrfhhtdfkbtahxkdttywutawtvkhaaaxd
vyxdwtxbbrfhhtdfkbtahxkdttywvawtvkhaaaxd
vyxdwtxbbrfhhtdfkbtahxkdttywvtawtvkhaaaxd
vyxdwtxbbrfhhtdfkbtahxkdttywwawtvkhaaaxd
vyxdwtxbbrfhhtdfkbtahxkdttywwtawtvkhaaaxd
vyxdwtxbbrfhhtdfkbtahxkdttywxawtvkhaaaxd
vyxdwtxbbrfhhtdfkbtahxkdttywxtawtvkhaaaxd
vyxdwtxbbrfhhtdfkbtahxkdttywyawtvkhaaaxd
vyxdwtxbbrfhhtdfkbtahxkdttywytawtvkhaaaxd
vyxdwtxbbrfhhtdfkbtahxkdttyxtawtvkhaaaxd
vyxdwtxbbrfhhtdfkbtahxkdttyxwtawtvkhaaaxd
vyxdwtxbbrfhhtdfkbtahxkdttyytawtvkhaaaxd
vyxdwtxbbrfhhtdfkbtahxkdttyywtawtvkhaaaxd
vyxdwtxbbrfhhtdfkbtahxkdtutywtawtvkhaaaxd
vyxdwtxbbrfhhtdfkbtahxkdtuywtawtvkhaaaxd
vyxdwtxbbrfhhtdfkbtahxkdtvtywtawtvkhaaaxd
vyxdwtxbbrfhhtdfkbtahxkdtvywtawtvkhaaaxd
vyxdwtxbbrfhhtdfkbtahxkdtwtywtawtvkhaaaxd
vyxdwtxbbrfhhtdfkbtahxkdtwywtawtvkhaaaxd
vyxdwtxbbrfhhtdfkbtahxkdtxtywtawtvkhaaaxd
vyxdwtxbbrfhhtdfkbtahxkdtxywtawtvkhaaaxd
vyxdwtxbbrfhhtdfkbtahxkdtytywtawtvkhaaaxd
vyxdwtxbbrfhhtdfkbtahxkdtywtawtvkhaaaxd
vyxdwtxbbrfhhtdfkbtahxkdtyywtawtvkhaaaxd
vyxdwtxbbrfhhtdfkbtahxkduttywtawtvkhaaaxd
vyxdwtxbbrfhhtdfkbtahxkdutywtawtvkhaaaxd
vyxdwtxbbrfhhtdfkbtahxkdvttywtawtvkhaaaxd
vyxdwtxbbrfhhtdfkbtahxkdvtywtawtvkhaaaxd
vyxdwtxbbrfhhtdfkbtahxkdwttywtawtvkhaaaxd
vyxdwtxbbrfhhtdfkbtahxkdwtywtawtvkhaaaxd
vyxdwtxbbrfhhtdfkbtahxkdxttywtawtvkhaaaxd
vyxdwtxbbrfhhtdfkbtahxkdxtywtawtvkhaaaxd
vyxdwtxbbrfhhtdfkbtahxkdyttywtawtvkhaaaxd
vyxdwtxbbrfhhtdfkbtahxkdytywtawtvkhaaaxd
vyxdwtxbbrfhhtdfkbtahxkfdttywtawtvkhaaaxd
vyxdwtxbbrfhhtdfkbtahxkfttywtawtvkhaaaxd
vyxdwtxbbrfhhtdfkbtahxkhdttywtawtvkhaaaxd
vyxdwtxbbrfhhtdfkbtahxkhttywtawtvkhaaaxd
vyxdwtxbbrfhhtdfkbtahxkkdttywtawtvkhaaaxd
vyxdwtxbbrfhhtdfkbtahxkkttywtawtvkhaaaxd
vyxdwtxbbrfhhtdfkbtahxkrdttywtawtvkhaaaxd
vyxdwtxbbrfhhtdfkbtahxkrttywtawtvkhaaaxd
vyxdwtxbbrfhhtdfkbtahxktdttywtawtvkhaaaxd
vyxdwtxbbrfhhtdfkbtahxktttywtawtvkhaaaxd
vyxdwtxbbrfhhtdfkbtahxkttywtawtvkhaaaxd
vyxdwtxbbrfhhtdfkbtahxkudttywtawtvkhaaaxd
vyxdwtxbbrfhhtdfkbtahxkuttywtawtvkhaaaxd
vyxdwtxbbrfhhtdfkbtahxkvdttywtawtvkhaaaxd
vyxdwtxbbrfhhtdfkbtahxkvttywtawtvkhaaaxd
vyxdwtxbbrfhhtdfkbtahxkwdttywtawtvkhaaaxd
vyxdwtxbbrfhhtdfkbtahxkwttywtawtvkhaaaxd
vyxdwtxbbrfhhtdfkbtahxkxdttywtawtvkhaaaxd
vyxdwtxbbrfhhtdfkbtahxkxttywtawtvkhaaaxd
vyxdwtxbbrfhhtdfkbtahxkydttywtawtvkhaaaxd
vyxdwtxbbrfhhtdfkbtahxkyttywtawtvkhaaaxd
vyxdwtxbbrfhhtdfkbtahxrdttywtawtvkhaaaxd
vyxdwtxbbrfhhtdfkbtahxrkdttywtawtvkhaaaxd
vyxdwtxbbrfhhtdfkbtahxtdttywtawtvkhaaaxd
vyxdwtxbbrfhhtdfkbtahxtkdttywtawtvkhaaaxd
vyxdwtxbbrfhhtdfkbtahxudttywtawtvkhaaaxd
vyxdwtxbbrfhhtdfkbtahxukdttywtawtvkhaaaxd
vyxdwtxbbrfhhtdfkbtahxvdttywtawtvkhaaaxd
vyxdwtxbbrfhhtdfkbtahxvkdttywtawtvkhaaaxd
vyxdwtxbbrfhhtdfkbtahxwdttywtawtvkhaaaxd
vyxdwtxbbrfhhtdfkbtahxwkdttywtawtvkhaaaxd
vyxdwtxbbrfhhtdfkbtahxxdttywtawtvkhaaaxd
vyxdwtxbbrfhhtdfkbtahxxkdttywtawtvkhaaaxd
vyxdwtxbbrfhhtdfkbtahxydttywtawtvkhaaaxd
vyxdwtxbbrfhhtdfkbtahxykdttywtawtvkhaaaxd
vyxdwtxbbrfhhtdfkbtahykdttywtawtvkhaaaxd
vyxdwtxbbrfhhtdfkbtahyxkdttywtawtvkhaaaxd
vyxdwtxbbrfhhtdfkbtakhxkdttywtawtvkhaaaxd
vyxdwtxbbrfhhtdfkbtakxkdttywtawtvkhaaaxd
vyxdwtxbbrfhhtdfkbtarhxkdttywtawtvkhaaaxd
vyxdwtxbbrfhhtdfkbtarxkdttywtawtvkhaaaxd
vyxdwtxbbrfhhtdfkbtathxkdttywtawtvkhaaaxd
vyxdwtxbbrfhhtdfkbtatxkdttywtawtvkhaaaxd
vyxdwtxbbrfhhtdfkbtauhxkdttywtawtvkhaaaxd
vyxdwtxbbrfhhtdfkbtauxkdttywtawtvkhaaaxd
vyxdwtxbbrfhhtdfkbtavhxkdttywtawtvkhaaaxd
vyxdwtxbbrfhhtdfkbtavxkdttywtawtvkhaaaxd
vyxdwtxbbrfhhtdfkbtawhxkdttywtawtvkhaaaxd
vyxdwtxbbrfhhtdfkbtawxkdttywtawtvkhaaaxd
vyxdwtxbbrfhhtdfkbtaxhxkdttywtawtvkhaaaxd
vyxdwtxbbrfhhtdfkbtaxkdttywtawtvkhaaaxd
vyxdwtxbbrfhhtdfkbtaxxkdttywtawtvkhaaaxd
vyxdwtxbbrfhhtdfkbtayhxkdttywtawtvkhaaaxd
vyxdwtxbbrfhhtdfkbtayxkdttywtawtvkhaaaxd
vyxdwtxbbrfhhtdfkbtbahxkdttywtawtvkhaaaxd
vyxdwtxbbrfhhtdfkbtbhxkdttywtawtvkhaaaxd
vyxdwtxbbrfhhtdfkbtdahxkdttywtawtvkhaaaxd
vyxdwtxbbrfhhtdfkbtdhxkdttywtawtvkhaaaxd
vyxdwtxbbrfhhtdfkbtfahxkdttywtawtvkhaaaxd
vyxdwtxbbrfhhtdfkbtfhxkdttywtawtvkhaaaxd
vyxdwtxbbrfhhtdfkbthahxkdttywtawtvkhaaaxd
vyxdwtxbbrfhhtdfkbthhxkdttywtawtvkhaaaxd
vyxdwtxbbrfhhtdfkbthxkdttywtawtvkhaaaxd
vyxdwtxbbrfhhtdfkbtkahxkdttywtawtvkhaaaxd
vyxdwtxbbrfhhtdfkbtkhxkdttywtawtvkhaaaxd
vyxdwtxbbrfhhtdfkbtrahxkdttywtawtvkhaaaxd
vyxdwtxbbrfhhtdfkbtrhxkdttywtawtvkhaaaxd
vyxdwtxbbrfhhtdfkbttahxkdttywtawtvkhaaaxd
vyxdwtxbbrfhhtdfkbtthxkdttywtawtvkhaaaxd
vyxdwtxbbrfhhtdfkbtuahxkdttywtawtvkhaaaxd
vyxdwtxbbrfhhtdfkbtuhxkdttywtawtvkhaaaxd
vyxdwtxbbrfhhtdfkbtvahxkdttywtawtvkhaaaxd
vyxdwtxbbrfhhtdfkbtvhxkdttywtawtvkhaaaxd
vyxdwtxbbrfhhtdfkbtwahxkdttywtawtvkhaaaxd
vyxdwtxbbrfhhtdfkbtwhxkdttywtawtvkhaaaxd
vyxdwtxbbrfhhtdfkbtxahxkdttywtawtvkhaaaxd
vyxdwtxbbrfhhtdfkbtxhxkdttywtawtvkhaaaxd
vyxdwtxbbrfhhtdfkbtyahxkdttywtawtvkhaaaxd
vyxdwtxbbrfhhtdfkbtyhxkdttywtawtvkhaaaxd
vyxdwtxbbrfhhtdfkbuahxkdttywtawtvkhaaaxd
vyxdwtxbbrfhhtdfkbutahxkdttywtawtvkhaaaxd
vyxdwtxbbrfhhtdfkbvahxkdttywtawtvkhaaaxd
vyxdwtxbbrfhhtdfkbvtahxkdttywtawtvkhaaaxd
vyxdwtxbbrfhhtdfkbwahxkdttywtawtvkhaaaxd
vyxdwtxbbrfhhtdfkbwtahxkdttywtawtvkhaaaxd
vyxdwtxbbrfhhtdfkbxahxkdttywtawtvkhaaaxd
vyxdwtxbbrfhhtdfkbxtahxkdttywtawtvkhaaaxd
vyxdwtxbbrfhhtdfkbyahxkdttywtawtvkhaaaxd
vyxdwtxbbrfhhtdfkbytahxkdttywtawtvkhaaaxd
vyxdwtxbbrfhhtdfkdbtahxkdttywtawtvkhaaaxd
vyxdwtxbbrfhhtdfkdtahxkdttywtawtvkhaaaxd
vyxdwtxbbrfhhtdfkfbtahxkdttywtawtvkhaaaxd
vyxdwtxbbrfhhtdfkftahxkdttywtawtvkhaaaxd
vyxdwtxbbrfhhtdfkhbtahxkdttywtawtvkhaaaxd
vyxdwtxbbrfhhtdfkhtahxkdttywtawtvkhaaaxd
vyxdwtxbbrfhhtdfkkbtahxkdttywtawtvkhaaaxd
vyxdwtxbbrfhhtdfkktahxkdttywtawtvkhaaaxd
vyxdwtxbbrfhhtdfkrbtahxkdttywtawtvkhaaaxd
vyxdwtxbbrfhhtdfkrtahxkdttywtawtvkhaaaxd
vyxdwtxbbrfhhtdfktahxkdttywtawtvkhaaaxd
vyxdwtxbbrfhhtdfktbtahxkdttywtawtvkhaaaxd
vyxdwtxbbrfhhtdfkttahxkdttywtawtvkhaaaxd
vyxdwtxbbrfhhtdfkubtahxkdttywtawtvkhaaaxd
vyxdwtxbbrfhhtdfkutahxkdttywtawtvkhaaaxd
vyxdwtxbbrfhhtdfkvbtahxkdttywtawtvkhaaaxd
vyxdwtxbbrfhhtdfkvtahxkdttywtawtvkhaaaxd
vyxdwtxbbrfhhtdfkwbtahxkdttywtawtvkhaaaxd
vyxdwtxbbrfhhtdfkwtahxkdttywtawtvkhaaaxd
vyxdwtxbbrfhhtdfkxbtahxkdttywtawtvkhaaaxd
vyxdwtxbbrfhhtdfkxtahxkdttywtawtvkhaaaxd
vyxdwtxbbrfhhtdfkybtahxkdttywtawtvkhaaaxd
vyxdwtxbbrfhhtdfkytahxkdttywtawtvkhaaaxd
vyxdwtxbbrfhhtdfrbtahxkdttywtawtvkhaaaxd
vyxdwtxbbrfhhtdfrkbtahxkdttywtawtvkhaaaxd
vyxdwtxbbrfhhtdftbtahxkdttywtawtvkhaaaxd
vyxdwtxbbrfhhtdftkbtahxkdttywtawtvkhaaaxd
vyxdwtxbbrfhhtdfubtahxkdttywtawtvkhaaaxd
vyxdwtxbbrfhhtdfukbtahxkdttywtawtvkhaaaxd
vyxdwtxbbrfhhtdfvbtahxkdttywtawtvkhaaaxd
vyxdwtxbbrfhhtdfvkbtahxkdttywtawtvkhaaaxd
vyxdwtxbbrfhhtdfwbtahxkdttywtawtvkhaaaxd
vyxdwtxbbrfhhtdfwkbtahxkdttywtawtvkhaaaxd
vyxdwtxbbrfhhtdfxbtahxkdttywtawtvkhaaaxd
vyxdwtxbbrfhhtdfxkbtahxkdttywtawtvkhaaaxd
vyxdwtxbbrfhhtdfybtahxkdttywtawtvkhaaaxd
vyxdwtxbbrfhhtdfykbtahxkdttywtawtvkhaaaxd
vyxdwtxbbrfhhtdhfkbtahxkdttywtawtvkhaaaxd
vyxdwtxbbrfhhtdhkbtahxkdttywtawtvkhaaaxd
vyxdwtxbbrfhhtdkbtahxkdttywtawtvkhaaaxd
vyxdwtxbbrfhhtdkfkbtahxkdttywtawtvkhaaaxd
vyxdwtxbbrfhhtdkkbtahxkdttywtawtvkhaaaxd
vyxdwtxbbrfhhtdrfkbtahxkdttywtawtvkhaaaxd
vyxdwtxbbrfhhtdrkbtahxkdttywtawtvkhaaaxd
vyxdwtxbbrfhhtdtfkbtahxkdttywtawtvkhaaaxd
vyxdwtxbbrfhhtdtkbtahxkdttywtawtvkhaaaxd
vyxdwtxbbrfhhtdufkbtahxkdttywtawtvkhaaaxd
vyxdwtxbbrfhhtdukbtahxkdttywtawtvkhaaaxd
vyxdwtxbbrfhhtdvfkbtahxkdttywtawtvkhaaaxd
vyxdwtxbbrfhhtdvkbtahxkdttywtawtvkhaaaxd
vyxdwtxbbrfhhtdwfkbtahxkdttywtawtvkhaaaxd
vyxdwtxbbrfhhtdwkbtahxkdttywtawtvkhaaaxd
vyxdwtxbbrfhhtdxfkbtahxkdttywtawtvkhaaaxd
vyxdwtxbbrfhhtdxkbtahxkdttywtawtvkhaaaxd
vyxdwtxbbrfhhtdyfkbtahxkdttywtawtvkhaaaxd
vyxdwtxbbrfhhtdykbtahxkdttywtawtvkhaaaxd
vyxdwtxbbrfhhtfdfkbtahxkdttywtawtvkhaaaxd
vyxdwtxbbrfhhtffkbtahxkdttywtawtvkhaaaxd
vyxdwtxbbrfhhtfkbtahxkdttywtawtvkhaaaxd
vyxdwtxbbrfhhthdfkbtahxkdttywtawtvkhaaaxd
vyxdwtxbbrfhhthfkbtahxkdttywtawtvkhaaaxd
vyxdwtxbbrfhhtkdfkbtahxkdttywtawtvkhaaaxd
vyxdwtxbbrfhhtkfkbtahxkdttywtawtvkhaaaxd
vyxdwtxbbrfhhtrdfkbtahxkdttywtawtvkhaaaxd
vyxdwtxbbrfhhtrfkbtahxkdttywtawtvkhaaaxd
vyxdwtxbbrfhhttdfkbtahxkdttywtawtvkhaaaxd
vyxdwtxbbrfhhttfkbtahxkdttywtawtvkhaaaxd
vyxdwtxbbrfhhtudfkbtahxkdttywtawtvkhaaaxd
vyxdwtxbbrfhhtufkbtahxkdttywtawtvkhaaaxd
vyxdwtxbbrfhhtvdfkbtahxkdttywtawtvkhaaaxd
vyxdwtxbbrfhhtvfkbtahxkdttywtawtvkhaaaxd
vyxdwtxbbrfhhtwdfkbtahxkdttywtawtvkhaaaxd
vyxdwtxbbrfhhtwfkbtahxkdttywtawtvkhaaaxd
vyxdwtxbbrfhhtxdfkbtahxkdttywtawtvkhaaaxd
vyxdwtxbbrfhhtxfkbtahxkdttywtawtvkhaaaxd
vyxdwtxbbrfhhtydfkbtahxkdttywtawtvkhaaaxd
vyxdwtxbbrfhhtyfkbtahxkdttywtawtvkhaaaxd
vyxdwtxbbrfhhudfkbtahxkdttywtawtvkhaaaxd
vyxdwtxbbrfhhutdfkbtahxkdttywtawtvkhaaaxd
vyxdwtxbbrfhhvdfkbtahxkdttywtawtvkhaaaxd
vyxdwtxbbrfhhvtdfkbtahxkdttywtawtvkhaaaxd
vyxdwtxbbrfhhwdfkbtahxkdttywtawtvkhaaaxd
vyxdwtxbbrfhhwtdfkbtahxkdttywtawtvkhaaaxd
vyxdwtxbbrfhhxdfkbtahxkdttywtawtvkhaaaxd
vyxdwtxbbrfhhxtdfkbtahxkdttywtawtvkhaaaxd
vyxdwtxbbrfhhydfkbtahxkdttywtawtvkhaaaxd
vyxdwtxbbrfhhytdfkbtahxkdttywtawtvkhaaaxd
vyxdwtxbbrfhkhtdfkbtahxkdttywtawtvkhaaaxd
vyxdwtxbbrfhktdfkbtahxkdttywtawtvkhaaaxd
vyxdwtxbbrfhrhtdfkbtahxkdttywtawtvkhaaaxd
vyxdwtxbbrfhrtdfkbtahxkdttywtawtvkhaaaxd
vyxdwtxbbrfhtdfkbtahxkdttywtawtvkhaaaxd
vyxdwtxbbrfhthtdfkbtahxkdttywtawtvkhaaaxd
vyxdwtxbbrfhttdfkbtahxkdttywtawtvkhaaaxd
vyxdwtxbbrfhuhtdfkbtahxkdttywtawtvkhaaaxd
vyxdwtxbbrfhutdfkbtahxkdttywtawtvkhaaaxd
vyxdwtxbbrfhvhtdfkbtahxkdttywtawtvkhaaaxd
vyxdwtxbbrfhvtdfkbtahxkdttywtawtvkhaaaxd
vyxdwtxbbrfhwhtdfkbtahxkdttywtawtvkhaaaxd
vyxdwtxbbrfhwtdfkbtahxkdttywtawtvkhaaaxd
vyxdwtxbbrfhxhtdfkbtahxkdttywtawtvkhaaaxd
vyxdwtxbbrfhxtdfkbtahxkdttywtawtvkhaaaxd
vyxdwtxbbrfhyhtdfkbtahxkdttywtawtvkhaaaxd
vyxdwtxbbrfhytdfkbtahxkdttywtawtvkhaaaxd
vyxdwtxbbrfkhhtdfkbtahxkdttywtawtvkhaaaxd
vyxdwtxbbrfkhtdfkbtahxkdttywtawtvkhaaaxd
vyxdwtxbbrfrhhtdfkbtahxkdttywtawtvkhaaaxd
vyxdwtxbbrfrhtdfkbtahxkdttywtawtvkhaaaxd
vyxdwtxbbrfthhtdfkbtahxkdttywtawtvkhaaaxd
vyxdwtxbbrfthtdfkbtahxkdttywtawtvkhaaaxd
vyxdwtxbbrfuhhtdfkbtahxkdttywtawtvkhaaaxd
vyxdwtxbbrfuhtdfkbtahxkdttywtawtvkhaaaxd
vyxdwtxbbrfvhhtdfkbtahxkdttywtawtvkhaaaxd
vyxdwtxbbrfvhtdfkbtahxkdttywtawtvkhaaaxd
vyxdwtxbbrfwhhtdfkbtahxkdttywtawtvkhaaaxd
vyxdwtxbbrfwhtdfkbtahxkdttywtawtvkhaaaxd
vyxdwtxbbrfxhhtdfkbtahxkdttywtawtvkhaaaxd
vyxdwtxbbrfxhtdfkbtahxkdttywtawtvkhaaaxd
vyxdwtxbbrfyhhtdfkbtahxkdttywtawtvkhaaaxd
vyxdwtxbbrfyhtdfkbtahxkdttywtawtvkhaaaxd
vyxdwtxbbrhfhhtdfkbtahxkdttywtawtvkhaaaxd
vyxdwtxbbrhhhtdfkbtahxkdttywtawtvkhaaaxd
vyxdwtxbbrhhtdfkbtahxkdttywtawtvkhaaaxd
vyxdwtxbbrkfhhtdfkbtahxkdttywtawtvkhaaaxd
vyxdwtxbbrkhhtdfkbtahxkdttywtawtvkhaaaxd
vyxdwtxbbrrfhhtdfkbtahxkdttywtawtvkhaaaxd
vyxdwtxbbrrhhtdfkbtahxkdttywtawtvkhaaaxd
vyxdwtxbbrtfhhtdfkbtahxkdttywtawtvkhaaaxd
vyxdwtxbbrthhtdfkbtahxkdttywtawtvkhaaaxd
vyxdwtxbbrufhhtdfkbtahxkdttywtawtvkhaaaxd
vyxdwtxbbruhhtdfkbtahxkdttywtawtvkhaaaxd
vyxdwtxbbrvfhhtdfkbtahxkdttywtawtvkhaaaxd
vyxdwtxbbrvhhtdfkbtahxkdttywtawtvkhaaaxd
vyxdwtxbbrwfhhtdfkbtahxkdttywtawtvkhaaaxd
vyxdwtxbbrwhhtdfkbtahxkdttywtawtvkhaaaxd
vyxdwtxbbrxfhhtdfkbtahxkdttywtawtvkhaaaxd
vyxdwtxbbrxhhtdfkbtahxkdttywtawtvkhaaaxd
vyxdwtxbbryfhhtdfkbtahxkdttywtawtvkhaaaxd
vyxdwtxbbryhhtdfkbtahxkdttywtawtvkhaaaxd
vyxdwtxbbtfhhtdfkbtahxkdttywtawtvkhaaaxd
vyxdwtxbbtrfhhtdfkbtahxkdttywtawtvkhaaaxd
vyxdwtxbbufhhtdfkbtahxkdttywtawtvkhaaaxd
vyxdwtxbburfhhtdfkbtahxkdttywtawtvkhaaaxd
vyxdwtxbbvfhhtdfkbtahxkdttywtawtvkhaaaxd
vyxdwtxbbvrfhhtdfkbtahxkdttywtawtvkhaaaxd
vyxdwtxbbwfhhtdfkbtahxkdttywtawtvkhaaaxd
vyxdwtxbbwrfhhtdfkbtahxkdttywtawtvkhaaaxd
vyxdwtxbbxfhhtdfkbtahxkdttywtawtvkhaaaxd
vyxdwtxbbxrfhhtdfkbtahxkdttywtawtvkhaaaxd
vyxdwtxbbyfhhtdfkbtahxkdttywtawtvkhaaaxd
vyxdwtxbbyrfhhtdfkbtahxkdttywtawtvkhaaaxd
vyxdwtxbdbrfhhtdfkbtahxkdttywtawtvkhaaaxd
vyxdwtxbdrfhhtdfkbtahxkdttywtawtvkhaaaxd
vyxdwtxbfbrfhhtdfkbtahxkdttywtawtvkhaaaxd
vyxdwtxbfrfhhtdfkbtahxkdttywtawtvkhaaaxd
vyxdwtxbhbrfhhtdfkbtahxkdttywtawtvkhaaaxd
vyxdwtxbhrfhhtdfkbtahxkdttywtawtvkhaaaxd
vyxdwtxbkbrfhhtdfkbtahxkdttywtawtvkhaaaxd
vyxdwtxbkrfhhtdfkbtahxkdttywtawtvkhaaaxd
vyxdwtxbrbrfhhtdfkbtahxkdttywtawtvkhaaaxd
vyxdwtxbrfhhtdfkbtahxkdttywtawtvkhaaaxd
vyxdwtxbrrfhhtdfkbtahxkdttywtawtvkhaaaxd
vyxdwtxbtbrfhhtdfkbtahxkdttywtawtvkhaaaxd
vyxdwtxbtrfhhtdfkbtahxkdttywtawtvkhaaaxd
vyxdwtxbubrfhhtdfkbtahxkdttywtawtvkhaaaxd
vyxdwtxburfhhtdfkbtahxkdttywtawtvkhaaaxd
vyxdwtxbvbrfhhtdfkbtahxkdttywtawtvkhaaaxd
vyxdwtxbvrfhhtdfkbtahxkdttywtawtvkhaaaxd
vyxdwtxbwbrfhhtdfkbtahxkdttywtawtvkhaaaxd
vyxdwtxbwrfhhtdfkbtahxkdttywtawtvkhaaaxd
vyxdwtxbxbrfhhtdfkbtahxkdttywtawtvkhaaaxd
vyxdwtxbxrfhhtdfkbtahxkdttywtawtvkhaaaxd
vyxdwtxbybrfhhtdfkbtahxkdttywtawtvkhaaaxd
vyxdwtxbyrfhhtdfkbtahxkdttywtawtvkhaaaxd
vyxdwtxdbbrfhhtdfkbtahxkdttywtawtvkhaaaxd
vyxdwtxdbrfhhtdfkbtahxkdttywtawtvkhaaaxd
vyxdwtxfbbrfhhtdfkbtahxkdttywtawtvkhaaaxd
vyxdwtxfbrfhhtdfkbtahxkdttywtawtvkhaaaxd
vyxdwtxhbbrfhhtdfkbtahxkdttywtawtvkhaaaxd
vyxdwtxhbrfhhtdfkbtahxkdttywtawtvkhaaaxd
vyxdwtxkbbrfhhtdfkbtahxkdttywtawtvkhaaaxd
vyxdwtxkbrfhhtdfkbtahxkdttywtawtvkhaaaxd
vyxdwtxrbbrfhhtdfkbtahxkdttywtawtvkhaaaxd
vyxdwtxrbrfhhtdfkbtahxkdttywtawtvkhaaaxd
vyxdwtxtbbrfhhtdfkbtahxkdttywtawtvkhaaaxd
vyxdwtxtbrfhhtdfkbtahxkdttywtawtvkhaaaxd
vyxdwtxubbrfhhtdfkbtahxkdttywtawtvkhaaaxd
vyxdwtxubrfhhtdfkbtahxkdttywtawtvkhaaaxd
vyxdwtxvbbrfhhtdfkbtahxkdttywtawtvkhaaaxd
vyxdwtxvbrfhhtdfkbtahxkdttywtawtvkhaaaxd
vyxdwtxwbbrfhhtdfkbtahxkdttywtawtvkhaaaxd
vyxdwtxwbrfhhtdfkbtahxkdttywtawtvkhaaaxd
vyxdwtxxbbrfhhtdfkbtahxkdttywtawtvkhaaaxd
vyxdwtxxbrfhhtdfkbtahxkdttywtawtvkhaaaxd
vyxdwtxybbrfhhtdfkbtahxkdttywtawtvkhaaaxd
vyxdwtxybrfhhtdfkbtahxkdttywtawtvkhaaaxd
vyxdwtybbrfhhtdfkbtahxkdttywtawtvkhaaaxd
vyxdwtyxbbrfhhtdfkbtahxkdttywtawtvkhaaaxd
vyxdwutxbbrfhhtdfkbtahxkdttywtawtvkhaaaxd
vyxdwuxbbrfhhtdfkbtahxkdttywtawtvkhaaaxd
vyxdwvtxbbrfhhtdfkbtahxkdttywtawtvkhaaaxd
vyxdwvxbbrfhhtdfkbtahxkdttywtawtvkhaaaxd
vyxdwwtxbbrfhhtdfkbtahxkdttywtawtvkhaaaxd
vyxdwwxbbrfhhtdfkbtahxkdttywtawtvkhaaaxd
vyxdwxbbrfhhtdfkbtahxkdttywtawtvkhaaaxd
vyxdwxtxbbrfhhtdfkbtahxkdttywtawtvkhaaaxd
vyxdwxxbbrfhhtdfkbtahxkdttywtawtvkhaaaxd
vyxdwytxbbrfhhtdfkbtahxkdttywtawtvkhaaaxd
vyxdwyxbbrfhhtdfkbtahxkdttywtawtvkhaaaxd
vyxdxtxbbrfhhtdfkbtahxkdttywtawtvkhaaaxd
vyxdxwtxbbrfhhtdfkbtahxkdttywtawtvkhaaaxd
vyxdytxbbrfhhtdfkbtahxkdttywtawtvkhaaaxd
vyxdywtxbbrfhhtdfkbtahxkdttywtawtvkhaaaxd
vyxfdwtxbbrfhhtdfkbtahxkdttywtawtvkhaaaxd
vyxfwtxbbrfhhtdfkbtahxkdttywtawtvkhaaaxd
vyxhdwtxbbrfhhtdfkbtahxkdttywtawtvkhaaaxd
vyxhwtxbbrfhhtdfkbtahxkdttywtawtvkhaaaxd
vyxkdwtxbbrfhhtdfkbtahxkdttywtawtvkhaaaxd
vyxkwtxbbrfhhtdfkbtahxkdttywtawtvkhaaaxd
vyxrdwtxbbrfhhtdfkbtahxkdttywtawtvkhaaaxd
vyxrwtxbbrfhhtdfkbtahxkdttywtawtvkhaaaxd
vyxtdwtxbbrfhhtdfkbtahxkdttywtawtvkhaaaxd
vyxtwtxbbrfhhtdfkbtahxkdttywtawtvkhaaaxd
vyxudwtxbbrfhhtdfkbtahxkdttywtawtvkhaaaxd
vyxuwtxbbrfhhtdfkbtahxkdttywtawtvkhaaaxd
vyxvdwtxbbrfhhtdfkbtahxkdttywtawtvkhaaaxd
vyxvwtxbbrfhhtdfkbtahxkdttywtawtvkhaaaxd
vyxwdwtxbbrfhhtdfkbtahxkdttywtawtvkhaaaxd
vyxwtxbbrfhhtdfkbtahxkdttywtawtvkhaaaxd
vyxwwtxbbrfhhtdfkbtahxkdttywtawtvkhaaaxd
vyxxdwtxbbrfhhtdfkbtahxkdttywtawtvkhaaaxd
vyxxwtxbbrfhhtdfkbtahxkdttywtawtvkhaaaxd
vyxydwtxbbrfhhtdfkbtahxkdttywtawtvkhaaaxd
vyxywtxbbrfhhtdfkbtahxkdttywtawtvkhaaaxd
vyydwtxbbrfhhtdfkbtahxkdttywtawtvkhaaaxd
vyyxdwtxbbrfhhtdfkbtahxkdttywtawtvkhaaaxd
wvyxdwtxbbrfhhtdfkbtahxkdttywtawtvkhaaaxd
wyxdwtxbbrfhhtdfkbtahxkdttywtawtvkhaaaxd
xvyxdwtxbbrfhhtdfkbtahxkdttywtawtvkhaaaxd
xyxdwtxbbrfhhtdfkbtahxkdttywtawtvkhaaaxd
yvyxdwtxbbrfhhtdfkbtahxkdttywtawtvkhaaaxd
yxdwtxbbrfhhtdfkbtahxkdttywtawtvkhaaaxd
yyxdwtxbbrfhhtdfkbtahxkdttywtawtvkhaaaxd
