djgjzkogkdkgzd
djjgjzkogkdkgzd
gjgjzkogkdkgzd
gjjgjzkogkdkgzd
hjgjzkogkdkgzd
hjjgjzkogkdkgzd
ijgjzkogkdkgzd
ijjgjzkogkdkgzd
jdgjzkogkdkgzd
jdjgjzkogkdkgzd
jggjzkogkdkgzd
jgjgjzkogkdkgzd
jgjzkogkdkgzd
jhgjzkogkdkgzd
jhjgjzkogkdkgzd
jigjzkogkdkgzd
jijgjzkogkdkgzd
jjdgjzkogkdkgzd
jjdjzkogkdkgzd
jjgdjzkogkdkgzd
jjgdzkogkdkgzd
jjggjzkogkdkgzd
jjggzkogkdkgzd
jjghjzkogkdkgzd
jjghzkogkdkgzd
jjgijzkogkdkgzd
jjgizkogkdkgzd
jjgjdkogkdkgzd
jjgjdzkogkdkgzd
jjgjgkogkdkgzd
jjgjgzkogkdkgzd
jjgjhkogkdkgzd
jjgjhzkogkdkgzd
jjgjikogkdkgzd
jjgjizkogkdkgzd
jjgjjkogkdkgzd
jjgjjzkogkdkgzd
jjgjkkogkdkgzd
jjgjkogkdkgzd
jjgjkzkogkdkgzd
jjgjmkogkdkgzd
jjgjmzkogkdkgzd
jjgjokogkdkgzd
jjgjozkogkdkgzd
jjgjpkogkdkgzd
jjgjpzkogkdkgzd
jjgjzdkogkdkgzd
jjgjzdogkdkgzd
jjgjzgkogkdkgzd
jjgjzgogkdkgzd
jjgjzhkogkdkgzd
jjgjzhogkdkgzd
jjgjzikogkdkgzd
jjgjziogkdkgzd
jjgjzjkogkdkgzd
jjgjzjogkdkgzd
jjgjzkdgkdkgzd
jjgjzkdogkdkgzd
jjgjzkggkdkgzd
jjgjzkgkdkgzd
jjgjzkgogkdkgzd
jjgjzkhgkdkgzd
jjgjzkhogkdkgzd
jjgjzkigkdkgzd
jjgjzkiogkdkgzd
jjgjzkjgkdkgzd
jjgjzkjogkdkgzd
jjgjzkkgkdkgzd
jjgjzkkogkdkgzd
jjgjzkmgkdkgzd
jjgjzkmogkdkgzd
jjgjzkodgkdkgzd
jjgjzkodkdkgzd
jjgjzkogddkgzd
jjgjzkogdkdkgzd
jjgjzkogdkgzd
jjgjzkoggdkgzd
jjgjzkoggkdkgzd
jjgjzkoghdkgzd
jjgjzkoghkdkgzd
jjgjzkogidkgzd
jjgjzkogikdkgzd
jjgjzkogjdkgzd
jjgjzkogjkdkgzd
jjgjzkogkddgzd
jjgjzkogkddkgzd
jjgjzkogkdggzd
jjgjzkogkdgkgzd
jjgjzkogkdgzd
jjgjzkogkdhgzd
jjgjzkogkdhkgzd
jjgjzkogkdigzd
jjgjzkogkdikgzd
jjgjzkogkdjgzd
jjgjzkogkdjkgzd
jjgjzkogkdkdgzd
jjgjzkogkdkdzd
jjgjzkogkdkgd
jjgjzkogkdkgdd
jjgjzkogkdkgdzd
jjgjzkogkdkggd
jjgjzkogkdkggzd
jjgjzkogkdkghd
jjgjzkogkdkghzd
jjgjzkogkdkgid
jjgjzkogkdkgizd
jjgjzkogkdkgjd
jjgjzkogkdkgjzd
jjgjzkogkdkgkd
jjgjzkogkdkgkzd
jjgjzkogkdkgmd
jjgjzkogkdkgmzd
jjgjzkogkdkgod
jjgjzkogkdkgozd
jjgjzkogkdkgpd
jjgjzkogkdkgpzd
jjgjzkogkdkgz
jjgjzkogkdkgzdd
jjgjzkogkdkgzdg
jjgjzkogkdkgzdh
jjgjzkogkdkgzdi
jjgjzkogkdkgzdj
jjgjzkogkdkgzdk
jjgjzkogkdkgzdm
jjgjzkogkdkgzdo
jjgjzkogkdkgzdp
jjgjzkogkdkgzdz
jjgjzkogkdkgzg
jjgjzkogkdkgzgd
jjgjzkogkdkgzh
jjgjzkogkdkgzhd
jjgjzkogkdkgzi
jjgjzkogkdkgzid
jjgjzkogkdkgzj
jjgjzkogkdkgzjd
jjgjzkogkdkgzk
jjgjzkogkdkgzkd
jjgjzkogkdkgzm
jjgjzkogkdkgzmd
jjgjzkogkdkgzo
jjgjzkogkdkgzod
jjgjzkogkdkgzp
jjgjzkogkdkgzpd
jjgjzkogkdkgzz
jjgjzkogkdkgzzd
jjgjzkogkdkhgzd
jjgjzkogkdkhzd
jjgjzkogkdkigzd
jjgjzkogkdkizd
jjgjzkogkdkjgzd
jjgjzkogkdkjzd
jjgjzkogkdkkgzd
jjgjzkogkdkkzd
jjgjzkogkdkmgzd
jjgjzkogkdkmzd
jjgjzkogkdkogzd
jjgjzkogkdkozd
jjgjzkogkdkpgzd
jjgjzkogkdkpzd
jjgjzkogkdkzd
jjgjzkogkdkzgzd
jjgjzkogkdkzzd
jjgjzkogkdmgzd
jjgjzkogkdmkgzd
jjgjzkogkdogzd
jjgjzkogkdokgzd
jjgjzkogkdpgzd
jjgjzkogkdpkgzd
jjgjzkogkdzgzd
jjgjzkogkdzkgzd
jjgjzkogkgdkgzd
jjgjzkogkgkgzd
jjgjzkogkhdkgzd
jjgjzkogkhkgzd
jjgjzkogkidkgzd
jjgjzkogkikgzd
jjgjzkogkjdkgzd
jjgjzkogkjkgzd
jjgjzkogkkdkgzd
jjgjzkogkkgzd
jjgjzkogkkkgzd
jjgjzkogkmdkgzd
jjgjzkogkmkgzd
jjgjzkogkodkgzd
jjgjzkogkokgzd
jjgjzkogkpdkgzd
jjgjzkogkpkgzd
jjgjzkogkzdkgzd
jjgjzkogkzkgzd
jjgjzkogmdkgzd
jjgjzkogmkdkgzd
jjgjzkogodkgzd
jjgjzkogokdkgzd
jjgjzkogpdkgzd
jjgjzkogpkdkgzd
jjgjzkogzdkgzd
jjgjzkogzkdkgzd
jjgjzkohgkdkgzd
jjgjzkohkdkgzd
jjgjzkoigkdkgzd
jjgjzkoikdkgzd
jjgjzkojgkdkgzd
jjgjzkojkdkgzd
jjgjzkokdkgzd
jjgjzkokgkdkgzd
jjgjzkokkdkgzd
jjgjzkomgkdkgzd
jjgjzkomkdkgzd
jjgjzkoogkdkgzd
jjgjzkookdkgzd
jjgjzkopgkdkgzd
jjgjzkopkdkgzd
jjgjzkozgkdkgzd
jjgjzkozkdkgzd
jjgjzkpgkdkgzd
jjgjzkpogkdkgzd
jjgjzkzgkdkgzd
jjgjzkzogkdkgzd
jjgjzmkogkdkgzd
jjgjzmogkdkgzd
jjgjzogkdkgzd
jjgjzokogkdkgzd
jjgjzoogkdkgzd
jjgjzpkogkdkgzd
jjgjzpogkdkgzd
jjgjzzkogkdkgzd
jjgjzzogkdkgzd
jjgkjzkogkdkgzd
jjgkzkogkdkgzd
jjgmjzkogkdkgzd
jjgmzkogkdkgzd
jjgojzkogkdkgzd
jjgozkogkdkgzd
jjgpjzkogkdkgzd
jjgpzkogkdkgzd
jjgzjzkogkdkgzd
jjgzkogkdkgzd
jjgzzkogkdkgzd
jjhgjzkogkdkgzd
jjhjzkogkdkgzd
jjigjzkogkdkgzd
jjijzkogkdkgzd
jjjgjzkogkdkgzd
jjjjzkogkdkgzd
jjjzkogkdkgzd
jjkgjzkogkdkgzd
jjkjzkogkdkgzd
jjmgjzkogkdkgzd
jjmjzkogkdkgzd
jjogjzkogkdkgzd
jjojzkogkdkgzd
jjpgjzkogkdkgzd
jjpjzkogkdkgzd
jjzgjzkogkdkgzd
jjzjzkogkdkgzd
jkgjzkogkdkgzd
jkjgjzkogkdkgzd
jmgjzkogkdkgzd
jmjgjzkogkdkgzd
jogjzkogkdkgzd
jojgjzkogkdkgzd
jpgjzkogkdkgzd
jpjgjzkogkdkgzd
jzgjzkogkdkgzd
jzjgjzkogkdkgzd
kjgjzkogkdkgzd
kjjgjzkogkdkgzd
mjgjzkogkdkgzd
mjjgjzkogkdkgzd
ojgjzkogkdkgzd
ojjgjzkogkdkgzd
pjgjzkogkdkgzd
pjjgjzkogkdkgzd
zjgjzkogkdkgzd
zjjgjzkogkdkgzd
