adpmynrxnrhdyzpdmjpjtjghapdmxoxoixiwzr
apdpmynrxnrhdyzpdmjpjtjghapdmxoxoixiwzr
ddpmynrxnrhdyzpdmjpjtjghapdmxoxoixiwzr
dpdpmynrxnrhdyzpdmjpjtjghapdmxoxoixiwzr
dpmynrxnrhdyzpdmjpjtjghapdmxoxoixiwzr
gdpmynrxnrhdyzpdmjpjtjghapdmxoxoixiwzr
gpdpmynrxnrhdyzpdmjpjtjghapdmxoxoixiwzr
hdpmynrxnrhdyzpdmjpjtjghapdmxoxoixiwzr
hpdpmynrxnrhdyzpdmjpjtjghapdmxoxoixiwzr
idpmynrxnrhdyzpdmjpjtjghapdmxoxoixiwzr
ipdpmynrxnrhdyzpdmjpjtjghapdmxoxoixiwzr
jdpmynrxnrhdyzpdmjpjtjghapdmxoxoixiwzr
jpdpmynrxnrhdyzpdmjpjtjghapdmxoxoixiwzr
mdpmynrxnrhdyzpdmjpjtjghapdmxoxoixiwzr
mpdpmynrxnrhdyzpdmjpjtjghapdmxoxoixiwzr
ndpmynrxnrhdyzpdmjpjtjghapdmxoxoixiwzr
npdpmynrxnrhdyzpdmjpjtjghapdmxoxoixiwzr
odpmynrxnrhdyzpdmjpjtjghapdmxoxoixiwzr
opdpmynrxnrhdyzpdmjpjtjghapdmxoxoixiwzr
padpmynrxnrhdyzpdmjpjtjghapdmxoxoixiwzr
papmynrxnrhdyzpdmjpjtjghapdmxoxoixiwzr
pdamynrxnrhdyzpdmjpjtjghapdmxoxoixiwzr
pdapmynrxnrhdyzpdmjpjtjghapdmxoxoixiwzr
pddmynrxnrhdyzpdmjpjtjghapdmxoxoixiwzr
pddpmynrxnrhdyzpdmjpjtjghapdmxoxoixiwzr
pdgmynrxnrhdyzpdmjpjtjghapdmxoxoixiwzr
pdgpmynrxnrhdyzpdmjpjtjghapdmxoxoixiwzr
pdhmynrxnrhdyzpdmjpjtjghapdmxoxoixiwzr
pdhpmynrxnrhdyzpdmjpjtjghapdmxoxoixiwzr
pdimynrxnrhdyzpdmjpjtjghapdmxoxoixiwzr
pdipmynrxnrhdyzpdmjpjtjghapdmxoxoixiwzr
pdjmynrxnrhdyzpdmjpjtjghapdmxoxoixiwzr
pdjpmynrxnrhdyzpdmjpjtjghapdmxoxoixiwzr
pdmmynrxnrhdyzpdmjpjtjghapdmxoxoixiwzr
pdmpmynrxnrhdyzpdmjpjtjghapdmxoxoixiwzr
pdmynrxnrhdyzpdmjpjtjghapdmxoxoixiwzr
pdnmynrxnrhdyzpdmjpjtjghapdmxoxoixiwzr
pdnpmynrxnrhdyzpdmjpjtjghapdmxoxoixiwzr
pdomynrxnrhdyzpdmjpjtjghapdmxoxoixiwzr
pdopmynrxnrhdyzpdmjpjtjghapdmxoxoixiwzr
pdpamynrxnrhdyzpdmjpjtjghapdmxoxoixiwzr
pdpaynrxnrhdyzpdmjpjtjghapdmxoxoixiwzr
pdpdmynrxnrhdyzpdmjpjtjghapdmxoxoixiwzr
pdpdynrxnrhdyzpdmjpjtjghapdmxoxoixiwzr
pdpgmynrxnrhdyzpdmjpjtjghapdmxoxoixiwzr
pdpgynrxnrhdyzpdmjpjtjghapdmxoxoixiwzr
pdphmynrxnrhdyzpdmjpjtjghapdmxoxoixiwzr
pdphynrxnrhdyzpdmjpjtjghapdmxoxoixiwzr
pdpimynrxnrhdyzpdmjpjtjghapdmxoxoixiwzr
pdpiynrxnrhdyzpdmjpjtjghapdmxoxoixiwzr
pdpjmynrxnrhdyzpdmjpjtjghapdmxoxoixiwzr
pdpjynrxnrhdyzpdmjpjtjghapdmxoxoixiwzr
pdpmanrxnrhdyzpdmjpjtjghapdmxoxoixiwzr
pdpmaynrxnrhdyzpdmjpjtjghapdmxoxoixiwzr
pdpmdnrxnrhdyzpdmjpjtjghapdmxoxoixiwzr
pdpmdynrxnrhdyzpdmjpjtjghapdmxoxoixiwzr
pdpmgnrxnrhdyzpdmjpjtjghapdmxoxoixiwzr
pdpmgynrxnrhdyzpdmjpjtjghapdmxoxoixiwzr
pdpmhnrxnrhdyzpdmjpjtjghapdmxoxoixiwzr
pdpmhynrxnrhdyzpdmjpjtjghapdmxoxoixiwzr
pdpminrxnrhdyzpdmjpjtjghapdmxoxoixiwzr
pdpmiynrxnrhdyzpdmjpjtjghapdmxoxoixiwzr
pdpmjnrxnrhdyzpdmjpjtjghapdmxoxoixiwzr
pdpmjynrxnrhdyzpdmjpjtjghapdmxoxoixiwzr
pdpmmnrxnrhdyzpdmjpjtjghapdmxoxoixiwzr
pdpmmynrxnrhdyzpdmjpjtjghapdmxoxoixiwzr
pdpmnnrxnrhdyzpdmjpjtjghapdmxoxoixiwzr
pdpmnrxnrhdyzpdmjpjtjghapdmxoxoixiwzr
pdpmnynrxnrhdyzpdmjpjtjghapdmxoxoixiwzr
pdpmonrxnrhdyzpdmjpjtjghapdmxoxoixiwzr
pdpmoynrxnrhdyzpdmjpjtjghapdmxoxoixiwzr
pdpmpnrxnrhdyzpdmjpjtjghapdmxoxoixiwzr
pdpmpynrxnrhdyzpdmjpjtjghapdmxoxoixiwzr
pdpmrnrxnrhdyzpdmjpjtjghapdmxoxoixiwzr
pdpmrynrxnrhdyzpdmjpjtjghapdmxoxoixiwzr
pdpmtnrxnrhdyzpdmjpjtjghapdmxoxoixiwzr
pdpmtynrxnrhdyzpdmjpjtjghapdmxoxoixiwzr
pdpmwnrxnrhdyzpdmjpjtjghapdmxoxoixiwzr
pdpmwynrxnrhdyzpdmjpjtjghapdmxoxoixiwzr
pdpmxnrxnrhdyzpdmjpjtjghapdmxoxoixiwzr
pdpmxynrxnrhdyzpdmjpjtjghapdmxoxoixiwzr
pdpmyanrxnrhdyzpdmjpjtjghapdmxoxoixiwzr
pdpmyarxnrhdyzpdmjpjtjghapdmxoxoixiwzr
pdpmydnrxnrhdyzpdmjpjtjghapdmxoxoixiwzr
pdpmydrxnrhdyzpdmjpjtjghapdmxoxoixiwzr
pdpmygnrxnrhdyzpdmjpjtjghapdmxoxoixiwzr
pdpmygrxnrhdyzpdmjpjtjghapdmxoxoixiwzr
pdpmyhnrxnrhdyzpdmjpjtjghapdmxoxoixiwzr
pdpmyhrxnrhdyzpdmjpjtjghapdmxoxoixiwzr
pdpmyinrxnrhdyzpdmjpjtjghapdmxoxoixiwzr
pdpmyirxnrhdyzpdmjpjtjghapdmxoxoixiwzr
pdpmyjnrxnrhdyzpdmjpjtjghapdmxoxoixiwzr
pdpmyjrxnrhdyzpdmjpjtjghapdmxoxoixiwzr
pdpmymnrxnrhdyzpdmjpjtjghapdmxoxoixiwzr
pdpmymrxnrhdyzpdmjpjtjghapdmxoxoixiwzr
pdpmynarxnrhdyzpdmjpjtjghapdmxoxoixiwzr
pdpmynaxnrhdyzpdmjpjtjghapdmxoxoixiwzr
pdpmyndrxnrhdyzpdmjpjtjghapdmxoxoixiwzr
pdpmyndxnrhdyzpdmjpjtjghapdmxoxoixiwzr
pdpmyngrxnrhdyzpdmjpjtjghapdmxoxoixiwzr
pdpmyngxnrhdyzpdmjpjtjghapdmxoxoixiwzr
pdpmynhrxnrhdyzpdmjpjtjghapdmxoxoixiwzr
pdpmynhxnrhdyzpdmjpjtjghapdmxoxoixiwzr
pdpmynirxnrhdyzpdmjpjtjghapdmxoxoixiwzr
pdpmynixnrhdyzpdmjpjtjghapdmxoxoixiwzr
pdpmynjrxnrhdyzpdmjpjtjghapdmxoxoixiwzr
pdpmynjxnrhdyzpdmjpjtjghapdmxoxoixiwzr
pdpmynmrxnrhdyzpdmjpjtjghapdmxoxoixiwzr
pdpmynmxnrhdyzpdmjpjtjghapdmxoxoixiwzr
pdpmynnrxnrhdyzpdmjpjtjghapdmxoxoixiwzr
pdpmynnxnrhdyzpdmjpjtjghapdmxoxoixiwzr
pdpmynorxnrhdyzpdmjpjtjghapdmxoxoixiwzr
pdpmynoxnrhdyzpdmjpjtjghapdmxoxoixiwzr
pdpmynprxnrhdyzpdmjpjtjghapdmxoxoixiwzr
pdpmynpxnrhdyzpdmjpjtjghapdmxoxoixiwzr
pdpmynranrhdyzpdmjpjtjghapdmxoxoixiwzr
pdpmynraxnrhdyzpdmjpjtjghapdmxoxoixiwzr
pdpmynrdnrhdyzpdmjpjtjghapdmxoxoixiwzr
pdpmynrdxnrhdyzpdmjpjtjghapdmxoxoixiwzr
pdpmynrgnrhdyzpdmjpjtjghapdmxoxoixiwzr
pdpmynrgxnrhdyzpdmjpjtjghapdmxoxoixiwzr
pdpmynrhnrhdyzpdmjpjtjghapdmxoxoixiwzr
pdpmynrhxnrhdyzpdmjpjtjghapdmxoxoixiwzr
pdpmynrinrhdyzpdmjpjtjghapdmxoxoixiwzr
pdpmynrixnrhdyzpdmjpjtjghapdmxoxoixiwzr
pdpmynrjnrhdyzpdmjpjtjghapdmxoxoixiwzr
pdpmynrjxnrhdyzpdmjpjtjghapdmxoxoixiwzr
pdpmynrmnrhdyzpdmjpjtjghapdmxoxoixiwzr
pdpmynrmxnrhdyzpdmjpjtjghapdmxoxoixiwzr
pdpmynrnnrhdyzpdmjpjtjghapdmxoxoixiwzr
pdpmynrnrhdyzpdmjpjtjghapdmxoxoixiwzr
pdpmynrnxnrhdyzpdmjpjtjghapdmxoxoixiwzr
pdpmynronrhdyzpdmjpjtjghapdmxoxoixiwzr
pdpmynroxnrhdyzpdmjpjtjghapdmxoxoixiwzr
pdpmynrpnrhdyzpdmjpjtjghapdmxoxoixiwzr
pdpmynrpxnrhdyzpdmjpjtjghapdmxoxoixiwzr
pdpmynrrnrhdyzpdmjpjtjghapdmxoxoixiwzr
pdpmynrrxnrhdyzpdmjpjtjghapdmxoxoixiwzr
pdpmynrtnrhdyzpdmjpjtjghapdmxoxoixiwzr
pdpmynrtxnrhdyzpdmjpjtjghapdmxoxoixiwzr
pdpmynrwnrhdyzpdmjpjtjghapdmxoxoixiwzr
pdpmynrwxnrhdyzpdmjpjtjghapdmxoxoixiwzr
pdpmynrxanrhdyzpdmjpjtjghapdmxoxoixiwzr
pdpmynrxarhdyzpdmjpjtjghapdmxoxoixiwzr
pdpmynrxdnrhdyzpdmjpjtjghapdmxoxoixiwzr
pdpmynrxdrhdyzpdmjpjtjghapdmxoxoixiwzr
pdpmynrxgnrhdyzpdmjpjtjghapdmxoxoixiwzr
pdpmynrxgrhdyzpdmjpjtjghapdmxoxoixiwzr
pdpmynrxhnrhdyzpdmjpjtjghapdmxoxoixiwzr
pdpmynrxhrhdyzpdmjpjtjghapdmxoxoixiwzr
pdpmynrxinrhdyzpdmjpjtjghapdmxoxoixiwzr
pdpmynrxirhdyzpdmjpjtjghapdmxoxoixiwzr
pdpmynrxjnrhdyzpdmjpjtjghapdmxoxoixiwzr
pdpmynrxjrhdyzpdmjpjtjghapdmxoxoixiwzr
pdpmynrxmnrhdyzpdmjpjtjghapdmxoxoixiwzr
pdpmynrxmrhdyzpdmjpjtjghapdmxoxoixiwzr
pdpmynrxnahdyzpdmjpjtjghapdmxoxoixiwzr
pdpmynrxnarhdyzpdmjpjtjghapdmxoxoixiwzr
pdpmynrxndhdyzpdmjpjtjghapdmxoxoixiwzr
pdpmynrxndrhdyzpdmjpjtjghapdmxoxoixiwzr
pdpmynrxnghdyzpdmjpjtjghapdmxoxoixiwzr
pdpmynrxngrhdyzpdmjpjtjghapdmxoxoixiwzr
pdpmynrxnhdyzpdmjpjtjghapdmxoxoixiwzr
pdpmynrxnhhdyzpdmjpjtjghapdmxoxoixiwzr
pdpmynrxnhrhdyzpdmjpjtjghapdmxoxoixiwzr
pdpmynrxnihdyzpdmjpjtjghapdmxoxoixiwzr
pdpmynrxnirhdyzpdmjpjtjghapdmxoxoixiwzr
pdpmynrxnjhdyzpdmjpjtjghapdmxoxoixiwzr
pdpmynrxnjrhdyzpdmjpjtjghapdmxoxoixiwzr
pdpmynrxnmhdyzpdmjpjtjghapdmxoxoixiwzr
pdpmynrxnmrhdyzpdmjpjtjghapdmxoxoixiwzr
pdpmynrxnnhdyzpdmjpjtjghapdmxoxoixiwzr
pdpmynrxnnrhdyzpdmjpjtjghapdmxoxoixiwzr
pdpmynrxnohdyzpdmjpjtjghapdmxoxoixiwzr
pdpmynrxnorhdyzpdmjpjtjghapdmxoxoixiwzr
pdpmynrxnphdyzpdmjpjtjghapdmxoxoixiwzr
pdpmynrxnprhdyzpdmjpjtjghapdmxoxoixiwzr
pdpmynrxnradyzpdmjpjtjghapdmxoxoixiwzr
pdpmynrxnrahdyzpdmjpjtjghapdmxoxoixiwzr
pdpmynrxnrddyzpdmjpjtjghapdmxoxoixiwzr
pdpmynrxnrdhdyzpdmjpjtjghapdmxoxoixiwzr
pdpmynrxnrdyzpdmjpjtjghapdmxoxoixiwzr
pdpmynrxnrgdyzpdmjpjtjghapdmxoxoixiwzr
pdpmynrxnrghdyzpdmjpjtjghapdmxoxoixiwzr
pdpmynrxnrhadyzpdmjpjtjghapdmxoxoixiwzr
pdpmynrxnrhayzpdmjpjtjghapdmxoxoixiwzr
pdpmynrxnrhdayzpdmjpjtjghapdmxoxoixiwzr
pdpmynrxnrhdazpdmjpjtjghapdmxoxoixiwzr
pdpmynrxnrhddyzpdmjpjtjghapdmxoxoixiwzr
pdpmynrxnrhddzpdmjpjtjghapdmxoxoixiwzr
pdpmynrxnrhdgyzpdmjpjtjghapdmxoxoixiwzr
pdpmynrxnrhdgzpdmjpjtjghapdmxoxoixiwzr
pdpmynrxnrhdhyzpdmjpjtjghapdmxoxoixiwzr
pdpmynrxnrhdhzpdmjpjtjghapdmxoxoixiwzr
pdpmynrxnrhdiyzpdmjpjtjghapdmxoxoixiwzr
pdpmynrxnrhdizpdmjpjtjghapdmxoxoixiwzr
pdpmynrxnrhdjyzpdmjpjtjghapdmxoxoixiwzr
pdpmynrxnrhdjzpdmjpjtjghapdmxoxoixiwzr
pdpmynrxnrhdmyzpdmjpjtjghapdmxoxoixiwzr
pdpmynrxnrhdmzpdmjpjtjghapdmxoxoixiwzr
pdpmynrxnrhdnyzpdmjpjtjghapdmxoxoixiwzr
pdpmynrxnrhdnzpdmjpjtjghapdmxoxoixiwzr
pdpmynrxnrhdoyzpdmjpjtjghapdmxoxoixiwzr
pdpmynrxnrhdozpdmjpjtjghapdmxoxoixiwzr
pdpmynrxnrhdpyzpdmjpjtjghapdmxoxoixiwzr
pdpmynrxnrhdpzpdmjpjtjghapdmxoxoixiwzr
pdpmynrxnrhdryzpdmjpjtjghapdmxoxoixiwzr
pdpmynrxnrhdrzpdmjpjtjghapdmxoxoixiwzr
pdpmynrxnrhdtyzpdmjpjtjghapdmxoxoixiwzr
pdpmynrxnrhdtzpdmjpjtjghapdmxoxoixiwzr
pdpmynrxnrhdwyzpdmjpjtjghapdmxoxoixiwzr
pdpmynrxnrhdwzpdmjpjtjghapdmxoxoixiwzr
pdpmynrxnrhdxyzpdmjpjtjghapdmxoxoixiwzr
pdpmynrxnrhdxzpdmjpjtjghapdmxoxoixiwzr
pdpmynrxnrhdyapdmjpjtjghapdmxoxoixiwzr
pdpmynrxnrhdyazpdmjpjtjghapdmxoxoixiwzr
pdpmynrxnrhdydpdmjpjtjghapdmxoxoixiwzr
pdpmynrxnrhdydzpdmjpjtjghapdmxoxoixiwzr
pdpmynrxnrhdygpdmjpjtjghapdmxoxoixiwzr
pdpmynrxnrhdygzpdmjpjtjghapdmxoxoixiwzr
pdpmynrxnrhdyhpdmjpjtjghapdmxoxoixiwzr
pdpmynrxnrhdyhzpdmjpjtjghapdmxoxoixiwzr
pdpmynrxnrhdyipdmjpjtjghapdmxoxoixiwzr
pdpmynrxnrhdyizpdmjpjtjghapdmxoxoixiwzr
pdpmynrxnrhdyjpdmjpjtjghapdmxoxoixiwzr
pdpmynrxnrhdyjzpdmjpjtjghapdmxoxoixiwzr
pdpmynrxnrhdympdmjpjtjghapdmxoxoixiwzr
pdpmynrxnrhdymzpdmjpjtjghapdmxoxoixiwzr
pdpmynrxnrhdynpdmjpjtjghapdmxoxoixiwzr
pdpmynrxnrhdynzpdmjpjtjghapdmxoxoixiwzr
pdpmynrxnrhdyopdmjpjtjghapdmxoxoixiwzr
pdpmynrxnrhdyozpdmjpjtjghapdmxoxoixiwzr
pdpmynrxnrhdypdmjpjtjghapdmxoxoixiwzr
pdpmynrxnrhdyppdmjpjtjghapdmxoxoixiwzr
pdpmynrxnrhdypzpdmjpjtjghapdmxoxoixiwzr
pdpmynrxnrhdyrpdmjpjtjghapdmxoxoixiwzr
pdpmynrxnrhdyrzpdmjpjtjghapdmxoxoixiwzr
pdpmynrxnrhdytpdmjpjtjghapdmxoxoixiwzr
pdpmynrxnrhdytzpdmjpjtjghapdmxoxoixiwzr
pdpmynrxnrhdywpdmjpjtjghapdmxoxoixiwzr
pdpmynrxnrhdywzpdmjpjtjghapdmxoxoixiwzr
pdpmynrxnrhdyxpdmjpjtjghapdmxoxoixiwzr
pdpmynrxnrhdyxzpdmjpjtjghapdmxoxoixiwzr
pdpmynrxnrhdyypdmjpjtjghapdmxoxoixiwzr
pdpmynrxnrhdyyzpdmjpjtjghapdmxoxoixiwzr
pdpmynrxnrhdyzadmjpjtjghapdmxoxoixiwzr
pdpmynrxnrhdyzapdmjpjtjghapdmxoxoixiwzr
pdpmynrxnrhdyzddmjpjtjghapdmxoxoixiwzr
pdpmynrxnrhdyzdmjpjtjghapdmxoxoixiwzr
pdpmynrxnrhdyzdpdmjpjtjghapdmxoxoixiwzr
pdpmynrxnrhdyzgdmjpjtjghapdmxoxoixiwzr
pdpmynrxnrhdyzgpdmjpjtjghapdmxoxoixiwzr
pdpmynrxnrhdyzhdmjpjtjghapdmxoxoixiwzr
pdpmynrxnrhdyzhpdmjpjtjghapdmxoxoixiwzr
pdpmynrxnrhdyzidmjpjtjghapdmxoxoixiwzr
pdpmynrxnrhdyzipdmjpjtjghapdmxoxoixiwzr
pdpmynrxnrhdyzjdmjpjtjghapdmxoxoixiwzr
pdpmynrxnrhdyzjpdmjpjtjghapdmxoxoixiwzr
pdpmynrxnrhdyzmdmjpjtjghapdmxoxoixiwzr
pdpmynrxnrhdyzmpdmjpjtjghapdmxoxoixiwzr
pdpmynrxnrhdyzndmjpjtjghapdmxoxoixiwzr
pdpmynrxnrhdyznpdmjpjtjghapdmxoxoixiwzr
pdpmynrxnrhdyzodmjpjtjghapdmxoxoixiwzr
pdpmynrxnrhdyzopdmjpjtjghapdmxoxoixiwzr
pdpmynrxnrhdyzpadmjpjtjghapdmxoxoixiwzr
pdpmynrxnrhdyzpamjpjtjghapdmxoxoixiwzr
pdpmynrxnrhdyzpdajpjtjghapdmxoxoixiwzr
pdpmynrxnrhdyzpdamjpjtjghapdmxoxoixiwzr
pdpmynrxnrhdyzpddjpjtjghapdmxoxoixiwzr
pdpmynrxnrhdyzpddmjpjtjghapdmxoxoixiwzr
pdpmynrxnrhdyzpdgjpjtjghapdmxoxoixiwzr
pdpmynrxnrhdyzpdgmjpjtjghapdmxoxoixiwzr
pdpmynrxnrhdyzpdhjpjtjghapdmxoxoixiwzr
pdpmynrxnrhdyzpdhmjpjtjghapdmxoxoixiwzr
pdpmynrxnrhdyzpdijpjtjghapdmxoxoixiwzr
pdpmynrxnrhdyzpdimjpjtjghapdmxoxoixiwzr
pdpmynrxnrhdyzpdjjpjtjghapdmxoxoixiwzr
pdpmynrxnrhdyzpdjmjpjtjghapdmxoxoixiwzr
pdpmynrxnrhdyzpdjpjtjghapdmxoxoixiwzr
pdpmynrxnrhdyzpdmajpjtjghapdmxoxoixiwzr
pdpmynrxnrhdyzpdmapjtjghapdmxoxoixiwzr
pdpmynrxnrhdyzpdmdjpjtjghapdmxoxoixiwzr
pdpmynrxnrhdyzpdmdpjtjghapdmxoxoixiwzr
pdpmynrxnrhdyzpdmgjpjtjghapdmxoxoixiwzr
pdpmynrxnrhdyzpdmgpjtjghapdmxoxoixiwzr
pdpmynrxnrhdyzpdmhjpjtjghapdmxoxoixiwzr
pdpmynrxnrhdyzpdmhpjtjghapdmxoxoixiwzr
pdpmynrxnrhdyzpdmijpjtjghapdmxoxoixiwzr
pdpmynrxnrhdyzpdmipjtjghapdmxoxoixiwzr
pdpmynrxnrhdyzpdmjajtjghapdmxoxoixiwzr
pdpmynrxnrhdyzpdmjapjtjghapdmxoxoixiwzr
pdpmynrxnrhdyzpdmjdjtjghapdmxoxoixiwzr
pdpmynrxnrhdyzpdmjdpjtjghapdmxoxoixiwzr
pdpmynrxnrhdyzpdmjgjtjghapdmxoxoixiwzr
pdpmynrxnrhdyzpdmjgpjtjghapdmxoxoixiwzr
pdpmynrxnrhdyzpdmjhjtjghapdmxoxoixiwzr
pdpmynrxnrhdyzpdmjhpjtjghapdmxoxoixiwzr
pdpmynrxnrhdyzpdmjijtjghapdmxoxoixiwzr
pdpmynrxnrhdyzpdmjipjtjghapdmxoxoixiwzr
pdpmynrxnrhdyzpdmjjjtjghapdmxoxoixiwzr
pdpmynrxnrhdyzpdmjjpjtjghapdmxoxoixiwzr
pdpmynrxnrhdyzpdmjjtjghapdmxoxoixiwzr
pdpmynrxnrhdyzpdmjmjtjghapdmxoxoixiwzr
pdpmynrxnrhdyzpdmjmpjtjghapdmxoxoixiwzr
pdpmynrxnrhdyzpdmjnjtjghapdmxoxoixiwzr
pdpmynrxnrhdyzpdmjnpjtjghapdmxoxoixiwzr
pdpmynrxnrhdyzpdmjojtjghapdmxoxoixiwzr
pdpmynrxnrhdyzpdmjopjtjghapdmxoxoixiwzr
pdpmynrxnrhdyzpdmjpajtjghapdmxoxoixiwzr
pdpmynrxnrhdyzpdmjpatjghapdmxoxoixiwzr
pdpmynrxnrhdyzpdmjpdjtjghapdmxoxoixiwzr
pdpmynrxnrhdyzpdmjpdtjghapdmxoxoixiwzr
pdpmynrxnrhdyzpdmjpgjtjghapdmxoxoixiwzr
pdpmynrxnrhdyzpdmjpgtjghapdmxoxoixiwzr
pdpmynrxnrhdyzpdmjphjtjghapdmxoxoixiwzr
pdpmynrxnrhdyzpdmjphtjghapdmxoxoixiwzr
pdpmynrxnrhdyzpdmjpijtjghapdmxoxoixiwzr
pdpmynrxnrhdyzpdmjpitjghapdmxoxoixiwzr
pdpmynrxnrhdyzpdmjpjajghapdmxoxoixiwzr
pdpmynrxnrhdyzpdmjpjatjghapdmxoxoixiwzr
pdpmynrxnrhdyzpdmjpjdjghapdmxoxoixiwzr
pdpmynrxnrhdyzpdmjpjdtjghapdmxoxoixiwzr
pdpmynrxnrhdyzpdmjpjgjghapdmxoxoixiwzr
pdpmynrxnrhdyzpdmjpjgtjghapdmxoxoixiwzr
pdpmynrxnrhdyzpdmjpjhjghapdmxoxoixiwzr
pdpmynrxnrhdyzpdmjpjhtjghapdmxoxoixiwzr
pdpmynrxnrhdyzpdmjpjijghapdmxoxoixiwzr
pdpmynrxnrhdyzpdmjpjitjghapdmxoxoixiwzr
pdpmynrxnrhdyzpdmjpjjghapdmxoxoixiwzr
pdpmynrxnrhdyzpdmjpjjjghapdmxoxoixiwzr
pdpmynrxnrhdyzpdmjpjjtjghapdmxoxoixiwzr
pdpmynrxnrhdyzpdmjpjmjghapdmxoxoixiwzr
pdpmynrxnrhdyzpdmjpjmtjghapdmxoxoixiwzr
pdpmynrxnrhdyzpdmjpjnjghapdmxoxoixiwzr
pdpmynrxnrhdyzpdmjpjntjghapdmxoxoixiwzr
pdpmynrxnrhdyzpdmjpjojghapdmxoxoixiwzr
pdpmynrxnrhdyzpdmjpjotjghapdmxoxoixiwzr
pdpmynrxnrhdyzpdmjpjpjghapdmxoxoixiwzr
pdpmynrxnrhdyzpdmjpjptjghapdmxoxoixiwzr
pdpmynrxnrhdyzpdmjpjrjghapdmxoxoixiwzr
pdpmynrxnrhdyzpdmjpjrtjghapdmxoxoixiwzr
pdpmynrxnrhdyzpdmjpjtaghapdmxoxoixiwzr
pdpmynrxnrhdyzpdmjpjtajghapdmxoxoixiwzr
pdpmynrxnrhdyzpdmjpjtdghapdmxoxoixiwzr
pdpmynrxnrhdyzpdmjpjtdjghapdmxoxoixiwzr
pdpmynrxnrhdyzpdmjpjtgghapdmxoxoixiwzr
pdpmynrxnrhdyzpdmjpjtghapdmxoxoixiwzr
pdpmynrxnrhdyzpdmjpjtgjghapdmxoxoixiwzr
pdpmynrxnrhdyzpdmjpjthghapdmxoxoixiwzr
pdpmynrxnrhdyzpdmjpjthjghapdmxoxoixiwzr
pdpmynrxnrhdyzpdmjpjtighapdmxoxoixiwzr
pdpmynrxnrhdyzpdmjpjtijghapdmxoxoixiwzr
pdpmynrxnrhdyzpdmjpjtjaghapdmxoxoixiwzr
pdpmynrxnrhdyzpdmjpjtjahapdmxoxoixiwzr
pdpmynrxnrhdyzpdmjpjtjdghapdmxoxoixiwzr
pdpmynrxnrhdyzpdmjpjtjdhapdmxoxoixiwzr
pdpmynrxnrhdyzpdmjpjtjgaapdmxoxoixiwzr
pdpmynrxnrhdyzpdmjpjtjgahapdmxoxoixiwzr
pdpmynrxnrhdyzpdmjpjtjgapdmxoxoixiwzr
pdpmynrxnrhdyzpdmjpjtjgdapdmxoxoixiwzr
pdpmynrxnrhdyzpdmjpjtjgdhapdmxoxoixiwzr
pdpmynrxnrhdyzpdmjpjtjggapdmxoxoixiwzr
pdpmynrxnrhdyzpdmjpjtjgghapdmxoxoixiwzr
pdpmynrxnrhdyzpdmjpjtjghaadmxoxoixiwzr
pdpmynrxnrhdyzpdmjpjtjghaapdmxoxoixiwzr
pdpmynrxnrhdyzpdmjpjtjghaddmxoxoixiwzr
pdpmynrxnrhdyzpdmjpjtjghadmxoxoixiwzr
pdpmynrxnrhdyzpdmjpjtjghadpdmxoxoixiwzr
pdpmynrxnrhdyzpdmjpjtjghagdmxoxoixiwzr
pdpmynrxnrhdyzpdmjpjtjghagpdmxoxoixiwzr
pdpmynrxnrhdyzpdmjpjtjghahdmxoxoixiwzr
pdpmynrxnrhdyzpdmjpjtjghahpdmxoxoixiwzr
pdpmynrxnrhdyzpdmjpjtjghaidmxoxoixiwzr
pdpmynrxnrhdyzpdmjpjtjghaipdmxoxoixiwzr
pdpmynrxnrhdyzpdmjpjtjghajdmxoxoixiwzr
pdpmynrxnrhdyzpdmjpjtjghajpdmxoxoixiwzr
pdpmynrxnrhdyzpdmjpjtjghamdmxoxoixiwzr
pdpmynrxnrhdyzpdmjpjtjghampdmxoxoixiwzr
pdpmynrxnrhdyzpdmjpjtjghandmxoxoixiwzr
pdpmynrxnrhdyzpdmjpjtjghanpdmxoxoixiwzr
pdpmynrxnrhdyzpdmjpjtjghaodmxoxoixiwzr
pdpmynrxnrhdyzpdmjpjtjghaopdmxoxoixiwzr
pdpmynrxnrhdyzpdmjpjtjghapadmxoxoixiwzr
pdpmynrxnrhdyzpdmjpjtjghapamxoxoixiwzr
pdpmynrxnrhdyzpdmjpjtjghapdamxoxoixiwzr
pdpmynrxnrhdyzpdmjpjtjghapdaxoxoixiwzr
pdpmynrxnrhdyzpdmjpjtjghapddmxoxoixiwzr
pdpmynrxnrhdyzpdmjpjtjghapddxoxoixiwzr
pdpmynrxnrhdyzpdmjpjtjghapdgmxoxoixiwzr
pdpmynrxnrhdyzpdmjpjtjghapdgxoxoixiwzr
pdpmynrxnrhdyzpdmjpjtjghapdhmxoxoixiwzr
pdpmynrxnrhdyzpdmjpjtjghapdhxoxoixiwzr
pdpmynrxnrhdyzpdmjpjtjghapdimxoxoixiwzr
pdpmynrxnrhdyzpdmjpjtjghapdixoxoixiwzr
pdpmynrxnrhdyzpdmjpjtjghapdjmxoxoixiwzr
pdpmynrxnrhdyzpdmjpjtjghapdjxoxoixiwzr
pdpmynrxnrhdyzpdmjpjtjghapdmaoxoixiwzr
pdpmynrxnrhdyzpdmjpjtjghapdmaxoxoixiwzr
pdpmynrxnrhdyzpdmjpjtjghapdmdoxoixiwzr
pdpmynrxnrhdyzpdmjpjtjghapdmdxoxoixiwzr
pdpmynrxnrhdyzpdmjpjtjghapdmgoxoixiwzr
pdpmynrxnrhdyzpdmjpjtjghapdmgxoxoixiwzr
pdpmynrxnrhdyzpdmjpjtjghapdmhoxoixiwzr
pdpmynrxnrhdyzpdmjpjtjghapdmhxoxoixiwzr
pdpmynrxnrhdyzpdmjpjtjghapdmioxoixiwzr
pdpmynrxnrhdyzpdmjpjtjghapdmixoxoixiwzr
pdpmynrxnrhdyzpdmjpjtjghapdmjoxoixiwzr
pdpmynrxnrhdyzpdmjpjtjghapdmjxoxoixiwzr
pdpmynrxnrhdyzpdmjpjtjghapdmmoxoixiwzr
pdpmynrxnrhdyzpdmjpjtjghapdmmxoxoixiwzr
pdpmynrxnrhdyzpdmjpjtjghapdmnoxoixiwzr
pdpmynrxnrhdyzpdmjpjtjghapdmnxoxoixiwzr
pdpmynrxnrhdyzpdmjpjtjghapdmooxoixiwzr
pdpmynrxnrhdyzpdmjpjtjghapdmoxoixiwzr
pdpmynrxnrhdyzpdmjpjtjghapdmoxoxoixiwzr
pdpmynrxnrhdyzpdmjpjtjghapdmpoxoixiwzr
pdpmynrxnrhdyzpdmjpjtjghapdmpxoxoixiwzr
pdpmynrxnrhdyzpdmjpjtjghapdmroxoixiwzr
pdpmynrxnrhdyzpdmjpjtjghapdmrxoxoixiwzr
pdpmynrxnrhdyzpdmjpjtjghapdmtoxoixiwzr
pdpmynrxnrhdyzpdmjpjtjghapdmtxoxoixiwzr
pdpmynrxnrhdyzpdmjpjtjghapdmwoxoixiwzr
pdpmynrxnrhdyzpdmjpjtjghapdmwxoxoixiwzr
pdpmynrxnrhdyzpdmjpjtjghapdmxaoxoixiwzr
pdpmynrxnrhdyzpdmjpjtjghapdmxaxoixiwzr
pdpmynrxnrhdyzpdmjpjtjghapdmxdoxoixiwzr
pdpmynrxnrhdyzpdmjpjtjghapdmxdxoixiwzr
pdpmynrxnrhdyzpdmjpjtjghapdmxgoxoixiwzr
pdpmynrxnrhdyzpdmjpjtjghapdmxgxoixiwzr
pdpmynrxnrhdyzpdmjpjtjghapdmxhoxoixiwzr
pdpmynrxnrhdyzpdmjpjtjghapdmxhxoixiwzr
pdpmynrxnrhdyzpdmjpjtjghapdmxioxoixiwzr
pdpmynrxnrhdyzpdmjpjtjghapdmxixoixiwzr
pdpmynrxnrhdyzpdmjpjtjghapdmxjoxoixiwzr
pdpmynrxnrhdyzpdmjpjtjghapdmxjxoixiwzr
pdpmynrxnrhdyzpdmjpjtjghapdmxmoxoixiwzr
pdpmynrxnrhdyzpdmjpjtjghapdmxmxoixiwzr
pdpmynrxnrhdyzpdmjpjtjghapdmxnoxoixiwzr
pdpmynrxnrhdyzpdmjpjtjghapdmxnxoixiwzr
pdpmynrxnrhdyzpdmjpjtjghapdmxoaoixiwzr
pdpmynrxnrhdyzpdmjpjtjghapdmxoaxoixiwzr
pdpmynrxnrhdyzpdmjpjtjghapdmxodoixiwzr
pdpmynrxnrhdyzpdmjpjtjghapdmxodxoixiwzr
pdpmynrxnrhdyzpdmjpjtjghapdmxogoixiwzr
pdpmynrxnrhdyzpdmjpjtjghapdmxogxoixiwzr
pdpmynrxnrhdyzpdmjpjtjghapdmxohoixiwzr
pdpmynrxnrhdyzpdmjpjtjghapdmxohxoixiwzr
pdpmynrxnrhdyzpdmjpjtjghapdmxoioixiwzr
pdpmynrxnrhdyzpdmjpjtjghapdmxoixoixiwzr
pdpmynrxnrhdyzpdmjpjtjghapdmxojoixiwzr
pdpmynrxnrhdyzpdmjpjtjghapdmxojxoixiwzr
pdpmynrxnrhdyzpdmjpjtjghapdmxomoixiwzr
pdpmynrxnrhdyzpdmjpjtjghapdmxomxoixiwzr
pdpmynrxnrhdyzpdmjpjtjghapdmxonoixiwzr
pdpmynrxnrhdyzpdmjpjtjghapdmxonxoixiwzr
pdpmynrxnrhdyzpdmjpjtjghapdmxooixiwzr
pdpmynrxnrhdyzpdmjpjtjghapdmxoooixiwzr
pdpmynrxnrhdyzpdmjpjtjghapdmxooxoixiwzr
pdpmynrxnrhdyzpdmjpjtjghapdmxopoixiwzr
pdpmynrxnrhdyzpdmjpjtjghapdmxopxoixiwzr
pdpmynrxnrhdyzpdmjpjtjghapdmxoroixiwzr
pdpmynrxnrhdyzpdmjpjtjghapdmxorxoixiwzr
pdpmynrxnrhdyzpdmjpjtjghapdmxotoixiwzr
pdpmynrxnrhdyzpdmjpjtjghapdmxotxoixiwzr
pdpmynrxnrhdyzpdmjpjtjghapdmxowoixiwzr
pdpmynrxnrhdyzpdmjpjtjghapdmxowxoixiwzr
pdpmynrxnrhdyzpdmjpjtjghapdmxoxaixiwzr
pdpmynrxnrhdyzpdmjpjtjghapdmxoxaoixiwzr
pdpmynrxnrhdyzpdmjpjtjghapdmxoxdixiwzr
pdpmynrxnrhdyzpdmjpjtjghapdmxoxdoixiwzr
pdpmynrxnrhdyzpdmjpjtjghapdmxoxgixiwzr
pdpmynrxnrhdyzpdmjpjtjghapdmxoxgoixiwzr
pdpmynrxnrhdyzpdmjpjtjghapdmxoxhixiwzr
pdpmynrxnrhdyzpdmjpjtjghapdmxoxhoixiwzr
pdpmynrxnrhdyzpdmjpjtjghapdmxoxiixiwzr
pdpmynrxnrhdyzpdmjpjtjghapdmxoxioixiwzr
pdpmynrxnrhdyzpdmjpjtjghapdmxoxixiwzr
pdpmynrxnrhdyzpdmjpjtjghapdmxoxjixiwzr
pdpmynrxnrhdyzpdmjpjtjghapdmxoxjoixiwzr
pdpmynrxnrhdyzpdmjpjtjghapdmxoxmixiwzr
pdpmynrxnrhdyzpdmjpjtjghapdmxoxmoixiwzr
pdpmynrxnrhdyzpdmjpjtjghapdmxoxnixiwzr
pdpmynrxnrhdyzpdmjpjtjghapdmxoxnoixiwzr
pdpmynrxnrhdyzpdmjpjtjghapdmxoxoaixiwzr
pdpmynrxnrhdyzpdmjpjtjghapdmxoxoaxiwzr
pdpmynrxnrhdyzpdmjpjtjghapdmxoxodixiwzr
pdpmynrxnrhdyzpdmjpjtjghapdmxoxodxiwzr
pdpmynrxnrhdyzpdmjpjtjghapdmxoxogixiwzr
pdpmynrxnrhdyzpdmjpjtjghapdmxoxogxiwzr
pdpmynrxnrhdyzpdmjpjtjghapdmxoxohixiwzr
pdpmynrxnrhdyzpdmjpjtjghapdmxoxohxiwzr
pdpmynrxnrhdyzpdmjpjtjghapdmxoxoiaiwzr
pdpmynrxnrhdyzpdmjpjtjghapdmxoxoiaxiwzr
pdpmynrxnrhdyzpdmjpjtjghapdmxoxoidiwzr
pdpmynrxnrhdyzpdmjpjtjghapdmxoxoidxiwzr
pdpmynrxnrhdyzpdmjpjtjghapdmxoxoigiwzr
pdpmynrxnrhdyzpdmjpjtjghapdmxoxoigxiwzr
pdpmynrxnrhdyzpdmjpjtjghapdmxoxoihiwzr
pdpmynrxnrhdyzpdmjpjtjghapdmxoxoihxiwzr
pdpmynrxnrhdyzpdmjpjtjghapdmxoxoiiiwzr
pdpmynrxnrhdyzpdmjpjtjghapdmxoxoiiwzr
pdpmynrxnrhdyzpdmjpjtjghapdmxoxoiixiwzr
pdpmynrxnrhdyzpdmjpjtjghapdmxoxoijiwzr
pdpmynrxnrhdyzpdmjpjtjghapdmxoxoijxiwzr
pdpmynrxnrhdyzpdmjpjtjghapdmxoxoimiwzr
pdpmynrxnrhdyzpdmjpjtjghapdmxoxoimxiwzr
pdpmynrxnrhdyzpdmjpjtjghapdmxoxoiniwzr
pdpmynrxnrhdyzpdmjpjtjghapdmxoxoinxiwzr
pdpmynrxnrhdyzpdmjpjtjghapdmxoxoioiwzr
pdpmynrxnrhdyzpdmjpjtjghapdmxoxoioxiwzr
pdpmynrxnrhdyzpdmjpjtjghapdmxoxoipiwzr
pdpmynrxnrhdyzpdmjpjtjghapdmxoxoipxiwzr
pdpmynrxnrhdyzpdmjpjtjghapdmxoxoiriwzr
pdpmynrxnrhdyzpdmjpjtjghapdmxoxoirxiwzr
pdpmynrxnrhdyzpdmjpjtjghapdmxoxoitiwzr
pdpmynrxnrhdyzpdmjpjtjghapdmxoxoitxiwzr
pdpmynrxnrhdyzpdmjpjtjghapdmxoxoiwiwzr
pdpmynrxnrhdyzpdmjpjtjghapdmxoxoiwxiwzr
pdpmynrxnrhdyzpdmjpjtjghapdmxoxoixaiwzr
pdpmynrxnrhdyzpdmjpjtjghapdmxoxoixawzr
pdpmynrxnrhdyzpdmjpjtjghapdmxoxoixdiwzr
pdpmynrxnrhdyzpdmjpjtjghapdmxoxoixdwzr
pdpmynrxnrhdyzpdmjpjtjghapdmxoxoixgiwzr
pdpmynrxnrhdyzpdmjpjtjghapdmxoxoixgwzr
pdpmynrxnrhdyzpdmjpjtjghapdmxoxoixhiwzr
pdpmynrxnrhdyzpdmjpjtjghapdmxoxoixhwzr
pdpmynrxnrhdyzpdmjpjtjghapdmxoxoixiawzr
pdpmynrxnrhdyzpdmjpjtjghapdmxoxoixiazr
pdpmynrxnrhdyzpdmjpjtjghapdmxoxoixidwzr
pdpmynrxnrhdyzpdmjpjtjghapdmxoxoixidzr
pdpmynrxnrhdyzpdmjpjtjghapdmxoxoixigwzr
pdpmynrxnrhdyzpdmjpjtjghapdmxoxoixigzr
pdpmynrxnrhdyzpdmjpjtjghapdmxoxoixihwzr
pdpmynrxnrhdyzpdmjpjtjghapdmxoxoixihzr
pdpmynrxnrhdyzpdmjpjtjghapdmxoxoixiiwzr
pdpmynrxnrhdyzpdmjpjtjghapdmxoxoixiizr
pdpmynrxnrhdyzpdmjpjtjghapdmxoxoixijwzr
pdpmynrxnrhdyzpdmjpjtjghapdmxoxoixijzr
pdpmynrxnrhdyzpdmjpjtjghapdmxoxoiximwzr
pdpmynrxnrhdyzpdmjpjtjghapdmxoxoiximzr
pdpmynrxnrhdyzpdmjpjtjghapdmxoxoixinwzr
pdpmynrxnrhdyzpdmjpjtjghapdmxoxoixinzr
pdpmynrxnrhdyzpdmjpjtjghapdmxoxoixiowzr
pdpmynrxnrhdyzpdmjpjtjghapdmxoxoixiozr
pdpmynrxnrhdyzpdmjpjtjghapdmxoxoixipwzr
pdpmynrxnrhdyzpdmjpjtjghapdmxoxoixipzr
pdpmynrxnrhdyzpdmjpjtjghapdmxoxoixirwzr
pdpmynrxnrhdyzpdmjpjtjghapdmxoxoixirzr
pdpmynrxnrhdyzpdmjpjtjghapdmxoxoixitwzr
pdpmynrxnrhdyzpdmjpjtjghapdmxoxoixitzr
pdpmynrxnrhdyzpdmjpjtjghapdmxoxoixiwar
pdpmynrxnrhdyzpdmjpjtjghapdmxoxoixiwazr
pdpmynrxnrhdyzpdmjpjtjghapdmxoxoixiwdr
pdpmynrxnrhdyzpdmjpjtjghapdmxoxoixiwdzr
pdpmynrxnrhdyzpdmjpjtjghapdmxoxoixiwgr
pdpmynrxnrhdyzpdmjpjtjghapdmxoxoixiwgzr
pdpmynrxnrhdyzpdmjpjtjghapdmxoxoixiwhr
pdpmynrxnrhdyzpdmjpjtjghapdmxoxoixiwhzr
pdpmynrxnrhdyzpdmjpjtjghapdmxoxoixiwir
pdpmynrxnrhdyzpdmjpjtjghapdmxoxoixiwizr
pdpmynrxnrhdyzpdmjpjtjghapdmxoxoixiwjr
pdpmynrxnrhdyzpdmjpjtjghapdmxoxoixiwjzr
pdpmynrxnrhdyzpdmjpjtjghapdmxoxoixiwmr
pdpmynrxnrhdyzpdmjpjtjghapdmxoxoixiwmzr
pdpmynrxnrhdyzpdmjpjtjghapdmxoxoixiwnr
pdpmynrxnrhdyzpdmjpjtjghapdmxoxoixiwnzr
pdpmynrxnrhdyzpdmjpjtjghapdmxoxoixiwor
pdpmynrxnrhdyzpdmjpjtjghapdmxoxoixiwozr
pdpmynrxnrhdyzpdmjpjtjghapdmxoxoixiwpr
pdpmynrxnrhdyzpdmjpjtjghapdmxoxoixiwpzr
pdpmynrxnrhdyzpdmjpjtjghapdmxoxoixiwr
pdpmynrxnrhdyzpdmjpjtjghapdmxoxoixiwrr
pdpmynrxnrhdyzpdmjpjtjghapdmxoxoixiwrzr
pdpmynrxnrhdyzpdmjpjtjghapdmxoxoixiwtr
pdpmynrxnrhdyzpdmjpjtjghapdmxoxoixiwtzr
pdpmynrxnrhdyzpdmjpjtjghapdmxoxoixiwwr
pdpmynrxnrhdyzpdmjpjtjghapdmxoxoixiwwzr
pdpmynrxnrhdyzpdmjpjtjghapdmxoxoixiwxr
pdpmynrxnrhdyzpdmjpjtjghapdmxoxoixiwxzr
pdpmynrxnrhdyzpdmjpjtjghapdmxoxoixiwyr
pdpmynrxnrhdyzpdmjpjtjghapdmxoxoixiwyzr
pdpmynrxnrhdyzpdmjpjtjghapdmxoxoixiwz
pdpmynrxnrhdyzpdmjpjtjghapdmxoxoixiwza
pdpmynrxnrhdyzpdmjpjtjghapdmxoxoixiwzar
pdpmynrxnrhdyzpdmjpjtjghapdmxoxoixiwzd
pdpmynrxnrhdyzpdmjpjtjghapdmxoxoixiwzdr
pdpmynrxnrhdyzpdmjpjtjghapdmxoxoixiwzg
pdpmynrxnrhdyzpdmjpjtjghapdmxoxoixiwzgr
pdpmynrxnrhdyzpdmjpjtjghapdmxoxoixiwzh
pdpmynrxnrhdyzpdmjpjtjghapdmxoxoixiwzhr
pdpmynrxnrhdyzpdmjpjtjghapdmxoxoixiwzi
pdpmynrxnrhdyzpdmjpjtjghapdmxoxoixiwzir
pdpmynrxnrhdyzpdmjpjtjghapdmxoxoixiwzj
pdpmynrxnrhdyzpdmjpjtjghapdmxoxoixiwzjr
pdpmynrxnrhdyzpdmjpjtjghapdmxoxoixiwzm
pdpmynrxnrhdyzpdmjpjtjghapdmxoxoixiwzmr
pdpmynrxnrhdyzpdmjpjtjghapdmxoxoixiwzn
pdpmynrxnrhdyzpdmjpjtjghapdmxoxoixiwznr
pdpmynrxnrhdyzpdmjpjtjghapdmxoxoixiwzo
pdpmynrxnrhdyzpdmjpjtjghapdmxoxoixiwzor
pdpmynrxnrhdyzpdmjpjtjghapdmxoxoixiwzp
pdpmynrxnrhdyzpdmjpjtjghapdmxoxoixiwzpr
pdpmynrxnrhdyzpdmjpjtjghapdmxoxoixiwzra
pdpmynrxnrhdyzpdmjpjtjghapdmxoxoixiwzrd
pdpmynrxnrhdyzpdmjpjtjghapdmxoxoixiwzrg
pdpmynrxnrhdyzpdmjpjtjghapdmxoxoixiwzrh
pdpmynrxnrhdyzpdmjpjtjghapdmxoxoixiwzri
pdpmynrxnrhdyzpdmjpjtjghapdmxoxoixiwzrj
pdpmynrxnrhdyzpdmjpjtjghapdmxoxoixiwzrm
pdpmynrxnrhdyzpdmjpjtjghapdmxoxoixiwzrn
pdpmynrxnrhdyzpdmjpjtjghapdmxoxoixiwzro
pdpmynrxnrhdyzpdmjpjtjghapdmxoxoixiwzrp
pdpmynrxnrhdyzpdmjpjtjghapdmxoxoixiwzrr
pdpmynrxnrhdyzpdmjpjtjghapdmxoxoixiwzrt
pdpmynrxnrhdyzpdmjpjtjghapdmxoxoixiwzrw
pdpmynrxnrhdyzpdmjpjtjghapdmxoxoixiwzrx
pdpmynrxnrhdyzpdmjpjtjghapdmxoxoixiwzry
pdpmynrxnrhdyzpdmjpjtjghapdmxoxoixiwzrz
pdpmynrxnrhdyzpdmjpjtjghapdmxoxoixiwzt
pdpmynrxnrhdyzpdmjpjtjghapdmxoxoixiwztr
pdpmynrxnrhdyzpdmjpjtjghapdmxoxoixiwzw
pdpmynrxnrhdyzpdmjpjtjghapdmxoxoixiwzwr
pdpmynrxnrhdyzpdmjpjtjghapdmxoxoixiwzx
pdpmynrxnrhdyzpdmjpjtjghapdmxoxoixiwzxr
pdpmynrxnrhdyzpdmjpjtjghapdmxoxoixiwzy
pdpmynrxnrhdyzpdmjpjtjghapdmxoxoixiwzyr
pdpmynrxnrhdyzpdmjpjtjghapdmxoxoixiwzz
pdpmynrxnrhdyzpdmjpjtjghapdmxoxoixiwzzr
pdpmynrxnrhdyzpdmjpjtjghapdmxoxoixixwzr
pdpmynrxnrhdyzpdmjpjtjghapdmxoxoixixzr
pdpmynrxnrhdyzpdmjpjtjghapdmxoxoixiywzr
pdpmynrxnrhdyzpdmjpjtjghapdmxoxoixiyzr
pdpmynrxnrhdyzpdmjpjtjghapdmxoxoixizr
pdpmynrxnrhdyzpdmjpjtjghapdmxoxoixizwzr
pdpmynrxnrhdyzpdmjpjtjghapdmxoxoixizzr
pdpmynrxnrhdyzpdmjpjtjghapdmxoxoixjiwzr
pdpmynrxnrhdyzpdmjpjtjghapdmxoxoixjwzr
pdpmynrxnrhdyzpdmjpjtjghapdmxoxoixmiwzr
pdpmynrxnrhdyzpdmjpjtjghapdmxoxoixmwzr
pdpmynrxnrhdyzpdmjpjtjghapdmxoxoixniwzr
pdpmynrxnrhdyzpdmjpjtjghapdmxoxoixnwzr
pdpmynrxnrhdyzpdmjpjtjghapdmxoxoixoiwzr
pdpmynrxnrhdyzpdmjpjtjghapdmxoxoixowzr
pdpmynrxnrhdyzpdmjpjtjghapdmxoxoixpiwzr
pdpmynrxnrhdyzpdmjpjtjghapdmxoxoixpwzr
pdpmynrxnrhdyzpdmjpjtjghapdmxoxoixriwzr
pdpmynrxnrhdyzpdmjpjtjghapdmxoxoixrwzr
pdpmynrxnrhdyzpdmjpjtjghapdmxoxoixtiwzr
pdpmynrxnrhdyzpdmjpjtjghapdmxoxoixtwzr
pdpmynrxnrhdyzpdmjpjtjghapdmxoxoixwiwzr
pdpmynrxnrhdyzpdmjpjtjghapdmxoxoixwwzr
pdpmynrxnrhdyzpdmjpjtjghapdmxoxoixwzr
pdpmynrxnrhdyzpdmjpjtjghapdmxoxoixxiwzr
pdpmynrxnrhdyzpdmjpjtjghapdmxoxoixxwzr
pdpmynrxnrhdyzpdmjpjtjghapdmxoxoixyiwzr
pdpmynrxnrhdyzpdmjpjtjghapdmxoxoixywzr
pdpmynrxnrhdyzpdmjpjtjghapdmxoxoixziwzr
pdpmynrxnrhdyzpdmjpjtjghapdmxoxoixzwzr
pdpmynrxnrhdyzpdmjpjtjghapdmxoxoiyiwzr
pdpmynrxnrhdyzpdmjpjtjghapdmxoxoiyxiwzr
pdpmynrxnrhdyzpdmjpjtjghapdmxoxoiziwzr
pdpmynrxnrhdyzpdmjpjtjghapdmxoxoizxiwzr
pdpmynrxnrhdyzpdmjpjtjghapdmxoxojixiwzr
pdpmynrxnrhdyzpdmjpjtjghapdmxoxojxiwzr
pdpmynrxnrhdyzpdmjpjtjghapdmxoxomixiwzr
pdpmynrxnrhdyzpdmjpjtjghapdmxoxomxiwzr
pdpmynrxnrhdyzpdmjpjtjghapdmxoxonixiwzr
pdpmynrxnrhdyzpdmjpjtjghapdmxoxonxiwzr
pdpmynrxnrhdyzpdmjpjtjghapdmxoxooixiwzr
pdpmynrxnrhdyzpdmjpjtjghapdmxoxooxiwzr
pdpmynrxnrhdyzpdmjpjtjghapdmxoxopixiwzr
pdpmynrxnrhdyzpdmjpjtjghapdmxoxopxiwzr
pdpmynrxnrhdyzpdmjpjtjghapdmxoxorixiwzr
pdpmynrxnrhdyzpdmjpjtjghapdmxoxorxiwzr
pdpmynrxnrhdyzpdmjpjtjghapdmxoxotixiwzr
pdpmynrxnrhdyzpdmjpjtjghapdmxoxotxiwzr
pdpmynrxnrhdyzpdmjpjtjghapdmxoxowixiwzr
pdpmynrxnrhdyzpdmjpjtjghapdmxoxowxiwzr
pdpmynrxnrhdyzpdmjpjtjghapdmxoxoxiwzr
pdpmynrxnrhdyzpdmjpjtjghapdmxoxoxixiwzr
pdpmynrxnrhdyzpdmjpjtjghapdmxoxoxxiwzr
pdpmynrxnrhdyzpdmjpjtjghapdmxoxoyixiwzr
pdpmynrxnrhdyzpdmjpjtjghapdmxoxoyxiwzr
pdpmynrxnrhdyzpdmjpjtjghapdmxoxozixiwzr
pdpmynrxnrhdyzpdmjpjtjghapdmxoxozxiwzr
pdpmynrxnrhdyzpdmjpjtjghapdmxoxpixiwzr
pdpmynrxnrhdyzpdmjpjtjghapdmxoxpoixiwzr
pdpmynrxnrhdyzpdmjpjtjghapdmxoxrixiwzr
pdpmynrxnrhdyzpdmjpjtjghapdmxoxroixiwzr
pdpmynrxnrhdyzpdmjpjtjghapdmxoxtixiwzr
pdpmynrxnrhdyzpdmjpjtjghapdmxoxtoixiwzr
pdpmynrxnrhdyzpdmjpjtjghapdmxoxwixiwzr
pdpmynrxnrhdyzpdmjpjtjghapdmxoxwoixiwzr
pdpmynrxnrhdyzpdmjpjtjghapdmxoxxixiwzr
pdpmynrxnrhdyzpdmjpjtjghapdmxoxxoixiwzr
pdpmynrxnrhdyzpdmjpjtjghapdmxoxyixiwzr
pdpmynrxnrhdyzpdmjpjtjghapdmxoxyoixiwzr
pdpmynrxnrhdyzpdmjpjtjghapdmxoxzixiwzr
pdpmynrxnrhdyzpdmjpjtjghapdmxoxzoixiwzr
pdpmynrxnrhdyzpdmjpjtjghapdmxoyoixiwzr
pdpmynrxnrhdyzpdmjpjtjghapdmxoyxoixiwzr
pdpmynrxnrhdyzpdmjpjtjghapdmxozoixiwzr
pdpmynrxnrhdyzpdmjpjtjghapdmxozxoixiwzr
pdpmynrxnrhdyzpdmjpjtjghapdmxpoxoixiwzr
pdpmynrxnrhdyzpdmjpjtjghapdmxpxoixiwzr
pdpmynrxnrhdyzpdmjpjtjghapdmxroxoixiwzr
pdpmynrxnrhdyzpdmjpjtjghapdmxrxoixiwzr
pdpmynrxnrhdyzpdmjpjtjghapdmxtoxoixiwzr
pdpmynrxnrhdyzpdmjpjtjghapdmxtxoixiwzr
pdpmynrxnrhdyzpdmjpjtjghapdmxwoxoixiwzr
pdpmynrxnrhdyzpdmjpjtjghapdmxwxoixiwzr
pdpmynrxnrhdyzpdmjpjtjghapdmxxoixiwzr
pdpmynrxnrhdyzpdmjpjtjghapdmxxoxoixiwzr
pdpmynrxnrhdyzpdmjpjtjghapdmxxxoixiwzr
pdpmynrxnrhdyzpdmjpjtjghapdmxyoxoixiwzr
pdpmynrxnrhdyzpdmjpjtjghapdmxyxoixiwzr
pdpmynrxnrhdyzpdmjpjtjghapdmxzoxoixiwzr
pdpmynrxnrhdyzpdmjpjtjghapdmxzxoixiwzr
pdpmynrxnrhdyzpdmjpjtjghapdmyoxoixiwzr
pdpmynrxnrhdyzpdmjpjtjghapdmyxoxoixiwzr
pdpmynrxnrhdyzpdmjpjtjghapdmzoxoixiwzr
pdpmynrxnrhdyzpdmjpjtjghapdmzxoxoixiwzr
pdpmynrxnrhdyzpdmjpjtjghapdnmxoxoixiwzr
pdpmynrxnrhdyzpdmjpjtjghapdnxoxoixiwzr
pdpmynrxnrhdyzpdmjpjtjghapdomxoxoixiwzr
pdpmynrxnrhdyzpdmjpjtjghapdoxoxoixiwzr
pdpmynrxnrhdyzpdmjpjtjghapdpmxoxoixiwzr
pdpmynrxnrhdyzpdmjpjtjghapdpxoxoixiwzr
pdpmynrxnrhdyzpdmjpjtjghapdrmxoxoixiwzr
pdpmynrxnrhdyzpdmjpjtjghapdrxoxoixiwzr
pdpmynrxnrhdyzpdmjpjtjghapdtmxoxoixiwzr
pdpmynrxnrhdyzpdmjpjtjghapdtxoxoixiwzr
pdpmynrxnrhdyzpdmjpjtjghapdwmxoxoixiwzr
pdpmynrxnrhdyzpdmjpjtjghapdwxoxoixiwzr
pdpmynrxnrhdyzpdmjpjtjghapdxmxoxoixiwzr
pdpmynrxnrhdyzpdmjpjtjghapdxoxoixiwzr
pdpmynrxnrhdyzpdmjpjtjghapdxxoxoixiwzr
pdpmynrxnrhdyzpdmjpjtjghapdymxoxoixiwzr
pdpmynrxnrhdyzpdmjpjtjghapdyxoxoixiwzr
pdpmynrxnrhdyzpdmjpjtjghapdzmxoxoixiwzr
pdpmynrxnrhdyzpdmjpjtjghapdzxoxoixiwzr
pdpmynrxnrhdyzpdmjpjtjghapgdmxoxoixiwzr
pdpmynrxnrhdyzpdmjpjtjghapgmxoxoixiwzr
pdpmynrxnrhdyzpdmjpjtjghaphdmxoxoixiwzr
pdpmynrxnrhdyzpdmjpjtjghaphmxoxoixiwzr
pdpmynrxnrhdyzpdmjpjtjghapidmxoxoixiwzr
pdpmynrxnrhdyzpdmjpjtjghapimxoxoixiwzr
pdpmynrxnrhdyzpdmjpjtjghapjdmxoxoixiwzr
pdpmynrxnrhdyzpdmjpjtjghapjmxoxoixiwzr
pdpmynrxnrhdyzpdmjpjtjghapmdmxoxoixiwzr
pdpmynrxnrhdyzpdmjpjtjghapmmxoxoixiwzr
pdpmynrxnrhdyzpdmjpjtjghapmxoxoixiwzr
pdpmynrxnrhdyzpdmjpjtjghapndmxoxoixiwzr
pdpmynrxnrhdyzpdmjpjtjghapnmxoxoixiwzr
pdpmynrxnrhdyzpdmjpjtjghapodmxoxoixiwzr
pdpmynrxnrhdyzpdmjpjtjghapomxoxoixiwzr
pdpmynrxnrhdyzpdmjpjtjghappdmxoxoixiwzr
pdpmynrxnrhdyzpdmjpjtjghappmxoxoixiwzr
pdpmynrxnrhdyzpdmjpjtjghaprdmxoxoixiwzr
pdpmynrxnrhdyzpdmjpjtjghaprmxoxoixiwzr
pdpmynrxnrhdyzpdmjpjtjghaptdmxoxoixiwzr
pdpmynrxnrhdyzpdmjpjtjghaptmxoxoixiwzr
pdpmynrxnrhdyzpdmjpjtjghapwdmxoxoixiwzr
pdpmynrxnrhdyzpdmjpjtjghapwmxoxoixiwzr
pdpmynrxnrhdyzpdmjpjtjghapxdmxoxoixiwzr
pdpmynrxnrhdyzpdmjpjtjghapxmxoxoixiwzr
pdpmynrxnrhdyzpdmjpjtjghapydmxoxoixiwzr
pdpmynrxnrhdyzpdmjpjtjghapymxoxoixiwzr
pdpmynrxnrhdyzpdmjpjtjghapzdmxoxoixiwzr
pdpmynrxnrhdyzpdmjpjtjghapzmxoxoixiwzr
pdpmynrxnrhdyzpdmjpjtjghardmxoxoixiwzr
pdpmynrxnrhdyzpdmjpjtjgharpdmxoxoixiwzr
pdpmynrxnrhdyzpdmjpjtjghatdmxoxoixiwzr
pdpmynrxnrhdyzpdmjpjtjghatpdmxoxoixiwzr
pdpmynrxnrhdyzpdmjpjtjghawdmxoxoixiwzr
pdpmynrxnrhdyzpdmjpjtjghawpdmxoxoixiwzr
pdpmynrxnrhdyzpdmjpjtjghaxdmxoxoixiwzr
pdpmynrxnrhdyzpdmjpjtjghaxpdmxoxoixiwzr
pdpmynrxnrhdyzpdmjpjtjghaydmxoxoixiwzr
pdpmynrxnrhdyzpdmjpjtjghaypdmxoxoixiwzr
pdpmynrxnrhdyzpdmjpjtjghazdmxoxoixiwzr
pdpmynrxnrhdyzpdmjpjtjghazpdmxoxoixiwzr
pdpmynrxnrhdyzpdmjpjtjghdapdmxoxoixiwzr
pdpmynrxnrhdyzpdmjpjtjghdpdmxoxoixiwzr
pdpmynrxnrhdyzpdmjpjtjghgapdmxoxoixiwzr
pdpmynrxnrhdyzpdmjpjtjghgpdmxoxoixiwzr
pdpmynrxnrhdyzpdmjpjtjghhapdmxoxoixiwzr
pdpmynrxnrhdyzpdmjpjtjghhpdmxoxoixiwzr
pdpmynrxnrhdyzpdmjpjtjghiapdmxoxoixiwzr
pdpmynrxnrhdyzpdmjpjtjghipdmxoxoixiwzr
pdpmynrxnrhdyzpdmjpjtjghjapdmxoxoixiwzr
pdpmynrxnrhdyzpdmjpjtjghjpdmxoxoixiwzr
pdpmynrxnrhdyzpdmjpjtjghmapdmxoxoixiwzr
pdpmynrxnrhdyzpdmjpjtjghmpdmxoxoixiwzr
pdpmynrxnrhdyzpdmjpjtjghnapdmxoxoixiwzr
pdpmynrxnrhdyzpdmjpjtjghnpdmxoxoixiwzr
pdpmynrxnrhdyzpdmjpjtjghoapdmxoxoixiwzr
pdpmynrxnrhdyzpdmjpjtjghopdmxoxoixiwzr
pdpmynrxnrhdyzpdmjpjtjghpapdmxoxoixiwzr
pdpmynrxnrhdyzpdmjpjtjghpdmxoxoixiwzr
pdpmynrxnrhdyzpdmjpjtjghppdmxoxoixiwzr
pdpmynrxnrhdyzpdmjpjtjghrapdmxoxoixiwzr
pdpmynrxnrhdyzpdmjpjtjghrpdmxoxoixiwzr
pdpmynrxnrhdyzpdmjpjtjghtapdmxoxoixiwzr
pdpmynrxnrhdyzpdmjpjtjghtpdmxoxoixiwzr
pdpmynrxnrhdyzpdmjpjtjghwapdmxoxoixiwzr
pdpmynrxnrhdyzpdmjpjtjghwpdmxoxoixiwzr
pdpmynrxnrhdyzpdmjpjtjghxapdmxoxoixiwzr
pdpmynrxnrhdyzpdmjpjtjghxpdmxoxoixiwzr
pdpmynrxnrhdyzpdmjpjtjghyapdmxoxoixiwzr
pdpmynrxnrhdyzpdmjpjtjghypdmxoxoixiwzr
pdpmynrxnrhdyzpdmjpjtjghzapdmxoxoixiwzr
pdpmynrxnrhdyzpdmjpjtjghzpdmxoxoixiwzr
pdpmynrxnrhdyzpdmjpjtjgiapdmxoxoixiwzr
pdpmynrxnrhdyzpdmjpjtjgihapdmxoxoixiwzr
pdpmynrxnrhdyzpdmjpjtjgjapdmxoxoixiwzr
pdpmynrxnrhdyzpdmjpjtjgjhapdmxoxoixiwzr
pdpmynrxnrhdyzpdmjpjtjgmapdmxoxoixiwzr
pdpmynrxnrhdyzpdmjpjtjgmhapdmxoxoixiwzr
pdpmynrxnrhdyzpdmjpjtjgnapdmxoxoixiwzr
pdpmynrxnrhdyzpdmjpjtjgnhapdmxoxoixiwzr
pdpmynrxnrhdyzpdmjpjtjgoapdmxoxoixiwzr
pdpmynrxnrhdyzpdmjpjtjgohapdmxoxoixiwzr
pdpmynrxnrhdyzpdmjpjtjgpapdmxoxoixiwzr
pdpmynrxnrhdyzpdmjpjtjgphapdmxoxoixiwzr
pdpmynrxnrhdyzpdmjpjtjgrapdmxoxoixiwzr
pdpmynrxnrhdyzpdmjpjtjgrhapdmxoxoixiwzr
pdpmynrxnrhdyzpdmjpjtjgtapdmxoxoixiwzr
pdpmynrxnrhdyzpdmjpjtjgthapdmxoxoixiwzr
pdpmynrxnrhdyzpdmjpjtjgwapdmxoxoixiwzr
pdpmynrxnrhdyzpdmjpjtjgwhapdmxoxoixiwzr
pdpmynrxnrhdyzpdmjpjtjgxapdmxoxoixiwzr
pdpmynrxnrhdyzpdmjpjtjgxhapdmxoxoixiwzr
pdpmynrxnrhdyzpdmjpjtjgyapdmxoxoixiwzr
pdpmynrxnrhdyzpdmjpjtjgyhapdmxoxoixiwzr
pdpmynrxnrhdyzpdmjpjtjgzapdmxoxoixiwzr
pdpmynrxnrhdyzpdmjpjtjgzhapdmxoxoixiwzr
pdpmynrxnrhdyzpdmjpjtjhapdmxoxoixiwzr
pdpmynrxnrhdyzpdmjpjtjhghapdmxoxoixiwzr
pdpmynrxnrhdyzpdmjpjtjhhapdmxoxoixiwzr
pdpmynrxnrhdyzpdmjpjtjighapdmxoxoixiwzr
pdpmynrxnrhdyzpdmjpjtjihapdmxoxoixiwzr
pdpmynrxnrhdyzpdmjpjtjjghapdmxoxoixiwzr
pdpmynrxnrhdyzpdmjpjtjjhapdmxoxoixiwzr
pdpmynrxnrhdyzpdmjpjtjmghapdmxoxoixiwzr
pdpmynrxnrhdyzpdmjpjtjmhapdmxoxoixiwzr
pdpmynrxnrhdyzpdmjpjtjnghapdmxoxoixiwzr
pdpmynrxnrhdyzpdmjpjtjnhapdmxoxoixiwzr
pdpmynrxnrhdyzpdmjpjtjoghapdmxoxoixiwzr
pdpmynrxnrhdyzpdmjpjtjohapdmxoxoixiwzr
pdpmynrxnrhdyzpdmjpjtjpghapdmxoxoixiwzr
pdpmynrxnrhdyzpdmjpjtjphapdmxoxoixiwzr
pdpmynrxnrhdyzpdmjpjtjrghapdmxoxoixiwzr
pdpmynrxnrhdyzpdmjpjtjrhapdmxoxoixiwzr
pdpmynrxnrhdyzpdmjpjtjtghapdmxoxoixiwzr
pdpmynrxnrhdyzpdmjpjtjthapdmxoxoixiwzr
pdpmynrxnrhdyzpdmjpjtjwghapdmxoxoixiwzr
pdpmynrxnrhdyzpdmjpjtjwhapdmxoxoixiwzr
pdpmynrxnrhdyzpdmjpjtjxghapdmxoxoixiwzr
pdpmynrxnrhdyzpdmjpjtjxhapdmxoxoixiwzr
pdpmynrxnrhdyzpdmjpjtjyghapdmxoxoixiwzr
pdpmynrxnrhdyzpdmjpjtjyhapdmxoxoixiwzr
pdpmynrxnrhdyzpdmjpjtjzghapdmxoxoixiwzr
pdpmynrxnrhdyzpdmjpjtjzhapdmxoxoixiwzr
pdpmynrxnrhdyzpdmjpjtmghapdmxoxoixiwzr
pdpmynrxnrhdyzpdmjpjtmjghapdmxoxoixiwzr
pdpmynrxnrhdyzpdmjpjtnghapdmxoxoixiwzr
pdpmynrxnrhdyzpdmjpjtnjghapdmxoxoixiwzr
pdpmynrxnrhdyzpdmjpjtoghapdmxoxoixiwzr
pdpmynrxnrhdyzpdmjpjtojghapdmxoxoixiwzr
pdpmynrxnrhdyzpdmjpjtpghapdmxoxoixiwzr
pdpmynrxnrhdyzpdmjpjtpjghapdmxoxoixiwzr
pdpmynrxnrhdyzpdmjpjtrghapdmxoxoixiwzr
pdpmynrxnrhdyzpdmjpjtrjghapdmxoxoixiwzr
pdpmynrxnrhdyzpdmjpjttghapdmxoxoixiwzr
pdpmynrxnrhdyzpdmjpjttjghapdmxoxoixiwzr
pdpmynrxnrhdyzpdmjpjtwghapdmxoxoixiwzr
pdpmynrxnrhdyzpdmjpjtwjghapdmxoxoixiwzr
pdpmynrxnrhdyzpdmjpjtxghapdmxoxoixiwzr
pdpmynrxnrhdyzpdmjpjtxjghapdmxoxoixiwzr
pdpmynrxnrhdyzpdmjpjtyghapdmxoxoixiwzr
pdpmynrxnrhdyzpdmjpjtyjghapdmxoxoixiwzr
pdpmynrxnrhdyzpdmjpjtzghapdmxoxoixiwzr
pdpmynrxnrhdyzpdmjpjtzjghapdmxoxoixiwzr
pdpmynrxnrhdyzpdmjpjwjghapdmxoxoixiwzr
pdpmynrxnrhdyzpdmjpjwtjghapdmxoxoixiwzr
pdpmynrxnrhdyzpdmjpjxjghapdmxoxoixiwzr
pdpmynrxnrhdyzpdmjpjxtjghapdmxoxoixiwzr
pdpmynrxnrhdyzpdmjpjyjghapdmxoxoixiwzr
pdpmynrxnrhdyzpdmjpjytjghapdmxoxoixiwzr
pdpmynrxnrhdyzpdmjpjzjghapdmxoxoixiwzr
pdpmynrxnrhdyzpdmjpjztjghapdmxoxoixiwzr
pdpmynrxnrhdyzpdmjpmjtjghapdmxoxoixiwzr
pdpmynrxnrhdyzpdmjpmtjghapdmxoxoixiwzr
pdpmynrxnrhdyzpdmjpnjtjghapdmxoxoixiwzr
pdpmynrxnrhdyzpdmjpntjghapdmxoxoixiwzr
pdpmynrxnrhdyzpdmjpojtjghapdmxoxoixiwzr
pdpmynrxnrhdyzpdmjpotjghapdmxoxoixiwzr
pdpmynrxnrhdyzpdmjppjtjghapdmxoxoixiwzr
pdpmynrxnrhdyzpdmjpptjghapdmxoxoixiwzr
pdpmynrxnrhdyzpdmjprjtjghapdmxoxoixiwzr
pdpmynrxnrhdyzpdmjprtjghapdmxoxoixiwzr
pdpmynrxnrhdyzpdmjptjghapdmxoxoixiwzr
pdpmynrxnrhdyzpdmjptjtjghapdmxoxoixiwzr
pdpmynrxnrhdyzpdmjpttjghapdmxoxoixiwzr
pdpmynrxnrhdyzpdmjpwjtjghapdmxoxoixiwzr
pdpmynrxnrhdyzpdmjpwtjghapdmxoxoixiwzr
pdpmynrxnrhdyzpdmjpxjtjghapdmxoxoixiwzr
pdpmynrxnrhdyzpdmjpxtjghapdmxoxoixiwzr
pdpmynrxnrhdyzpdmjpyjtjghapdmxoxoixiwzr
pdpmynrxnrhdyzpdmjpytjghapdmxoxoixiwzr
pdpmynrxnrhdyzpdmjpzjtjghapdmxoxoixiwzr
pdpmynrxnrhdyzpdmjpztjghapdmxoxoixiwzr
pdpmynrxnrhdyzpdmjrjtjghapdmxoxoixiwzr
pdpmynrxnrhdyzpdmjrpjtjghapdmxoxoixiwzr
pdpmynrxnrhdyzpdmjtjtjghapdmxoxoixiwzr
pdpmynrxnrhdyzpdmjtpjtjghapdmxoxoixiwzr
pdpmynrxnrhdyzpdmjwjtjghapdmxoxoixiwzr
pdpmynrxnrhdyzpdmjwpjtjghapdmxoxoixiwzr
pdpmynrxnrhdyzpdmjxjtjghapdmxoxoixiwzr
pdpmynrxnrhdyzpdmjxpjtjghapdmxoxoixiwzr
pdpmynrxnrhdyzpdmjyjtjghapdmxoxoixiwzr
pdpmynrxnrhdyzpdmjypjtjghapdmxoxoixiwzr
pdpmynrxnrhdyzpdmjzjtjghapdmxoxoixiwzr
pdpmynrxnrhdyzpdmjzpjtjghapdmxoxoixiwzr
pdpmynrxnrhdyzpdmmjpjtjghapdmxoxoixiwzr
pdpmynrxnrhdyzpdmmpjtjghapdmxoxoixiwzr
pdpmynrxnrhdyzpdmnjpjtjghapdmxoxoixiwzr
pdpmynrxnrhdyzpdmnpjtjghapdmxoxoixiwzr
pdpmynrxnrhdyzpdmojpjtjghapdmxoxoixiwzr
pdpmynrxnrhdyzpdmopjtjghapdmxoxoixiwzr
pdpmynrxnrhdyzpdmpjpjtjghapdmxoxoixiwzr
pdpmynrxnrhdyzpdmpjtjghapdmxoxoixiwzr
pdpmynrxnrhdyzpdmppjtjghapdmxoxoixiwzr
pdpmynrxnrhdyzpdmrjpjtjghapdmxoxoixiwzr
pdpmynrxnrhdyzpdmrpjtjghapdmxoxoixiwzr
pdpmynrxnrhdyzpdmtjpjtjghapdmxoxoixiwzr
pdpmynrxnrhdyzpdmtpjtjghapdmxoxoixiwzr
pdpmynrxnrhdyzpdmwjpjtjghapdmxoxoixiwzr
pdpmynrxnrhdyzpdmwpjtjghapdmxoxoixiwzr
pdpmynrxnrhdyzpdmxjpjtjghapdmxoxoixiwzr
pdpmynrxnrhdyzpdmxpjtjghapdmxoxoixiwzr
pdpmynrxnrhdyzpdmyjpjtjghapdmxoxoixiwzr
pdpmynrxnrhdyzpdmypjtjghapdmxoxoixiwzr
pdpmynrxnrhdyzpdmzjpjtjghapdmxoxoixiwzr
pdpmynrxnrhdyzpdmzpjtjghapdmxoxoixiwzr
pdpmynrxnrhdyzpdnjpjtjghapdmxoxoixiwzr
pdpmynrxnrhdyzpdnmjpjtjghapdmxoxoixiwzr
pdpmynrxnrhdyzpdojpjtjghapdmxoxoixiwzr
pdpmynrxnrhdyzpdomjpjtjghapdmxoxoixiwzr
pdpmynrxnrhdyzpdpjpjtjghapdmxoxoixiwzr
pdpmynrxnrhdyzpdpmjpjtjghapdmxoxoixiwzr
pdpmynrxnrhdyzpdrjpjtjghapdmxoxoixiwzr
pdpmynrxnrhdyzpdrmjpjtjghapdmxoxoixiwzr
pdpmynrxnrhdyzpdtjpjtjghapdmxoxoixiwzr
pdpmynrxnrhdyzpdtmjpjtjghapdmxoxoixiwzr
pdpmynrxnrhdyzpdwjpjtjghapdmxoxoixiwzr
pdpmynrxnrhdyzpdwmjpjtjghapdmxoxoixiwzr
pdpmynrxnrhdyzpdxjpjtjghapdmxoxoixiwzr
pdpmynrxnrhdyzpdxmjpjtjghapdmxoxoixiwzr
pdpmynrxnrhdyzpdyjpjtjghapdmxoxoixiwzr
pdpmynrxnrhdyzpdymjpjtjghapdmxoxoixiwzr
pdpmynrxnrhdyzpdzjpjtjghapdmxoxoixiwzr
pdpmynrxnrhdyzpdzmjpjtjghapdmxoxoixiwzr
pdpmynrxnrhdyzpgdmjpjtjghapdmxoxoixiwzr
pdpmynrxnrhdyzpgmjpjtjghapdmxoxoixiwzr
pdpmynrxnrhdyzphdmjpjtjghapdmxoxoixiwzr
pdpmynrxnrhdyzphmjpjtjghapdmxoxoixiwzr
pdpmynrxnrhdyzpidmjpjtjghapdmxoxoixiwzr
pdpmynrxnrhdyzpimjpjtjghapdmxoxoixiwzr
pdpmynrxnrhdyzpjdmjpjtjghapdmxoxoixiwzr
pdpmynrxnrhdyzpjmjpjtjghapdmxoxoixiwzr
pdpmynrxnrhdyzpmdmjpjtjghapdmxoxoixiwzr
pdpmynrxnrhdyzpmjpjtjghapdmxoxoixiwzr
pdpmynrxnrhdyzpmmjpjtjghapdmxoxoixiwzr
pdpmynrxnrhdyzpndmjpjtjghapdmxoxoixiwzr
pdpmynrxnrhdyzpnmjpjtjghapdmxoxoixiwzr
pdpmynrxnrhdyzpodmjpjtjghapdmxoxoixiwzr
pdpmynrxnrhdyzpomjpjtjghapdmxoxoixiwzr
pdpmynrxnrhdyzppdmjpjtjghapdmxoxoixiwzr
pdpmynrxnrhdyzppmjpjtjghapdmxoxoixiwzr
pdpmynrxnrhdyzprdmjpjtjghapdmxoxoixiwzr
pdpmynrxnrhdyzprmjpjtjghapdmxoxoixiwzr
pdpmynrxnrhdyzptdmjpjtjghapdmxoxoixiwzr
pdpmynrxnrhdyzptmjpjtjghapdmxoxoixiwzr
pdpmynrxnrhdyzpwdmjpjtjghapdmxoxoixiwzr
pdpmynrxnrhdyzpwmjpjtjghapdmxoxoixiwzr
pdpmynrxnrhdyzpxdmjpjtjghapdmxoxoixiwzr
pdpmynrxnrhdyzpxmjpjtjghapdmxoxoixiwzr
pdpmynrxnrhdyzpydmjpjtjghapdmxoxoixiwzr
pdpmynrxnrhdyzpymjpjtjghapdmxoxoixiwzr
pdpmynrxnrhdyzpzdmjpjtjghapdmxoxoixiwzr
pdpmynrxnrhdyzpzmjpjtjghapdmxoxoixiwzr
pdpmynrxnrhdyzrdmjpjtjghapdmxoxoixiwzr
pdpmynrxnrhdyzrpdmjpjtjghapdmxoxoixiwzr
pdpmynrxnrhdyztdmjpjtjghapdmxoxoixiwzr
pdpmynrxnrhdyztpdmjpjtjghapdmxoxoixiwzr
pdpmynrxnrhdyzwdmjpjtjghapdmxoxoixiwzr
pdpmynrxnrhdyzwpdmjpjtjghapdmxoxoixiwzr
pdpmynrxnrhdyzxdmjpjtjghapdmxoxoixiwzr
pdpmynrxnrhdyzxpdmjpjtjghapdmxoxoixiwzr
pdpmynrxnrhdyzydmjpjtjghapdmxoxoixiwzr
pdpmynrxnrhdyzypdmjpjtjghapdmxoxoixiwzr
pdpmynrxnrhdyzzdmjpjtjghapdmxoxoixiwzr
pdpmynrxnrhdyzzpdmjpjtjghapdmxoxoixiwzr
pdpmynrxnrhdzpdmjpjtjghapdmxoxoixiwzr
pdpmynrxnrhdzyzpdmjpjtjghapdmxoxoixiwzr
pdpmynrxnrhdzzpdmjpjtjghapdmxoxoixiwzr
pdpmynrxnrhgdyzpdmjpjtjghapdmxoxoixiwzr
pdpmynrxnrhgyzpdmjpjtjghapdmxoxoixiwzr
pdpmynrxnrhhdyzpdmjpjtjghapdmxoxoixiwzr
pdpmynrxnrhhyzpdmjpjtjghapdmxoxoixiwzr
pdpmynrxnrhidyzpdmjpjtjghapdmxoxoixiwzr
pdpmynrxnrhiyzpdmjpjtjghapdmxoxoixiwzr
pdpmynrxnrhjdyzpdmjpjtjghapdmxoxoixiwzr
pdpmynrxnrhjyzpdmjpjtjghapdmxoxoixiwzr
pdpmynrxnrhmdyzpdmjpjtjghapdmxoxoixiwzr
pdpmynrxnrhmyzpdmjpjtjghapdmxoxoixiwzr
pdpmynrxnrhndyzpdmjpjtjghapdmxoxoixiwzr
pdpmynrxnrhnyzpdmjpjtjghapdmxoxoixiwzr
pdpmynrxnrhodyzpdmjpjtjghapdmxoxoixiwzr
pdpmynrxnrhoyzpdmjpjtjghapdmxoxoixiwzr
pdpmynrxnrhpdyzpdmjpjtjghapdmxoxoixiwzr
pdpmynrxnrhpyzpdmjpjtjghapdmxoxoixiwzr
pdpmynrxnrhrdyzpdmjpjtjghapdmxoxoixiwzr
pdpmynrxnrhryzpdmjpjtjghapdmxoxoixiwzr
pdpmynrxnrhtdyzpdmjpjtjghapdmxoxoixiwzr
pdpmynrxnrhtyzpdmjpjtjghapdmxoxoixiwzr
pdpmynrxnrhwdyzpdmjpjtjghapdmxoxoixiwzr
pdpmynrxnrhwyzpdmjpjtjghapdmxoxoixiwzr
pdpmynrxnrhxdyzpdmjpjtjghapdmxoxoixiwzr
pdpmynrxnrhxyzpdmjpjtjghapdmxoxoixiwzr
pdpmynrxnrhydyzpdmjpjtjghapdmxoxoixiwzr
pdpmynrxnrhyyzpdmjpjtjghapdmxoxoixiwzr
pdpmynrxnrhyzpdmjpjtjghapdmxoxoixiwzr
pdpmynrxnrhzdyzpdmjpjtjghapdmxoxoixiwzr
pdpmynrxnrhzyzpdmjpjtjghapdmxoxoixiwzr
pdpmynrxnridyzpdmjpjtjghapdmxoxoixiwzr
pdpmynrxnrihdyzpdmjpjtjghapdmxoxoixiwzr
pdpmynrxnrjdyzpdmjpjtjghapdmxoxoixiwzr
pdpmynrxnrjhdyzpdmjpjtjghapdmxoxoixiwzr
pdpmynrxnrmdyzpdmjpjtjghapdmxoxoixiwzr
pdpmynrxnrmhdyzpdmjpjtjghapdmxoxoixiwzr
pdpmynrxnrndyzpdmjpjtjghapdmxoxoixiwzr
pdpmynrxnrnhdyzpdmjpjtjghapdmxoxoixiwzr
pdpmynrxnrodyzpdmjpjtjghapdmxoxoixiwzr
pdpmynrxnrohdyzpdmjpjtjghapdmxoxoixiwzr
pdpmynrxnrpdyzpdmjpjtjghapdmxoxoixiwzr
pdpmynrxnrphdyzpdmjpjtjghapdmxoxoixiwzr
pdpmynrxnrrdyzpdmjpjtjghapdmxoxoixiwzr
pdpmynrxnrrhdyzpdmjpjtjghapdmxoxoixiwzr
pdpmynrxnrtdyzpdmjpjtjghapdmxoxoixiwzr
pdpmynrxnrthdyzpdmjpjtjghapdmxoxoixiwzr
pdpmynrxnrwdyzpdmjpjtjghapdmxoxoixiwzr
pdpmynrxnrwhdyzpdmjpjtjghapdmxoxoixiwzr
pdpmynrxnrxdyzpdmjpjtjghapdmxoxoixiwzr
pdpmynrxnrxhdyzpdmjpjtjghapdmxoxoixiwzr
pdpmynrxnrydyzpdmjpjtjghapdmxoxoixiwzr
pdpmynrxnryhdyzpdmjpjtjghapdmxoxoixiwzr
pdpmynrxnrzdyzpdmjpjtjghapdmxoxoixiwzr
pdpmynrxnrzhdyzpdmjpjtjghapdmxoxoixiwzr
pdpmynrxnthdyzpdmjpjtjghapdmxoxoixiwzr
pdpmynrxntrhdyzpdmjpjtjghapdmxoxoixiwzr
pdpmynrxnwhdyzpdmjpjtjghapdmxoxoixiwzr
pdpmynrxnwrhdyzpdmjpjtjghapdmxoxoixiwzr
pdpmynrxnxhdyzpdmjpjtjghapdmxoxoixiwzr
pdpmynrxnxrhdyzpdmjpjtjghapdmxoxoixiwzr
pdpmynrxnyhdyzpdmjpjtjghapdmxoxoixiwzr
pdpmynrxnyrhdyzpdmjpjtjghapdmxoxoixiwzr
pdpmynrxnzhdyzpdmjpjtjghapdmxoxoixiwzr
pdpmynrxnzrhdyzpdmjpjtjghapdmxoxoixiwzr
pdpmynrxonrhdyzpdmjpjtjghapdmxoxoixiwzr
pdpmynrxorhdyzpdmjpjtjghapdmxoxoixiwzr
pdpmynrxpnrhdyzpdmjpjtjghapdmxoxoixiwzr
pdpmynrxprhdyzpdmjpjtjghapdmxoxoixiwzr
pdpmynrxrhdyzpdmjpjtjghapdmxoxoixiwzr
pdpmynrxrnrhdyzpdmjpjtjghapdmxoxoixiwzr
pdpmynrxrrhdyzpdmjpjtjghapdmxoxoixiwzr
pdpmynrxtnrhdyzpdmjpjtjghapdmxoxoixiwzr
pdpmynrxtrhdyzpdmjpjtjghapdmxoxoixiwzr
pdpmynrxwnrhdyzpdmjpjtjghapdmxoxoixiwzr
pdpmynrxwrhdyzpdmjpjtjghapdmxoxoixiwzr
pdpmynrxxnrhdyzpdmjpjtjghapdmxoxoixiwzr
pdpmynrxxrhdyzpdmjpjtjghapdmxoxoixiwzr
pdpmynrxynrhdyzpdmjpjtjghapdmxoxoixiwzr
pdpmynrxyrhdyzpdmjpjtjghapdmxoxoixiwzr
pdpmynrxznrhdyzpdmjpjtjghapdmxoxoixiwzr
pdpmynrxzrhdyzpdmjpjtjghapdmxoxoixiwzr
pdpmynrynrhdyzpdmjpjtjghapdmxoxoixiwzr
pdpmynryxnrhdyzpdmjpjtjghapdmxoxoixiwzr
pdpmynrznrhdyzpdmjpjtjghapdmxoxoixiwzr
pdpmynrzxnrhdyzpdmjpjtjghapdmxoxoixiwzr
pdpmyntrxnrhdyzpdmjpjtjghapdmxoxoixiwzr
pdpmyntxnrhdyzpdmjpjtjghapdmxoxoixiwzr
pdpmynwrxnrhdyzpdmjpjtjghapdmxoxoixiwzr
pdpmynwxnrhdyzpdmjpjtjghapdmxoxoixiwzr
pdpmynxnrhdyzpdmjpjtjghapdmxoxoixiwzr
pdpmynxrxnrhdyzpdmjpjtjghapdmxoxoixiwzr
pdpmynxxnrhdyzpdmjpjtjghapdmxoxoixiwzr
pdpmynyrxnrhdyzpdmjpjtjghapdmxoxoixiwzr
pdpmynyxnrhdyzpdmjpjtjghapdmxoxoixiwzr
pdpmynzrxnrhdyzpdmjpjtjghapdmxoxoixiwzr
pdpmynzxnrhdyzpdmjpjtjghapdmxoxoixiwzr
pdpmyonrxnrhdyzpdmjpjtjghapdmxoxoixiwzr
pdpmyorxnrhdyzpdmjpjtjghapdmxoxoixiwzr
pdpmypnrxnrhdyzpdmjpjtjghapdmxoxoixiwzr
pdpmyprxnrhdyzpdmjpjtjghapdmxoxoixiwzr
pdpmyrnrxnrhdyzpdmjpjtjghapdmxoxoixiwzr
pdpmyrrxnrhdyzpdmjpjtjghapdmxoxoixiwzr
pdpmyrxnrhdyzpdmjpjtjghapdmxoxoixiwzr
pdpmytnrxnrhdyzpdmjpjtjghapdmxoxoixiwzr
pdpmytrxnrhdyzpdmjpjtjghapdmxoxoixiwzr
pdpmywnrxnrhdyzpdmjpjtjghapdmxoxoixiwzr
pdpmywrxnrhdyzpdmjpjtjghapdmxoxoixiwzr
pdpmyxnrxnrhdyzpdmjpjtjghapdmxoxoixiwzr
pdpmyxrxnrhdyzpdmjpjtjghapdmxoxoixiwzr
pdpmyynrxnrhdyzpdmjpjtjghapdmxoxoixiwzr
pdpmyyrxnrhdyzpdmjpjtjghapdmxoxoixiwzr
pdpmyznrxnrhdyzpdmjpjtjghapdmxoxoixiwzr
pdpmyzrxnrhdyzpdmjpjtjghapdmxoxoixiwzr
pdpmznrxnrhdyzpdmjpjtjghapdmxoxoixiwzr
pdpmzynrxnrhdyzpdmjpjtjghapdmxoxoixiwzr
pdpnmynrxnrhdyzpdmjpjtjghapdmxoxoixiwzr
pdpnynrxnrhdyzpdmjpjtjghapdmxoxoixiwzr
pdpomynrxnrhdyzpdmjpjtjghapdmxoxoixiwzr
pdpoynrxnrhdyzpdmjpjtjghapdmxoxoixiwzr
pdppmynrxnrhdyzpdmjpjtjghapdmxoxoixiwzr
pdppynrxnrhdyzpdmjpjtjghapdmxoxoixiwzr
pdprmynrxnrhdyzpdmjpjtjghapdmxoxoixiwzr
pdprynrxnrhdyzpdmjpjtjghapdmxoxoixiwzr
pdptmynrxnrhdyzpdmjpjtjghapdmxoxoixiwzr
pdptynrxnrhdyzpdmjpjtjghapdmxoxoixiwzr
pdpwmynrxnrhdyzpdmjpjtjghapdmxoxoixiwzr
pdpwynrxnrhdyzpdmjpjtjghapdmxoxoixiwzr
pdpxmynrxnrhdyzpdmjpjtjghapdmxoxoixiwzr
pdpxynrxnrhdyzpdmjpjtjghapdmxoxoixiwzr
pdpymynrxnrhdyzpdmjpjtjghapdmxoxoixiwzr
pdpynrxnrhdyzpdmjpjtjghapdmxoxoixiwzr
pdpyynrxnrhdyzpdmjpjtjghapdmxoxoixiwzr
pdpzmynrxnrhdyzpdmjpjtjghapdmxoxoixiwzr
pdpzynrxnrhdyzpdmjpjtjghapdmxoxoixiwzr
pdrmynrxnrhdyzpdmjpjtjghapdmxoxoixiwzr
pdrpmynrxnrhdyzpdmjpjtjghapdmxoxoixiwzr
pdtmynrxnrhdyzpdmjpjtjghapdmxoxoixiwzr
pdtpmynrxnrhdyzpdmjpjtjghapdmxoxoixiwzr
pdwmynrxnrhdyzpdmjpjtjghapdmxoxoixiwzr
pdwpmynrxnrhdyzpdmjpjtjghapdmxoxoixiwzr
pdxmynrxnrhdyzpdmjpjtjghapdmxoxoixiwzr
pdxpmynrxnrhdyzpdmjpjtjghapdmxoxoixiwzr
pdymynrxnrhdyzpdmjpjtjghapdmxoxoixiwzr
pdypmynrxnrhdyzpdmjpjtjghapdmxoxoixiwzr
pdzmynrxnrhdyzpdmjpjtjghapdmxoxoixiwzr
pdzpmynrxnrhdyzpdmjpjtjghapdmxoxoixiwzr
pgdpmynrxnrhdyzpdmjpjtjghapdmxoxoixiwzr
pgpmynrxnrhdyzpdmjpjtjghapdmxoxoixiwzr
phdpmynrxnrhdyzpdmjpjtjghapdmxoxoixiwzr
phpmynrxnrhdyzpdmjpjtjghapdmxoxoixiwzr
pidpmynrxnrhdyzpdmjpjtjghapdmxoxoixiwzr
pipmynrxnrhdyzpdmjpjtjghapdmxoxoixiwzr
pjdpmynrxnrhdyzpdmjpjtjghapdmxoxoixiwzr
pjpmynrxnrhdyzpdmjpjtjghapdmxoxoixiwzr
pmdpmynrxnrhdyzpdmjpjtjghapdmxoxoixiwzr
pmpmynrxnrhdyzpdmjpjtjghapdmxoxoixiwzr
pndpmynrxnrhdyzpdmjpjtjghapdmxoxoixiwzr
pnpmynrxnrhdyzpdmjpjtjghapdmxoxoixiwzr
podpmynrxnrhdyzpdmjpjtjghapdmxoxoixiwzr
popmynrxnrhdyzpdmjpjtjghapdmxoxoixiwzr
ppdpmynrxnrhdyzpdmjpjtjghapdmxoxoixiwzr
ppmynrxnrhdyzpdmjpjtjghapdmxoxoixiwzr
pppmynrxnrhdyzpdmjpjtjghapdmxoxoixiwzr
prdpmynrxnrhdyzpdmjpjtjghapdmxoxoixiwzr
prpmynrxnrhdyzpdmjpjtjghapdmxoxoixiwzr
ptdpmynrxnrhdyzpdmjpjtjghapdmxoxoixiwzr
ptpmynrxnrhdyzpdmjpjtjghapdmxoxoixiwzr
pwdpmynrxnrhdyzpdmjpjtjghapdmxoxoixiwzr
pwpmynrxnrhdyzpdmjpjtjghapdmxoxoixiwzr
pxdpmynrxnrhdyzpdmjpjtjghapdmxoxoixiwzr
pxpmynrxnrhdyzpdmjpjtjghapdmxoxoixiwzr
pydpmynrxnrhdyzpdmjpjtjghapdmxoxoixiwzr
pypmynrxnrhdyzpdmjpjtjghapdmxoxoixiwzr
pzdpmynrxnrhdyzpdmjpjtjghapdmxoxoixiwzr
pzpmynrxnrhdyzpdmjpjtjghapdmxoxoixiwzr
rdpmynrxnrhdyzpdmjpjtjghapdmxoxoixiwzr
rpdpmynrxnrhdyzpdmjpjtjghapdmxoxoixiwzr
tdpmynrxnrhdyzpdmjpjtjghapdmxoxoixiwzr
tpdpmynrxnrhdyzpdmjpjtjghapdmxoxoixiwzr
wdpmynrxnrhdyzpdmjpjtjghapdmxoxoixiwzr
wpdpmynrxnrhdyzpdmjpjtjghapdmxoxoixiwzr
xdpmynrxnrhdyzpdmjpjtjghapdmxoxoixiwzr
xpdpmynrxnrhdyzpdmjpjtjghapdmxoxoixiwzr
ydpmynrxnrhdyzpdmjpjtjghapdmxoxoixiwzr
ypdpmynrxnrhdyzpdmjpjtjghapdmxoxoixiwzr
zdpmynrxnrhdyzpdmjpjtjghapdmxoxoixiwzr
zpdpmynrxnrhdyzpdmjpjtjghapdmxoxoixiwzr
