a
aa
aaz
ab
abz
ac
acz
ad
adz
ae
aez
af
afz
ag
agz
ah
ahz
ai
aiz
aj
ajz
ak
akz
al
alz
am
amz
an
anz
ao
aoz
ap
apz
aq
aqz
ar
arz
as
asz
at
atz
au
auz
av
avz
aw
awz
ax
axz
ay
ayz
aza
azb
azc
azd
aze
azf
azg
azh
azi
azj
azk
azl
azm
azn
azo
azp
azq
azr
azs
azt
azu
azv
azw
azx
azy
azz
baz
bz
caz
cz
daz
dz
eaz
ez
faz
fz
gaz
gz
haz
hz
iaz
iz
jaz
jz
kaz
kz
laz
lz
maz
mz
naz
nz
oaz
oz
paz
pz
qaz
qz
raz
rz
saz
sz
taz
tz
uaz
uz
vaz
vz
waz
wz
xaz
xz
yaz
yz
z
zaz
zz
