cotq
ctq
dotq
dtq
hotq
htq
jotq
jtq
kotq
ktq
motq
mtq
ocq
octq
odq
odtq
ohq
ohtq
ojq
ojtq
okq
oktq
omq
omtq
ooq
ootq
oq
oqq
oqtq
orq
ortq
osq
ostq
ot
otc
otcq
otd
otdq
oth
othq
otj
otjq
otk
otkq
otm
otmq
oto
otoq
otqc
otqd
otqh
otqj
otqk
otqm
otqo
otqq
otqr
otqs
otqt
otqv
otr
otrq
ots
otsq
ott
ottq
otv
otvq
ovq
ovtq
qotq
qtq
rotq
rtq
sotq
stq
totq
tq
ttq
votq
vtq
